[ AutoCAD - Mon Jul 27 13:55:08 2026  ]----------------------------------------

Открытие файла AutoCAD 2013/LT 2013.
Выполняется регенерация модели.


Утилиты меню AutoCAD загружены.
Команда: 

Файл Autodesk DWG. Это файл формата TrustedDWG, сохраненный в приложении Autodesk или в приложении, лицензированном корпорацией Autodesk.

Команда: 

Команда: 
Команда: 
Команда: 
Команда: 
Команда: _explode найдено: 1

Команда: Выполняется регенерация модели.
Задайте противоположный угол или [Линия/РМн-угол/СМн-угол]: 
Команда: 
Команда: 
Команда: _cutclip найдено: 232

Команда: *Прервано*

Команда: 
Команда: *Прервано*

Команда: 
Команда: *Прервано*

Команда: 
Команда: *Прервано*

Команда: *Прервано*

Команда: *Прервано*

Команда: *Прервано*

Команда:  
Команда: 
