[ AutoCAD - Mon Jul 27 12:50:52 2026  ]----------------------------------------

Открытие файла AutoCAD 2013/LT 2013.
Подстановка [simplex.shx] вместо [GOST_type_A].
Выполняется регенерация модели.


Утилиты меню AutoCAD загружены.
Команда: 

Файл Autodesk DWG. Это файл формата TrustedDWG, сохраненный в приложении Autodesk или в приложении, лицензированном корпорацией Autodesk.

Команда: 

Команда: 
Команда: Задайте противоположный угол или [Линия/РМн-угол/СМн-угол]: 
Команда: *Прервано*

Команда: Задайте противоположный угол или [Линия/РМн-угол/СМн-угол]: 
Команда: *Прервано*

Команда: Задайте противоположный угол или [Линия/РМн-угол/СМн-угол]: 
Команда: 
Команда: 
Команда: _cutclip найдено: 17

Команда: Задайте противоположный угол или [Линия/РМн-угол/СМн-угол]: 
Команда: 
Команда: 
Команда: _cutclip найдено: 3

Команда: Задайте противоположный угол или [Линия/РМн-угол/СМн-угол]: 
Команда: 
Команда: 
Команда: _cutclip найдено: 2

Команда: Задайте противоположный угол или [Линия/РМн-угол/СМн-угол]: 
Команда: 
Команда: 
Команда: _cutclip найдено: 6

Команда: Задайте противоположный угол или [Линия/РМн-угол/СМн-угол]: 
Команда: 
Команда: 
Команда: _cutclip найдено: 1

Команда: Задайте противоположный угол или [Линия/РМн-угол/СМн-угол]: 
Команда: 
Команда: 
Команда: _SelectSimilar 
Команда: Задайте противоположный угол или [Линия/РМн-угол/СМн-угол]: 
Команда: Задайте противоположный угол или [Линия/РМн-угол/СМн-угол]: 
Команда: 
Команда: 
Команда: _cutclip найдено: 63

Команда: Задайте противоположный угол или [Линия/РМн-угол/СМн-угол]: 
Команда: 
Команда: 
Команда: _cutclip найдено: 2

Команда: Задайте противоположный угол или [Линия/РМн-угол/СМн-угол]: 
Команда: 
Команда: 
Команда: _cutclip найдено: 2

Команда: 
Команда: Задайте противоположный угол или [Линия/РМн-угол/СМн-угол]: 
Команда: 
Команда: 
Команда: _cutclip найдено: 2

Команда: Задайте противоположный угол или [Линия/РМн-угол/СМн-угол]: 
Команда: 
Команда: 
Команда: _cutclip найдено: 1

Команда: Задайте противоположный угол или [Линия/РМн-угол/СМн-угол]: 
Команда: 
Команда: 
Команда: _cutclip найдено: 1

Команда: Задайте противоположный угол или [Линия/РМн-угол/СМн-угол]: 
Команда: 
Команда: 
Команда: _cutclip найдено: 3

Команда: Задайте противоположный угол или [Линия/РМн-угол/СМн-угол]: 
Команда: 
Команда: 
Команда: _cutclip найдено: 1

Команда: Задайте противоположный угол или [Линия/РМн-угол/СМн-угол]: 
Команда: 
Команда: 
Команда: _cutclip найдено: 2

Команда: Задайте противоположный угол или [Линия/РМн-угол/СМн-угол]: 
Команда: 
Команда: 
Команда: _cutclip найдено: 2

Команда: Задайте противоположный угол или [Линия/РМн-угол/СМн-угол]: 
Команда: 
Команда: 
Команда: _cutclip найдено: 1

Команда: Задайте противоположный угол или [Линия/РМн-угол/СМн-угол]: 
Команда: 
Команда: 
Команда: _cutclip найдено: 2

Команда: Задайте противоположный угол или [Линия/РМн-угол/СМн-угол]: 
Команда: 
Команда: 
Команда: _cutclip найдено: 1

Команда: Задайте противоположный угол или [Линия/РМн-угол/СМн-угол]: 
Команда: 
Команда: 
Команда: _cutclip найдено: 1

Команда: 
Команда: 
Команда: _line 
Первая точка: 
Следующая точка или [оТменить]: *Прервано*

Команда: *Прервано*

Команда: Задайте противоположный угол или [Линия/РМн-угол/СМн-угол]: 
Команда: Задайте противоположный угол или [Линия/РМн-угол/СМн-угол]: 
Команда: 
Команда: 
Команда: _cutclip найдено: 5

Команда: Задайте противоположный угол или [Линия/РМн-угол/СМн-угол]: *Прервано*

Команда: 
Команда: 
Команда: _cutclip найдено: 1

Команда: 
Команда: 
Команда: 
Команда: 
Команда: _trim 
Текущие параметры: проекция = ПСК, кромка = Нет, режим = Быстрый
Выбрать режущие кромки...найдено: 2

Выберите обрезаемый или удлиняемый объект (плюс SHIFT) либо [реЖущие кромки/Секрамка/Режим/Проекция/уДалить]: 

Кривая должна по крайней мере дважды пересекать режущие кромки.
Выберите обрезаемый или удлиняемый объект (плюс SHIFT) либо [реЖущие кромки/Секрамка/Режим/Проекция/уДалить/Отменить]: *Прервано*

Команда: Задайте противоположный угол или [Линия/РМн-угол/СМн-угол]: 
Команда: *Прервано*

Команда: 
Команда: 
Команда: 
Команда: _extend 
Текущие параметры: проекция = ПСК, кромка = Нет, режим = Быстрый
Выбрать кромки границы... найдено: 1

Выберите объект для удлинения или обрезки (SHIFT + выбор) либо
 [Кромки границы/Секрамка/РЕжим/Проекция]: 

Выберите объект для удлинения или обрезки (SHIFT + выбор) либо
 [Кромки границы/Секрамка/РЕжим/Проекция/Отменить]: 

Выберите объект для удлинения или обрезки (SHIFT + выбор) либо
 [Кромки границы/Секрамка/РЕжим/Проекция/Отменить]: *Прервано*

Команда: Задайте противоположный угол или [Линия/РМн-угол/СМн-угол]: 
Команда: Задайте противоположный угол или [Линия/РМн-угол/СМн-угол]: 
Команда: 
Команда: 
Команда: 
Команда: _trim 
Текущие параметры: проекция = ПСК, кромка = Нет, режим = Быстрый
Выбрать режущие кромки...найдено: 2

Выберите обрезаемый или удлиняемый объект (плюс SHIFT) либо [реЖущие кромки/Секрамка/Режим/Проекция/уДалить]: 

Выберите обрезаемый или удлиняемый объект (плюс SHIFT) либо [реЖущие кромки/Секрамка/Режим/Проекция/уДалить/Отменить]: *Прервано*

Команда: 
Команда: 
Команда: _chamfer 
(Режим С ОБРЕЗКОЙ) Параметры фаски: Длина1 = 0.0000, Длина2 = 0.0000
Выберите первый отрезок или [оТменить/полИлиния/Длина/Угол/оБрезка/Метод/Несколько]: 
Выберите второй отрезок или нажмите клавишу Shift при выборе, чтобы создать угол, или [Расстояние/Угол/Метод]: 
Команда:  ФАСКА

(Режим С ОБРЕЗКОЙ) Параметры фаски: Длина1 = 0.0000, Длина2 = 0.0000
Выберите первый отрезок или [оТменить/полИлиния/Длина/Угол/оБрезка/Метод/Несколько]: 
Выберите второй отрезок или нажмите клавишу Shift при выборе, чтобы создать угол, или [Расстояние/Угол/Метод]: 
Команда: *Прервано*

Команда: Задайте противоположный угол или [Линия/РМн-угол/СМн-угол]: 
Команда: Задайте противоположный угол или [Линия/РМн-угол/СМн-угол]: 
Команда: Задайте противоположный угол или [Линия/РМн-угол/СМн-угол]: 
Команда: Задайте противоположный угол или [Линия/РМн-угол/СМн-угол]: 
Команда: Задайте противоположный угол или [Линия/РМн-угол/СМн-угол]: 
Команда: Задайте противоположный угол или [Линия/РМн-угол/СМн-угол]: 
Команда: 
Команда: 
Команда: _join найдено: 9

Объединено сегментов: 8, получена 1 полилиния
Команда: 
Команда: *Прервано*

Команда: Задайте противоположный угол или [Линия/РМн-угол/СМн-угол]: 
Команда: 
Команда: 
Команда: _trim 
Текущие параметры: проекция = ПСК, кромка = Нет, режим = Быстрый
Выбрать режущие кромки...найдено: 1

Выберите обрезаемый или удлиняемый объект (плюс SHIFT) либо [реЖущие кромки/Секрамка/Режим/Проекция/уДалить]: 

Выберите обрезаемый или удлиняемый объект (плюс SHIFT) либо [реЖущие кромки/Секрамка/Режим/Проекция/уДалить/Отменить]: *Прервано*

Команда: 
Команда: 
Команда: 
Команда: 
Команда: _trim 
Текущие параметры: проекция = ПСК, кромка = Нет, режим = Быстрый
Выбрать режущие кромки...найдено: 2

Выберите обрезаемый или удлиняемый объект (плюс SHIFT) либо [реЖущие кромки/Секрамка/Режим/Проекция/уДалить]: 

Выберите обрезаемый или удлиняемый объект (плюс SHIFT) либо [реЖущие кромки/Секрамка/Режим/Проекция/уДалить/Отменить]: *Прервано*

Команда: _u INTELLIZOOM ГРУППА 
Команда: 
Команда: 
Команда: 
Команда: _extend 
Текущие параметры: проекция = ПСК, кромка = Нет, режим = Быстрый
Выбрать кромки границы... найдено: 1

Выберите объект для удлинения или обрезки (SHIFT + выбор) либо
 [Кромки границы/Секрамка/РЕжим/Проекция]: 

Выберите объект для удлинения или обрезки (SHIFT + выбор) либо
 [Кромки границы/Секрамка/РЕжим/Проекция/Отменить]: 

Траектория не пересекается с ограничивающей кромкой.
Выберите объект для удлинения или обрезки (SHIFT + выбор) либо
 [Кромки границы/Секрамка/РЕжим/Проекция/Отменить]: *Прервано*

Команда: 
Команда: 
Команда: 
Команда: 
Команда: _trim 
Текущие параметры: проекция = ПСК, кромка = Нет, режим = Быстрый
Выбрать режущие кромки...найдено: 2

Выберите обрезаемый или удлиняемый объект (плюс SHIFT) либо [реЖущие кромки/Секрамка/Режим/Проекция/уДалить]: 

Выберите обрезаемый или удлиняемый объект (плюс SHIFT) либо [реЖущие кромки/Секрамка/Режим/Проекция/уДалить/Отменить]: 

Выберите обрезаемый или удлиняемый объект (плюс SHIFT) либо [реЖущие кромки/Секрамка/Режим/Проекция/уДалить/Отменить]: *Прервано*

Команда: 
Команда: 
Команда: _chamfer 
(Режим С ОБРЕЗКОЙ) Параметры фаски: Длина1 = 0.0000, Длина2 = 0.0000
Выберите первый отрезок или [оТменить/полИлиния/Длина/Угол/оБрезка/Метод/Несколько]: *Прервано*

Команда: Задайте противоположный угол или [Линия/РМн-угол/СМн-угол]: 
Команда: 
Команда: 
Команда: _join найдено: 3

Преобразовано объектов: 2, получена 1 полилиния, 1 объект пропущен при обработке
Команда: 
Команда: 
Команда: 
Команда: _join найдено: 1

Выберите объекты для объединения с источником: *Прервано*

Команда: 
Команда: 
Команда: _chamfer 
(Режим С ОБРЕЗКОЙ) Параметры фаски: Длина1 = 0.0000, Длина2 = 0.0000
Выберите первый отрезок или [оТменить/полИлиния/Длина/Угол/оБрезка/Метод/Несколько]: 
Выберите второй отрезок или нажмите клавишу Shift при выборе, чтобы создать угол, или [Расстояние/Угол/Метод]: 
Команда: *Прервано*

Команда: 
Команда: *Прервано*

Команда: 
Команда: 
Команда: _chamfer 
(Режим С ОБРЕЗКОЙ) Параметры фаски: Длина1 = 0.0000, Длина2 = 0.0000
Выберите первый отрезок или [оТменить/полИлиния/Длина/Угол/оБрезка/Метод/Несколько]: 
Выберите второй отрезок или нажмите клавишу Shift при выборе, чтобы создать угол, или [Расстояние/Угол/Метод]: 
Команда: *Прервано*

Команда: 
Команда: 
Команда: _chamfer 
(Режим С ОБРЕЗКОЙ) Параметры фаски: Длина1 = 0.0000, Длина2 = 0.0000
Выберите первый отрезок или [оТменить/полИлиния/Длина/Угол/оБрезка/Метод/Несколько]: 
Выберите второй отрезок или нажмите клавишу Shift при выборе, чтобы создать угол, или [Расстояние/Угол/Метод]: 
Команда: 
Команда: 
Команда: 
Команда: 
Команда: 
Команда: 
Команда: 
Команда: _join найдено: 5

Объединено сегментов: 4, получена 1 полилиния
Команда: 
Команда: 
Команда: _chamfer 
(Режим С ОБРЕЗКОЙ) Параметры фаски: Длина1 = 0.0000, Длина2 = 0.0000
Выберите первый отрезок или [оТменить/полИлиния/Длина/Угол/оБрезка/Метод/Несколько]: 
Выберите второй отрезок или нажмите клавишу Shift при выборе, чтобы создать угол, или [Расстояние/Угол/Метод]: 
Команда:  ФАСКА

(Режим С ОБРЕЗКОЙ) Параметры фаски: Длина1 = 0.0000, Длина2 = 0.0000
Выберите первый отрезок или [оТменить/полИлиния/Длина/Угол/оБрезка/Метод/Несколько]: 
Выберите второй отрезок или нажмите клавишу Shift при выборе, чтобы создать угол, или [Расстояние/Угол/Метод]: 
Команда:  ФАСКА

(Режим С ОБРЕЗКОЙ) Параметры фаски: Длина1 = 0.0000, Длина2 = 0.0000
Выберите первый отрезок или [оТменить/полИлиния/Длина/Угол/оБрезка/Метод/Несколько]: 
Выберите второй отрезок или нажмите клавишу Shift при выборе, чтобы создать угол, или [Расстояние/Угол/Метод]: 
Команда:  ФАСКА

(Режим С ОБРЕЗКОЙ) Параметры фаски: Длина1 = 0.0000, Длина2 = 0.0000
Выберите первый отрезок или [оТменить/полИлиния/Длина/Угол/оБрезка/Метод/Несколько]: 
Выберите второй отрезок или нажмите клавишу Shift при выборе, чтобы создать угол, или [Расстояние/Угол/Метод]: 
Команда:  ФАСКА

(Режим С ОБРЕЗКОЙ) Параметры фаски: Длина1 = 0.0000, Длина2 = 0.0000
Выберите первый отрезок или [оТменить/полИлиния/Длина/Угол/оБрезка/Метод/Несколько]: *Прервано*

Команда: 
Команда: 
** РАСТЯНУТЬ **
Задайте точку для растяжения или [Базовая точка/Копировать/oТменить/выХод]:
Команда: *Прервано*

Команда: Задайте противоположный угол или [Линия/РМн-угол/СМн-угол]: *Прервано*

Команда: 
Команда: 
Команда: _chamfer 
(Режим С ОБРЕЗКОЙ) Параметры фаски: Длина1 = 0.0000, Длина2 = 0.0000
Выберите первый отрезок или [оТменить/полИлиния/Длина/Угол/оБрезка/Метод/Несколько]: 
Выберите второй отрезок или нажмите клавишу Shift при выборе, чтобы создать угол, или [Расстояние/Угол/Метод]: 
Отрезки параллельны

Команда: *Прервано*

Команда: 
Команда: 
Команда: 
Команда: 
Команда: _join найдено: 2

0 объектов объединено, пропущено объектов при обработке: 2
Команда: 
Команда: Задайте противоположный угол или [Линия/РМн-угол/СМн-угол]: 
Команда: 
** РАСТЯНУТЬ **
Задайте точку для растяжения или [Базовая точка/Копировать/oТменить/выХод]:
Команда: *Прервано*

Команда: Задайте противоположный угол или [Линия/РМн-угол/СМн-угол]: 
Команда: 
Команда: 
Команда: _join найдено: 2

1 сегмент полилинии объединен в 1 полилинию
Команда: 
Команда: 
Команда: _chamfer 
(Режим С ОБРЕЗКОЙ) Параметры фаски: Длина1 = 0.0000, Длина2 = 0.0000
Выберите первый отрезок или [оТменить/полИлиния/Длина/Угол/оБрезка/Метод/Несколько]: 
Выберите второй отрезок или нажмите клавишу Shift при выборе, чтобы создать угол, или [Расстояние/Угол/Метод]: 
Команда: *Прервано*

Команда: 
Команда: 
Команда: 
Команда: 
Команда: _trim 
Текущие параметры: проекция = ПСК, кромка = Нет, режим = Быстрый
Выбрать режущие кромки...найдено: 2

Выберите обрезаемый или удлиняемый объект (плюс SHIFT) либо [реЖущие кромки/Секрамка/Режим/Проекция/уДалить]: *Прервано*

Команда: 
Команда: 
Команда: 
Команда: _extend 
Текущие параметры: проекция = ПСК, кромка = Нет, режим = Быстрый
Выбрать кромки границы... найдено: 1

Выберите объект для удлинения или обрезки (SHIFT + выбор) либо
 [Кромки границы/Секрамка/РЕжим/Проекция]: 
Выберите объект для удлинения или обрезки (SHIFT + выбор) либо
 [Кромки границы/Секрамка/РЕжим/Проекция/Отменить]: 
Укажите следующую точку линии выбора или [Отменить]: 
Укажите следующую точку линии выбора или [Отменить]: 
Укажите следующую точку линии выбора или [Отменить]: 
Укажите следующую точку линии выбора или [Отменить]: 

Выберите объект для удлинения или обрезки (SHIFT + выбор) либо
 [Кромки границы/Секрамка/РЕжим/Проекция/Отменить]: 
Выберите объект для удлинения или обрезки (SHIFT + выбор) либо
 [Кромки границы/Секрамка/РЕжим/Проекция/Отменить]: 
Укажите следующую точку линии выбора или [Отменить]: 
Укажите следующую точку линии выбора или [Отменить]: 
Укажите следующую точку линии выбора или [Отменить]: 
Укажите следующую точку линии выбора или [Отменить]: 

Выберите объект для удлинения или обрезки (SHIFT + выбор) либо
 [Кромки границы/Секрамка/РЕжим/Проекция/Отменить]: *Прервано*

Команда: 
Команда: 
Команда: 
Команда: 
Команда: _trim 
Текущие параметры: проекция = ПСК, кромка = Нет, режим = Быстрый
Выбрать режущие кромки...найдено: 2

Выберите обрезаемый или удлиняемый объект (плюс SHIFT) либо [реЖущие кромки/Секрамка/Режим/Проекция/уДалить]: 

Выберите обрезаемый или удлиняемый объект (плюс SHIFT) либо [реЖущие кромки/Секрамка/Режим/Проекция/уДалить/Отменить]: *Прервано*

Команда: 
Команда: 
Команда: _chamfer 
(Режим С ОБРЕЗКОЙ) Параметры фаски: Длина1 = 0.0000, Длина2 = 0.0000
Выберите первый отрезок или [оТменить/полИлиния/Длина/Угол/оБрезка/Метод/Несколько]: 
Выберите второй отрезок или нажмите клавишу Shift при выборе, чтобы создать угол, или [Расстояние/Угол/Метод]: 
Команда:  ФАСКА

(Режим С ОБРЕЗКОЙ) Параметры фаски: Длина1 = 0.0000, Длина2 = 0.0000
Выберите первый отрезок или [оТменить/полИлиния/Длина/Угол/оБрезка/Метод/Несколько]: 
Выберите второй отрезок или нажмите клавишу Shift при выборе, чтобы создать угол, или [Расстояние/Угол/Метод]: 
Команда: 
Команда: 
Команда: _chamfer 
(Режим С ОБРЕЗКОЙ) Параметры фаски: Длина1 = 0.0000, Длина2 = 0.0000
Выберите первый отрезок или [оТменить/полИлиния/Длина/Угол/оБрезка/Метод/Несколько]: 
Выберите второй отрезок или нажмите клавишу Shift при выборе, чтобы создать угол, или [Расстояние/Угол/Метод]: 
Команда:  ФАСКА

(Режим С ОБРЕЗКОЙ) Параметры фаски: Длина1 = 0.0000, Длина2 = 0.0000
Выберите первый отрезок или [оТменить/полИлиния/Длина/Угол/оБрезка/Метод/Несколько]: 
Выберите второй отрезок или нажмите клавишу Shift при выборе, чтобы создать угол, или [Расстояние/Угол/Метод]: 
Команда:  ФАСКА

(Режим С ОБРЕЗКОЙ) Параметры фаски: Длина1 = 0.0000, Длина2 = 0.0000
Выберите первый отрезок или [оТменить/полИлиния/Длина/Угол/оБрезка/Метод/Несколько]: 
Выберите второй отрезок или нажмите клавишу Shift при выборе, чтобы создать угол, или [Расстояние/Угол/Метод]: 
Выберите второй отрезок или нажмите клавишу Shift при выборе, чтобы создать угол, или [Расстояние/Угол/Метод]: 
Команда:  ФАСКА

(Режим С ОБРЕЗКОЙ) Параметры фаски: Длина1 = 0.0000, Длина2 = 0.0000
Выберите первый отрезок или [оТменить/полИлиния/Длина/Угол/оБрезка/Метод/Несколько]: 
Выберите второй отрезок или нажмите клавишу Shift при выборе, чтобы создать угол, или [Расстояние/Угол/Метод]: 
Команда:  ФАСКА

(Режим С ОБРЕЗКОЙ) Параметры фаски: Длина1 = 0.0000, Длина2 = 0.0000
Выберите первый отрезок или [оТменить/полИлиния/Длина/Угол/оБрезка/Метод/Несколько]: 
Выберите второй отрезок или нажмите клавишу Shift при выборе, чтобы создать угол, или [Расстояние/Угол/Метод]: 
Команда:  ФАСКА

(Режим С ОБРЕЗКОЙ) Параметры фаски: Длина1 = 0.0000, Длина2 = 0.0000
Выберите первый отрезок или [оТменить/полИлиния/Длина/Угол/оБрезка/Метод/Несколько]: 
Выберите второй отрезок или нажмите клавишу Shift при выборе, чтобы создать угол, или [Расстояние/Угол/Метод]: 
Команда:  ФАСКА

(Режим С ОБРЕЗКОЙ) Параметры фаски: Длина1 = 0.0000, Длина2 = 0.0000
Выберите первый отрезок или [оТменить/полИлиния/Длина/Угол/оБрезка/Метод/Несколько]: 
Выберите второй отрезок или нажмите клавишу Shift при выборе, чтобы создать угол, или [Расстояние/Угол/Метод]: 
Команда:  ФАСКА

(Режим С ОБРЕЗКОЙ) Параметры фаски: Длина1 = 0.0000, Длина2 = 0.0000
Выберите первый отрезок или [оТменить/полИлиния/Длина/Угол/оБрезка/Метод/Несколько]: 
Выберите второй отрезок или нажмите клавишу Shift при выборе, чтобы создать угол, или [Расстояние/Угол/Метод]: 
Выберите второй отрезок или нажмите клавишу Shift при выборе, чтобы создать угол, или [Расстояние/Угол/Метод]: 
Команда:  ФАСКА

(Режим С ОБРЕЗКОЙ) Параметры фаски: Длина1 = 0.0000, Длина2 = 0.0000
Выберите первый отрезок или [оТменить/полИлиния/Длина/Угол/оБрезка/Метод/Несколько]: 
Выберите второй отрезок или нажмите клавишу Shift при выборе, чтобы создать угол, или [Расстояние/Угол/Метод]: 
Команда: 
Команда: 
Команда: 
Команда: 
Команда: _trim 
Текущие параметры: проекция = ПСК, кромка = Нет, режим = Быстрый
Выбрать режущие кромки...найдено: 2

Выберите обрезаемый или удлиняемый объект (плюс SHIFT) либо [реЖущие кромки/Секрамка/Режим/Проекция/уДалить]: 

Выберите обрезаемый или удлиняемый объект (плюс SHIFT) либо [реЖущие кромки/Секрамка/Режим/Проекция/уДалить/Отменить]: 

Выберите обрезаемый или удлиняемый объект (плюс SHIFT) либо [реЖущие кромки/Секрамка/Режим/Проекция/уДалить/Отменить]: *Прервано*

Команда: Задайте противоположный угол или [Линия/РМн-угол/СМн-угол]: *Прервано*

Команда: *Прервано*

Команда: *Прервано*

Команда: *Прервано*

Команда: 
Команда: Задайте противоположный угол или [Линия/РМн-угол/СМн-угол]: *Прервано*

Команда: *Прервано*

Команда: 
Команда: 
Команда: 
Команда: _extend 
Текущие параметры: проекция = ПСК, кромка = Нет, режим = Быстрый
Выбрать кромки границы... найдено: 1

Выберите объект для удлинения или обрезки (SHIFT + выбор) либо
 [Кромки границы/Секрамка/РЕжим/Проекция]: 

Траектория не пересекается с ограничивающей кромкой.
Выберите объект для удлинения или обрезки (SHIFT + выбор) либо
 [Кромки границы/Секрамка/РЕжим/Проекция/Отменить]: 

Выберите объект для удлинения или обрезки (SHIFT + выбор) либо
 [Кромки границы/Секрамка/РЕжим/Проекция/Отменить]: 

Траектория не пересекается с ограничивающей кромкой.
Выберите объект для удлинения или обрезки (SHIFT + выбор) либо
 [Кромки границы/Секрамка/РЕжим/Проекция/Отменить]: *Прервано*

Команда: 
Команда: 
Команда: 
Команда: _extend 
Текущие параметры: проекция = ПСК, кромка = Нет, режим = Быстрый
Выбрать кромки границы... найдено: 1

Выберите объект для удлинения или обрезки (SHIFT + выбор) либо
 [Кромки границы/Секрамка/РЕжим/Проекция]: 
Выберите объект для удлинения или обрезки (SHIFT + выбор) либо
 [Кромки границы/Секрамка/РЕжим/Проекция/Отменить]: 
Укажите следующую точку линии выбора или [Отменить]: 
Укажите следующую точку линии выбора или [Отменить]: 
Укажите следующую точку линии выбора или [Отменить]: 
Укажите следующую точку линии выбора или [Отменить]: 

Траектория не пересекается с ограничивающей кромкой.
Траектория не пересекается с ограничивающей кромкой.
Траектория не пересекается с ограничивающей кромкой.
Выберите объект для удлинения или обрезки (SHIFT + выбор) либо
 [Кромки границы/Секрамка/РЕжим/Проекция/Отменить]: *Прервано*

Команда: 
Команда: Задайте противоположный угол или [Линия/РМн-угол/СМн-угол]: 
Команда: 
Команда: 
Команда: 
Команда: _trim 
Текущие параметры: проекция = ПСК, кромка = Нет, режим = Быстрый
Выбрать режущие кромки...найдено: 2

Выберите обрезаемый или удлиняемый объект (плюс SHIFT) либо [реЖущие кромки/Секрамка/Режим/Проекция/уДалить]: 

Выберите обрезаемый или удлиняемый объект (плюс SHIFT) либо [реЖущие кромки/Секрамка/Режим/Проекция/уДалить/Отменить]: *Прервано*

Команда: *Прервано*

Команда: 
Команда: 
Команда: 
Команда: 
Команда: _trim 
Текущие параметры: проекция = ПСК, кромка = Нет, режим = Быстрый
Выбрать режущие кромки...найдено: 2

Выберите обрезаемый или удлиняемый объект (плюс SHIFT) либо [реЖущие кромки/Секрамка/Режим/Проекция/уДалить]: 

Выберите обрезаемый или удлиняемый объект (плюс SHIFT) либо [реЖущие кромки/Секрамка/Режим/Проекция/уДалить/Отменить]: *Прервано*

Команда: *Прервано*

Команда: Задайте противоположный угол или [Линия/РМн-угол/СМн-угол]: 
Команда: Задайте противоположный угол или [Линия/РМн-угол/СМн-угол]: 
Команда: Задайте противоположный угол или [Линия/РМн-угол/СМн-угол]: 
Команда: Задайте противоположный угол или [Линия/РМн-угол/СМн-угол]: 
Команда: Задайте противоположный угол или [Линия/РМн-угол/СМн-угол]: 
Команда: Задайте противоположный угол или [Линия/РМн-угол/СМн-угол]: 
Команда: Задайте противоположный угол или [Линия/РМн-угол/СМн-угол]: 
Команда: Задайте противоположный угол или [Линия/РМн-угол/СМн-угол]: 
Команда: Задайте противоположный угол или [Линия/РМн-угол/СМн-угол]: 
Команда: 
Команда: 
Команда: _join найдено: 13

Преобразовано объектов: 13, получена 1 полилиния
Команда: 
Команда: 
Команда: _chamfer 
(Режим С ОБРЕЗКОЙ) Параметры фаски: Длина1 = 0.0000, Длина2 = 0.0000
Выберите первый отрезок или [оТменить/полИлиния/Длина/Угол/оБрезка/Метод/Несколько]: 
Выберите второй отрезок или нажмите клавишу Shift при выборе, чтобы создать угол, или [Расстояние/Угол/Метод]: 
Команда:  ФАСКА

(Режим С ОБРЕЗКОЙ) Параметры фаски: Длина1 = 0.0000, Длина2 = 0.0000
Выберите первый отрезок или [оТменить/полИлиния/Длина/Угол/оБрезка/Метод/Несколько]: 
Выберите первый отрезок или [оТменить/полИлиния/Длина/Угол/оБрезка/Метод/Несколько]: 
Выберите второй отрезок или нажмите клавишу Shift при выборе, чтобы создать угол, или [Расстояние/Угол/Метод]: 
Команда: 
Команда: 
Команда: 
Команда: _trim 
Текущие параметры: проекция = ПСК, кромка = Нет, режим = Быстрый
Выбрать режущие кромки...найдено: 1

Выберите обрезаемый или удлиняемый объект (плюс SHIFT) либо [реЖущие кромки/Секрамка/Режим/Проекция/уДалить]: 

Выберите обрезаемый или удлиняемый объект (плюс SHIFT) либо [реЖущие кромки/Секрамка/Режим/Проекция/уДалить/Отменить]: *Прервано*

Команда: 
Команда: 
Команда: 
Команда: 
Команда: _trim 
Текущие параметры: проекция = ПСК, кромка = Нет, режим = Быстрый
Выбрать режущие кромки...найдено: 2

Выберите обрезаемый или удлиняемый объект (плюс SHIFT) либо [реЖущие кромки/Секрамка/Режим/Проекция/уДалить]: 

Выберите обрезаемый или удлиняемый объект (плюс SHIFT) либо [реЖущие кромки/Секрамка/Режим/Проекция/уДалить/Отменить]: *Прервано*

Команда: Задайте противоположный угол или [Линия/РМн-угол/СМн-угол]: 
Команда: Задайте противоположный угол или [Линия/РМн-угол/СМн-угол]: 
Команда: Задайте противоположный угол или [Линия/РМн-угол/СМн-угол]: 
Команда: Задайте противоположный угол или [Линия/РМн-угол/СМн-угол]: 
Команда: 
Команда: 
Команда: _join найдено: 9

Объединено сегментов: 8, получена 1 полилиния
Команда: 
Команда: 
Команда: _chamfer 
(Режим С ОБРЕЗКОЙ) Параметры фаски: Длина1 = 0.0000, Длина2 = 0.0000
Выберите первый отрезок или [оТменить/полИлиния/Длина/Угол/оБрезка/Метод/Несколько]: 
Выберите второй отрезок или нажмите клавишу Shift при выборе, чтобы создать угол, или [Расстояние/Угол/Метод]: 
Команда:  ФАСКА

(Режим С ОБРЕЗКОЙ) Параметры фаски: Длина1 = 0.0000, Длина2 = 0.0000
Выберите первый отрезок или [оТменить/полИлиния/Длина/Угол/оБрезка/Метод/Несколько]: 
Выберите второй отрезок или нажмите клавишу Shift при выборе, чтобы создать угол, или [Расстояние/Угол/Метод]: 
Команда:  ФАСКА

(Режим С ОБРЕЗКОЙ) Параметры фаски: Длина1 = 0.0000, Длина2 = 0.0000
Выберите первый отрезок или [оТменить/полИлиния/Длина/Угол/оБрезка/Метод/Несколько]: 
Выберите второй отрезок или нажмите клавишу Shift при выборе, чтобы создать угол, или [Расстояние/Угол/Метод]: 
Команда:  ФАСКА

(Режим С ОБРЕЗКОЙ) Параметры фаски: Длина1 = 0.0000, Длина2 = 0.0000
Выберите первый отрезок или [оТменить/полИлиния/Длина/Угол/оБрезка/Метод/Несколько]: 
Выберите второй отрезок или нажмите клавишу Shift при выборе, чтобы создать угол, или [Расстояние/Угол/Метод]: 
Команда: *Прервано*

Команда: 
Команда: 
Команда: _trim 
Текущие параметры: проекция = ПСК, кромка = Нет, режим = Быстрый
Выбрать режущие кромки...найдено: 1

Выберите обрезаемый или удлиняемый объект (плюс SHIFT) либо [реЖущие кромки/Секрамка/Режим/Проекция/уДалить]: 

Выберите обрезаемый или удлиняемый объект (плюс SHIFT) либо [реЖущие кромки/Секрамка/Режим/Проекция/уДалить/Отменить]: 
Выберите обрезаемый или удлиняемый объект (плюс SHIFT) либо [реЖущие кромки/Секрамка/Режим/Проекция/уДалить/Отменить]: 
Укажите следующую точку линии выбора или [Отменить]: 
Укажите следующую точку линии выбора или [Отменить]: 
Укажите следующую точку линии выбора или [Отменить]: 
Укажите следующую точку линии выбора или [Отменить]: 
Выберите обрезаемый или удлиняемый объект (плюс SHIFT) либо [реЖущие кромки/Секрамка/Режим/Проекция/уДалить/Отменить]: 

Выберите обрезаемый или удлиняемый объект (плюс SHIFT) либо [реЖущие кромки/Секрамка/Режим/Проекция/уДалить/Отменить]: 
Выберите обрезаемый или удлиняемый объект (плюс SHIFT) либо [реЖущие кромки/Секрамка/Режим/Проекция/уДалить/Отменить]: 
Укажите следующую точку линии выбора или [Отменить]: 
Укажите следующую точку линии выбора или [Отменить]: 
Укажите следующую точку линии выбора или [Отменить]: 
Укажите следующую точку линии выбора или [Отменить]: 

Выберите обрезаемый или удлиняемый объект (плюс SHIFT) либо [реЖущие кромки/Секрамка/Режим/Проекция/уДалить/Отменить]: *Прервано*

Команда: *Прервано*

Команда: 
Команда: 
Команда: _cutclip найдено: 1

Команда: 
Команда: *Прервано*

Команда: *Прервано*

Команда: Задайте противоположный угол или [Линия/РМн-угол/СМн-угол]: 
Команда: Задайте противоположный угол или [Линия/РМн-угол/СМн-угол]: 
Команда: Задайте противоположный угол или [Линия/РМн-угол/СМн-угол]: 
Команда: 
Команда: 
Команда: _cutclip найдено: 4

Команда: 
Команда: 
Команда: _cutclip найдено: 1

Команда: 
Команда: 
Команда: _chamfer 
(Режим С ОБРЕЗКОЙ) Параметры фаски: Длина1 = 0.0000, Длина2 = 0.0000
Выберите первый отрезок или [оТменить/полИлиния/Длина/Угол/оБрезка/Метод/Несколько]: 
Выберите второй отрезок или нажмите клавишу Shift при выборе, чтобы создать угол, или [Расстояние/Угол/Метод]: 
Команда: 
Команда: 
Команда: _cutclip найдено: 1

Команда: 
Команда: 
Команда: _chamfer 
(Режим С ОБРЕЗКОЙ) Параметры фаски: Длина1 = 0.0000, Длина2 = 0.0000
Выберите первый отрезок или [оТменить/полИлиния/Длина/Угол/оБрезка/Метод/Несколько]: 
Выберите второй отрезок или нажмите клавишу Shift при выборе, чтобы создать угол, или [Расстояние/Угол/Метод]: 
Команда: 
Команда: *Прервано*

Команда: 
Команда: 
Команда: 
Команда: _trim 
Текущие параметры: проекция = ПСК, кромка = Нет, режим = Быстрый
Выбрать режущие кромки...найдено: 1

Выберите обрезаемый или удлиняемый объект (плюс SHIFT) либо [реЖущие кромки/Секрамка/Режим/Проекция/уДалить]: 

Выберите обрезаемый или удлиняемый объект (плюс SHIFT) либо [реЖущие кромки/Секрамка/Режим/Проекция/уДалить/Отменить]: *Прервано*

Команда: 
Команда: 
Команда: _chamfer 
(Режим С ОБРЕЗКОЙ) Параметры фаски: Длина1 = 0.0000, Длина2 = 0.0000
Выберите первый отрезок или [оТменить/полИлиния/Длина/Угол/оБрезка/Метод/Несколько]: 
Выберите второй отрезок или нажмите клавишу Shift при выборе, чтобы создать угол, или [Расстояние/Угол/Метод]: 
Команда:  ФАСКА

(Режим С ОБРЕЗКОЙ) Параметры фаски: Длина1 = 0.0000, Длина2 = 0.0000
Выберите первый отрезок или [оТменить/полИлиния/Длина/Угол/оБрезка/Метод/Несколько]: 
Выберите второй отрезок или нажмите клавишу Shift при выборе, чтобы создать угол, или [Расстояние/Угол/Метод]: 
Команда: 
Команда: *Прервано*

Команда: 
Команда: 
Команда: _chamfer 
(Режим С ОБРЕЗКОЙ) Параметры фаски: Длина1 = 0.0000, Длина2 = 0.0000
Выберите первый отрезок или [оТменить/полИлиния/Длина/Угол/оБрезка/Метод/Несколько]: 
Выберите второй отрезок или нажмите клавишу Shift при выборе, чтобы создать угол, или [Расстояние/Угол/Метод]: 
Команда:  ФАСКА

(Режим С ОБРЕЗКОЙ) Параметры фаски: Длина1 = 0.0000, Длина2 = 0.0000
Выберите первый отрезок или [оТменить/полИлиния/Длина/Угол/оБрезка/Метод/Несколько]: 
Выберите второй отрезок или нажмите клавишу Shift при выборе, чтобы создать угол, или [Расстояние/Угол/Метод]: 
Команда: Задайте противоположный угол или [Линия/РМн-угол/СМн-угол]: *Прервано*

Команда: Задайте противоположный угол или [Линия/РМн-угол/СМн-угол]: *Прервано*

Команда: 
Команда: *Прервано*

Команда: 
Команда: 
Команда: _line 
Первая точка: 
Следующая точка или [оТменить]: 
Следующая точка или [оТменить]: *Прервано*

Команда: 
Команда: 
Команда: 
Команда: 
Команда: 
Команда: _join найдено: 3

Преобразовано объектов: 2, получена 1 полилиния, 1 объект пропущен при обработке
Команда: 
Команда: 
Команда: 
Команда: 
Команда: _join найдено: 2

0 объектов объединено, 1 объект пропущен при обработке
Команда: 
Команда: *Прервано*

Команда: 
Команда: 
Команда: _chamfer 
(Режим С ОБРЕЗКОЙ) Параметры фаски: Длина1 = 0.0000, Длина2 = 0.0000
Выберите первый отрезок или [оТменить/полИлиния/Длина/Угол/оБрезка/Метод/Несколько]: 
Выберите второй отрезок или нажмите клавишу Shift при выборе, чтобы создать угол, или [Расстояние/Угол/Метод]: 
Отрезок и полилиния не компланарны.
Команда: 
Команда: 
Команда: 
Команда: 
Команда: _join найдено: 2

0 объектов объединено, 1 объект пропущен при обработке
Команда: 
Команда: 
Команда: *Прервано*

Команда: 
Команда: 
** РАСТЯНУТЬ **
Задайте точку для растяжения или [Базовая точка/Копировать/oТменить/выХод]:
Команда: *Прервано*

Команда: 
Команда: 
Команда: _chamfer 
(Режим С ОБРЕЗКОЙ) Параметры фаски: Длина1 = 0.0000, Длина2 = 0.0000
Выберите первый отрезок или [оТменить/полИлиния/Длина/Угол/оБрезка/Метод/Несколько]: 
Выберите второй отрезок или нажмите клавишу Shift при выборе, чтобы создать угол, или [Расстояние/Угол/Метод]: 
Отрезок и полилиния не компланарны.
Команда: *Прервано*

Команда: 
Команда: 
Команда: _extend 
Текущие параметры: проекция = ПСК, кромка = Нет, режим = Быстрый
Выберите объект для удлинения или обрезки (SHIFT + выбор) либо
 [Кромки границы/Секрамка/РЕжим/Проекция]: *Прервано*

Команда: Задайте противоположный угол или [Линия/РМн-угол/СМн-угол]: 
Команда: 
Команда: 
Команда: 
Команда: _extend 
Текущие параметры: проекция = ПСК, кромка = Нет, режим = Быстрый
Выбрать кромки границы... найдено: 1

Выберите объект для удлинения или обрезки (SHIFT + выбор) либо
 [Кромки границы/Секрамка/РЕжим/Проекция]: 

Выберите объект для удлинения или обрезки (SHIFT + выбор) либо
 [Кромки границы/Секрамка/РЕжим/Проекция/Отменить]: *Прервано*

Команда: 
Команда: Задайте противоположный угол или [Линия/РМн-угол/СМн-угол]: 
Команда: 
Команда: 
Команда: _pedit 
Задайте параметр [Замкнуть/Добавить/Ширина/Вершина/СГладить/СПлайн/Убрать сглаживание/Типлин/оБратить/Отменить]: *Прервано*

Команда: *Прервано*

Команда: *Прервано*

Команда: 
Команда: 
Команда: 
Команда: 
Команда: _join найдено: 2

0 объектов объединено, 1 объект пропущен при обработке
Команда: 
Команда: *Прервано*

Команда: 
Команда: 
Команда: _chamfer 
(Режим С ОБРЕЗКОЙ) Параметры фаски: Длина1 = 0.0000, Длина2 = 0.0000
Выберите первый отрезок или [оТменить/полИлиния/Длина/Угол/оБрезка/Метод/Несколько]: 
Выберите второй отрезок или нажмите клавишу Shift при выборе, чтобы создать угол, или [Расстояние/Угол/Метод]: 
Отрезки не компланарны.
Команда: *Прервано*

Команда: *Прервано*

Команда: 
Команда: *Прервано*

Команда: *Прервано*

Команда: *Прервано*

Команда: 
Команда: 
Команда: _chamfer 
(Режим С ОБРЕЗКОЙ) Параметры фаски: Длина1 = 0.0000, Длина2 = 0.0000
Выберите первый отрезок или [оТменить/полИлиния/Длина/Угол/оБрезка/Метод/Несколько]: 
Выберите второй отрезок или нажмите клавишу Shift при выборе, чтобы создать угол, или [Расстояние/Угол/Метод]: *Прервано*

Команда: 
Команда: *Прервано*

Команда: *Прервано*

Команда: *Прервано*

Команда: 
Команда: 
Команда: _chamfer 
(Режим С ОБРЕЗКОЙ) Параметры фаски: Длина1 = 0.0000, Длина2 = 0.0000
Выберите первый отрезок или [оТменить/полИлиния/Длина/Угол/оБрезка/Метод/Несколько]: 
Выберите второй отрезок или нажмите клавишу Shift при выборе, чтобы создать угол, или [Расстояние/Угол/Метод]: 
Команда: *Прервано*

Команда: 
Команда: 
Команда: _chamfer 
(Режим С ОБРЕЗКОЙ) Параметры фаски: Длина1 = 0.0000, Длина2 = 0.0000
Выберите первый отрезок или [оТменить/полИлиния/Длина/Угол/оБрезка/Метод/Несколько]: 
Выберите второй отрезок или нажмите клавишу Shift при выборе, чтобы создать угол, или [Расстояние/Угол/Метод]: 
Отрезок и полилиния не компланарны.
Команда: *Прервано*

Команда: *Прервано*

Команда: 
Команда: *Прервано*

Команда: 
Команда: Задайте противоположный угол или [Линия/РМн-угол/СМн-угол]: 
Команда: *Прервано*

Команда: 
Команда: 
Команда: 
Команда: _SelectSimilar 
Команда: *Прервано*

Команда: 
Команда: 
Команда: _chamfer 
(Режим С ОБРЕЗКОЙ) Параметры фаски: Длина1 = 0.0000, Длина2 = 0.0000
Выберите первый отрезок или [оТменить/полИлиния/Длина/Угол/оБрезка/Метод/Несколько]: 
Выберите второй отрезок или нажмите клавишу Shift при выборе, чтобы создать угол, или [Расстояние/Угол/Метод]: 
Команда: 
Команда: 
Команда: 
Команда: 
Команда: _join найдено: 2

1 сегмент полилинии объединен в 1 полилинию
Команда: 
Команда: *Прервано*

Команда: 
Команда: 
Команда: _chamfer 
(Режим С ОБРЕЗКОЙ) Параметры фаски: Длина1 = 0.0000, Длина2 = 0.0000
Выберите первый отрезок или [оТменить/полИлиния/Длина/Угол/оБрезка/Метод/Несколько]: 
Выберите первый отрезок или [оТменить/полИлиния/Длина/Угол/оБрезка/Метод/Несколько]: 
Выберите второй отрезок или нажмите клавишу Shift при выборе, чтобы создать угол, или [Расстояние/Угол/Метод]: 
Команда: 
Команда: *Прервано*

Команда: 
Команда: 
Команда: _chamfer 
(Режим С ОБРЕЗКОЙ) Параметры фаски: Длина1 = 0.0000, Длина2 = 0.0000
Выберите первый отрезок или [оТменить/полИлиния/Длина/Угол/оБрезка/Метод/Несколько]: 
Выберите второй отрезок или нажмите клавишу Shift при выборе, чтобы создать угол, или [Расстояние/Угол/Метод]: 
Команда:  ФАСКА

(Режим С ОБРЕЗКОЙ) Параметры фаски: Длина1 = 0.0000, Длина2 = 0.0000
Выберите первый отрезок или [оТменить/полИлиния/Длина/Угол/оБрезка/Метод/Несколько]: *Прервано*

Команда: 
Команда: 
Команда: _chamfer 
(Режим С ОБРЕЗКОЙ) Параметры фаски: Длина1 = 0.0000, Длина2 = 0.0000
Выберите первый отрезок или [оТменить/полИлиния/Длина/Угол/оБрезка/Метод/Несколько]: 
Выберите второй отрезок или нажмите клавишу Shift при выборе, чтобы создать угол, или [Расстояние/Угол/Метод]: 
Команда:  ФАСКА

(Режим С ОБРЕЗКОЙ) Параметры фаски: Длина1 = 0.0000, Длина2 = 0.0000
Выберите первый отрезок или [оТменить/полИлиния/Длина/Угол/оБрезка/Метод/Несколько]: 
Выберите второй отрезок или нажмите клавишу Shift при выборе, чтобы создать угол, или [Расстояние/Угол/Метод]: *Прервано*

Команда: 
Команда: *Прервано*

Команда: 
Команда: *Прервано*

Команда: Задайте противоположный угол или [Линия/РМн-угол/СМн-угол]: 
Команда: 
Команда: 
Команда: 
Команда: 
Команда: _join найдено: 2

Преобразовано объектов: 2, получена 1 полилиния
Команда: 
Команда: *Прервано*

Команда: 
Команда: *Прервано*

Команда: 
Команда: 
Команда: 
Команда: 
Команда: 
Команда: _join найдено: 3

Преобразовано объектов: 3, получена 1 полилиния
Команда: 
Команда: *Прервано*

Команда: 
Команда: 
Команда: 
Команда: 
Команда: 
Команда: _join найдено: 3

Преобразовано объектов: 3, получена 1 полилиния
Команда: 
Команда: 
Команда: _line 
Первая точка: 
Следующая точка или [оТменить]: 
Следующая точка или [оТменить]: *Прервано*

Команда: 
Команда: 
Команда: 
Команда: 
Команда: _join найдено: 2

1 сегмент полилинии объединен в 1 полилинию
Команда: 
Команда: 
Команда: _line 
Первая точка: 
Следующая точка или [оТменить]: 
Следующая точка или [оТменить]: *Прервано*

Команда: 
Команда: 
Команда: 
Команда: _join найдено: 2

1 сегмент полилинии объединен в 1 полилинию
Команда: 
Команда: 
Команда: _line 
Первая точка: 
Следующая точка или [оТменить]: 
Следующая точка или [оТменить]: *Прервано*

Команда: 
Команда: 
Команда: 
Команда: 
Команда: 
Команда: _join найдено: 3

Объединено сегментов: 2, получена 1 полилиния
Команда: 
Команда: *Прервано*

Команда: 
Команда: 
Команда: _line 
Первая точка: 
Следующая точка или [оТменить]: 
Следующая точка или [оТменить]: *Прервано*

Команда: 
Команда: 
Команда: 
Команда: 
Команда: 
Команда: _join найдено: 3

Объединено сегментов: 7, получена 1 полилиния
Команда: 
Команда: *Прервано*

Команда: 
Команда: *Прервано*

Команда: 
Команда: _OFFSET

Текущие настройки: Удалить исходные=Нет  Слой=Источник  OFFSETGAPTYPE=0
Укажите расстояние смещения или [Через/Удалить/Слой] <Через>: 

Укажите точку, через которую проходит объект, или [Выход/Несколько/Отменить] <Выход>: 1

Выберите объект для смещения или [Выход/Отменить] <Выход>: *Прервано*

Команда: 
Команда: _OFFSET

Текущие настройки: Удалить исходные=Нет  Слой=Источник  OFFSETGAPTYPE=0
Укажите расстояние смещения или [Через/Удалить/Слой] <Через>: 

Укажите точку, через которую проходит объект, или [Выход/Несколько/Отменить] <Выход>: 2

Выберите объект для смещения или [Выход/Отменить] <Выход>: *Прервано*

Команда: 
Команда: 
Команда: 
Команда: _pasteclip Подстановка [simplex.shx] вместо [GOST_type_A].
Точка вставки: 
Команда: *Прервано*

Команда: 
Команда: '_matchprop 
Текущие активные настройки:  Цвет Слой Тип Лмасштаб Вес линий Прозрачность Толщина Стиль печати Размер Текст Штриховка Полилиния ВЭкран Таблица Материал Мультивыноска Центральный объект 

Выберите целевой объект(ы) или [Настройки]: 

Выберите целевой объект(ы) или [Настройки]: *Прервано*

Команда: *Прервано*

Команда: 
Команда: '_matchprop 
Текущие активные настройки:  Цвет Слой Тип Лмасштаб Вес линий Прозрачность Толщина Стиль печати Размер Текст Штриховка Полилиния ВЭкран Таблица Материал Мультивыноска Центральный объект 

Выберите целевой объект(ы) или [Настройки]: 

Выберите целевой объект(ы) или [Настройки]: *Прервано*

Команда: *Прервано*

Команда: 
Команда: 
Команда: _line 
Первая точка: 
Следующая точка или [оТменить]: 1

Следующая точка или [оТменить]: *Прервано*

Команда: 
Команда: 
 
** РАСТЯГИВАНИЕ **
Точка растягивания или [Базовая точка/Копировать/ОТменить/выХод]: 
Команда: *Прервано*

Команда: 
Команда: _OFFSET

Текущие настройки: Удалить исходные=Нет  Слой=Источник  OFFSETGAPTYPE=0
Укажите расстояние смещения или [Через/Удалить/Слой] <Через>: 

Укажите точку, через которую проходит объект, или [Выход/Несколько/Отменить] <Выход>: 
Выберите объект для смещения или [Выход/Отменить] <Выход>: *Прервано*

Команда: 
Команда: 
Команда: 
Команда: _cutclip найдено: 1

Команда: 
Команда: '_matchprop 
Текущие активные настройки:  Цвет Слой Тип Лмасштаб Вес линий Прозрачность Толщина Стиль печати Размер Текст Штриховка Полилиния ВЭкран Таблица Материал Мультивыноска Центральный объект 

Выберите целевой объект(ы) или [Настройки]: 

Выберите целевой объект(ы) или [Настройки]: *Прервано*

Команда: 
Команда: 
Команда: _line 
Первая точка: 
Следующая точка или [оТменить]: 1

Следующая точка или [оТменить]: *Прервано*

Команда: 
Команда: 
 
** РАСТЯГИВАНИЕ **
Точка растягивания или [Базовая точка/Копировать/ОТменить/выХод]: 
Команда: *Прервано*

Команда: 
Команда: 
Команда: _line 
Первая точка: 
Следующая точка или [оТменить]: 1

Следующая точка или [оТменить]: *Прервано*

Команда: 
 
** РАСТЯГИВАНИЕ **
Точка растягивания или [Базовая точка/Копировать/ОТменить/выХод]: 
Команда: *Прервано*

Команда: 
Команда: _OFFSET

Текущие настройки: Удалить исходные=Нет  Слой=Источник  OFFSETGAPTYPE=0
Укажите расстояние смещения или [Через/Удалить/Слой] <Через>: 

Укажите точку, через которую проходит объект, или [Выход/Несколько/Отменить] <Выход>: 
Выберите объект для смещения или [Выход/Отменить] <Выход>: *Прервано*

Команда: *Прервано*

Команда: 
Команда: _OFFSET

Текущие настройки: Удалить исходные=Нет  Слой=Источник  OFFSETGAPTYPE=0
Укажите расстояние смещения или [Через/Удалить/Слой] <Через>: 

Укажите точку, через которую проходит объект, или [Выход/Несколько/Отменить] <Выход>: 
Выберите объект для смещения или [Выход/Отменить] <Выход>: *Прервано*

Команда: 
Команда: 
Команда: 
Команда: 
Команда: _cutclip найдено: 2

Команда: 
Команда: '_matchprop 
Текущие активные настройки:  Цвет Слой Тип Лмасштаб Вес линий Прозрачность Толщина Стиль печати Размер Текст Штриховка Полилиния ВЭкран Таблица Материал Мультивыноска Центральный объект 

Выберите целевой объект(ы) или [Настройки]: 

Выберите целевой объект(ы) или [Настройки]: 

Выберите целевой объект(ы) или [Настройки]: *Прервано*

Команда: *Прервано*

Команда: 
Команда: _OFFSET

Текущие настройки: Удалить исходные=Нет  Слой=Источник  OFFSETGAPTYPE=0
Укажите расстояние смещения или [Через/Удалить/Слой] <Через>: 

Укажите точку, через которую проходит объект, или [Выход/Несколько/Отменить] <Выход>: 2

Выберите объект для смещения или [Выход/Отменить] <Выход>: _u 
Выберите объект для смещения или [Выход/Отменить] <Выход>: *Прервано*

Команда: 
Команда: _OFFSET

Текущие настройки: Удалить исходные=Нет  Слой=Источник  OFFSETGAPTYPE=0
Укажите расстояние смещения или [Через/Удалить/Слой] <Через>: 

Укажите точку, через которую проходит объект, или [Выход/Несколько/Отменить] <Выход>: 2

Выберите объект для смещения или [Выход/Отменить] <Выход>: *Прервано*

Команда: 
Команда: *Прервано*

Команда: 
Команда: _u INTELLIZOOM INTELLIZOOM 
Команда: _u ПОДОБИЕ 
Команда: 
Команда: _OFFSET

Текущие настройки: Удалить исходные=Нет  Слой=Источник  OFFSETGAPTYPE=0
Укажите расстояние смещения или [Через/Удалить/Слой] <Через>: 

Укажите точку, через которую проходит объект, или [Выход/Несколько/Отменить] <Выход>: 
Выберите объект для смещения или [Выход/Отменить] <Выход>: *Прервано*

Команда: 
Команда: 
Команда: _line 
Первая точка: 
Следующая точка или [оТменить]: *Прервано*

Команда: 
Команда: '_matchprop 
Текущие активные настройки:  Цвет Слой Тип Лмасштаб Вес линий Прозрачность Толщина Стиль печати Размер Текст Штриховка Полилиния ВЭкран Таблица Материал Мультивыноска Центральный объект 

Выберите целевой объект(ы) или [Настройки]: 

Выберите целевой объект(ы) или [Настройки]: *Прервано*

Команда: 
Команда: 
Команда: 
Команда: _cutclip найдено: 1

Команда: 
Команда: *Прервано*

Команда: 
Команда: 
Команда: 
Команда: _copy найдено: 1

Текущая настройка:  Режим копирования  = Несколько
Базовая точка или [Смещение/реЖим] <Смещение>: 
Вторая точка или [Массив] <использовать для смещения первую точку>: 
Укажите вторую точку или [Массив/Выход/Отменить] <Выход>: 
Укажите вторую точку или [Массив/Выход/Отменить] <Выход>: 
Укажите вторую точку или [Массив/Выход/Отменить] <Выход>: 
Укажите вторую точку или [Массив/Выход/Отменить] <Выход>: *Прервано*

Команда: *Прервано*

Команда: 
Команда: 
Команда: _line 
Первая точка: 
Следующая точка или [оТменить]: 
Следующая точка или [оТменить]: 
Следующая точка или [Замкнуть/Отменить]: 
Следующая точка или [Замкнуть/Отменить]: З

Команда: 
Команда: 
Команда: 
Команда: _move найдено: 1

Базовая точка или [Смещение] <Смещение>: 
Вторая точка или <считать смещением первую точку>: 
Команда: *Прервано*

Команда: 
Команда: 
Команда: 
Команда: _trim 
Текущие параметры: проекция = ПСК, кромка = Нет, режим = Быстрый
Выбрать режущие кромки...найдено: 1

Выберите обрезаемый или удлиняемый объект (плюс SHIFT) либо [реЖущие кромки/Секрамка/Режим/Проекция/уДалить]: *Прервано*

Команда: Задайте противоположный угол или [Линия/РМн-угол/СМн-угол]: 
Команда: 
Команда: 
Команда: 
Команда: _trim 
Текущие параметры: проекция = ПСК, кромка = Нет, режим = Быстрый
Выбрать режущие кромки...найдено: 2

Выберите обрезаемый или удлиняемый объект (плюс SHIFT) либо [реЖущие кромки/Секрамка/Режим/Проекция/уДалить]: 

Выберите обрезаемый или удлиняемый объект (плюс SHIFT) либо [реЖущие кромки/Секрамка/Режим/Проекция/уДалить/Отменить]: 

Выберите обрезаемый или удлиняемый объект (плюс SHIFT) либо [реЖущие кромки/Секрамка/Режим/Проекция/уДалить/Отменить]: *Прервано*

Команда: 
Команда: 
Команда: _chamfer 
(Режим С ОБРЕЗКОЙ) Параметры фаски: Длина1 = 0.0000, Длина2 = 0.0000
Выберите первый отрезок или [оТменить/полИлиния/Длина/Угол/оБрезка/Метод/Несколько]: 
Выберите второй отрезок или нажмите клавишу Shift при выборе, чтобы создать угол, или [Расстояние/Угол/Метод]: 
Отрезок и полилиния не компланарны.
Команда: 
Команда: 
Команда: 
Команда: _chamfer 
(Режим С ОБРЕЗКОЙ) Параметры фаски: Длина1 = 0.0000, Длина2 = 0.0000
Выберите первый отрезок или [оТменить/полИлиния/Длина/Угол/оБрезка/Метод/Несколько]: *Прервано*

Команда: *Прервано*

Команда: 
Команда: Задайте противоположный угол или [Линия/РМн-угол/СМн-угол]: 
Команда: Задайте противоположный угол или [Линия/РМн-угол/СМн-угол]: 
Команда: Задайте противоположный угол или [Линия/РМн-угол/СМн-угол]: 
Команда: *Прервано*

Команда: *Прервано*

Команда: *Прервано*

Команда: 
Команда: 
Команда: _chamfer 
(Режим С ОБРЕЗКОЙ) Параметры фаски: Длина1 = 0.0000, Длина2 = 0.0000
Выберите первый отрезок или [оТменить/полИлиния/Длина/Угол/оБрезка/Метод/Несколько]: 
Выберите второй отрезок или нажмите клавишу Shift при выборе, чтобы создать угол, или [Расстояние/Угол/Метод]: 
Команда:  ФАСКА

(Режим С ОБРЕЗКОЙ) Параметры фаски: Длина1 = 0.0000, Длина2 = 0.0000
Выберите первый отрезок или [оТменить/полИлиния/Длина/Угол/оБрезка/Метод/Несколько]: 
Выберите второй отрезок или нажмите клавишу Shift при выборе, чтобы создать угол, или [Расстояние/Угол/Метод]: 
Команда:  ФАСКА

(Режим С ОБРЕЗКОЙ) Параметры фаски: Длина1 = 0.0000, Длина2 = 0.0000
Выберите первый отрезок или [оТменить/полИлиния/Длина/Угол/оБрезка/Метод/Несколько]: 
Выберите второй отрезок или нажмите клавишу Shift при выборе, чтобы создать угол, или [Расстояние/Угол/Метод]: 
Команда:  ФАСКА

(Режим С ОБРЕЗКОЙ) Параметры фаски: Длина1 = 0.0000, Длина2 = 0.0000
Выберите первый отрезок или [оТменить/полИлиния/Длина/Угол/оБрезка/Метод/Несколько]: 
Выберите второй отрезок или нажмите клавишу Shift при выборе, чтобы создать угол, или [Расстояние/Угол/Метод]: 
Команда:  ФАСКА

(Режим С ОБРЕЗКОЙ) Параметры фаски: Длина1 = 0.0000, Длина2 = 0.0000
Выберите первый отрезок или [оТменить/полИлиния/Длина/Угол/оБрезка/Метод/Несколько]: 
Выберите второй отрезок или нажмите клавишу Shift при выборе, чтобы создать угол, или [Расстояние/Угол/Метод]: 
Команда:  ФАСКА

(Режим С ОБРЕЗКОЙ) Параметры фаски: Длина1 = 0.0000, Длина2 = 0.0000
Выберите первый отрезок или [оТменить/полИлиния/Длина/Угол/оБрезка/Метод/Несколько]: 
Выберите второй отрезок или нажмите клавишу Shift при выборе, чтобы создать угол, или [Расстояние/Угол/Метод]: 
Команда: *Прервано*

Команда: 
Команда: 
Команда: 
Команда: _move найдено: 1

Базовая точка или [Смещение] <Смещение>: 
Вторая точка или <считать смещением первую точку>: 
Команда: *Прервано*

Команда: 
Команда: 
Команда: _line 
Первая точка: *Прервано*

Команда: 
Команда: Задайте противоположный угол или [Линия/РМн-угол/СМн-угол]: *Прервано*

Команда: *Прервано*

Команда: 
Команда: 
Команда: _line 
Первая точка: 
Следующая точка или [оТменить]: 
Следующая точка или [оТменить]: 
Следующая точка или [Замкнуть/Отменить]: 
Следующая точка или [Замкнуть/Отменить]: З

Команда: 
Команда: 
Команда: 
Команда: _move найдено: 1

Базовая точка или [Смещение] <Смещение>: 
Вторая точка или <считать смещением первую точку>: 
Команда: *Прервано*

Команда: 
Команда: 
Команда: 
Команда: 
Команда: *Прервано*

Команда: *Прервано*

Команда: 
Команда: 
Команда: *Прервано*

Команда: *Прервано*

Команда: Задайте противоположный угол или [Линия/РМн-угол/СМн-угол]: 
Команда: 
Команда: 
Команда: _HideObjects найдено: 2

Команда: *Прервано*

Команда: 
Команда: 
Команда: 
Команда: 
Команда: 
Команда: _trim 
Текущие параметры: проекция = ПСК, кромка = Нет, режим = Быстрый
Выбрать режущие кромки...найдено: 3

Выберите обрезаемый или удлиняемый объект (плюс SHIFT) либо [реЖущие кромки/Секрамка/Режим/Проекция/уДалить]: 

Выберите обрезаемый или удлиняемый объект (плюс SHIFT) либо [реЖущие кромки/Секрамка/Режим/Проекция/уДалить/Отменить]: 

Выберите обрезаемый или удлиняемый объект (плюс SHIFT) либо [реЖущие кромки/Секрамка/Режим/Проекция/уДалить/Отменить]: 

Выберите обрезаемый или удлиняемый объект (плюс SHIFT) либо [реЖущие кромки/Секрамка/Режим/Проекция/уДалить/Отменить]: 

Выберите обрезаемый или удлиняемый объект (плюс SHIFT) либо [реЖущие кромки/Секрамка/Режим/Проекция/уДалить/Отменить]: *Прервано*

Команда: 
Команда: 
Команда: _chamfer 
(Режим С ОБРЕЗКОЙ) Параметры фаски: Длина1 = 0.0000, Длина2 = 0.0000
Выберите первый отрезок или [оТменить/полИлиния/Длина/Угол/оБрезка/Метод/Несколько]: 
Выберите второй отрезок или нажмите клавишу Shift при выборе, чтобы создать угол, или [Расстояние/Угол/Метод]: 
Выберите второй отрезок или нажмите клавишу Shift при выборе, чтобы создать угол, или [Расстояние/Угол/Метод]: 
Команда: 
Команда: 
Команда: 
Команда: 
Команда: 
Команда: 
Команда: _trim 
Текущие параметры: проекция = ПСК, кромка = Нет, режим = Быстрый
Выбрать режущие кромки...найдено: 4

Выберите обрезаемый или удлиняемый объект (плюс SHIFT) либо [реЖущие кромки/Секрамка/Режим/Проекция/уДалить]: *Прервано*

Команда: Задайте противоположный угол или [Линия/РМн-угол/СМн-угол]: 
Команда: 
Команда: 
Команда: 
Команда: 
Команда: _join найдено: 4

Объединено сегментов: 3, получена 1 полилиния
Команда: *Прервано*

Команда: 
Команда: 
Команда: _chamfer 
(Режим С ОБРЕЗКОЙ) Параметры фаски: Длина1 = 0.0000, Длина2 = 0.0000
Выберите первый отрезок или [оТменить/полИлиния/Длина/Угол/оБрезка/Метод/Несколько]: 
Выберите второй отрезок или нажмите клавишу Shift при выборе, чтобы создать угол, или [Расстояние/Угол/Метод]: 
Команда:  ФАСКА

(Режим С ОБРЕЗКОЙ) Параметры фаски: Длина1 = 0.0000, Длина2 = 0.0000
Выберите первый отрезок или [оТменить/полИлиния/Длина/Угол/оБрезка/Метод/Несколько]: 
Выберите второй отрезок или нажмите клавишу Shift при выборе, чтобы создать угол, или [Расстояние/Угол/Метод]: 
Команда:  ФАСКА

(Режим С ОБРЕЗКОЙ) Параметры фаски: Длина1 = 0.0000, Длина2 = 0.0000
Выберите первый отрезок или [оТменить/полИлиния/Длина/Угол/оБрезка/Метод/Несколько]: 
Выберите второй отрезок или нажмите клавишу Shift при выборе, чтобы создать угол, или [Расстояние/Угол/Метод]: 
Команда:  ФАСКА

(Режим С ОБРЕЗКОЙ) Параметры фаски: Длина1 = 0.0000, Длина2 = 0.0000
Выберите первый отрезок или [оТменить/полИлиния/Длина/Угол/оБрезка/Метод/Несколько]: 
Выберите второй отрезок или нажмите клавишу Shift при выборе, чтобы создать угол, или [Расстояние/Угол/Метод]: 
Команда: *Прервано*

Команда: 
Команда: 
Команда: 
Команда: _move найдено: 1

Базовая точка или [Смещение] <Смещение>: 
Вторая точка или <считать смещением первую точку>: 
Команда: *Прервано*

Команда: 
Команда: 
Команда: _line 
Первая точка: 
Следующая точка или [оТменить]: 
Следующая точка или [оТменить]: 
Следующая точка или [Замкнуть/Отменить]: 
Следующая точка или [Замкнуть/Отменить]: З

Команда: 
Команда: 
Команда: 
Команда: _move найдено: 1

Базовая точка или [Смещение] <Смещение>: 
Вторая точка или <считать смещением первую точку>: 
Команда: *Прервано*

Команда: Задайте противоположный угол или [Линия/РМн-угол/СМн-угол]: 
Команда: 
Команда: 
Команда: 
Команда: 
Команда: 
Команда: _trim 
Текущие параметры: проекция = ПСК, кромка = Нет, режим = Быстрый
Выбрать режущие кромки...найдено: 5

Выберите обрезаемый или удлиняемый объект (плюс SHIFT) либо [реЖущие кромки/Секрамка/Режим/Проекция/уДалить]: 

Выберите обрезаемый или удлиняемый объект (плюс SHIFT) либо [реЖущие кромки/Секрамка/Режим/Проекция/уДалить/Отменить]: 

Выберите обрезаемый или удлиняемый объект (плюс SHIFT) либо [реЖущие кромки/Секрамка/Режим/Проекция/уДалить/Отменить]: 

Выберите обрезаемый или удлиняемый объект (плюс SHIFT) либо [реЖущие кромки/Секрамка/Режим/Проекция/уДалить/Отменить]: 

Выберите обрезаемый или удлиняемый объект (плюс SHIFT) либо [реЖущие кромки/Секрамка/Режим/Проекция/уДалить/Отменить]: *Прервано*

Команда: *Прервано*

Команда: Задайте противоположный угол или [Линия/РМн-угол/СМн-угол]: 
Команда: 
Команда: *Прервано*

Команда: 
Команда: 
Команда: _chamfer 
(Режим С ОБРЕЗКОЙ) Параметры фаски: Длина1 = 0.0000, Длина2 = 0.0000
Выберите первый отрезок или [оТменить/полИлиния/Длина/Угол/оБрезка/Метод/Несколько]: 
Выберите второй отрезок или нажмите клавишу Shift при выборе, чтобы создать угол, или [Расстояние/Угол/Метод]: 
Команда: *Прервано*

Команда: 
Команда: 
Команда: 
Команда: 
Команда: _join найдено: 2

1 сегмент полилинии объединен в 1 полилинию
Команда: 
Команда: 
Команда: _chamfer 
(Режим С ОБРЕЗКОЙ) Параметры фаски: Длина1 = 0.0000, Длина2 = 0.0000
Выберите первый отрезок или [оТменить/полИлиния/Длина/Угол/оБрезка/Метод/Несколько]: 
Выберите второй отрезок или нажмите клавишу Shift при выборе, чтобы создать угол, или [Расстояние/Угол/Метод]: 
Команда:  ФАСКА

(Режим С ОБРЕЗКОЙ) Параметры фаски: Длина1 = 0.0000, Длина2 = 0.0000
Выберите первый отрезок или [оТменить/полИлиния/Длина/Угол/оБрезка/Метод/Несколько]: 
Выберите второй отрезок или нажмите клавишу Shift при выборе, чтобы создать угол, или [Расстояние/Угол/Метод]: 
Команда: 
Команда: 
Команда: _chamfer 
(Режим С ОБРЕЗКОЙ) Параметры фаски: Длина1 = 0.0000, Длина2 = 0.0000
Выберите первый отрезок или [оТменить/полИлиния/Длина/Угол/оБрезка/Метод/Несколько]: 
Выберите второй отрезок или нажмите клавишу Shift при выборе, чтобы создать угол, или [Расстояние/Угол/Метод]: 
Команда:  ФАСКА

(Режим С ОБРЕЗКОЙ) Параметры фаски: Длина1 = 0.0000, Длина2 = 0.0000
Выберите первый отрезок или [оТменить/полИлиния/Длина/Угол/оБрезка/Метод/Несколько]: 
Выберите второй отрезок или нажмите клавишу Shift при выборе, чтобы создать угол, или [Расстояние/Угол/Метод]: 
Команда: 
Команда: *Прервано*

Команда: 
Команда: 
Команда: _chamfer 
(Режим С ОБРЕЗКОЙ) Параметры фаски: Длина1 = 0.0000, Длина2 = 0.0000
Выберите первый отрезок или [оТменить/полИлиния/Длина/Угол/оБрезка/Метод/Несколько]: 
Выберите второй отрезок или нажмите клавишу Shift при выборе, чтобы создать угол, или [Расстояние/Угол/Метод]: 
Команда:  ФАСКА

(Режим С ОБРЕЗКОЙ) Параметры фаски: Длина1 = 0.0000, Длина2 = 0.0000
Выберите первый отрезок или [оТменить/полИлиния/Длина/Угол/оБрезка/Метод/Несколько]: 
Выберите второй отрезок или нажмите клавишу Shift при выборе, чтобы создать угол, или [Расстояние/Угол/Метод]: 
Команда:  ФАСКА

(Режим С ОБРЕЗКОЙ) Параметры фаски: Длина1 = 0.0000, Длина2 = 0.0000
Выберите первый отрезок или [оТменить/полИлиния/Длина/Угол/оБрезка/Метод/Несколько]: 
Выберите второй отрезок или нажмите клавишу Shift при выборе, чтобы создать угол, или [Расстояние/Угол/Метод]: 
Команда:  ФАСКА

(Режим С ОБРЕЗКОЙ) Параметры фаски: Длина1 = 0.0000, Длина2 = 0.0000
Выберите первый отрезок или [оТменить/полИлиния/Длина/Угол/оБрезка/Метод/Несколько]: 
Выберите второй отрезок или нажмите клавишу Shift при выборе, чтобы создать угол, или [Расстояние/Угол/Метод]: 
Команда: 
Команда: 
Команда: 
Команда: _move найдено: 1

Базовая точка или [Смещение] <Смещение>: 
Вторая точка или <считать смещением первую точку>: 
Команда: 
Команда: 
Команда: _line 
Первая точка: 
Следующая точка или [оТменить]: 
Следующая точка или [оТменить]: 
Следующая точка или [Замкнуть/Отменить]: 
Следующая точка или [Замкнуть/Отменить]: З

Команда: 
Команда: 
Команда: 
Команда: _move найдено: 1

Базовая точка или [Смещение] <Смещение>: 
Вторая точка или <считать смещением первую точку>: 
Команда: *Прервано*

Команда: Задайте противоположный угол или [Линия/РМн-угол/СМн-угол]: 
Команда: *Прервано*

Команда: 
Команда: 
Команда: 
Команда: 
Команда: 
Команда: 
Команда: 
Команда: _trim 
Текущие параметры: проекция = ПСК, кромка = Нет, режим = Быстрый
Выбрать режущие кромки...найдено: 5

Выберите обрезаемый или удлиняемый объект (плюс SHIFT) либо [реЖущие кромки/Секрамка/Режим/Проекция/уДалить]: 

Выберите обрезаемый или удлиняемый объект (плюс SHIFT) либо [реЖущие кромки/Секрамка/Режим/Проекция/уДалить/Отменить]: 

Выберите обрезаемый или удлиняемый объект (плюс SHIFT) либо [реЖущие кромки/Секрамка/Режим/Проекция/уДалить/Отменить]: 

Выберите обрезаемый или удлиняемый объект (плюс SHIFT) либо [реЖущие кромки/Секрамка/Режим/Проекция/уДалить/Отменить]: 

Выберите обрезаемый или удлиняемый объект (плюс SHIFT) либо [реЖущие кромки/Секрамка/Режим/Проекция/уДалить/Отменить]: 

Выберите обрезаемый или удлиняемый объект (плюс SHIFT) либо [реЖущие кромки/Секрамка/Режим/Проекция/уДалить/Отменить]: 

Выберите обрезаемый или удлиняемый объект (плюс SHIFT) либо [реЖущие кромки/Секрамка/Режим/Проекция/уДалить/Отменить]: 

Выберите обрезаемый или удлиняемый объект (плюс SHIFT) либо [реЖущие кромки/Секрамка/Режим/Проекция/уДалить/Отменить]: *Прервано*

Команда: *Прервано*

Команда: 
Команда: 
Команда: _chamfer 
(Режим С ОБРЕЗКОЙ) Параметры фаски: Длина1 = 0.0000, Длина2 = 0.0000
Выберите первый отрезок или [оТменить/полИлиния/Длина/Угол/оБрезка/Метод/Несколько]: 
Выберите второй отрезок или нажмите клавишу Shift при выборе, чтобы создать угол, или [Расстояние/Угол/Метод]: *Прервано*

Команда: Задайте противоположный угол или [Линия/РМн-угол/СМн-угол]: 
Команда: 
Команда: 
Команда: 
Команда: _trim 
Текущие параметры: проекция = ПСК, кромка = Нет, режим = Быстрый
Выбрать режущие кромки...найдено: 2

Выберите обрезаемый или удлиняемый объект (плюс SHIFT) либо [реЖущие кромки/Секрамка/Режим/Проекция/уДалить]: 

Выберите обрезаемый или удлиняемый объект (плюс SHIFT) либо [реЖущие кромки/Секрамка/Режим/Проекция/уДалить/Отменить]: *Прервано*

Команда: 
Команда: 
Команда: _chamfer 
(Режим С ОБРЕЗКОЙ) Параметры фаски: Длина1 = 0.0000, Длина2 = 0.0000
Выберите первый отрезок или [оТменить/полИлиния/Длина/Угол/оБрезка/Метод/Несколько]: 
Выберите второй отрезок или нажмите клавишу Shift при выборе, чтобы создать угол, или [Расстояние/Угол/Метод]: 
Команда:  ФАСКА

(Режим С ОБРЕЗКОЙ) Параметры фаски: Длина1 = 0.0000, Длина2 = 0.0000
Выберите первый отрезок или [оТменить/полИлиния/Длина/Угол/оБрезка/Метод/Несколько]: 
Выберите второй отрезок или нажмите клавишу Shift при выборе, чтобы создать угол, или [Расстояние/Угол/Метод]: 
Команда:  ФАСКА

(Режим С ОБРЕЗКОЙ) Параметры фаски: Длина1 = 0.0000, Длина2 = 0.0000
Выберите первый отрезок или [оТменить/полИлиния/Длина/Угол/оБрезка/Метод/Несколько]: 
Выберите второй отрезок или нажмите клавишу Shift при выборе, чтобы создать угол, или [Расстояние/Угол/Метод]: 
Команда:  ФАСКА

(Режим С ОБРЕЗКОЙ) Параметры фаски: Длина1 = 0.0000, Длина2 = 0.0000
Выберите первый отрезок или [оТменить/полИлиния/Длина/Угол/оБрезка/Метод/Несколько]: 
Выберите второй отрезок или нажмите клавишу Shift при выборе, чтобы создать угол, или [Расстояние/Угол/Метод]: 
Команда:  ФАСКА

(Режим С ОБРЕЗКОЙ) Параметры фаски: Длина1 = 0.0000, Длина2 = 0.0000
Выберите первый отрезок или [оТменить/полИлиния/Длина/Угол/оБрезка/Метод/Несколько]: 
Выберите второй отрезок или нажмите клавишу Shift при выборе, чтобы создать угол, или [Расстояние/Угол/Метод]: 
Команда:  ФАСКА

(Режим С ОБРЕЗКОЙ) Параметры фаски: Длина1 = 0.0000, Длина2 = 0.0000
Выберите первый отрезок или [оТменить/полИлиния/Длина/Угол/оБрезка/Метод/Несколько]: *Прервано*

Команда: 
Команда: 
Команда: _chamfer 
(Режим С ОБРЕЗКОЙ) Параметры фаски: Длина1 = 0.0000, Длина2 = 0.0000
Выберите первый отрезок или [оТменить/полИлиния/Длина/Угол/оБрезка/Метод/Несколько]: 
Выберите второй отрезок или нажмите клавишу Shift при выборе, чтобы создать угол, или [Расстояние/Угол/Метод]: 
Команда:  ФАСКА

(Режим С ОБРЕЗКОЙ) Параметры фаски: Длина1 = 0.0000, Длина2 = 0.0000
Выберите первый отрезок или [оТменить/полИлиния/Длина/Угол/оБрезка/Метод/Несколько]: 
Выберите второй отрезок или нажмите клавишу Shift при выборе, чтобы создать угол, или [Расстояние/Угол/Метод]: 
Команда:  ФАСКА

(Режим С ОБРЕЗКОЙ) Параметры фаски: Длина1 = 0.0000, Длина2 = 0.0000
Выберите первый отрезок или [оТменить/полИлиния/Длина/Угол/оБрезка/Метод/Несколько]: 
Выберите второй отрезок или нажмите клавишу Shift при выборе, чтобы создать угол, или [Расстояние/Угол/Метод]: 
Команда:  ФАСКА

(Режим С ОБРЕЗКОЙ) Параметры фаски: Длина1 = 0.0000, Длина2 = 0.0000
Выберите первый отрезок или [оТменить/полИлиния/Длина/Угол/оБрезка/Метод/Несколько]: 
Выберите второй отрезок или нажмите клавишу Shift при выборе, чтобы создать угол, или [Расстояние/Угол/Метод]: 
Команда: *Прервано*

Команда: 
Команда: 
Команда: 
Команда: _cutclip найдено: 1

Команда: 
Команда: 
Команда: 
Команда: _cutclip найдено: 1

Команда: 
Команда: 
Команда: 
Команда: _cutclip найдено: 1

Команда: Задайте противоположный угол или [Линия/РМн-угол/СМн-угол]: 
Команда: 
Команда: 
Команда: _move найдено: 1

Базовая точка или [Смещение] <Смещение>: 
Вторая точка или <считать смещением первую точку>: 
Команда: *Прервано*

Команда: 
Команда: _OFFSET

Текущие настройки: Удалить исходные=Нет  Слой=Источник  OFFSETGAPTYPE=0
Укажите расстояние смещения или [Через/Удалить/Слой] <Через>: 

Укажите точку, через которую проходит объект, или [Выход/Несколько/Отменить] <Выход>: 1.5

Выберите объект для смещения или [Выход/Отменить] <Выход>: *Прервано*

Команда: *Прервано*

Команда: 
Команда: '_matchprop 
Текущие активные настройки:  Цвет Слой Тип Лмасштаб Вес линий Прозрачность Толщина Стиль печати Размер Текст Штриховка Полилиния ВЭкран Таблица Материал Мультивыноска Центральный объект 

Выберите целевой объект(ы) или [Настройки]: 

Выберите целевой объект(ы) или [Настройки]: *Прервано*

Команда: 
Команда: 
Команда: _UnIsolateObjects 
Отмена изолирования для объектов: 2.

Команда: Задайте противоположный угол или [Линия/РМн-угол/СМн-угол]: *Прервано*

Команда: 
Команда: 
Команда: 
Команда: 
Команда: _trim 
Текущие параметры: проекция = ПСК, кромка = Нет, режим = Быстрый
Выбрать режущие кромки...найдено: 2

Выберите обрезаемый или удлиняемый объект (плюс SHIFT) либо [реЖущие кромки/Секрамка/Режим/Проекция/уДалить]: 

Выберите обрезаемый или удлиняемый объект (плюс SHIFT) либо [реЖущие кромки/Секрамка/Режим/Проекция/уДалить/Отменить]: 

Выберите обрезаемый или удлиняемый объект (плюс SHIFT) либо [реЖущие кромки/Секрамка/Режим/Проекция/уДалить/Отменить]: *Прервано*

Команда: 
Команда: 
Команда: _chamfer 
(Режим С ОБРЕЗКОЙ) Параметры фаски: Длина1 = 0.0000, Длина2 = 0.0000
Выберите первый отрезок или [оТменить/полИлиния/Длина/Угол/оБрезка/Метод/Несколько]: 
Выберите второй отрезок или нажмите клавишу Shift при выборе, чтобы создать угол, или [Расстояние/Угол/Метод]: 
Команда: 
Команда: *Прервано*

Команда: 
Команда: 
Команда: _chamfer 
(Режим С ОБРЕЗКОЙ) Параметры фаски: Длина1 = 0.0000, Длина2 = 0.0000
Выберите первый отрезок или [оТменить/полИлиния/Длина/Угол/оБрезка/Метод/Несколько]: 
Выберите второй отрезок или нажмите клавишу Shift при выборе, чтобы создать угол, или [Расстояние/Угол/Метод]: *Прервано*

Команда: 
Команда: *Прервано*

Команда: 
Команда: *Прервано*

Команда: 
Команда: 
Команда: 
Команда: _trim 
Текущие параметры: проекция = ПСК, кромка = Нет, режим = Быстрый
Выбрать режущие кромки...найдено: 1

Выберите обрезаемый или удлиняемый объект (плюс SHIFT) либо [реЖущие кромки/Секрамка/Режим/Проекция/уДалить]: 

Выберите обрезаемый или удлиняемый объект (плюс SHIFT) либо [реЖущие кромки/Секрамка/Режим/Проекция/уДалить/Отменить]: *Прервано*

Команда: *Прервано*

Команда: 
Команда: 
Команда: 
Команда: _cutclip найдено: 1

Команда: 
Команда: *Прервано*

Команда: 
Команда: *Прервано*

Команда: 
Команда: *Прервано*

Команда: *Прервано*

Команда: 
Команда: *Прервано*

Команда: 
Команда: 
Команда: _line 
Первая точка: 
Следующая точка или [оТменить]: *Прервано*

Команда: 
Команда: 
Команда: _line 
Первая точка: 
Следующая точка или [оТменить]: *Прервано*

Команда: 
Команда: *Прервано*

Команда: 
Команда: 
Команда: _line 
Первая точка: 
Следующая точка или [оТменить]: *Прервано*

Команда: 
Команда: _OFFSET

Текущие настройки: Удалить исходные=Нет  Слой=Источник  OFFSETGAPTYPE=0
Укажите расстояние смещения или [Через/Удалить/Слой] <Через>: 

Укажите точку, через которую проходит объект, или [Выход/Несколько/Отменить] <Выход>: 2

Выберите объект для смещения или [Выход/Отменить] <Выход>: *Прервано*

Команда: 
Команда: '_matchprop 
Текущие активные настройки:  Цвет Слой Тип Лмасштаб Вес линий Прозрачность Толщина Стиль печати Размер Текст Штриховка Полилиния ВЭкран Таблица Материал Мультивыноска Центральный объект 

Выберите целевой объект(ы) или [Настройки]: 

Выберите целевой объект(ы) или [Настройки]: *Прервано*

Команда: 
Команда: *Прервано*

Команда: Задайте противоположный угол или [Линия/РМн-угол/СМн-угол]: *Прервано*

Команда: 
Команда: *Прервано*

Команда: 
Команда: 
Команда: _line 
Первая точка: 
Следующая точка или [оТменить]: *Прервано*

Команда: 
Команда: 
Команда: _line 
Первая точка: 
Следующая точка или [оТменить]: *Прервано*

Команда: 
Команда: *Прервано*

Команда: 
Команда: *Прервано*

Команда: 
Команда: 
Команда: 
Команда: 
Команда: _trim 
Текущие параметры: проекция = ПСК, кромка = Нет, режим = Быстрый
Выбрать режущие кромки...найдено: 2

Выберите обрезаемый или удлиняемый объект (плюс SHIFT) либо [реЖущие кромки/Секрамка/Режим/Проекция/уДалить]: 

Выберите обрезаемый или удлиняемый объект (плюс SHIFT) либо [реЖущие кромки/Секрамка/Режим/Проекция/уДалить/Отменить]: 

Выберите обрезаемый или удлиняемый объект (плюс SHIFT) либо [реЖущие кромки/Секрамка/Режим/Проекция/уДалить/Отменить]: *Прервано*

Команда: 
Команда: *Прервано*

Команда: 
Команда: 
Команда: _chamfer 
(Режим С ОБРЕЗКОЙ) Параметры фаски: Длина1 = 0.0000, Длина2 = 0.0000
Выберите первый отрезок или [оТменить/полИлиния/Длина/Угол/оБрезка/Метод/Несколько]: 
Выберите второй отрезок или нажмите клавишу Shift при выборе, чтобы создать угол, или [Расстояние/Угол/Метод]: *Прервано*

Команда: 
Команда: 
** ДОБАВИТЬ ВЕРШИНУ **
Задайте точку новой вершины:*Прервано*

Команда: 
** РАСТЯНУТЬ **
Задайте точку для растяжения или [Базовая точка/Копировать/oТменить/выХод]:
Команда: 
** УДАЛИТЬ ВЕРШИНУ **
Укажите удаляемую вершину:
Команда: 
** УДАЛИТЬ ВЕРШИНУ **
Укажите удаляемую вершину:
Команда: *Прервано*

Команда: 
Команда: *Прервано*

Команда: 
Команда: 
Команда: _chamfer 
(Режим С ОБРЕЗКОЙ) Параметры фаски: Длина1 = 0.0000, Длина2 = 0.0000
Выберите первый отрезок или [оТменить/полИлиния/Длина/Угол/оБрезка/Метод/Несколько]: 
Выберите второй отрезок или нажмите клавишу Shift при выборе, чтобы создать угол, или [Расстояние/Угол/Метод]: 
Команда: *Прервано*

Команда: _u INTELLIZOOM 
Команда: _u ФАСКА ГРУППА 
Команда: 
Команда: 
Команда: *Прервано*

Команда: 
Команда: 
Команда: 
Команда: _cutclip найдено: 1

Команда: Задайте противоположный угол или [Линия/РМн-угол/СМн-угол]: 
Команда: *Прервано*

Команда: Задайте противоположный угол или [Линия/РМн-угол/СМн-угол]: 
Команда: 
Команда: 
** ДОБАВИТЬ ВЕРШИНУ **
Задайте точку новой вершины:
Команда: *Прервано*

Команда: Задайте противоположный угол или [Линия/РМн-угол/СМн-угол]: 
Команда: 
** УДАЛИТЬ ВЕРШИНУ **
Укажите удаляемую вершину:
Команда: 
** УДАЛИТЬ ВЕРШИНУ **
Укажите удаляемую вершину:
Команда: *Прервано*

Команда: Задайте противоположный угол или [Линия/РМн-угол/СМн-угол]: *Прервано*

Команда: 
Команда: 
Команда: 
Команда: 
Команда: _trim 
Текущие параметры: проекция = ПСК, кромка = Нет, режим = Быстрый
Выбрать режущие кромки...найдено: 2

Выберите обрезаемый или удлиняемый объект (плюс SHIFT) либо [реЖущие кромки/Секрамка/Режим/Проекция/уДалить]: 

Выберите обрезаемый или удлиняемый объект (плюс SHIFT) либо [реЖущие кромки/Секрамка/Режим/Проекция/уДалить/Отменить]: *Прервано*

Команда: 
Команда: 
Команда: 
Команда: _cutclip найдено: 1

Команда: 
Автоматическое сохранение в C:\Users\user\AppData\Local\Temp\15.2_План ТС_для СПС_1_143_f5bf6730.sv$ ...

Команда: 
Команда: Задайте противоположный угол или [Линия/РМн-угол/СМн-угол]: 
Команда: Задайте противоположный угол или [Линия/РМн-угол/СМн-угол]: *Прервано*

Команда: 
Команда: *Прервано*

Команда: 
Команда: *Прервано*

Команда: Задайте противоположный угол или [Линия/РМн-угол/СМн-угол]: 
Команда: 
Команда: 
Команда: 
Команда: 
Команда: _trim 
Текущие параметры: проекция = ПСК, кромка = Нет, режим = Быстрый
Выбрать режущие кромки...найдено: 2

Выберите обрезаемый или удлиняемый объект (плюс SHIFT) либо [реЖущие кромки/Секрамка/Режим/Проекция/уДалить]: 

Выберите обрезаемый или удлиняемый объект (плюс SHIFT) либо [реЖущие кромки/Секрамка/Режим/Проекция/уДалить/Отменить]: *Прервано*

Команда: *Прервано*

Команда: 
Команда: 
** РАСТЯНУТЬ **
Задайте точку для растяжения или [Базовая точка/Копировать/oТменить/выХод]:
Команда: *Прервано*

Команда: 
Команда: 
Команда: 
Команда: _trim 
Текущие параметры: проекция = ПСК, кромка = Нет, режим = Быстрый
Выбрать режущие кромки...найдено: 1

Выберите обрезаемый или удлиняемый объект (плюс SHIFT) либо [реЖущие кромки/Секрамка/Режим/Проекция/уДалить]: 

Выберите обрезаемый или удлиняемый объект (плюс SHIFT) либо [реЖущие кромки/Секрамка/Режим/Проекция/уДалить/Отменить]: *Прервано*

Команда: 
Команда: 
Команда: 
Команда: _cutclip найдено: 1

Команда: Задайте противоположный угол или [Линия/РМн-угол/СМн-угол]: 
Команда: 
Команда: 
Команда: _cutclip найдено: 1

Команда: _u ВБУФЕР ГРУППА 
Команда: 
Команда: 
Команда: _chamfer 
(Режим С ОБРЕЗКОЙ) Параметры фаски: Длина1 = 0.0000, Длина2 = 0.0000
Выберите первый отрезок или [оТменить/полИлиния/Длина/Угол/оБрезка/Метод/Несколько]: 
Выберите второй отрезок или нажмите клавишу Shift при выборе, чтобы создать угол, или [Расстояние/Угол/Метод]: 
Команда: 
Команда: *Прервано*

Команда: 
Команда: *Прервано*

Команда: 
Команда: 
Команда: 
Команда: _trim 
Текущие параметры: проекция = ПСК, кромка = Нет, режим = Быстрый
Выбрать режущие кромки...найдено: 1

Выберите обрезаемый или удлиняемый объект (плюс SHIFT) либо [реЖущие кромки/Секрамка/Режим/Проекция/уДалить]: 

Выберите обрезаемый или удлиняемый объект (плюс SHIFT) либо [реЖущие кромки/Секрамка/Режим/Проекция/уДалить/Отменить]: *Прервано*

Команда: 
Команда: 
Команда: 
Команда: _cutclip найдено: 1

Команда: 
Команда: *Прервано*

Команда: 
Команда: 
Команда: 
Команда: 
Команда: _trim 
Текущие параметры: проекция = ПСК, кромка = Нет, режим = Быстрый
Выбрать режущие кромки...найдено: 2

Выберите обрезаемый или удлиняемый объект (плюс SHIFT) либо [реЖущие кромки/Секрамка/Режим/Проекция/уДалить]: 

Выберите обрезаемый или удлиняемый объект (плюс SHIFT) либо [реЖущие кромки/Секрамка/Режим/Проекция/уДалить/Отменить]: *Прервано*

Команда: 
Команда: *Прервано*

Команда: Задайте противоположный угол или [Линия/РМн-угол/СМн-угол]: 
Команда: 
Команда: 
Команда: 
Команда: _trim 
Текущие параметры: проекция = ПСК, кромка = Нет, режим = Быстрый
Выбрать режущие кромки...найдено: 1

Выберите обрезаемый или удлиняемый объект (плюс SHIFT) либо [реЖущие кромки/Секрамка/Режим/Проекция/уДалить]: 

Выберите обрезаемый или удлиняемый объект (плюс SHIFT) либо [реЖущие кромки/Секрамка/Режим/Проекция/уДалить/Отменить]: *Прервано*

Команда: 
Команда: *Прервано*

Команда: 
Команда: 
Команда: 
Команда: 
Команда: _join найдено: 2

Объединено сегментов: 17, получена 1 полилиния
Команда: 
Команда: *Прервано*

Команда: 
Команда: 
Команда: _chamfer 
(Режим С ОБРЕЗКОЙ) Параметры фаски: Длина1 = 0.0000, Длина2 = 0.0000
Выберите первый отрезок или [оТменить/полИлиния/Длина/Угол/оБрезка/Метод/Несколько]: 
Выберите второй отрезок или нажмите клавишу Shift при выборе, чтобы создать угол, или [Расстояние/Угол/Метод]: 
Команда: 
Команда: 
Команда: 
Команда: _trim 
Текущие параметры: проекция = ПСК, кромка = Нет, режим = Быстрый
Выбрать режущие кромки...найдено: 1

Выберите обрезаемый или удлиняемый объект (плюс SHIFT) либо [реЖущие кромки/Секрамка/Режим/Проекция/уДалить]: 

Выберите обрезаемый или удлиняемый объект (плюс SHIFT) либо [реЖущие кромки/Секрамка/Режим/Проекция/уДалить/Отменить]: 

Выберите обрезаемый или удлиняемый объект (плюс SHIFT) либо [реЖущие кромки/Секрамка/Режим/Проекция/уДалить/Отменить]: 

Выберите обрезаемый или удлиняемый объект (плюс SHIFT) либо [реЖущие кромки/Секрамка/Режим/Проекция/уДалить/Отменить]: *Прервано*

Команда: 
Команда: 
Команда: 
Команда: _trim 
Текущие параметры: проекция = ПСК, кромка = Нет, режим = Быстрый
Выбрать режущие кромки...найдено: 1

Выберите обрезаемый или удлиняемый объект (плюс SHIFT) либо [реЖущие кромки/Секрамка/Режим/Проекция/уДалить]: 

Выберите обрезаемый или удлиняемый объект (плюс SHIFT) либо [реЖущие кромки/Секрамка/Режим/Проекция/уДалить/Отменить]: *Прервано*

Команда: 
Команда: *Прервано*

Команда: 
Команда: *Прервано*

Команда: 
Команда: 
Команда: 
Команда: _move найдено: 1

Базовая точка или [Смещение] <Смещение>: *Прервано*

Команда: 
Команда: 
Команда: 
Команда: _move найдено: 1

Базовая точка или [Смещение] <Смещение>: 
Вторая точка или <считать смещением первую точку>: 
Команда: *Прервано*

Команда: 
Команда: 
Команда: 
Команда: _trim 
Текущие параметры: проекция = ПСК, кромка = Нет, режим = Быстрый
Выбрать режущие кромки...найдено: 1

Выберите обрезаемый или удлиняемый объект (плюс SHIFT) либо [реЖущие кромки/Секрамка/Режим/Проекция/уДалить]: 

Выберите обрезаемый или удлиняемый объект (плюс SHIFT) либо [реЖущие кромки/Секрамка/Режим/Проекция/уДалить/Отменить]: *Прервано*

Команда: 
Команда: 
Команда: 
Команда: _cutclip найдено: 1

Команда: 
Команда: 
Команда: 
Команда: _move найдено: 1

Базовая точка или [Смещение] <Смещение>: 
Вторая точка или <считать смещением первую точку>: 
Команда: *Прервано*

Команда: 
Команда: 
Команда: 
Команда: 
Команда: _trim 
Текущие параметры: проекция = ПСК, кромка = Нет, режим = Быстрый
Выбрать режущие кромки...найдено: 2

Выберите обрезаемый или удлиняемый объект (плюс SHIFT) либо [реЖущие кромки/Секрамка/Режим/Проекция/уДалить]: *Прервано*

Команда: 
Команда: 
Команда: 
Команда: 
Команда: _join найдено: 2

Объединено сегментов: 78, получена 1 полилиния
Команда: 
Команда: *Прервано*

Команда: Задайте противоположный угол или [Линия/РМн-угол/СМн-угол]: *Прервано*

Команда: *Прервано*

Команда: 
Команда: *Прервано*

Команда: 
Команда: *Прервано*

Команда: 
Команда: 
Команда: 
Команда: 
Команда: 
Команда: _SelectSimilar 
Команда: Задайте противоположный угол или [Линия/РМн-угол/СМн-угол]: 
Команда: 
Команда: 
Команда: _copybase 
Базовая точка: найдено: 7

Команда: *Прервано*

Команда: 
Команда: 
Команда: _pasteblock Повторное определение блока _Oblique  пропущено.
Подстановка [simplex.shx] вместо [GOST_type_A].
Точка вставки: 
Команда: *Прервано*

Команда: 
Команда: 
Команда: 
Команда: _move найдено: 1

Базовая точка или [Смещение] <Смещение>: 
Вторая точка или <считать смещением первую точку>: 
Команда: *Прервано*

Команда: 
Команда: 
Команда: _copyclip найдено: 1

Команда: *Прервано*

Команда: 
Команда: Задайте противоположный угол или [Линия/РМн-угол/СМн-угол]: 
Команда: 
Команда: 
Команда: _copyclip найдено: 3

Команда: *Прервано*

Команда: 
Автоматическое сохранение в C:\Users\user\AppData\Local\Temp\15.2_План ТС_для СПС_1_143_f5bf6730.sv$ ...

Команда: 
Команда: 
Команда: Задайте противоположный угол или [Линия/РМн-угол/СМн-угол]: 
Команда: 
Команда: 
Команда: _copyclip найдено: 3

Команда: *Прервано*

Команда: 
Автоматическое сохранение в C:\Users\user\AppData\Local\Temp\15.2_План ТС_для СПС_1_143_f5bf6730.sv$ ...

Команда: 
Команда: 
Команда: *Прервано*

Команда: *Прервано*

Команда:  
Команда: 
