[ AutoCAD - Tue Jul 28 11:44:35 2026  ]----------------------------------------

Открытие файла AutoCAD 2013/LT 2013.
Подстановка [simplex.shx] вместо [GOST 2.304 type A].
Выполняется регенерация модели.


Утилиты меню AutoCAD загружены.
Команда: 

Файл Autodesk DWG. Это файл формата TrustedDWG, сохраненный в приложении Autodesk или в приложении, лицензированном корпорацией Autodesk.

Команда: 

Команда: 
Команда: Задайте противоположный угол или [Линия/РМн-угол/СМн-угол]: 
Команда: 
Команда: 
Команда: _SelectSimilar 
Команда: Задайте противоположный угол или [Линия/РМн-угол/СМн-угол]: *Прервано*

Команда: *Прервано*

Команда: Задайте противоположный угол или [Линия/РМн-угол/СМн-угол]: 
Команда: 
Команда: 
Команда: _SelectSimilar 
Команда: 
Команда: 
Команда: _cutclip найдено: 8

Команда: _u 
Команда: _u INTELLIZOOM ГРУППА 
Команда: 
Команда: 
Команда: 
Команда: _SelectSimilar 
Команда: *Прервано*

Команда: Задайте противоположный угол или [Линия/РМн-угол/СМн-угол]: 
Команда: Задайте противоположный угол или [Линия/РМн-угол/СМн-угол]: 
Команда: Задайте противоположный угол или [Линия/РМн-угол/СМн-угол]: 
Команда: Задайте противоположный угол или [Линия/РМн-угол/СМн-угол]: 
Команда: Задайте противоположный угол или [Линия/РМн-угол/СМн-угол]: 
Команда: Задайте противоположный угол или [Линия/РМн-угол/СМн-угол]: 
Команда: Задайте противоположный угол или [Линия/РМн-угол/СМн-угол]: 
Команда: 
Команда: 
Команда: 
Команда: _cutclip найдено: 4

Команда: Задайте противоположный угол или [Линия/РМн-угол/СМн-угол]: 
Команда: Задайте противоположный угол или [Линия/РМн-угол/СМн-угол]: 
Команда: Задайте противоположный угол или [Линия/РМн-угол/СМн-угол]: 
Команда: 
Команда: 
Команда: 
Команда: _cutclip найдено: 4

Команда: Задайте противоположный угол или [Линия/РМн-угол/СМн-угол]: 
Команда: 
Команда: 
Команда: _cutclip найдено: 2

Команда: Задайте противоположный угол или [Линия/РМн-угол/СМн-угол]: 
Команда: Задайте противоположный угол или [Линия/РМн-угол/СМн-угол]: 
Команда: 
Команда: 
Команда: _cutclip найдено: 2

Команда: Задайте противоположный угол или [Линия/РМн-угол/СМн-угол]: 
Команда: Задайте противоположный угол или [Линия/РМн-угол/СМн-угол]: 
Команда: 
Команда: 
Команда: _cutclip найдено: 2

Команда: Задайте противоположный угол или [Линия/РМн-угол/СМн-угол]: 
Команда: Задайте противоположный угол или [Линия/РМн-угол/СМн-угол]: 
Команда: Задайте противоположный угол или [Линия/РМн-угол/СМн-угол]: 
Команда: 
Команда: 
Команда: _cutclip найдено: 5

Команда: 
Команда: 
Команда: 
Команда: 
Команда: _cutclip найдено: 2

Команда: Задайте противоположный угол или [Линия/РМн-угол/СМн-угол]: 
Команда: Задайте противоположный угол или [Линия/РМн-угол/СМн-угол]: 
Команда: 
Команда: 
Команда: _cutclip найдено: 2

Команда: Задайте противоположный угол или [Линия/РМн-угол/СМн-угол]: 
Команда: 
Команда: 
Команда: _cutclip найдено: 2

Команда: Задайте противоположный угол или [Линия/РМн-угол/СМн-угол]: 
Команда: Задайте противоположный угол или [Линия/РМн-угол/СМн-угол]: 
Команда: Задайте противоположный угол или [Линия/РМн-угол/СМн-угол]: 
Команда: 
Команда: 
Команда: _explode найдено: 10

Команда: Задайте противоположный угол или [Линия/РМн-угол/СМн-угол]: 
Команда: 
Команда: 
Команда: _cutclip найдено: 21

Команда: Задайте противоположный угол или [Линия/РМн-угол/СМн-угол]: 
Команда: 
Команда: 
Команда: _cutclip найдено: 3

Команда: Задайте противоположный угол или [Линия/РМн-угол/СМн-угол]: 
Команда: 
Команда: 
Команда: _cutclip найдено: 1

Команда: Задайте противоположный угол или [Линия/РМн-угол/СМн-угол]: 
Команда: 
Команда: 
Команда: _cutclip найдено: 3

Команда: 
Команда: *Прервано*

Команда: Задайте противоположный угол или [Линия/РМн-угол/СМн-угол]: 
Команда: 
Команда: 
Команда: _cutclip найдено: 2

Команда: 
Команда: 
Команда: 
Команда: _pasteclip Повторное определение блока НСС колодцы  пропущено.
Подстановка [simplex.shx] вместо [GOST 2.304 type A].
Точка вставки: 
Команда: *Прервано*

Команда: 
Команда: 
Команда: *Прервано*

Команда: 
Команда: 
Команда: 
Команда: _pasteclip Подстановка [simplex.shx] вместо [GOST 2.304 type A].
Точка вставки: 
Команда: 
Команда: 
Команда: 
Команда: _move найдено: 1

Базовая точка или [Смещение] <Смещение>: 
Вторая точка или <считать смещением первую точку>: 
Команда: 
Команда: 
Команда: 
Команда: _copyclip найдено: 1

Команда: *Прервано*

Команда: 
Команда: 
Команда: 
Команда: _bedit 
Команда: 
Команда: 
Команда: 
Команда: 
Команда: _bedit Выполняется регенерация модели.
Выполняется регенерация модели.

Команда: 
Команда: 
Команда: _pasteclip Подстановка [simplex.shx] вместо [GOST 2.304 type A].
Точка вставки: 
Команда: Задайте противоположный угол или [Линия/РМн-угол/СМн-угол]: 
Команда: 
Команда: 
Команда: _move найдено: 1

Базовая точка или [Смещение] <Смещение>: *Прервано*

Команда: 
Команда: 
Команда: 
Команда: _move найдено: 1

Базовая точка или [Смещение] <Смещение>: 
Вторая точка или <считать смещением первую точку>: 
Команда: 
Команда: 
Команда: 
Команда: _move найдено: 1

Базовая точка или [Смещение] <Смещение>: 
Вторая точка или <считать смещением первую точку>: 
Команда: *Прервано*

Команда: _bactionset 
Укажите набор объектов для объекта операций [Создать/Редактировать] <Создать>: _m


Выберите объект для добавления в набор операций или [Исключить]: Противоположный угол: 


Выберите объект для добавления в набор операций или [Исключить]: 

Команда: Задайте противоположный угол или [Линия/РМн-угол/СМн-угол]: 
Команда: 
Команда: 
Команда: _cutclip найдено: 2

Команда: 
Команда: 
Команда: _BCLOSE Выполняется регенерация модели.

Команда: 
Команда: *Прервано*

Команда: Задайте противоположный угол или [Линия/РМн-угол/СМн-угол]: *Прервано*

Команда: Задайте противоположный угол или [Линия/РМн-угол/СМн-угол]: 
Команда: 
Команда: 
Команда: _move найдено: 1

Базовая точка или [Смещение] <Смещение>: 
Вторая точка или <считать смещением первую точку>: 
Команда: *Прервано*

Команда: 
Команда: *Прервано*

Команда: 
Команда: *Прервано*

Команда: 
Команда: *Прервано*

Команда: 
Команда: *Прервано*

Команда: 
Команда: 
Команда: 
Команда: _cutclip найдено: 1

Команда: 
Команда: 
Команда: 
Команда: _SelectSimilar 
Команда: 
Команда: 
Команда: _explode найдено: 10

Команда: 
Команда: *Прервано*

Команда: 
Команда: 
Команда: _line 
Первая точка: 
Следующая точка или [оТменить]: 
Следующая точка или [оТменить]: *Прервано*

Команда: 
Команда: 
Команда: 
Команда: _SelectSimilar 
Команда: Задайте противоположный угол или [Линия/РМн-угол/СМн-угол]: 
Команда: 
Команда: 
Команда: _copy найдено: 11

Текущая настройка:  Режим копирования  = Несколько
Базовая точка или [Смещение/реЖим] <Смещение>: 
Вторая точка или [Массив] <использовать для смещения первую точку>: 
Укажите вторую точку или [Массив/Выход/Отменить] <Выход>: *Прервано*

Команда: 
Команда: 
Команда: 
Команда: _SelectSimilar 
Команда: Задайте противоположный угол или [Линия/РМн-угол/СМн-угол]: 
Команда: 
Команда: 
Команда: _explode найдено: 10

При расчленении этой полилинии потеряны сведения о ширине.
Их можно восстановить командой ОТМЕНИТЬ.

При расчленении этой полилинии потеряны сведения о ширине.
Их можно восстановить командой ОТМЕНИТЬ.

При расчленении этой полилинии потеряны сведения о ширине.
Их можно восстановить командой ОТМЕНИТЬ.

При расчленении этой полилинии потеряны сведения о ширине.
Их можно восстановить командой ОТМЕНИТЬ.

При расчленении этой полилинии потеряны сведения о ширине.
Их можно восстановить командой ОТМЕНИТЬ.

При расчленении этой полилинии потеряны сведения о ширине.
Их можно восстановить командой ОТМЕНИТЬ.

При расчленении этой полилинии потеряны сведения о ширине.
Их можно восстановить командой ОТМЕНИТЬ.

При расчленении этой полилинии потеряны сведения о ширине.
Их можно восстановить командой ОТМЕНИТЬ.

При расчленении этой полилинии потеряны сведения о ширине.
Их можно восстановить командой ОТМЕНИТЬ.

При расчленении этой полилинии потеряны сведения о ширине.
Их можно восстановить командой ОТМЕНИТЬ.

Команда: *Прервано*

Команда: 
Команда: 
Команда: 
Команда: _SelectSimilar 
Команда: 
Команда: 
Команда: 
Команда: _SelectSimilar 
Команда: 
Команда: 
Команда: 
Команда: _SelectSimilar 
Команда: _APPLOAD
заборчик.lsp успешно загружено.


Команда: 
Команда: 
Команда: 
Команда: 
Команда: 
Команда: 
Команда: _SelectSimilar 
Команда: 
Команда: 
Команда: 
Команда: _SelectSimilar 
Команда: ЗАБОРЧИК

Задай расстояние до параллелей: 1

Готово. Полностью обработано: 17, частично: 0, пропущено: 0.
Команда: 
Команда: *Прервано*

Команда: 
Команда: 
Команда: _line 
Первая точка: 
Следующая точка или [оТменить]: 
Следующая точка или [оТменить]: *Прервано*

Команда: 
Команда: 
Команда: 
Команда: _move найдено: 1

Базовая точка или [Смещение] <Смещение>: 
Вторая точка или <считать смещением первую точку>: 1

Команда: *Прервано*

Команда: 
Команда: 
Команда: _chamfer 
(Режим С ОБРЕЗКОЙ) Параметры фаски: Длина1 = 0.0000, Длина2 = 0.0000
Выберите первый отрезок или [оТменить/полИлиния/Длина/Угол/оБрезка/Метод/Несколько]: 
Выберите второй отрезок или нажмите клавишу Shift при выборе, чтобы создать угол, или [Расстояние/Угол/Метод]: 
Команда: *Прервано*

Команда: 
Команда: '_matchprop 
Текущие активные настройки:  Цвет Слой Тип Лмасштаб Вес линий Прозрачность Толщина Стиль печати Размер Текст Штриховка Полилиния ВЭкран Таблица Материал Мультивыноска Центральный объект 

Выберите целевой объект(ы) или [Настройки]: 

Выберите целевой объект(ы) или [Настройки]: *Прервано*

Команда: 
Команда: 
Команда: _chamfer 
(Режим С ОБРЕЗКОЙ) Параметры фаски: Длина1 = 0.0000, Длина2 = 0.0000
Выберите первый отрезок или [оТменить/полИлиния/Длина/Угол/оБрезка/Метод/Несколько]: 
Выберите второй отрезок или нажмите клавишу Shift при выборе, чтобы создать угол, или [Расстояние/Угол/Метод]: 
Команда: *Прервано*

Команда: 
Команда: 
Команда: _line 
Первая точка: 
Следующая точка или [оТменить]: 
Следующая точка или [оТменить]: *Прервано*

Команда: 
Команда: 
Команда: 
Команда: _move найдено: 1

Базовая точка или [Смещение] <Смещение>: 
Вторая точка или <считать смещением первую точку>: 1

Команда: *Прервано*

Команда: 
Команда: 
Команда: _chamfer 
(Режим С ОБРЕЗКОЙ) Параметры фаски: Длина1 = 0.0000, Длина2 = 0.0000
Выберите первый отрезок или [оТменить/полИлиния/Длина/Угол/оБрезка/Метод/Несколько]: 
Выберите второй отрезок или нажмите клавишу Shift при выборе, чтобы создать угол, или [Расстояние/Угол/Метод]: 
Команда:  ФАСКА

(Режим С ОБРЕЗКОЙ) Параметры фаски: Длина1 = 0.0000, Длина2 = 0.0000
Выберите первый отрезок или [оТменить/полИлиния/Длина/Угол/оБрезка/Метод/Несколько]: 
Выберите второй отрезок или нажмите клавишу Shift при выборе, чтобы создать угол, или [Расстояние/Угол/Метод]: 
Команда: *Прервано*

Команда: 
Команда: 
Команда: _line 
Первая точка: 
Следующая точка или [оТменить]: 
Следующая точка или [оТменить]: *Прервано*

Команда: 
Команда: 
Команда: 
Команда: 
Команда: _copyclip найдено: 2

Команда: 
Команда: 
Команда: _join найдено: 2

1 сегмент полилинии объединен в 1 полилинию
Команда: 
Команда: '_matchprop 
Текущие активные настройки:  Цвет Слой Тип Лмасштаб Вес линий Прозрачность Толщина Стиль печати Размер Текст Штриховка Полилиния ВЭкран Таблица Материал Мультивыноска Центральный объект 

Выберите целевой объект(ы) или [Настройки]: 

Выберите целевой объект(ы) или [Настройки]: *Прервано*

Команда: 
Команда: 
Команда: 
Команда: _move найдено: 1

Базовая точка или [Смещение] <Смещение>: 
Вторая точка или <считать смещением первую точку>: 1

Команда: *Прервано*

Команда: 
Команда: 
Команда: _line 
Первая точка: 
Следующая точка или [оТменить]: 
Следующая точка или [оТменить]: *Прервано*

Команда: 
Команда:  <Привязка откл> 
Команда: 
Команда: 
Команда: _move найдено: 1

Базовая точка или [Смещение] <Смещение>: 
Вторая точка или <считать смещением первую точку>: *Прервано*

Команда: 
Команда: 
Команда: 
Команда: _move найдено: 1

Базовая точка или [Смещение] <Смещение>:  <Привязка вкл> 
Вторая точка или <считать смещением первую точку>: 1

Команда: *Прервано*

Команда: 
Команда: 
Команда: _chamfer 
(Режим С ОБРЕЗКОЙ) Параметры фаски: Длина1 = 0.0000, Длина2 = 0.0000
Выберите первый отрезок или [оТменить/полИлиния/Длина/Угол/оБрезка/Метод/Несколько]: 
Выберите второй отрезок или нажмите клавишу Shift при выборе, чтобы создать угол, или [Расстояние/Угол/Метод]: 
Команда:  ФАСКА

(Режим С ОБРЕЗКОЙ) Параметры фаски: Длина1 = 0.0000, Длина2 = 0.0000
Выберите первый отрезок или [оТменить/полИлиния/Длина/Угол/оБрезка/Метод/Несколько]: 
Выберите второй отрезок или нажмите клавишу Shift при выборе, чтобы создать угол, или [Расстояние/Угол/Метод]: 
Команда:  ФАСКА

(Режим С ОБРЕЗКОЙ) Параметры фаски: Длина1 = 0.0000, Длина2 = 0.0000
Выберите первый отрезок или [оТменить/полИлиния/Длина/Угол/оБрезка/Метод/Несколько]: 
Выберите второй отрезок или нажмите клавишу Shift при выборе, чтобы создать угол, или [Расстояние/Угол/Метод]: 
Команда: *Прервано*

Команда: 
Команда: 
Команда: 
Команда: 
Команда: _cutclip найдено: 2

Команда: 
Команда: 
Команда: 
Команда: 
Команда: _cutclip найдено: 2

Команда: 
Команда: 
Команда: _line 
Первая точка: 
Следующая точка или [оТменить]: 
Следующая точка или [оТменить]: *Прервано*

Команда: 
Команда: 
Команда: 
Команда: _move найдено: 1

Базовая точка или [Смещение] <Смещение>: 
Вторая точка или <считать смещением первую точку>: *Прервано*

Команда: 
Команда: 
Команда: 
Команда: _move найдено: 1

Базовая точка или [Смещение] <Смещение>: 
Вторая точка или <считать смещением первую точку>: 1

Команда: *Прервано*

Команда: 
Команда: 
Команда: _chamfer 
(Режим С ОБРЕЗКОЙ) Параметры фаски: Длина1 = 0.0000, Длина2 = 0.0000
Выберите первый отрезок или [оТменить/полИлиния/Длина/Угол/оБрезка/Метод/Несколько]: 
Выберите второй отрезок или нажмите клавишу Shift при выборе, чтобы создать угол, или [Расстояние/Угол/Метод]: 
Команда:  ФАСКА

(Режим С ОБРЕЗКОЙ) Параметры фаски: Длина1 = 0.0000, Длина2 = 0.0000
Выберите первый отрезок или [оТменить/полИлиния/Длина/Угол/оБрезка/Метод/Несколько]: 
Выберите второй отрезок или нажмите клавишу Shift при выборе, чтобы создать угол, или [Расстояние/Угол/Метод]: 
Команда: 
Команда: '_matchprop 
Текущие активные настройки:  Цвет Слой Тип Лмасштаб Вес линий Прозрачность Толщина Стиль печати Размер Текст Штриховка Полилиния ВЭкран Таблица Материал Мультивыноска Центральный объект 

Выберите целевой объект(ы) или [Настройки]: 

Выберите целевой объект(ы) или [Настройки]: *Прервано*

Команда: 
Команда: 
Команда: _chamfer 
(Режим С ОБРЕЗКОЙ) Параметры фаски: Длина1 = 0.0000, Длина2 = 0.0000
Выберите первый отрезок или [оТменить/полИлиния/Длина/Угол/оБрезка/Метод/Несколько]: 
Выберите второй отрезок или нажмите клавишу Shift при выборе, чтобы создать угол, или [Расстояние/Угол/Метод]: 
Команда: *Прервано*

Команда: 
Команда: 
Команда: _line 
Первая точка: 
Следующая точка или [оТменить]: 
Следующая точка или [оТменить]: *Прервано*

Команда: 
Команда: 
Команда: 
Команда: _move найдено: 1

Базовая точка или [Смещение] <Смещение>: 
Вторая точка или <считать смещением первую точку>: 1

Команда: *Прервано*

Команда: 
Команда: 
Команда: _chamfer 
(Режим С ОБРЕЗКОЙ) Параметры фаски: Длина1 = 0.0000, Длина2 = 0.0000
Выберите первый отрезок или [оТменить/полИлиния/Длина/Угол/оБрезка/Метод/Несколько]: 
Выберите второй отрезок или нажмите клавишу Shift при выборе, чтобы создать угол, или [Расстояние/Угол/Метод]: 
Команда:  ФАСКА

(Режим С ОБРЕЗКОЙ) Параметры фаски: Длина1 = 0.0000, Длина2 = 0.0000
Выберите первый отрезок или [оТменить/полИлиния/Длина/Угол/оБрезка/Метод/Несколько]: 
Выберите второй отрезок или нажмите клавишу Shift при выборе, чтобы создать угол, или [Расстояние/Угол/Метод]: 
Команда: *Прервано*

Команда: 
Команда: 
Команда: 
Команда: 
Команда: _trim 
Текущие параметры: проекция = ПСК, кромка = Нет, режим = Быстрый
Выбрать режущие кромки...найдено: 2

Выберите обрезаемый или удлиняемый объект (плюс SHIFT) либо [реЖущие кромки/Секрамка/Режим/Проекция/уДалить]: 

Выберите обрезаемый или удлиняемый объект (плюс SHIFT) либо [реЖущие кромки/Секрамка/Режим/Проекция/уДалить/Отменить]: 

Выберите обрезаемый или удлиняемый объект (плюс SHIFT) либо [реЖущие кромки/Секрамка/Режим/Проекция/уДалить/Отменить]: *Прервано*

Команда: 
Команда: 
Команда: _chamfer 
(Режим С ОБРЕЗКОЙ) Параметры фаски: Длина1 = 0.0000, Длина2 = 0.0000
Выберите первый отрезок или [оТменить/полИлиния/Длина/Угол/оБрезка/Метод/Несколько]: 
Выберите второй отрезок или нажмите клавишу Shift при выборе, чтобы создать угол, или [Расстояние/Угол/Метод]: 
Команда:  ФАСКА

(Режим С ОБРЕЗКОЙ) Параметры фаски: Длина1 = 0.0000, Длина2 = 0.0000
Выберите первый отрезок или [оТменить/полИлиния/Длина/Угол/оБрезка/Метод/Несколько]: 
Выберите второй отрезок или нажмите клавишу Shift при выборе, чтобы создать угол, или [Расстояние/Угол/Метод]: 
Команда:  ФАСКА

(Режим С ОБРЕЗКОЙ) Параметры фаски: Длина1 = 0.0000, Длина2 = 0.0000
Выберите первый отрезок или [оТменить/полИлиния/Длина/Угол/оБрезка/Метод/Несколько]: 
Выберите второй отрезок или нажмите клавишу Shift при выборе, чтобы создать угол, или [Расстояние/Угол/Метод]: 
Команда: *Прервано*

Команда:  ФАСКА

(Режим С ОБРЕЗКОЙ) Параметры фаски: Длина1 = 0.0000, Длина2 = 0.0000
Выберите первый отрезок или [оТменить/полИлиния/Длина/Угол/оБрезка/Метод/Несколько]: 
Выберите второй отрезок или нажмите клавишу Shift при выборе, чтобы создать угол, или [Расстояние/Угол/Метод]: 
Команда: *Прервано*

Команда: 
Команда: 
Команда: _line 
Первая точка: 
Следующая точка или [оТменить]: 
Следующая точка или [оТменить]: *Прервано*

Команда: 
Команда: 
Команда: 
Команда: _move найдено: 1

Базовая точка или [Смещение] <Смещение>: 
Вторая точка или <считать смещением первую точку>: 1

Команда: *Прервано*

Команда: Задайте противоположный угол или [Линия/РМн-угол/СМн-угол]: *Прервано*

Команда: Задайте противоположный угол или [Линия/РМн-угол/СМн-угол]: *Прервано*

Команда: 
Команда: 
Команда: 
Команда: 
Команда: _trim 
Текущие параметры: проекция = ПСК, кромка = Нет, режим = Быстрый
Выбрать режущие кромки...найдено: 2

Выберите обрезаемый или удлиняемый объект (плюс SHIFT) либо [реЖущие кромки/Секрамка/Режим/Проекция/уДалить]: 

Выберите обрезаемый или удлиняемый объект (плюс SHIFT) либо [реЖущие кромки/Секрамка/Режим/Проекция/уДалить/Отменить]: *Прервано*

Команда: 
Команда: 
Команда: _chamfer 
(Режим С ОБРЕЗКОЙ) Параметры фаски: Длина1 = 0.0000, Длина2 = 0.0000
Выберите первый отрезок или [оТменить/полИлиния/Длина/Угол/оБрезка/Метод/Несколько]: 
Выберите второй отрезок или нажмите клавишу Shift при выборе, чтобы создать угол, или [Расстояние/Угол/Метод]: 
Команда:  ФАСКА

(Режим С ОБРЕЗКОЙ) Параметры фаски: Длина1 = 0.0000, Длина2 = 0.0000
Выберите первый отрезок или [оТменить/полИлиния/Длина/Угол/оБрезка/Метод/Несколько]: 
Выберите второй отрезок или нажмите клавишу Shift при выборе, чтобы создать угол, или [Расстояние/Угол/Метод]: 
Команда:  ФАСКА

(Режим С ОБРЕЗКОЙ) Параметры фаски: Длина1 = 0.0000, Длина2 = 0.0000
Выберите первый отрезок или [оТменить/полИлиния/Длина/Угол/оБрезка/Метод/Несколько]: 
Выберите второй отрезок или нажмите клавишу Shift при выборе, чтобы создать угол, или [Расстояние/Угол/Метод]: 
Команда:  ФАСКА

(Режим С ОБРЕЗКОЙ) Параметры фаски: Длина1 = 0.0000, Длина2 = 0.0000
Выберите первый отрезок или [оТменить/полИлиния/Длина/Угол/оБрезка/Метод/Несколько]: 
Выберите второй отрезок или нажмите клавишу Shift при выборе, чтобы создать угол, или [Расстояние/Угол/Метод]: 
Команда:  ФАСКА

(Режим С ОБРЕЗКОЙ) Параметры фаски: Длина1 = 0.0000, Длина2 = 0.0000
Выберите первый отрезок или [оТменить/полИлиния/Длина/Угол/оБрезка/Метод/Несколько]: 
Выберите второй отрезок или нажмите клавишу Shift при выборе, чтобы создать угол, или [Расстояние/Угол/Метод]: 
Команда:  ФАСКА

(Режим С ОБРЕЗКОЙ) Параметры фаски: Длина1 = 0.0000, Длина2 = 0.0000
Выберите первый отрезок или [оТменить/полИлиния/Длина/Угол/оБрезка/Метод/Несколько]: 
Выберите второй отрезок или нажмите клавишу Shift при выборе, чтобы создать угол, или [Расстояние/Угол/Метод]: 
Команда:  ФАСКА

(Режим С ОБРЕЗКОЙ) Параметры фаски: Длина1 = 0.0000, Длина2 = 0.0000
Выберите первый отрезок или [оТменить/полИлиния/Длина/Угол/оБрезка/Метод/Несколько]: *Прервано*

Команда: 
Команда: 
Команда: 
Команда: _trim 
Текущие параметры: проекция = ПСК, кромка = Нет, режим = Быстрый
Выбрать режущие кромки...найдено: 1

Выберите обрезаемый или удлиняемый объект (плюс SHIFT) либо [реЖущие кромки/Секрамка/Режим/Проекция/уДалить]: 

Выберите обрезаемый или удлиняемый объект (плюс SHIFT) либо [реЖущие кромки/Секрамка/Режим/Проекция/уДалить/Отменить]: *Прервано*

Команда: 
Команда: 
Команда: 
Команда: 
Команда: _trim 
Текущие параметры: проекция = ПСК, кромка = Нет, режим = Быстрый
Выбрать режущие кромки...найдено: 2

Выберите обрезаемый или удлиняемый объект (плюс SHIFT) либо [реЖущие кромки/Секрамка/Режим/Проекция/уДалить]: 

Выберите обрезаемый или удлиняемый объект (плюс SHIFT) либо [реЖущие кромки/Секрамка/Режим/Проекция/уДалить/Отменить]: *Прервано*

Команда: 
Команда: 
Команда: _chamfer 
(Режим С ОБРЕЗКОЙ) Параметры фаски: Длина1 = 0.0000, Длина2 = 0.0000
Выберите первый отрезок или [оТменить/полИлиния/Длина/Угол/оБрезка/Метод/Несколько]: 
Выберите второй отрезок или нажмите клавишу Shift при выборе, чтобы создать угол, или [Расстояние/Угол/Метод]: 
Команда:  ФАСКА

(Режим С ОБРЕЗКОЙ) Параметры фаски: Длина1 = 0.0000, Длина2 = 0.0000
Выберите первый отрезок или [оТменить/полИлиния/Длина/Угол/оБрезка/Метод/Несколько]: 
Выберите второй отрезок или нажмите клавишу Shift при выборе, чтобы создать угол, или [Расстояние/Угол/Метод]: 
Команда:  ФАСКА

(Режим С ОБРЕЗКОЙ) Параметры фаски: Длина1 = 0.0000, Длина2 = 0.0000
Выберите первый отрезок или [оТменить/полИлиния/Длина/Угол/оБрезка/Метод/Несколько]: 
Выберите второй отрезок или нажмите клавишу Shift при выборе, чтобы создать угол, или [Расстояние/Угол/Метод]: 
Команда:  ФАСКА

(Режим С ОБРЕЗКОЙ) Параметры фаски: Длина1 = 0.0000, Длина2 = 0.0000
Выберите первый отрезок или [оТменить/полИлиния/Длина/Угол/оБрезка/Метод/Несколько]: 
Выберите второй отрезок или нажмите клавишу Shift при выборе, чтобы создать угол, или [Расстояние/Угол/Метод]: *Прервано*

Команда: 
Команда: 
Команда: 
Команда: _extend 
Текущие параметры: проекция = ПСК, кромка = Нет, режим = Быстрый
Выбрать кромки границы... найдено: 1

Выберите объект для удлинения или обрезки (SHIFT + выбор) либо
 [Кромки границы/Секрамка/РЕжим/Проекция]: *Прервано*

Команда: 
Команда: 
** РАСТЯНУТЬ **
Задайте точку для растяжения или [Базовая точка/Копировать/oТменить/выХод]:
Команда: *Прервано*

Команда: 
Команда: 
Команда: 
Команда: _trim 
Текущие параметры: проекция = ПСК, кромка = Нет, режим = Быстрый
Выбрать режущие кромки...найдено: 1

Выберите обрезаемый или удлиняемый объект (плюс SHIFT) либо [реЖущие кромки/Секрамка/Режим/Проекция/уДалить]: 

Выберите обрезаемый или удлиняемый объект (плюс SHIFT) либо [реЖущие кромки/Секрамка/Режим/Проекция/уДалить/Отменить]: *Прервано*

Команда: 
Команда: 
** РАСТЯНУТЬ **
Задайте точку для растяжения или [Базовая точка/Копировать/oТменить/выХод]:
Команда: 
Команда: 
** РАСТЯНУТЬ **
Задайте точку для растяжения или [Базовая точка/Копировать/oТменить/выХод]:*Прервано*

Команда: 
** РАСТЯНУТЬ **
Задайте точку для растяжения или [Базовая точка/Копировать/oТменить/выХод]:
Команда: *Прервано*

Команда: 
Команда: Задайте противоположный угол или [Линия/РМн-угол/СМн-угол]: 
Команда: 
Команда: 
Команда: _join найдено: 2

Объединено сегментов: 2, получена 1 полилиния
Команда: 
Команда: 
Команда: _chamfer 
(Режим С ОБРЕЗКОЙ) Параметры фаски: Длина1 = 0.0000, Длина2 = 0.0000
Выберите первый отрезок или [оТменить/полИлиния/Длина/Угол/оБрезка/Метод/Несколько]: 
Выберите второй отрезок или нажмите клавишу Shift при выборе, чтобы создать угол, или [Расстояние/Угол/Метод]: 
Команда:  ФАСКА

(Режим С ОБРЕЗКОЙ) Параметры фаски: Длина1 = 0.0000, Длина2 = 0.0000
Выберите первый отрезок или [оТменить/полИлиния/Длина/Угол/оБрезка/Метод/Несколько]: 
Выберите второй отрезок или нажмите клавишу Shift при выборе, чтобы создать угол, или [Расстояние/Угол/Метод]: 
Команда:  ФАСКА

(Режим С ОБРЕЗКОЙ) Параметры фаски: Длина1 = 0.0000, Длина2 = 0.0000
Выберите первый отрезок или [оТменить/полИлиния/Длина/Угол/оБрезка/Метод/Несколько]: 
Выберите второй отрезок или нажмите клавишу Shift при выборе, чтобы создать угол, или [Расстояние/Угол/Метод]: 
Команда:  ФАСКА

(Режим С ОБРЕЗКОЙ) Параметры фаски: Длина1 = 0.0000, Длина2 = 0.0000
Выберите первый отрезок или [оТменить/полИлиния/Длина/Угол/оБрезка/Метод/Несколько]: 
Выберите второй отрезок или нажмите клавишу Shift при выборе, чтобы создать угол, или [Расстояние/Угол/Метод]: 
Команда: 
Команда: 
Команда: 
Команда: _trim 
Текущие параметры: проекция = ПСК, кромка = Нет, режим = Быстрый
Выбрать режущие кромки...найдено: 1

Выберите обрезаемый или удлиняемый объект (плюс SHIFT) либо [реЖущие кромки/Секрамка/Режим/Проекция/уДалить]: 

Выберите обрезаемый или удлиняемый объект (плюс SHIFT) либо [реЖущие кромки/Секрамка/Режим/Проекция/уДалить/Отменить]: *Прервано*

Команда: 
Команда: 
Команда: 
Команда: 
Команда: _trim 
Текущие параметры: проекция = ПСК, кромка = Нет, режим = Быстрый
Выбрать режущие кромки...найдено: 2

Выберите обрезаемый или удлиняемый объект (плюс SHIFT) либо [реЖущие кромки/Секрамка/Режим/Проекция/уДалить]: 

Выберите обрезаемый или удлиняемый объект (плюс SHIFT) либо [реЖущие кромки/Секрамка/Режим/Проекция/уДалить/Отменить]: *Прервано*

Команда: 
Команда: 
Команда: _chamfer 
(Режим С ОБРЕЗКОЙ) Параметры фаски: Длина1 = 0.0000, Длина2 = 0.0000
Выберите первый отрезок или [оТменить/полИлиния/Длина/Угол/оБрезка/Метод/Несколько]: 
Выберите второй отрезок или нажмите клавишу Shift при выборе, чтобы создать угол, или [Расстояние/Угол/Метод]: 
Команда:  ФАСКА

(Режим С ОБРЕЗКОЙ) Параметры фаски: Длина1 = 0.0000, Длина2 = 0.0000
Выберите первый отрезок или [оТменить/полИлиния/Длина/Угол/оБрезка/Метод/Несколько]: 
Выберите второй отрезок или нажмите клавишу Shift при выборе, чтобы создать угол, или [Расстояние/Угол/Метод]: 
Команда:  ФАСКА

(Режим С ОБРЕЗКОЙ) Параметры фаски: Длина1 = 0.0000, Длина2 = 0.0000
Выберите первый отрезок или [оТменить/полИлиния/Длина/Угол/оБрезка/Метод/Несколько]: 
Выберите второй отрезок или нажмите клавишу Shift при выборе, чтобы создать угол, или [Расстояние/Угол/Метод]: 
Команда:  ФАСКА

(Режим С ОБРЕЗКОЙ) Параметры фаски: Длина1 = 0.0000, Длина2 = 0.0000
Выберите первый отрезок или [оТменить/полИлиния/Длина/Угол/оБрезка/Метод/Несколько]: 
Выберите второй отрезок или нажмите клавишу Shift при выборе, чтобы создать угол, или [Расстояние/Угол/Метод]: 
Команда:  ФАСКА

(Режим С ОБРЕЗКОЙ) Параметры фаски: Длина1 = 0.0000, Длина2 = 0.0000
Выберите первый отрезок или [оТменить/полИлиния/Длина/Угол/оБрезка/Метод/Несколько]: 
Выберите второй отрезок или нажмите клавишу Shift при выборе, чтобы создать угол, или [Расстояние/Угол/Метод]: 
Команда:  ФАСКА

(Режим С ОБРЕЗКОЙ) Параметры фаски: Длина1 = 0.0000, Длина2 = 0.0000
Выберите первый отрезок или [оТменить/полИлиния/Длина/Угол/оБрезка/Метод/Несколько]: 
Выберите второй отрезок или нажмите клавишу Shift при выборе, чтобы создать угол, или [Расстояние/Угол/Метод]: 
Команда:  ФАСКА

(Режим С ОБРЕЗКОЙ) Параметры фаски: Длина1 = 0.0000, Длина2 = 0.0000
Выберите первый отрезок или [оТменить/полИлиния/Длина/Угол/оБрезка/Метод/Несколько]: 
Выберите второй отрезок или нажмите клавишу Shift при выборе, чтобы создать угол, или [Расстояние/Угол/Метод]: 
Команда:  ФАСКА

(Режим С ОБРЕЗКОЙ) Параметры фаски: Длина1 = 0.0000, Длина2 = 0.0000
Выберите первый отрезок или [оТменить/полИлиния/Длина/Угол/оБрезка/Метод/Несколько]: 
Выберите второй отрезок или нажмите клавишу Shift при выборе, чтобы создать угол, или [Расстояние/Угол/Метод]: 
Команда: 
Команда: 
Команда: 
Команда: _trim 
Текущие параметры: проекция = ПСК, кромка = Нет, режим = Быстрый
Выбрать режущие кромки...найдено: 1

Выберите обрезаемый или удлиняемый объект (плюс SHIFT) либо [реЖущие кромки/Секрамка/Режим/Проекция/уДалить]: 

Выберите обрезаемый или удлиняемый объект (плюс SHIFT) либо [реЖущие кромки/Секрамка/Режим/Проекция/уДалить/Отменить]: *Прервано*

Команда: 
Команда: 
Команда: 
Команда: 
Команда: _trim 
Текущие параметры: проекция = ПСК, кромка = Нет, режим = Быстрый
Выбрать режущие кромки...найдено: 2

Выберите обрезаемый или удлиняемый объект (плюс SHIFT) либо [реЖущие кромки/Секрамка/Режим/Проекция/уДалить]: 
Выберите обрезаемый или удлиняемый объект (плюс SHIFT) либо [реЖущие кромки/Секрамка/Режим/Проекция/уДалить/Отменить]: 
Укажите следующую точку линии выбора или [Отменить]: 
Укажите следующую точку линии выбора или [Отменить]: 
Укажите следующую точку линии выбора или [Отменить]: 
Укажите следующую точку линии выбора или [Отменить]: 

Выберите обрезаемый или удлиняемый объект (плюс SHIFT) либо [реЖущие кромки/Секрамка/Режим/Проекция/уДалить/Отменить]: *Прервано*

Команда: 
Команда: 
Команда: _chamfer 
(Режим С ОБРЕЗКОЙ) Параметры фаски: Длина1 = 0.0000, Длина2 = 0.0000
Выберите первый отрезок или [оТменить/полИлиния/Длина/Угол/оБрезка/Метод/Несколько]: 
Выберите второй отрезок или нажмите клавишу Shift при выборе, чтобы создать угол, или [Расстояние/Угол/Метод]: 
Команда:  ФАСКА

(Режим С ОБРЕЗКОЙ) Параметры фаски: Длина1 = 0.0000, Длина2 = 0.0000
Выберите первый отрезок или [оТменить/полИлиния/Длина/Угол/оБрезка/Метод/Несколько]: 
Выберите второй отрезок или нажмите клавишу Shift при выборе, чтобы создать угол, или [Расстояние/Угол/Метод]: 
Команда:  ФАСКА

(Режим С ОБРЕЗКОЙ) Параметры фаски: Длина1 = 0.0000, Длина2 = 0.0000
Выберите первый отрезок или [оТменить/полИлиния/Длина/Угол/оБрезка/Метод/Несколько]: 
Выберите второй отрезок или нажмите клавишу Shift при выборе, чтобы создать угол, или [Расстояние/Угол/Метод]: 
Команда:  ФАСКА

(Режим С ОБРЕЗКОЙ) Параметры фаски: Длина1 = 0.0000, Длина2 = 0.0000
Выберите первый отрезок или [оТменить/полИлиния/Длина/Угол/оБрезка/Метод/Несколько]: 
Выберите второй отрезок или нажмите клавишу Shift при выборе, чтобы создать угол, или [Расстояние/Угол/Метод]: 
Команда:  ФАСКА

(Режим С ОБРЕЗКОЙ) Параметры фаски: Длина1 = 0.0000, Длина2 = 0.0000
Выберите первый отрезок или [оТменить/полИлиния/Длина/Угол/оБрезка/Метод/Несколько]: 
Выберите второй отрезок или нажмите клавишу Shift при выборе, чтобы создать угол, или [Расстояние/Угол/Метод]: 
Команда:  ФАСКА

(Режим С ОБРЕЗКОЙ) Параметры фаски: Длина1 = 0.0000, Длина2 = 0.0000
Выберите первый отрезок или [оТменить/полИлиния/Длина/Угол/оБрезка/Метод/Несколько]: 
Выберите второй отрезок или нажмите клавишу Shift при выборе, чтобы создать угол, или [Расстояние/Угол/Метод]: 
Команда:  ФАСКА

(Режим С ОБРЕЗКОЙ) Параметры фаски: Длина1 = 0.0000, Длина2 = 0.0000
Выберите первый отрезок или [оТменить/полИлиния/Длина/Угол/оБрезка/Метод/Несколько]: 
Выберите второй отрезок или нажмите клавишу Shift при выборе, чтобы создать угол, или [Расстояние/Угол/Метод]: 
Команда:  ФАСКА

(Режим С ОБРЕЗКОЙ) Параметры фаски: Длина1 = 0.0000, Длина2 = 0.0000
Выберите первый отрезок или [оТменить/полИлиния/Длина/Угол/оБрезка/Метод/Несколько]: 
Выберите второй отрезок или нажмите клавишу Shift при выборе, чтобы создать угол, или [Расстояние/Угол/Метод]: 
Команда: 
Команда: 
Команда: 
Команда: _trim 
Текущие параметры: проекция = ПСК, кромка = Нет, режим = Быстрый
Выбрать режущие кромки...найдено: 1

Выберите обрезаемый или удлиняемый объект (плюс SHIFT) либо [реЖущие кромки/Секрамка/Режим/Проекция/уДалить]: 

Выберите обрезаемый или удлиняемый объект (плюс SHIFT) либо [реЖущие кромки/Секрамка/Режим/Проекция/уДалить/Отменить]: *Прервано*

Команда: 
Команда: 
Команда: 
Команда: 
Команда: _trim 
Текущие параметры: проекция = ПСК, кромка = Нет, режим = Быстрый
Выбрать режущие кромки...найдено: 2

Выберите обрезаемый или удлиняемый объект (плюс SHIFT) либо [реЖущие кромки/Секрамка/Режим/Проекция/уДалить]: 

Выберите обрезаемый или удлиняемый объект (плюс SHIFT) либо [реЖущие кромки/Секрамка/Режим/Проекция/уДалить/Отменить]: *Прервано*

Команда: 
Команда: 
Команда: _chamfer 
(Режим С ОБРЕЗКОЙ) Параметры фаски: Длина1 = 0.0000, Длина2 = 0.0000
Выберите первый отрезок или [оТменить/полИлиния/Длина/Угол/оБрезка/Метод/Несколько]: 
Выберите второй отрезок или нажмите клавишу Shift при выборе, чтобы создать угол, или [Расстояние/Угол/Метод]: 
Команда:  ФАСКА

(Режим С ОБРЕЗКОЙ) Параметры фаски: Длина1 = 0.0000, Длина2 = 0.0000
Выберите первый отрезок или [оТменить/полИлиния/Длина/Угол/оБрезка/Метод/Несколько]: 
Выберите второй отрезок или нажмите клавишу Shift при выборе, чтобы создать угол, или [Расстояние/Угол/Метод]: 
Команда:  ФАСКА

(Режим С ОБРЕЗКОЙ) Параметры фаски: Длина1 = 0.0000, Длина2 = 0.0000
Выберите первый отрезок или [оТменить/полИлиния/Длина/Угол/оБрезка/Метод/Несколько]: 
Выберите второй отрезок или нажмите клавишу Shift при выборе, чтобы создать угол, или [Расстояние/Угол/Метод]: 
Команда:  ФАСКА

(Режим С ОБРЕЗКОЙ) Параметры фаски: Длина1 = 0.0000, Длина2 = 0.0000
Выберите первый отрезок или [оТменить/полИлиния/Длина/Угол/оБрезка/Метод/Несколько]: 
Выберите второй отрезок или нажмите клавишу Shift при выборе, чтобы создать угол, или [Расстояние/Угол/Метод]: 
Команда:  ФАСКА

(Режим С ОБРЕЗКОЙ) Параметры фаски: Длина1 = 0.0000, Длина2 = 0.0000
Выберите первый отрезок или [оТменить/полИлиния/Длина/Угол/оБрезка/Метод/Несколько]: 
Выберите второй отрезок или нажмите клавишу Shift при выборе, чтобы создать угол, или [Расстояние/Угол/Метод]: 
Команда:  ФАСКА

(Режим С ОБРЕЗКОЙ) Параметры фаски: Длина1 = 0.0000, Длина2 = 0.0000
Выберите первый отрезок или [оТменить/полИлиния/Длина/Угол/оБрезка/Метод/Несколько]: 
Выберите второй отрезок или нажмите клавишу Shift при выборе, чтобы создать угол, или [Расстояние/Угол/Метод]: 
Команда:  ФАСКА

(Режим С ОБРЕЗКОЙ) Параметры фаски: Длина1 = 0.0000, Длина2 = 0.0000
Выберите первый отрезок или [оТменить/полИлиния/Длина/Угол/оБрезка/Метод/Несколько]: 
Выберите второй отрезок или нажмите клавишу Shift при выборе, чтобы создать угол, или [Расстояние/Угол/Метод]: 
Команда:  ФАСКА

(Режим С ОБРЕЗКОЙ) Параметры фаски: Длина1 = 0.0000, Длина2 = 0.0000
Выберите первый отрезок или [оТменить/полИлиния/Длина/Угол/оБрезка/Метод/Несколько]: 
Выберите второй отрезок или нажмите клавишу Shift при выборе, чтобы создать угол, или [Расстояние/Угол/Метод]: 
Команда: 
Команда: 
Команда: 
Команда: _trim 
Текущие параметры: проекция = ПСК, кромка = Нет, режим = Быстрый
Выбрать режущие кромки...найдено: 1

Выберите обрезаемый или удлиняемый объект (плюс SHIFT) либо [реЖущие кромки/Секрамка/Режим/Проекция/уДалить]: 

Выберите обрезаемый или удлиняемый объект (плюс SHIFT) либо [реЖущие кромки/Секрамка/Режим/Проекция/уДалить/Отменить]: *Прервано*

Команда: 
Команда: 
Команда: _chamfer 
(Режим С ОБРЕЗКОЙ) Параметры фаски: Длина1 = 0.0000, Длина2 = 0.0000
Выберите первый отрезок или [оТменить/полИлиния/Длина/Угол/оБрезка/Метод/Несколько]: 
Выберите второй отрезок или нажмите клавишу Shift при выборе, чтобы создать угол, или [Расстояние/Угол/Метод]: 
Команда:  ФАСКА

(Режим С ОБРЕЗКОЙ) Параметры фаски: Длина1 = 0.0000, Длина2 = 0.0000
Выберите первый отрезок или [оТменить/полИлиния/Длина/Угол/оБрезка/Метод/Несколько]: 
Выберите второй отрезок или нажмите клавишу Shift при выборе, чтобы создать угол, или [Расстояние/Угол/Метод]: 
Команда:  ФАСКА

(Режим С ОБРЕЗКОЙ) Параметры фаски: Длина1 = 0.0000, Длина2 = 0.0000
Выберите первый отрезок или [оТменить/полИлиния/Длина/Угол/оБрезка/Метод/Несколько]: 
Выберите второй отрезок или нажмите клавишу Shift при выборе, чтобы создать угол, или [Расстояние/Угол/Метод]: *Прервано*

Команда: Задайте противоположный угол или [Линия/РМн-угол/СМн-угол]: 
Команда: 
Команда: 
Команда: 
Команда: 
Команда: _trim 
Текущие параметры: проекция = ПСК, кромка = Нет, режим = Быстрый
Выбрать режущие кромки...найдено: 2

Выберите обрезаемый или удлиняемый объект (плюс SHIFT) либо [реЖущие кромки/Секрамка/Режим/Проекция/уДалить]: 

Выберите обрезаемый или удлиняемый объект (плюс SHIFT) либо [реЖущие кромки/Секрамка/Режим/Проекция/уДалить/Отменить]: *Прервано*

Команда: 
Команда: 
Команда: _chamfer 
(Режим С ОБРЕЗКОЙ) Параметры фаски: Длина1 = 0.0000, Длина2 = 0.0000
Выберите первый отрезок или [оТменить/полИлиния/Длина/Угол/оБрезка/Метод/Несколько]: 
Выберите второй отрезок или нажмите клавишу Shift при выборе, чтобы создать угол, или [Расстояние/Угол/Метод]: 
Команда:  ФАСКА

(Режим С ОБРЕЗКОЙ) Параметры фаски: Длина1 = 0.0000, Длина2 = 0.0000
Выберите первый отрезок или [оТменить/полИлиния/Длина/Угол/оБрезка/Метод/Несколько]: 
Выберите второй отрезок или нажмите клавишу Shift при выборе, чтобы создать угол, или [Расстояние/Угол/Метод]: 
Команда:  ФАСКА

(Режим С ОБРЕЗКОЙ) Параметры фаски: Длина1 = 0.0000, Длина2 = 0.0000
Выберите первый отрезок или [оТменить/полИлиния/Длина/Угол/оБрезка/Метод/Несколько]: 
Выберите второй отрезок или нажмите клавишу Shift при выборе, чтобы создать угол, или [Расстояние/Угол/Метод]: 
Команда:  ФАСКА

(Режим С ОБРЕЗКОЙ) Параметры фаски: Длина1 = 0.0000, Длина2 = 0.0000
Выберите первый отрезок или [оТменить/полИлиния/Длина/Угол/оБрезка/Метод/Несколько]: *Прервано*

Команда:  ФАСКА

(Режим С ОБРЕЗКОЙ) Параметры фаски: Длина1 = 0.0000, Длина2 = 0.0000
Выберите первый отрезок или [оТменить/полИлиния/Длина/Угол/оБрезка/Метод/Несколько]: 
Выберите второй отрезок или нажмите клавишу Shift при выборе, чтобы создать угол, или [Расстояние/Угол/Метод]: 
Команда:  ФАСКА

(Режим С ОБРЕЗКОЙ) Параметры фаски: Длина1 = 0.0000, Длина2 = 0.0000
Выберите первый отрезок или [оТменить/полИлиния/Длина/Угол/оБрезка/Метод/Несколько]: 
Выберите второй отрезок или нажмите клавишу Shift при выборе, чтобы создать угол, или [Расстояние/Угол/Метод]: 
Команда:  ФАСКА

(Режим С ОБРЕЗКОЙ) Параметры фаски: Длина1 = 0.0000, Длина2 = 0.0000
Выберите первый отрезок или [оТменить/полИлиния/Длина/Угол/оБрезка/Метод/Несколько]: 
Выберите второй отрезок или нажмите клавишу Shift при выборе, чтобы создать угол, или [Расстояние/Угол/Метод]: 
Команда: Задайте противоположный угол или [Линия/РМн-угол/СМн-угол]: 
Команда: 
Команда: 
Команда: _trim 
Текущие параметры: проекция = ПСК, кромка = Нет, режим = Быстрый
Выбрать режущие кромки...найдено: 1

Выберите обрезаемый или удлиняемый объект (плюс SHIFT) либо [реЖущие кромки/Секрамка/Режим/Проекция/уДалить]: 

Выберите обрезаемый или удлиняемый объект (плюс SHIFT) либо [реЖущие кромки/Секрамка/Режим/Проекция/уДалить/Отменить]: *Прервано*

Команда: 
Команда: 
Команда: 
Команда: 
Команда: _trim 
Текущие параметры: проекция = ПСК, кромка = Нет, режим = Быстрый
Выбрать режущие кромки...найдено: 2

Выберите обрезаемый или удлиняемый объект (плюс SHIFT) либо [реЖущие кромки/Секрамка/Режим/Проекция/уДалить]: 

Выберите обрезаемый или удлиняемый объект (плюс SHIFT) либо [реЖущие кромки/Секрамка/Режим/Проекция/уДалить/Отменить]: *Прервано*

Команда: 
Команда: 
Команда: _chamfer 
(Режим С ОБРЕЗКОЙ) Параметры фаски: Длина1 = 0.0000, Длина2 = 0.0000
Выберите первый отрезок или [оТменить/полИлиния/Длина/Угол/оБрезка/Метод/Несколько]: 
Выберите второй отрезок или нажмите клавишу Shift при выборе, чтобы создать угол, или [Расстояние/Угол/Метод]: 
Команда:  ФАСКА

(Режим С ОБРЕЗКОЙ) Параметры фаски: Длина1 = 0.0000, Длина2 = 0.0000
Выберите первый отрезок или [оТменить/полИлиния/Длина/Угол/оБрезка/Метод/Несколько]: 
Выберите второй отрезок или нажмите клавишу Shift при выборе, чтобы создать угол, или [Расстояние/Угол/Метод]: 
Команда:  ФАСКА

(Режим С ОБРЕЗКОЙ) Параметры фаски: Длина1 = 0.0000, Длина2 = 0.0000
Выберите первый отрезок или [оТменить/полИлиния/Длина/Угол/оБрезка/Метод/Несколько]: 
Выберите второй отрезок или нажмите клавишу Shift при выборе, чтобы создать угол, или [Расстояние/Угол/Метод]: 
Команда:  ФАСКА

(Режим С ОБРЕЗКОЙ) Параметры фаски: Длина1 = 0.0000, Длина2 = 0.0000
Выберите первый отрезок или [оТменить/полИлиния/Длина/Угол/оБрезка/Метод/Несколько]: 
Выберите второй отрезок или нажмите клавишу Shift при выборе, чтобы создать угол, или [Расстояние/Угол/Метод]: 
Команда:  ФАСКА

(Режим С ОБРЕЗКОЙ) Параметры фаски: Длина1 = 0.0000, Длина2 = 0.0000
Выберите первый отрезок или [оТменить/полИлиния/Длина/Угол/оБрезка/Метод/Несколько]: 
Выберите второй отрезок или нажмите клавишу Shift при выборе, чтобы создать угол, или [Расстояние/Угол/Метод]: 
Команда:  ФАСКА

(Режим С ОБРЕЗКОЙ) Параметры фаски: Длина1 = 0.0000, Длина2 = 0.0000
Выберите первый отрезок или [оТменить/полИлиния/Длина/Угол/оБрезка/Метод/Несколько]: 
Выберите второй отрезок или нажмите клавишу Shift при выборе, чтобы создать угол, или [Расстояние/Угол/Метод]: 
Команда:  ФАСКА

(Режим С ОБРЕЗКОЙ) Параметры фаски: Длина1 = 0.0000, Длина2 = 0.0000
Выберите первый отрезок или [оТменить/полИлиния/Длина/Угол/оБрезка/Метод/Несколько]: 
Выберите второй отрезок или нажмите клавишу Shift при выборе, чтобы создать угол, или [Расстояние/Угол/Метод]: 
Команда:  ФАСКА

(Режим С ОБРЕЗКОЙ) Параметры фаски: Длина1 = 0.0000, Длина2 = 0.0000
Выберите первый отрезок или [оТменить/полИлиния/Длина/Угол/оБрезка/Метод/Несколько]: 
Выберите второй отрезок или нажмите клавишу Shift при выборе, чтобы создать угол, или [Расстояние/Угол/Метод]: 
Команда: 
Команда: 
Команда: 
Команда: _trim 
Текущие параметры: проекция = ПСК, кромка = Нет, режим = Быстрый
Выбрать режущие кромки...найдено: 1

Выберите обрезаемый или удлиняемый объект (плюс SHIFT) либо [реЖущие кромки/Секрамка/Режим/Проекция/уДалить]: 

Выберите обрезаемый или удлиняемый объект (плюс SHIFT) либо [реЖущие кромки/Секрамка/Режим/Проекция/уДалить/Отменить]: *Прервано*

Команда: 
Команда: 
Команда: 
Команда: 
Команда: _trim 
Текущие параметры: проекция = ПСК, кромка = Нет, режим = Быстрый
Выбрать режущие кромки...найдено: 2

Выберите обрезаемый или удлиняемый объект (плюс SHIFT) либо [реЖущие кромки/Секрамка/Режим/Проекция/уДалить]: 

Выберите обрезаемый или удлиняемый объект (плюс SHIFT) либо [реЖущие кромки/Секрамка/Режим/Проекция/уДалить/Отменить]: *Прервано*

Команда: 
Команда: 
Команда: _chamfer 
(Режим С ОБРЕЗКОЙ) Параметры фаски: Длина1 = 0.0000, Длина2 = 0.0000
Выберите первый отрезок или [оТменить/полИлиния/Длина/Угол/оБрезка/Метод/Несколько]: 
Выберите второй отрезок или нажмите клавишу Shift при выборе, чтобы создать угол, или [Расстояние/Угол/Метод]: 
Команда:  ФАСКА

(Режим С ОБРЕЗКОЙ) Параметры фаски: Длина1 = 0.0000, Длина2 = 0.0000
Выберите первый отрезок или [оТменить/полИлиния/Длина/Угол/оБрезка/Метод/Несколько]: 
Выберите второй отрезок или нажмите клавишу Shift при выборе, чтобы создать угол, или [Расстояние/Угол/Метод]: 
Команда:  ФАСКА

(Режим С ОБРЕЗКОЙ) Параметры фаски: Длина1 = 0.0000, Длина2 = 0.0000
Выберите первый отрезок или [оТменить/полИлиния/Длина/Угол/оБрезка/Метод/Несколько]: 
Выберите второй отрезок или нажмите клавишу Shift при выборе, чтобы создать угол, или [Расстояние/Угол/Метод]: 
Команда:  ФАСКА

(Режим С ОБРЕЗКОЙ) Параметры фаски: Длина1 = 0.0000, Длина2 = 0.0000
Выберите первый отрезок или [оТменить/полИлиния/Длина/Угол/оБрезка/Метод/Несколько]: 
Выберите второй отрезок или нажмите клавишу Shift при выборе, чтобы создать угол, или [Расстояние/Угол/Метод]: 
Команда:  ФАСКА

(Режим С ОБРЕЗКОЙ) Параметры фаски: Длина1 = 0.0000, Длина2 = 0.0000
Выберите первый отрезок или [оТменить/полИлиния/Длина/Угол/оБрезка/Метод/Несколько]: 
Выберите второй отрезок или нажмите клавишу Shift при выборе, чтобы создать угол, или [Расстояние/Угол/Метод]: 
Команда:  ФАСКА

(Режим С ОБРЕЗКОЙ) Параметры фаски: Длина1 = 0.0000, Длина2 = 0.0000
Выберите первый отрезок или [оТменить/полИлиния/Длина/Угол/оБрезка/Метод/Несколько]: 
Выберите второй отрезок или нажмите клавишу Shift при выборе, чтобы создать угол, или [Расстояние/Угол/Метод]: 
Команда:  ФАСКА

(Режим С ОБРЕЗКОЙ) Параметры фаски: Длина1 = 0.0000, Длина2 = 0.0000
Выберите первый отрезок или [оТменить/полИлиния/Длина/Угол/оБрезка/Метод/Несколько]: 
Выберите второй отрезок или нажмите клавишу Shift при выборе, чтобы создать угол, или [Расстояние/Угол/Метод]: 
Команда:  ФАСКА

(Режим С ОБРЕЗКОЙ) Параметры фаски: Длина1 = 0.0000, Длина2 = 0.0000
Выберите первый отрезок или [оТменить/полИлиния/Длина/Угол/оБрезка/Метод/Несколько]: 
Выберите второй отрезок или нажмите клавишу Shift при выборе, чтобы создать угол, или [Расстояние/Угол/Метод]: 
Команда: 
Команда: 
Команда: 
Команда: _trim 
Текущие параметры: проекция = ПСК, кромка = Нет, режим = Быстрый
Выбрать режущие кромки...найдено: 1

Выберите обрезаемый или удлиняемый объект (плюс SHIFT) либо [реЖущие кромки/Секрамка/Режим/Проекция/уДалить]: 

Выберите обрезаемый или удлиняемый объект (плюс SHIFT) либо [реЖущие кромки/Секрамка/Режим/Проекция/уДалить/Отменить]: *Прервано*

Команда: 
Команда: 
Команда: _chamfer 
(Режим С ОБРЕЗКОЙ) Параметры фаски: Длина1 = 0.0000, Длина2 = 0.0000
Выберите первый отрезок или [оТменить/полИлиния/Длина/Угол/оБрезка/Метод/Несколько]: 
Выберите второй отрезок или нажмите клавишу Shift при выборе, чтобы создать угол, или [Расстояние/Угол/Метод]: 
Команда:  ФАСКА

(Режим С ОБРЕЗКОЙ) Параметры фаски: Длина1 = 0.0000, Длина2 = 0.0000
Выберите первый отрезок или [оТменить/полИлиния/Длина/Угол/оБрезка/Метод/Несколько]: 
Выберите второй отрезок или нажмите клавишу Shift при выборе, чтобы создать угол, или [Расстояние/Угол/Метод]: 
Команда:  ФАСКА

(Режим С ОБРЕЗКОЙ) Параметры фаски: Длина1 = 0.0000, Длина2 = 0.0000
Выберите первый отрезок или [оТменить/полИлиния/Длина/Угол/оБрезка/Метод/Несколько]: 
Выберите второй отрезок или нажмите клавишу Shift при выборе, чтобы создать угол, или [Расстояние/Угол/Метод]: 
Команда:  ФАСКА

(Режим С ОБРЕЗКОЙ) Параметры фаски: Длина1 = 0.0000, Длина2 = 0.0000
Выберите первый отрезок или [оТменить/полИлиния/Длина/Угол/оБрезка/Метод/Несколько]: 
Выберите второй отрезок или нажмите клавишу Shift при выборе, чтобы создать угол, или [Расстояние/Угол/Метод]: 
Команда:  ФАСКА

(Режим С ОБРЕЗКОЙ) Параметры фаски: Длина1 = 0.0000, Длина2 = 0.0000
Выберите первый отрезок или [оТменить/полИлиния/Длина/Угол/оБрезка/Метод/Несколько]: 
Выберите второй отрезок или нажмите клавишу Shift при выборе, чтобы создать угол, или [Расстояние/Угол/Метод]: 
Команда:  ФАСКА

(Режим С ОБРЕЗКОЙ) Параметры фаски: Длина1 = 0.0000, Длина2 = 0.0000
Выберите первый отрезок или [оТменить/полИлиния/Длина/Угол/оБрезка/Метод/Несколько]: 
Выберите второй отрезок или нажмите клавишу Shift при выборе, чтобы создать угол, или [Расстояние/Угол/Метод]: 
Команда:  ФАСКА

(Режим С ОБРЕЗКОЙ) Параметры фаски: Длина1 = 0.0000, Длина2 = 0.0000
Выберите первый отрезок или [оТменить/полИлиния/Длина/Угол/оБрезка/Метод/Несколько]: 
Выберите второй отрезок или нажмите клавишу Shift при выборе, чтобы создать угол, или [Расстояние/Угол/Метод]: 
Команда: 
Команда: 
Команда: _chamfer 
(Режим С ОБРЕЗКОЙ) Параметры фаски: Длина1 = 0.0000, Длина2 = 0.0000
Выберите первый отрезок или [оТменить/полИлиния/Длина/Угол/оБрезка/Метод/Несколько]: 
Выберите второй отрезок или нажмите клавишу Shift при выборе, чтобы создать угол, или [Расстояние/Угол/Метод]: 
Команда:  ФАСКА

(Режим С ОБРЕЗКОЙ) Параметры фаски: Длина1 = 0.0000, Длина2 = 0.0000
Выберите первый отрезок или [оТменить/полИлиния/Длина/Угол/оБрезка/Метод/Несколько]: 
Выберите второй отрезок или нажмите клавишу Shift при выборе, чтобы создать угол, или [Расстояние/Угол/Метод]: 
Команда:  ФАСКА

(Режим С ОБРЕЗКОЙ) Параметры фаски: Длина1 = 0.0000, Длина2 = 0.0000
Выберите первый отрезок или [оТменить/полИлиния/Длина/Угол/оБрезка/Метод/Несколько]: 
Выберите второй отрезок или нажмите клавишу Shift при выборе, чтобы создать угол, или [Расстояние/Угол/Метод]: 
Команда: *Прервано*

Команда: 
Команда: 
Команда: 
Команда: 
Команда: _trim 
Текущие параметры: проекция = ПСК, кромка = Нет, режим = Быстрый
Выбрать режущие кромки...найдено: 2

Выберите обрезаемый или удлиняемый объект (плюс SHIFT) либо [реЖущие кромки/Секрамка/Режим/Проекция/уДалить]: 

Выберите обрезаемый или удлиняемый объект (плюс SHIFT) либо [реЖущие кромки/Секрамка/Режим/Проекция/уДалить/Отменить]: *Прервано*

Команда: 
Команда: 
Команда: _line 
Первая точка: 
Следующая точка или [оТменить]: *Прервано*

Команда: 
Команда: 
Команда: _line 
Первая точка: 
Следующая точка или [оТменить]: 
Следующая точка или [оТменить]: *Прервано*

Команда: 
Команда: 
Команда: 
Команда: _move найдено: 1

Базовая точка или [Смещение] <Смещение>: 
Вторая точка или <считать смещением первую точку>: 1

Команда: *Прервано*

Команда: 
Команда: 
Команда: _chamfer 
(Режим С ОБРЕЗКОЙ) Параметры фаски: Длина1 = 0.0000, Длина2 = 0.0000
Выберите первый отрезок или [оТменить/полИлиния/Длина/Угол/оБрезка/Метод/Несколько]: 
Выберите второй отрезок или нажмите клавишу Shift при выборе, чтобы создать угол, или [Расстояние/Угол/Метод]: 
Команда:  ФАСКА

(Режим С ОБРЕЗКОЙ) Параметры фаски: Длина1 = 0.0000, Длина2 = 0.0000
Выберите первый отрезок или [оТменить/полИлиния/Длина/Угол/оБрезка/Метод/Несколько]: *Прервано*

Команда: 
Команда: 
Команда: _chamfer 
(Режим С ОБРЕЗКОЙ) Параметры фаски: Длина1 = 0.0000, Длина2 = 0.0000
Выберите первый отрезок или [оТменить/полИлиния/Длина/Угол/оБрезка/Метод/Несколько]: 
Выберите второй отрезок или нажмите клавишу Shift при выборе, чтобы создать угол, или [Расстояние/Угол/Метод]: 
Команда:  ФАСКА

(Режим С ОБРЕЗКОЙ) Параметры фаски: Длина1 = 0.0000, Длина2 = 0.0000
Выберите первый отрезок или [оТменить/полИлиния/Длина/Угол/оБрезка/Метод/Несколько]: 
Выберите второй отрезок или нажмите клавишу Shift при выборе, чтобы создать угол, или [Расстояние/Угол/Метод]: 
Команда:  ФАСКА

(Режим С ОБРЕЗКОЙ) Параметры фаски: Длина1 = 0.0000, Длина2 = 0.0000
Выберите первый отрезок или [оТменить/полИлиния/Длина/Угол/оБрезка/Метод/Несколько]: 
Выберите второй отрезок или нажмите клавишу Shift при выборе, чтобы создать угол, или [Расстояние/Угол/Метод]: 
Команда:  ФАСКА

(Режим С ОБРЕЗКОЙ) Параметры фаски: Длина1 = 0.0000, Длина2 = 0.0000
Выберите первый отрезок или [оТменить/полИлиния/Длина/Угол/оБрезка/Метод/Несколько]: 
Выберите второй отрезок или нажмите клавишу Shift при выборе, чтобы создать угол, или [Расстояние/Угол/Метод]: 
Команда: 
Команда: *Прервано*

Команда: Задайте противоположный угол или [Линия/РМн-угол/СМн-угол]: 
Команда: Задайте противоположный угол или [Линия/РМн-угол/СМн-угол]: 
Команда: 
Команда: 
Команда: _move найдено: 10

Базовая точка или [Смещение] <Смещение>: 
Вторая точка или <считать смещением первую точку>: 
Команда: *Прервано*

Команда: Задайте противоположный угол или [Линия/РМн-угол/СМн-угол]: 
Команда: 
Команда: 
Команда: _cutclip найдено: 1

Команда: Задайте противоположный угол или [Линия/РМн-угол/СМн-угол]: 
Команда: 
Команда: 
Команда: _cutclip найдено: 1

Команда: 
Команда: _OFFSET

Текущие настройки: Удалить исходные=Нет  Слой=Источник  OFFSETGAPTYPE=0
Укажите расстояние смещения или [Через/Удалить/Слой] <Через>: 2

Укажите точку, определяющую сторону смещения, или [Выход/Несколько/Отменить] <Выход>: 
Выберите объект для смещения или [Выход/Отменить] <Выход>: *Прервано*

Команда:  ПОДОБИЕ

Текущие настройки: Удалить исходные=Нет  Слой=Источник  OFFSETGAPTYPE=0
Укажите расстояние смещения или [Через/Удалить/Слой] <2.0000>: 

Выберите объект для смещения или [Выход/Отменить] <Выход>: 
Укажите точку, определяющую сторону смещения, или [Выход/Несколько/Отменить] <Выход>: 
Выберите объект для смещения или [Выход/Отменить] <Выход>: 
Укажите точку, определяющую сторону смещения, или [Выход/Несколько/Отменить] <Выход>: 
Выберите объект для смещения или [Выход/Отменить] <Выход>: *Прервано*

Команда: 
Команда: '_matchprop 
Текущие активные настройки:  Цвет Слой Тип Лмасштаб Вес линий Прозрачность Толщина Стиль печати Размер Текст Штриховка Полилиния ВЭкран Таблица Материал Мультивыноска Центральный объект 

Выберите целевой объект(ы) или [Настройки]: 

Выберите целевой объект(ы) или [Настройки]: 

Выберите целевой объект(ы) или [Настройки]: 

Выберите целевой объект(ы) или [Настройки]: *Прервано*

Команда: Задайте противоположный угол или [Линия/РМн-угол/СМн-угол]: 
Команда: *Прервано*

Команда: Задайте противоположный угол или [Линия/РМн-угол/СМн-угол]: 
Команда: *Прервано*

Команда: *Прервано*

Команда: 
Команда: 
Команда: Задайте противоположный угол или [Линия/РМн-угол/СМн-угол]: 
Команда: 
Команда: 
Команда: _SelectSimilar 
Команда: Выполняется регенерация модели.
Задайте противоположный угол или [Линия/РМн-угол/СМн-угол]: 
Команда: 
Команда: 
Команда: _copybase 
Базовая точка: найдено: 16

Команда: *Прервано*

Команда: 
Команда: 
Команда: _pasteblock Подстановка [simplex.shx] вместо [GOST 2.304 type A].
Точка вставки: 
Команда: Задайте противоположный угол или [Линия/РМн-угол/СМн-угол]: 
Команда: 
Команда: 
Команда: _move найдено: 1

Базовая точка или [Смещение] <Смещение>: 
Вторая точка или <считать смещением первую точку>: 
Команда: *Прервано*

Команда: 
Команда: 
Команда: _copyclip найдено: 1

Команда: *Прервано*

Команда: 
Автоматическое сохранение в C:\Users\user\AppData\Local\Temp\15.2_НСС МПТЦ-подключение_1_32685_e9bd740e.sv$ ...

Команда: 
Команда: 
Команда: *Прервано*

Команда: *Прервано*

Команда:  
Команда: 
