[ AutoCAD - Mon Jul 27 11:54:30 2026  ]----------------------------------------

Открытие файла AutoCAD 2013/LT 2013.
Выполняется регенерация модели.


Утилиты меню AutoCAD загружены.
Команда: 

Файл Autodesk DWG. Это файл формата TrustedDWG, сохраненный в приложении Autodesk или в приложении, лицензированном корпорацией Autodesk.

Команда: 

Команда: 
Команда: Задайте противоположный угол или [Линия/РМн-угол/СМн-угол]: 
Команда: 
Команда: 
Команда: _cutclip найдено: 3

Команда: Задайте противоположный угол или [Линия/РМн-угол/СМн-угол]: 
Команда: 
Команда: 
Команда: _cutclip найдено: 2

Команда: Задайте противоположный угол или [Линия/РМн-угол/СМн-угол]: 
Команда: 
Команда: 
Команда: _cutclip найдено: 2

Команда: Задайте противоположный угол или [Линия/РМн-угол/СМн-угол]: 
Команда: 
Команда: 
Команда: _cutclip найдено: 2

Команда: Задайте противоположный угол или [Линия/РМн-угол/СМн-угол]: 
Команда: 
Команда: 
Команда: _cutclip найдено: 1

Команда: Задайте противоположный угол или [Линия/РМн-угол/СМн-угол]: 
Команда: 
Команда: 
Команда: _cutclip найдено: 2

Команда: _u 
Команда: _u ВБУФЕР ГРУППА 
Команда: _u INTELLIPAN 
Команда: _u ВБУФЕР ГРУППА 
Команда: _u INTELLIPAN 
Команда: _u ВБУФЕР ГРУППА 
Команда: _u ВБУФЕР ГРУППА 
Команда: _u ВБУФЕР ГРУППА 
Команда: _u INTELLIZOOM ГРУППА 
Команда: _u 
Команда: Задайте противоположный угол или [Линия/РМн-угол/СМн-угол]: 
Команда: Задайте противоположный угол или [Линия/РМн-угол/СМн-угол]: 
Команда: Задайте противоположный угол или [Линия/РМн-угол/СМн-угол]: 
Команда: 
Команда: 
Команда: _explode найдено: 12

Команда: Задайте противоположный угол или [Линия/РМн-угол/СМн-угол]: 
Команда: 
Команда: 
Команда: _cutclip найдено: 23

Команда: Задайте противоположный угол или [Линия/РМн-угол/СМн-угол]: 
Команда: 
Команда: 
Команда: _cutclip найдено: 6

Команда: Задайте противоположный угол или [Линия/РМн-угол/СМн-угол]: 
Команда: 
Команда: 
Команда: _cutclip найдено: 3

Команда: Задайте противоположный угол или [Линия/РМн-угол/СМн-угол]: 
Команда: 
Команда: 
Команда: _cutclip найдено: 7

Команда: Задайте противоположный угол или [Линия/РМн-угол/СМн-угол]: 
Команда: 
Команда: 
Команда: _cutclip найдено: 4

Команда: 
Команда: 
Команда: *Прервано*

Команда: Задайте противоположный угол или [Линия/РМн-угол/СМн-угол]: 
Команда: 
Команда: 
Команда: _cutclip найдено: 1

Команда: Задайте противоположный угол или [Линия/РМн-угол/СМн-угол]: 
Команда: 
Команда: 
Команда: _cutclip найдено: 1

Команда: Задайте противоположный угол или [Линия/РМн-угол/СМн-угол]: 
Команда: Задайте противоположный угол или [Линия/РМн-угол/СМн-угол]: 
Команда: 
Команда: 
Команда: _cutclip найдено: 2

Команда: Задайте противоположный угол или [Линия/РМн-угол/СМн-угол]: 
Команда: 
Команда: 
Команда: _cutclip найдено: 1

Команда: Задайте противоположный угол или [Линия/РМн-угол/СМн-угол]: 
Команда: Задайте противоположный угол или [Линия/РМн-угол/СМн-угол]: 
Команда: 
Команда: 
Команда: _cutclip найдено: 2

Команда: Задайте противоположный угол или [Линия/РМн-угол/СМн-угол]: *Прервано*

Команда: Задайте противоположный угол или [Линия/РМн-угол/СМн-угол]: 
Команда: _OFFSET

Текущие настройки: Удалить исходные=Нет  Слой=Источник  OFFSETGAPTYPE=0
Укажите расстояние смещения или [Через/Удалить/Слой] <Через>: 

Укажите точку, через которую проходит объект, или [Выход/Несколько/Отменить] <Выход>: 1

Выберите объект для смещения или [Выход/Отменить] <Выход>: *Прервано*

Команда: _u ПОДОБИЕ 
Команда: 
Команда: _OFFSET

Текущие настройки: Удалить исходные=Нет  Слой=Источник  OFFSETGAPTYPE=0
Укажите расстояние смещения или [Через/Удалить/Слой] <Через>: *Прервано*

Команда: 
Команда: *Прервано*

Команда: 
Команда: *Прервано*

Команда: *Прервано*

Команда: _APPLOAD
заборчик.lsp успешно загружено.


Команда: 
Команда: 
Команда: ЗАБОРЧИК

Выбери объекты для построения двух параллелей: 
Выберите объекты: найдено: 1

Выберите объекты: Противоположный угол: найдено: 1, всего: 2

Выберите объекты: Противоположный угол: найдено: 1, всего: 3

Выберите объекты: Противоположный угол: найдено: 1, всего: 4

Выберите объекты: Противоположный угол: найдено: 1, всего: 5

Выберите объекты: Противоположный угол: найдено: 0
Выберите объекты: Противоположный угол: найдено: 1, всего: 6

Выберите объекты: Противоположный угол: найдено: 1, всего: 7

Выберите объекты: 

Задай расстояние до параллелей: 1

[DBG] #0 тип=AcDbPolyline
[DBG]   +dist ok
[DBG]   -dist ok
[DBG] #1 тип=AcDbPolyline
[DBG]   +dist ok
[DBG]   -dist ok
[DBG] #2 тип=AcDbPolyline
[DBG]   +dist ok
[DBG]   -dist ok
[DBG] #3 тип=AcDbPolyline
[DBG]   +dist ok
[DBG]   -dist ok
[DBG] #4 тип=AcDbPolyline
[DBG]   +dist ok
[DBG]   -dist ok
[DBG] #5 тип=AcDbPolyline
[DBG]   +dist ok
[DBG]   -dist ok
[DBG] #6 тип=AcDbPolyline
[DBG]   +dist ok
[DBG]   -dist ok
Готово. Полностью обработано: 7, частично: 0, пропущено: 0.
Команда: 
Команда: 
Команда: 
Команда: _chamfer 
(Режим С ОБРЕЗКОЙ) Параметры фаски: Длина1 = 0.0000, Длина2 = 0.0000
Выберите первый отрезок или [оТменить/полИлиния/Длина/Угол/оБрезка/Метод/Несколько]: 
Выберите второй отрезок или нажмите клавишу Shift при выборе, чтобы создать угол, или [Расстояние/Угол/Метод]: 
Команда: *Прервано*

Команда: 
Команда: 
Команда: 
Команда: _pasteclip Точка вставки: 
Команда: *Прервано*

Команда: 
Команда: '_matchprop 
Текущие активные настройки:  Цвет Слой Тип Лмасштаб Вес линий Прозрачность Толщина Стиль печати Размер Текст Штриховка Полилиния ВЭкран Таблица Материал Мультивыноска Центральный объект 

Выберите целевой объект(ы) или [Настройки]: Противоположный угол: 

Выберите целевой объект(ы) или [Настройки]: *Прервано*

Команда: *Прервано*

Команда: 
Команда: 
Команда: _chamfer 
(Режим С ОБРЕЗКОЙ) Параметры фаски: Длина1 = 0.0000, Длина2 = 0.0000
Выберите первый отрезок или [оТменить/полИлиния/Длина/Угол/оБрезка/Метод/Несколько]: 
Выберите второй отрезок или нажмите клавишу Shift при выборе, чтобы создать угол, или [Расстояние/Угол/Метод]: 
Команда:  ФАСКА

(Режим С ОБРЕЗКОЙ) Параметры фаски: Длина1 = 0.0000, Длина2 = 0.0000
Выберите первый отрезок или [оТменить/полИлиния/Длина/Угол/оБрезка/Метод/Несколько]: 
Выберите второй отрезок или нажмите клавишу Shift при выборе, чтобы создать угол, или [Расстояние/Угол/Метод]: 
Команда: 
Команда: *Прервано*

Команда: Задайте противоположный угол или [Линия/РМн-угол/СМн-угол]: 
Команда: '_matchprop 
Текущие активные настройки:  Цвет Слой Тип Лмасштаб Вес линий Прозрачность Толщина Стиль печати Размер Текст Штриховка Полилиния ВЭкран Таблица Материал Мультивыноска Центральный объект 

Выберите целевой объект(ы) или [Настройки]: 

Выберите целевой объект(ы) или [Настройки]: *Прервано*

Команда: 
Команда: 
Команда: _chamfer 
(Режим С ОБРЕЗКОЙ) Параметры фаски: Длина1 = 0.0000, Длина2 = 0.0000
Выберите первый отрезок или [оТменить/полИлиния/Длина/Угол/оБрезка/Метод/Несколько]: 
Выберите второй отрезок или нажмите клавишу Shift при выборе, чтобы создать угол, или [Расстояние/Угол/Метод]: 
Команда: _u 
Команда: _u INTELLIPAN INTELLIZOOM 
Команда: _u ФАСКА ГРУППА 
Команда: 
Команда: *Прервано*

Команда: 
Команда: '_matchprop 
Текущие активные настройки:  Цвет Слой Тип Лмасштаб Вес линий Прозрачность Толщина Стиль печати Размер Текст Штриховка Полилиния ВЭкран Таблица Материал Мультивыноска Центральный объект 

Выберите целевой объект(ы) или [Настройки]: 

Выберите целевой объект(ы) или [Настройки]: *Прервано*

Команда: 
Команда: 
Команда: _chamfer 
(Режим С ОБРЕЗКОЙ) Параметры фаски: Длина1 = 0.0000, Длина2 = 0.0000
Выберите первый отрезок или [оТменить/полИлиния/Длина/Угол/оБрезка/Метод/Несколько]: 
Выберите второй отрезок или нажмите клавишу Shift при выборе, чтобы создать угол, или [Расстояние/Угол/Метод]: 
Команда:  ФАСКА

(Режим С ОБРЕЗКОЙ) Параметры фаски: Длина1 = 0.0000, Длина2 = 0.0000
Выберите первый отрезок или [оТменить/полИлиния/Длина/Угол/оБрезка/Метод/Несколько]: 
Выберите второй отрезок или нажмите клавишу Shift при выборе, чтобы создать угол, или [Расстояние/Угол/Метод]: 
Команда: 
Команда: '_matchprop 
Текущие активные настройки:  Цвет Слой Тип Лмасштаб Вес линий Прозрачность Толщина Стиль печати Размер Текст Штриховка Полилиния ВЭкран Таблица Материал Мультивыноска Центральный объект 

Выберите целевой объект(ы) или [Настройки]: 

Выберите целевой объект(ы) или [Настройки]: *Прервано*

Команда: 
Команда: 
Команда: _chamfer 
(Режим С ОБРЕЗКОЙ) Параметры фаски: Длина1 = 0.0000, Длина2 = 0.0000
Выберите первый отрезок или [оТменить/полИлиния/Длина/Угол/оБрезка/Метод/Несколько]: 
Выберите второй отрезок или нажмите клавишу Shift при выборе, чтобы создать угол, или [Расстояние/Угол/Метод]: 
Команда:  ФАСКА

(Режим С ОБРЕЗКОЙ) Параметры фаски: Длина1 = 0.0000, Длина2 = 0.0000
Выберите первый отрезок или [оТменить/полИлиния/Длина/Угол/оБрезка/Метод/Несколько]: 
Выберите второй отрезок или нажмите клавишу Shift при выборе, чтобы создать угол, или [Расстояние/Угол/Метод]: 
Команда:  ФАСКА

(Режим С ОБРЕЗКОЙ) Параметры фаски: Длина1 = 0.0000, Длина2 = 0.0000
Выберите первый отрезок или [оТменить/полИлиния/Длина/Угол/оБрезка/Метод/Несколько]: 
Выберите второй отрезок или нажмите клавишу Shift при выборе, чтобы создать угол, или [Расстояние/Угол/Метод]: 
Команда:  ФАСКА

(Режим С ОБРЕЗКОЙ) Параметры фаски: Длина1 = 0.0000, Длина2 = 0.0000
Выберите первый отрезок или [оТменить/полИлиния/Длина/Угол/оБрезка/Метод/Несколько]: 
Выберите второй отрезок или нажмите клавишу Shift при выборе, чтобы создать угол, или [Расстояние/Угол/Метод]: 
Команда:  ФАСКА

(Режим С ОБРЕЗКОЙ) Параметры фаски: Длина1 = 0.0000, Длина2 = 0.0000
Выберите первый отрезок или [оТменить/полИлиния/Длина/Угол/оБрезка/Метод/Несколько]: 
Выберите второй отрезок или нажмите клавишу Shift при выборе, чтобы создать угол, или [Расстояние/Угол/Метод]: 
Команда: *Прервано*

Команда: 
Команда: 
Команда: 
Команда: _move найдено: 1

Базовая точка или [Смещение] <Смещение>: 
Вторая точка или <считать смещением первую точку>: *Прервано*

Команда: 
Команда: 
Команда: 
Команда: _copy найдено: 1

Текущая настройка:  Режим копирования  = Несколько
Базовая точка или [Смещение/реЖим] <Смещение>: 
Вторая точка или [Массив] <использовать для смещения первую точку>: 
Укажите вторую точку или [Массив/Выход/Отменить] <Выход>: *Прервано*

Команда: 
Команда: 
Команда: 
Команда: _rotate 
Текущие установки отсчета углов в ПСК:  ANGDIR=против ч/с  ANGBASE=0
найдено: 1

Базовая точка: 
Угол поворота или [Копия/Опорный угол] <0>: 
Команда: 
Команда: 
Команда: 
Команда: _move найдено: 1

Базовая точка или [Смещение] <Смещение>: 
Вторая точка или <считать смещением первую точку>: 
Команда: 
Команда: 
Команда: 
Команда: _copy найдено: 1

Текущая настройка:  Режим копирования  = Несколько
Базовая точка или [Смещение/реЖим] <Смещение>: 
Вторая точка или [Массив] <использовать для смещения первую точку>: 
Укажите вторую точку или [Массив/Выход/Отменить] <Выход>: 
Укажите вторую точку или [Массив/Выход/Отменить] <Выход>: 
Укажите вторую точку или [Массив/Выход/Отменить] <Выход>: 
Укажите вторую точку или [Массив/Выход/Отменить] <Выход>: *Прервано*

Команда: *Прервано*

Команда: 
Команда: 
Команда: 
Команда: _rotate 
Текущие установки отсчета углов в ПСК:  ANGDIR=против ч/с  ANGBASE=0
найдено: 1

Базовая точка: 
Угол поворота или [Копия/Опорный угол] <270>: 
Команда: 
Команда: 
Команда: 
Команда: _rotate 
Текущие установки отсчета углов в ПСК:  ANGDIR=против ч/с  ANGBASE=0
найдено: 1

Базовая точка: 
Угол поворота или [Копия/Опорный угол] <92>: 
Команда: 
Команда: 
Команда: _line 
Первая точка: 
Следующая точка или [оТменить]: 
Следующая точка или [оТменить]: 
Следующая точка или [Замкнуть/Отменить]: 
Следующая точка или [Замкнуть/Отменить]: З

Команда: 
Команда: 
Команда: 
Команда: _addselected _.line 
Первая точка: *Прервано*

Команда: 
Команда: 
Команда: 
Команда: 
Команда: 
Команда: 
Команда: 
Команда: 
Команда: _trim 
Текущие параметры: проекция = ПСК, кромка = Нет, режим = Быстрый
Выбрать режущие кромки...найдено: 6

Выберите обрезаемый или удлиняемый объект (плюс SHIFT) либо [реЖущие кромки/Секрамка/Режим/Проекция/уДалить]: 

Выберите обрезаемый или удлиняемый объект (плюс SHIFT) либо [реЖущие кромки/Секрамка/Режим/Проекция/уДалить/Отменить]: 

Выберите обрезаемый или удлиняемый объект (плюс SHIFT) либо [реЖущие кромки/Секрамка/Режим/Проекция/уДалить/Отменить]: 

Выберите обрезаемый или удлиняемый объект (плюс SHIFT) либо [реЖущие кромки/Секрамка/Режим/Проекция/уДалить/Отменить]: 

Выберите обрезаемый или удлиняемый объект (плюс SHIFT) либо [реЖущие кромки/Секрамка/Режим/Проекция/уДалить/Отменить]: 

Выберите обрезаемый или удлиняемый объект (плюс SHIFT) либо [реЖущие кромки/Секрамка/Режим/Проекция/уДалить/Отменить]: *Прервано*

Команда: 
Команда: 
Команда: 
Команда: _move найдено: 1

Базовая точка или [Смещение] <Смещение>: 
Вторая точка или <считать смещением первую точку>: 
Команда: *Прервано*

Команда: 
Команда: 
Команда: _chamfer 
(Режим С ОБРЕЗКОЙ) Параметры фаски: Длина1 = 0.0000, Длина2 = 0.0000
Выберите первый отрезок или [оТменить/полИлиния/Длина/Угол/оБрезка/Метод/Несколько]: 
Выберите второй отрезок или нажмите клавишу Shift при выборе, чтобы создать угол, или [Расстояние/Угол/Метод]: 
Команда:  ФАСКА

(Режим С ОБРЕЗКОЙ) Параметры фаски: Длина1 = 0.0000, Длина2 = 0.0000
Выберите первый отрезок или [оТменить/полИлиния/Длина/Угол/оБрезка/Метод/Несколько]: 
Выберите второй отрезок или нажмите клавишу Shift при выборе, чтобы создать угол, или [Расстояние/Угол/Метод]: 
Команда:  ФАСКА

(Режим С ОБРЕЗКОЙ) Параметры фаски: Длина1 = 0.0000, Длина2 = 0.0000
Выберите первый отрезок или [оТменить/полИлиния/Длина/Угол/оБрезка/Метод/Несколько]: 
Выберите второй отрезок или нажмите клавишу Shift при выборе, чтобы создать угол, или [Расстояние/Угол/Метод]: 
Команда:  ФАСКА

(Режим С ОБРЕЗКОЙ) Параметры фаски: Длина1 = 0.0000, Длина2 = 0.0000
Выберите первый отрезок или [оТменить/полИлиния/Длина/Угол/оБрезка/Метод/Несколько]: 
Выберите второй отрезок или нажмите клавишу Shift при выборе, чтобы создать угол, или [Расстояние/Угол/Метод]: 
Команда:  ФАСКА

(Режим С ОБРЕЗКОЙ) Параметры фаски: Длина1 = 0.0000, Длина2 = 0.0000
Выберите первый отрезок или [оТменить/полИлиния/Длина/Угол/оБрезка/Метод/Несколько]: 
Выберите второй отрезок или нажмите клавишу Shift при выборе, чтобы создать угол, или [Расстояние/Угол/Метод]: 
Команда:  ФАСКА

(Режим С ОБРЕЗКОЙ) Параметры фаски: Длина1 = 0.0000, Длина2 = 0.0000
Выберите первый отрезок или [оТменить/полИлиния/Длина/Угол/оБрезка/Метод/Несколько]: 
Выберите второй отрезок или нажмите клавишу Shift при выборе, чтобы создать угол, или [Расстояние/Угол/Метод]: 
Команда:  ФАСКА

(Режим С ОБРЕЗКОЙ) Параметры фаски: Длина1 = 0.0000, Длина2 = 0.0000
Выберите первый отрезок или [оТменить/полИлиния/Длина/Угол/оБрезка/Метод/Несколько]: 
Выберите второй отрезок или нажмите клавишу Shift при выборе, чтобы создать угол, или [Расстояние/Угол/Метод]: 
Невозможно соединить фаской объект с самим собой.
Команда: 
Команда: *Прервано*

Команда: 
Команда: 
Команда: _chamfer 
(Режим С ОБРЕЗКОЙ) Параметры фаски: Длина1 = 0.0000, Длина2 = 0.0000
Выберите первый отрезок или [оТменить/полИлиния/Длина/Угол/оБрезка/Метод/Несколько]: 
Выберите второй отрезок или нажмите клавишу Shift при выборе, чтобы создать угол, или [Расстояние/Угол/Метод]: 
Команда: Задайте противоположный угол или [Линия/РМн-угол/СМн-угол]: 
Команда: 
Команда: 
Команда: _move найдено: 1

Базовая точка или [Смещение] <Смещение>: 
Вторая точка или <считать смещением первую точку>: 
Команда: 
Команда: 
Команда: _line 
Первая точка: 
Следующая точка или [оТменить]: 
Следующая точка или [оТменить]: 
Следующая точка или [Замкнуть/Отменить]: 
Следующая точка или [Замкнуть/Отменить]: З

Команда: 
Команда: 
Команда: _move найдено: 1

Базовая точка или [Смещение] <Смещение>: 
Вторая точка или <считать смещением первую точку>: 
Команда: *Прервано*

Команда: Задайте противоположный угол или [Линия/РМн-угол/СМн-угол]: 
Команда: Задайте противоположный угол или [Линия/РМн-угол/СМн-угол]: 
Команда: 
Команда: 
Команда: 
Команда: _trim 
Текущие параметры: проекция = ПСК, кромка = Нет, режим = Быстрый
Выбрать режущие кромки...найдено: 4

Выберите обрезаемый или удлиняемый объект (плюс SHIFT) либо [реЖущие кромки/Секрамка/Режим/Проекция/уДалить]: 

Выберите обрезаемый или удлиняемый объект (плюс SHIFT) либо [реЖущие кромки/Секрамка/Режим/Проекция/уДалить/Отменить]: 

Выберите обрезаемый или удлиняемый объект (плюс SHIFT) либо [реЖущие кромки/Секрамка/Режим/Проекция/уДалить/Отменить]: *Прервано*

Команда: 
Команда: 
Команда: 
Команда: Задайте противоположный угол или [Линия/РМн-угол/СМн-угол]: 
Команда: 
Команда: 
Команда: _trim 
Текущие параметры: проекция = ПСК, кромка = Нет, режим = Быстрый
Выбрать режущие кромки...найдено: 4

Выберите обрезаемый или удлиняемый объект (плюс SHIFT) либо [реЖущие кромки/Секрамка/Режим/Проекция/уДалить]: 
Выберите обрезаемый или удлиняемый объект (плюс SHIFT) либо [реЖущие кромки/Секрамка/Режим/Проекция/уДалить/Отменить]: 
Укажите следующую точку линии выбора или [Отменить]: 
Укажите следующую точку линии выбора или [Отменить]: 
Укажите следующую точку линии выбора или [Отменить]: 
Укажите следующую точку линии выбора или [Отменить]: 

Выберите обрезаемый или удлиняемый объект (плюс SHIFT) либо [реЖущие кромки/Секрамка/Режим/Проекция/уДалить/Отменить]: 
Выберите обрезаемый или удлиняемый объект (плюс SHIFT) либо [реЖущие кромки/Секрамка/Режим/Проекция/уДалить/Отменить]: 
Укажите следующую точку линии выбора или [Отменить]: 
Укажите следующую точку линии выбора или [Отменить]: 
Укажите следующую точку линии выбора или [Отменить]: 
Укажите следующую точку линии выбора или [Отменить]: 

Выберите обрезаемый или удлиняемый объект (плюс SHIFT) либо [реЖущие кромки/Секрамка/Режим/Проекция/уДалить/Отменить]: *Прервано*

Команда: 
Команда: 
Команда: _chamfer 
(Режим С ОБРЕЗКОЙ) Параметры фаски: Длина1 = 0.0000, Длина2 = 0.0000
Выберите первый отрезок или [оТменить/полИлиния/Длина/Угол/оБрезка/Метод/Несколько]: 
Выберите второй отрезок или нажмите клавишу Shift при выборе, чтобы создать угол, или [Расстояние/Угол/Метод]: 
Команда:  ФАСКА

(Режим С ОБРЕЗКОЙ) Параметры фаски: Длина1 = 0.0000, Длина2 = 0.0000
Выберите первый отрезок или [оТменить/полИлиния/Длина/Угол/оБрезка/Метод/Несколько]: 
Выберите второй отрезок или нажмите клавишу Shift при выборе, чтобы создать угол, или [Расстояние/Угол/Метод]: 
Команда:  ФАСКА

(Режим С ОБРЕЗКОЙ) Параметры фаски: Длина1 = 0.0000, Длина2 = 0.0000
Выберите первый отрезок или [оТменить/полИлиния/Длина/Угол/оБрезка/Метод/Несколько]: 
Выберите второй отрезок или нажмите клавишу Shift при выборе, чтобы создать угол, или [Расстояние/Угол/Метод]: 
Команда:  ФАСКА

(Режим С ОБРЕЗКОЙ) Параметры фаски: Длина1 = 0.0000, Длина2 = 0.0000
Выберите первый отрезок или [оТменить/полИлиния/Длина/Угол/оБрезка/Метод/Несколько]: 
Выберите второй отрезок или нажмите клавишу Shift при выборе, чтобы создать угол, или [Расстояние/Угол/Метод]: 
Команда:  ФАСКА

(Режим С ОБРЕЗКОЙ) Параметры фаски: Длина1 = 0.0000, Длина2 = 0.0000
Выберите первый отрезок или [оТменить/полИлиния/Длина/Угол/оБрезка/Метод/Несколько]: 
Выберите второй отрезок или нажмите клавишу Shift при выборе, чтобы создать угол, или [Расстояние/Угол/Метод]: 
Команда:  ФАСКА

(Режим С ОБРЕЗКОЙ) Параметры фаски: Длина1 = 0.0000, Длина2 = 0.0000
Выберите первый отрезок или [оТменить/полИлиния/Длина/Угол/оБрезка/Метод/Несколько]: 
Выберите второй отрезок или нажмите клавишу Shift при выборе, чтобы создать угол, или [Расстояние/Угол/Метод]: 
Команда:  ФАСКА

(Режим С ОБРЕЗКОЙ) Параметры фаски: Длина1 = 0.0000, Длина2 = 0.0000
Выберите первый отрезок или [оТменить/полИлиния/Длина/Угол/оБрезка/Метод/Несколько]: 
Выберите второй отрезок или нажмите клавишу Shift при выборе, чтобы создать угол, или [Расстояние/Угол/Метод]: 
Команда:  ФАСКА

(Режим С ОБРЕЗКОЙ) Параметры фаски: Длина1 = 0.0000, Длина2 = 0.0000
Выберите первый отрезок или [оТменить/полИлиния/Длина/Угол/оБрезка/Метод/Несколько]: 
Выберите второй отрезок или нажмите клавишу Shift при выборе, чтобы создать угол, или [Расстояние/Угол/Метод]: 
Команда: *Прервано*

Команда: Задайте противоположный угол или [Линия/РМн-угол/СМн-угол]: 
Команда: 
Команда: 
Команда: _move найдено: 1

Базовая точка или [Смещение] <Смещение>: 
Вторая точка или <считать смещением первую точку>: 
Команда: *Прервано*

Команда: 
Команда: 
Команда: _line 
Первая точка: 
Следующая точка или [оТменить]: 
Следующая точка или [оТменить]: 
Следующая точка или [Замкнуть/Отменить]: 
Следующая точка или [Замкнуть/Отменить]: З

Команда: 
Команда: 
Команда: 
Команда: _move найдено: 1

Базовая точка или [Смещение] <Смещение>: 
Вторая точка или <считать смещением первую точку>: 
Команда: *Прервано*

Команда: 
Команда: Задайте противоположный угол или [Линия/РМн-угол/СМн-угол]: 
Команда: Задайте противоположный угол или [Линия/РМн-угол/СМн-угол]: 
Команда: Задайте противоположный угол или [Линия/РМн-угол/СМн-угол]: 
Команда: Задайте противоположный угол или [Линия/РМн-угол/СМн-угол]: 
Команда: Задайте противоположный угол или [Линия/РМн-угол/СМн-угол]: 
Команда: Задайте противоположный угол или [Линия/РМн-угол/СМн-угол]: 
Команда: Задайте противоположный угол или [Линия/РМн-угол/СМн-угол]: 
Команда: 
Команда: 
Команда: _trim 
Текущие параметры: проекция = ПСК, кромка = Нет, режим = Быстрый
Выбрать режущие кромки...найдено: 8

Выберите обрезаемый или удлиняемый объект (плюс SHIFT) либо [реЖущие кромки/Секрамка/Режим/Проекция/уДалить]: 

Выберите обрезаемый или удлиняемый объект (плюс SHIFT) либо [реЖущие кромки/Секрамка/Режим/Проекция/уДалить/Отменить]: 

Выберите обрезаемый или удлиняемый объект (плюс SHIFT) либо [реЖущие кромки/Секрамка/Режим/Проекция/уДалить/Отменить]: 

Выберите обрезаемый или удлиняемый объект (плюс SHIFT) либо [реЖущие кромки/Секрамка/Режим/Проекция/уДалить/Отменить]: 

Выберите обрезаемый или удлиняемый объект (плюс SHIFT) либо [реЖущие кромки/Секрамка/Режим/Проекция/уДалить/Отменить]: 

Выберите обрезаемый или удлиняемый объект (плюс SHIFT) либо [реЖущие кромки/Секрамка/Режим/Проекция/уДалить/Отменить]: *Прервано*

Команда: 
Команда: 
Команда: _chamfer 
(Режим С ОБРЕЗКОЙ) Параметры фаски: Длина1 = 0.0000, Длина2 = 0.0000
Выберите первый отрезок или [оТменить/полИлиния/Длина/Угол/оБрезка/Метод/Несколько]: 
Выберите первый отрезок или [оТменить/полИлиния/Длина/Угол/оБрезка/Метод/Несколько]: 
Выберите второй отрезок или нажмите клавишу Shift при выборе, чтобы создать угол, или [Расстояние/Угол/Метод]: 
Команда:  ФАСКА

(Режим С ОБРЕЗКОЙ) Параметры фаски: Длина1 = 0.0000, Длина2 = 0.0000
Выберите первый отрезок или [оТменить/полИлиния/Длина/Угол/оБрезка/Метод/Несколько]: 
Выберите второй отрезок или нажмите клавишу Shift при выборе, чтобы создать угол, или [Расстояние/Угол/Метод]: 
Команда:  ФАСКА

(Режим С ОБРЕЗКОЙ) Параметры фаски: Длина1 = 0.0000, Длина2 = 0.0000
Выберите первый отрезок или [оТменить/полИлиния/Длина/Угол/оБрезка/Метод/Несколько]: 
Выберите второй отрезок или нажмите клавишу Shift при выборе, чтобы создать угол, или [Расстояние/Угол/Метод]: 
Команда:  ФАСКА

(Режим С ОБРЕЗКОЙ) Параметры фаски: Длина1 = 0.0000, Длина2 = 0.0000
Выберите первый отрезок или [оТменить/полИлиния/Длина/Угол/оБрезка/Метод/Несколько]: 
Выберите второй отрезок или нажмите клавишу Shift при выборе, чтобы создать угол, или [Расстояние/Угол/Метод]: 
Команда:  ФАСКА

(Режим С ОБРЕЗКОЙ) Параметры фаски: Длина1 = 0.0000, Длина2 = 0.0000
Выберите первый отрезок или [оТменить/полИлиния/Длина/Угол/оБрезка/Метод/Несколько]: 
Выберите второй отрезок или нажмите клавишу Shift при выборе, чтобы создать угол, или [Расстояние/Угол/Метод]: 
Команда:  ФАСКА

(Режим С ОБРЕЗКОЙ) Параметры фаски: Длина1 = 0.0000, Длина2 = 0.0000
Выберите первый отрезок или [оТменить/полИлиния/Длина/Угол/оБрезка/Метод/Несколько]: 
Выберите второй отрезок или нажмите клавишу Shift при выборе, чтобы создать угол, или [Расстояние/Угол/Метод]: 
Команда:  ФАСКА

(Режим С ОБРЕЗКОЙ) Параметры фаски: Длина1 = 0.0000, Длина2 = 0.0000
Выберите первый отрезок или [оТменить/полИлиния/Длина/Угол/оБрезка/Метод/Несколько]: 
Выберите второй отрезок или нажмите клавишу Shift при выборе, чтобы создать угол, или [Расстояние/Угол/Метод]: 
Команда:  ФАСКА

(Режим С ОБРЕЗКОЙ) Параметры фаски: Длина1 = 0.0000, Длина2 = 0.0000
Выберите первый отрезок или [оТменить/полИлиния/Длина/Угол/оБрезка/Метод/Несколько]: 
Выберите второй отрезок или нажмите клавишу Shift при выборе, чтобы создать угол, или [Расстояние/Угол/Метод]: 
Команда:  ФАСКА

(Режим С ОБРЕЗКОЙ) Параметры фаски: Длина1 = 0.0000, Длина2 = 0.0000
Выберите первый отрезок или [оТменить/полИлиния/Длина/Угол/оБрезка/Метод/Несколько]: 
Выберите второй отрезок или нажмите клавишу Shift при выборе, чтобы создать угол, или [Расстояние/Угол/Метод]: 
Команда:  ФАСКА

(Режим С ОБРЕЗКОЙ) Параметры фаски: Длина1 = 0.0000, Длина2 = 0.0000
Выберите первый отрезок или [оТменить/полИлиния/Длина/Угол/оБрезка/Метод/Несколько]: 
Выберите второй отрезок или нажмите клавишу Shift при выборе, чтобы создать угол, или [Расстояние/Угол/Метод]: 
Команда: Задайте противоположный угол или [Линия/РМн-угол/СМн-угол]: 
Команда: 
Команда: 
Команда: _move найдено: 1

Базовая точка или [Смещение] <Смещение>: 
Вторая точка или <считать смещением первую точку>: 
Команда: 
Команда: 
Команда: _line 
Первая точка: 
Следующая точка или [оТменить]: 
Следующая точка или [оТменить]: 
Следующая точка или [Замкнуть/Отменить]: 
Следующая точка или [Замкнуть/Отменить]: З

Команда: 
Команда: 
Команда: 
Команда: _move найдено: 1

Базовая точка или [Смещение] <Смещение>: 
Вторая точка или <считать смещением первую точку>: 
Команда: *Прервано*

Команда: Задайте противоположный угол или [Линия/РМн-угол/СМн-угол]: 
Команда: Задайте противоположный угол или [Линия/РМн-угол/СМн-угол]: 
Команда: 
Команда: 
Команда: _trim 
Текущие параметры: проекция = ПСК, кромка = Нет, режим = Быстрый
Выбрать режущие кромки...найдено: 6

Выберите обрезаемый или удлиняемый объект (плюс SHIFT) либо [реЖущие кромки/Секрамка/Режим/Проекция/уДалить]: 

Выберите обрезаемый или удлиняемый объект (плюс SHIFT) либо [реЖущие кромки/Секрамка/Режим/Проекция/уДалить/Отменить]: 

Выберите обрезаемый или удлиняемый объект (плюс SHIFT) либо [реЖущие кромки/Секрамка/Режим/Проекция/уДалить/Отменить]: 

Выберите обрезаемый или удлиняемый объект (плюс SHIFT) либо [реЖущие кромки/Секрамка/Режим/Проекция/уДалить/Отменить]: 

Выберите обрезаемый или удлиняемый объект (плюс SHIFT) либо [реЖущие кромки/Секрамка/Режим/Проекция/уДалить/Отменить]: *Прервано*

Команда: 
Команда: 
Команда: _chamfer 
(Режим С ОБРЕЗКОЙ) Параметры фаски: Длина1 = 0.0000, Длина2 = 0.0000
Выберите первый отрезок или [оТменить/полИлиния/Длина/Угол/оБрезка/Метод/Несколько]: 
Выберите второй отрезок или нажмите клавишу Shift при выборе, чтобы создать угол, или [Расстояние/Угол/Метод]: 
Команда:  ФАСКА

(Режим С ОБРЕЗКОЙ) Параметры фаски: Длина1 = 0.0000, Длина2 = 0.0000
Выберите первый отрезок или [оТменить/полИлиния/Длина/Угол/оБрезка/Метод/Несколько]: 
Выберите второй отрезок или нажмите клавишу Shift при выборе, чтобы создать угол, или [Расстояние/Угол/Метод]: 
Команда:  ФАСКА

(Режим С ОБРЕЗКОЙ) Параметры фаски: Длина1 = 0.0000, Длина2 = 0.0000
Выберите первый отрезок или [оТменить/полИлиния/Длина/Угол/оБрезка/Метод/Несколько]: 
Выберите второй отрезок или нажмите клавишу Shift при выборе, чтобы создать угол, или [Расстояние/Угол/Метод]: 
Команда:  ФАСКА

(Режим С ОБРЕЗКОЙ) Параметры фаски: Длина1 = 0.0000, Длина2 = 0.0000
Выберите первый отрезок или [оТменить/полИлиния/Длина/Угол/оБрезка/Метод/Несколько]: 
Выберите второй отрезок или нажмите клавишу Shift при выборе, чтобы создать угол, или [Расстояние/Угол/Метод]: 
Команда:  ФАСКА

(Режим С ОБРЕЗКОЙ) Параметры фаски: Длина1 = 0.0000, Длина2 = 0.0000
Выберите первый отрезок или [оТменить/полИлиния/Длина/Угол/оБрезка/Метод/Несколько]: 
Выберите второй отрезок или нажмите клавишу Shift при выборе, чтобы создать угол, или [Расстояние/Угол/Метод]: 
Команда:  ФАСКА

(Режим С ОБРЕЗКОЙ) Параметры фаски: Длина1 = 0.0000, Длина2 = 0.0000
Выберите первый отрезок или [оТменить/полИлиния/Длина/Угол/оБрезка/Метод/Несколько]: 
Выберите второй отрезок или нажмите клавишу Shift при выборе, чтобы создать угол, или [Расстояние/Угол/Метод]: 
Команда:  ФАСКА

(Режим С ОБРЕЗКОЙ) Параметры фаски: Длина1 = 0.0000, Длина2 = 0.0000
Выберите первый отрезок или [оТменить/полИлиния/Длина/Угол/оБрезка/Метод/Несколько]: 
Выберите второй отрезок или нажмите клавишу Shift при выборе, чтобы создать угол, или [Расстояние/Угол/Метод]: 
Команда:  ФАСКА

(Режим С ОБРЕЗКОЙ) Параметры фаски: Длина1 = 0.0000, Длина2 = 0.0000
Выберите первый отрезок или [оТменить/полИлиния/Длина/Угол/оБрезка/Метод/Несколько]: 
Выберите второй отрезок или нажмите клавишу Shift при выборе, чтобы создать угол, или [Расстояние/Угол/Метод]: 
Команда: 
Команда: 
Команда: 
Команда: _move найдено: 1

Базовая точка или [Смещение] <Смещение>: 
Вторая точка или <считать смещением первую точку>: 
Команда: 
Команда: 
Команда: _line 
Первая точка: 
Следующая точка или [оТменить]: 
Следующая точка или [оТменить]: 
Следующая точка или [Замкнуть/Отменить]: 
Следующая точка или [Замкнуть/Отменить]: З

Команда: 
Команда: 
Команда: 
Команда: _move найдено: 1

Базовая точка или [Смещение] <Смещение>: 
Вторая точка или <считать смещением первую точку>: 
Команда: *Прервано*

Команда: Задайте противоположный угол или [Линия/РМн-угол/СМн-угол]: 
Команда: Задайте противоположный угол или [Линия/РМн-угол/СМн-угол]: 
Команда: Задайте противоположный угол или [Линия/РМн-угол/СМн-угол]: 
Команда: Задайте противоположный угол или [Линия/РМн-угол/СМн-угол]: 
Команда: 
Команда: 
Команда: _trim 
Текущие параметры: проекция = ПСК, кромка = Нет, режим = Быстрый
Выбрать режущие кромки...найдено: 6

Выберите обрезаемый или удлиняемый объект (плюс SHIFT) либо [реЖущие кромки/Секрамка/Режим/Проекция/уДалить]: *Прервано*

Команда: 
Команда: _line 
Первая точка: *Прервано*

Команда: Задайте противоположный угол или [Линия/РМн-угол/СМн-угол]: 
Команда: Задайте противоположный угол или [Линия/РМн-угол/СМн-угол]: 
Команда: Задайте противоположный угол или [Линия/РМн-угол/СМн-угол]: 
Команда: Задайте противоположный угол или [Линия/РМн-угол/СМн-угол]: 
Команда: 
Команда: 
Команда: _trim 
Текущие параметры: проекция = ПСК, кромка = Нет, режим = Быстрый
Выбрать режущие кромки...найдено: 6

Выберите обрезаемый или удлиняемый объект (плюс SHIFT) либо [реЖущие кромки/Секрамка/Режим/Проекция/уДалить]: 

Выберите обрезаемый или удлиняемый объект (плюс SHIFT) либо [реЖущие кромки/Секрамка/Режим/Проекция/уДалить/Отменить]: 

Выберите обрезаемый или удлиняемый объект (плюс SHIFT) либо [реЖущие кромки/Секрамка/Режим/Проекция/уДалить/Отменить]: 

Выберите обрезаемый или удлиняемый объект (плюс SHIFT) либо [реЖущие кромки/Секрамка/Режим/Проекция/уДалить/Отменить]: 

Выберите обрезаемый или удлиняемый объект (плюс SHIFT) либо [реЖущие кромки/Секрамка/Режим/Проекция/уДалить/Отменить]: *Прервано*

Команда: 
Команда: 
Команда: _chamfer 
(Режим С ОБРЕЗКОЙ) Параметры фаски: Длина1 = 0.0000, Длина2 = 0.0000
Выберите первый отрезок или [оТменить/полИлиния/Длина/Угол/оБрезка/Метод/Несколько]: 
Выберите второй отрезок или нажмите клавишу Shift при выборе, чтобы создать угол, или [Расстояние/Угол/Метод]: 
Команда:  ФАСКА

(Режим С ОБРЕЗКОЙ) Параметры фаски: Длина1 = 0.0000, Длина2 = 0.0000
Выберите первый отрезок или [оТменить/полИлиния/Длина/Угол/оБрезка/Метод/Несколько]: 
Выберите второй отрезок или нажмите клавишу Shift при выборе, чтобы создать угол, или [Расстояние/Угол/Метод]:  
Выберите второй отрезок или нажмите клавишу Shift при выборе, чтобы создать угол, или [Расстояние/Угол/Метод]: *Прервано*

Команда: *Прервано*

Команда: 
Команда: 
Команда: _chamfer 
(Режим С ОБРЕЗКОЙ) Параметры фаски: Длина1 = 0.0000, Длина2 = 0.0000
Выберите первый отрезок или [оТменить/полИлиния/Длина/Угол/оБрезка/Метод/Несколько]: 
Выберите второй отрезок или нажмите клавишу Shift при выборе, чтобы создать угол, или [Расстояние/Угол/Метод]: 
Команда:  ФАСКА

(Режим С ОБРЕЗКОЙ) Параметры фаски: Длина1 = 0.0000, Длина2 = 0.0000
Выберите первый отрезок или [оТменить/полИлиния/Длина/Угол/оБрезка/Метод/Несколько]: 
Выберите второй отрезок или нажмите клавишу Shift при выборе, чтобы создать угол, или [Расстояние/Угол/Метод]: 
Команда:  ФАСКА

(Режим С ОБРЕЗКОЙ) Параметры фаски: Длина1 = 0.0000, Длина2 = 0.0000
Выберите первый отрезок или [оТменить/полИлиния/Длина/Угол/оБрезка/Метод/Несколько]: 
Выберите второй отрезок или нажмите клавишу Shift при выборе, чтобы создать угол, или [Расстояние/Угол/Метод]: 
Команда:  ФАСКА

(Режим С ОБРЕЗКОЙ) Параметры фаски: Длина1 = 0.0000, Длина2 = 0.0000
Выберите первый отрезок или [оТменить/полИлиния/Длина/Угол/оБрезка/Метод/Несколько]: 
Выберите второй отрезок или нажмите клавишу Shift при выборе, чтобы создать угол, или [Расстояние/Угол/Метод]: 
Команда:  ФАСКА

(Режим С ОБРЕЗКОЙ) Параметры фаски: Длина1 = 0.0000, Длина2 = 0.0000
Выберите первый отрезок или [оТменить/полИлиния/Длина/Угол/оБрезка/Метод/Несколько]: 
Выберите второй отрезок или нажмите клавишу Shift при выборе, чтобы создать угол, или [Расстояние/Угол/Метод]: 
Команда:  ФАСКА

(Режим С ОБРЕЗКОЙ) Параметры фаски: Длина1 = 0.0000, Длина2 = 0.0000
Выберите первый отрезок или [оТменить/полИлиния/Длина/Угол/оБрезка/Метод/Несколько]: 
Выберите второй отрезок или нажмите клавишу Shift при выборе, чтобы создать угол, или [Расстояние/Угол/Метод]: 
Команда: *Прервано*

Команда: 
Команда: 
Команда: 
Команда: _move найдено: 1

Базовая точка или [Смещение] <Смещение>: 
Вторая точка или <считать смещением первую точку>: 
Команда: 
Команда: 
Команда: _line 
Первая точка: 
Следующая точка или [оТменить]: 
Следующая точка или [оТменить]: *Прервано*

Команда: 
Команда: 
Команда: 
Команда: _chamfer 
(Режим С ОБРЕЗКОЙ) Параметры фаски: Длина1 = 0.0000, Длина2 = 0.0000
Выберите первый отрезок или [оТменить/полИлиния/Длина/Угол/оБрезка/Метод/Несколько]: 
Выберите второй отрезок или нажмите клавишу Shift при выборе, чтобы создать угол, или [Расстояние/Угол/Метод]: 
Команда:  ФАСКА

(Режим С ОБРЕЗКОЙ) Параметры фаски: Длина1 = 0.0000, Длина2 = 0.0000
Выберите первый отрезок или [оТменить/полИлиния/Длина/Угол/оБрезка/Метод/Несколько]: 
Выберите второй отрезок или нажмите клавишу Shift при выборе, чтобы создать угол, или [Расстояние/Угол/Метод]: 
Команда: 
Команда: 
Команда: _line 
Первая точка: 
Следующая точка или [оТменить]: 
Следующая точка или [оТменить]: *Прервано*

Команда: 
Команда: 
Команда: _chamfer 
(Режим С ОБРЕЗКОЙ) Параметры фаски: Длина1 = 0.0000, Длина2 = 0.0000
Выберите первый отрезок или [оТменить/полИлиния/Длина/Угол/оБрезка/Метод/Несколько]: 
Выберите второй отрезок или нажмите клавишу Shift при выборе, чтобы создать угол, или [Расстояние/Угол/Метод]: 
Команда:  ФАСКА

(Режим С ОБРЕЗКОЙ) Параметры фаски: Длина1 = 0.0000, Длина2 = 0.0000
Выберите первый отрезок или [оТменить/полИлиния/Длина/Угол/оБрезка/Метод/Несколько]: 
Выберите второй отрезок или нажмите клавишу Shift при выборе, чтобы создать угол, или [Расстояние/Угол/Метод]: 
Команда: 
Команда: 
Команда: _line 
Первая точка: 
Следующая точка или [оТменить]: 
Следующая точка или [оТменить]: *Прервано*

Команда: 
Команда: 
Команда: _chamfer 
(Режим С ОБРЕЗКОЙ) Параметры фаски: Длина1 = 0.0000, Длина2 = 0.0000
Выберите первый отрезок или [оТменить/полИлиния/Длина/Угол/оБрезка/Метод/Несколько]: 
Выберите второй отрезок или нажмите клавишу Shift при выборе, чтобы создать угол, или [Расстояние/Угол/Метод]: 
Команда:  ФАСКА

(Режим С ОБРЕЗКОЙ) Параметры фаски: Длина1 = 0.0000, Длина2 = 0.0000
Выберите первый отрезок или [оТменить/полИлиния/Длина/Угол/оБрезка/Метод/Несколько]: 
Выберите второй отрезок или нажмите клавишу Shift при выборе, чтобы создать угол, или [Расстояние/Угол/Метод]: 
Команда: *Прервано*

Команда: 
Команда: _OFFSET

Текущие настройки: Удалить исходные=Нет  Слой=Источник  OFFSETGAPTYPE=0
Укажите расстояние смещения или [Через/Удалить/Слой] <Через>: 

Укажите точку, через которую проходит объект, или [Выход/Несколько/Отменить] <Выход>: 2

Выберите объект для смещения или [Выход/Отменить] <Выход>: *Прервано*

Команда: 
Команда: 
Команда: _line 
Первая точка: 
Следующая точка или [оТменить]: *Прервано*

Команда: 
Команда: 
Команда: _line 
Первая точка: 
Следующая точка или [оТменить]: *Прервано*

Команда: 
Команда: 
Команда: _line 
Первая точка: 
Следующая точка или [оТменить]: *Прервано*

Команда: 
Команда: 
Команда: _line 
Первая точка: 
Следующая точка или [оТменить]: *Прервано*

Команда: _u 
Команда: _u ОТРЕЗОК ГРУППА 
Команда: _u ОТРЕЗОК ГРУППА 
Команда: _u ОТРЕЗОК ГРУППА 
Команда: _u ОТРЕЗОК ГРУППА 
Команда: _u INTELLIZOOM INTELLIZOOM 
Команда: _u ПОДОБИЕ 
Команда: 
Команда: _OFFSET

Текущие настройки: Удалить исходные=Нет  Слой=Источник  OFFSETGAPTYPE=0
Укажите расстояние смещения или [Через/Удалить/Слой] <Через>: 

Укажите точку, через которую проходит объект, или [Выход/Несколько/Отменить] <Выход>: 2

Выберите объект для смещения или [Выход/Отменить] <Выход>: *Прервано*

Команда: 
Команда: '_matchprop 
Текущие активные настройки:  Цвет Слой Тип Лмасштаб Вес линий Прозрачность Толщина Стиль печати Размер Текст Штриховка Полилиния ВЭкран Таблица Материал Мультивыноска Центральный объект 

Выберите целевой объект(ы) или [Настройки]: 

Выберите целевой объект(ы) или [Настройки]: *Прервано*

Команда: Задайте противоположный угол или [Линия/РМн-угол/СМн-угол]: 
Команда: *Прервано*

Команда: Задайте противоположный угол или [Линия/РМн-угол/СМн-угол]: 
Команда: Задайте противоположный угол или [Линия/РМн-угол/СМн-угол]: 
Команда: 
Команда: 
Команда: _cutclip найдено: 3

Команда: Задайте противоположный угол или [Линия/РМн-угол/СМн-угол]: 
Команда: Задайте противоположный угол или [Линия/РМн-угол/СМн-угол]: 
Команда: 
Команда: 
Команда: _SelectSimilar 
Команда: 
Команда: 
Команда: _copyclip найдено: 7

Команда: *Прервано*

Команда: 
Команда: 
Команда: _copybase 
Базовая точка: 
Выберите объекты: *Прервано*

Команда: *Прервано*

Команда: Задайте противоположный угол или [Линия/РМн-угол/СМн-угол]: 
Команда: 
Команда: 
Команда: _SelectSimilar 
Команда: 
Команда: 
Команда: _copyclip найдено: 7

Команда: 
Команда: 
Команда: _pasteblock Точка вставки: 
Команда: *Прервано*

Команда: Задайте противоположный угол или [Линия/РМн-угол/СМн-угол]: 
Команда: 
Команда: 
Команда: 
Команда: _move найдено: 1

Базовая точка или [Смещение] <Смещение>: 
Вторая точка или <считать смещением первую точку>: 
Команда: *Прервано*

Команда: 
Команда: 
Команда: _copyclip найдено: 1

Команда: *Прервано*

Команда: 
Команда: Задайте противоположный угол или [Линия/РМн-угол/СМн-угол]: 
Команда: *Прервано*

Команда: Задайте противоположный угол или [Линия/РМн-угол/СМн-угол]: 
Команда: Задайте противоположный угол или [Линия/РМн-угол/СМн-угол]: 
Команда: 
Команда: 
Команда: _copyclip найдено: 3

Команда: *Прервано*

Команда: 
Автоматическое сохранение в C:\Users\user\AppData\Local\Temp\15.2_РТ  перекладка_1_9612_1fece679.sv$ ...

Команда: 
Команда: 
Команда: *Прервано*

Команда: *Прервано*

Команда:  
Команда: 
