[ AutoCAD - Thu Jul 23 14:24:24 2026  ]----------------------------------------

Открывается файл формата AutoCAD 2018.
Выполняется регенерация модели.

Загружаются DLL-файлы для работы с моделями.


Утилиты меню AutoCAD загружены.*Прервано*

Команда: 

Файл Autodesk DWG. Это файл формата TrustedDWG, сохраненный в приложении Autodesk или в приложении, лицензированном корпорацией Autodesk.

Команда: 

Команда: 
Команда: _APPLOAD
01_OPOR_PORT.lsp успешно загружено.


Команда: 
[OPOR] Загружено. Команды: OPOR, XX, OPORTIN, OPORSLOPE, OPORSLOPEWR, OPORHEIGHTCHECK, OPORWRITELEVEL, OPORAUTOLEVEL, OPORRING, OPORREGCHECK, OPORCHECK, OPORCLEAN, OPORDUMP, OPORTABLES, OPOROLD, OPORSHOW, OPORDEBUG.
check_dump.lsp загружен. Главная команда: DUMPALL
probe_height_check загружен. Команда: HEIGHTDUMP.
probe_write_level загружен. Команда: WRITELEVELDUMP.
probe_auto_level загружен. Команда: AUTOLEVELDUMP.
probe_slope загружен. Команды: SLOPEDUMP, SLOPECOLORS.
probe_tables загружен. Команда: TBLPROBE
probe_marks v2 загружен. Команда: MARKDUMP
probe_lines.lsp загружен. Команда: LINEDUMP
OPOR port загружен. Основная команда: OPOR (или XX).
Команда: 
Команда: OPORCLEAN

Очистка OPOR [Session/All] <All>: 

[OPOR] Удалено объектов: 75

Команда: 
Команда: OPOR

[OPOR] Проверка OPOR:
Версия: 3.31-floor-compositions
Слои: OK
Блоки MVP: OK
Размерный стиль ISO-25: OK
Справочно, отсутствующие будущие блоки: 
- нетВыполняется регенерация модели.

Команда: 
[OPOR] Слоёв скрыто: 11
Выберите внешний контур OPOR: 
Команда: 
[OPOR] Проёмов найдено: 0Выполняется регенерация модели.

Команда: 
Начальная точка сетки <Enter = угол у длинного ребра>: 
Направление сетки <Enter = вдоль длинного ребра>: 
Точка вставки итоговой таблицы <Enter = справа от контура>: 

[OPOR] Контур 1 рассчитан: опор=61, длина лаг=0 м, ошибок высот=0.
Команда: Выполняется регенерация модели.

Команда: 
[OPOR] Слоёв скрыто: 11
Выберите следующий внешний контур OPOR или Enter для завершения: 
Выполняется регенерация модели.

Команда: 
[OPOR] Заголовок чертежа: Разбивка опор Level PRO.
[OPOR] Var завершён: опор=61, длина лаг=0 м, ошибок высот=0, областей=4, треугольников=4, плитка=600\U+00D7600, плитки: целых=40, обрезанных=5, крепёж плитки (Level Lastra)=61, толщина крепежа=4 мм.
Команда: 

Команда: 
Команда: OPORTABLES

========== OPOR TOTAL TABLE BLOCKS ==========
--- TABLE #1 ---
    block: OPOR_SUPPORT_SPEC_PRO
    handle: 36E8C
    layer: контур
    session: 20260723_142439-12553890
      SUP_PRO_LOW12 = 0
      SUP_PRO_LOW20 = 0
      SUP_PRO_25_35 = 0
      SUP_PRO_35_50 = 0
      SUP_PRO_50_80 = 61
      SUP_PRO_80_140 = 0
      SUP_PRO_95_155 = 0
      SUP_PRO_145_240 = 0
      SUP_PRO_160_270 = 0
      SUP_PRO_205_340 = 0
      SUP_PRO_235_400 = 0
      SUP_PRO_315_530 = 0
      SUP_PRO_390_660 = 0
      SUP_TOTAL = 61
--- TABLE #2 ---
    block: OPOR_PARAMS_EXTRA_ROW
    handle: 36E9C
    layer: контур
    session: 20260723_142439-12553890
      LABEL = Площадь объекта, м\U+00B2
      VALUE = 15
--- TABLE #3 ---
    block: OPOR_PARAMS_EXTRA_ROW
    handle: 36EA0
    layer: контур
    session: 20260723_142439-12553890
      LABEL = Параметры финишного покрытия
      VALUE = Плитка 600\U+00D7600\U+00D720
--- TABLE #4 ---
    block: OPOR_PARAMS_EXTRA_ROW
    handle: 36EA4
    layer: контур
    session: 20260723_142439-12553890
      LABEL = Шаг опор, мм
      VALUE = 600
--- TABLE #5 ---
    block: OPOR_PARAMS_EXTRA_ROW
    handle: 36EA8
    layer: контур
    session: 20260723_142439-12553890
      LABEL = Кол-во креплений Level Lastra
      VALUE = 61
--- TABLE #6 ---
    block: OPOR_PARAMS_EXTRA_ROW
    handle: 36EAC
    layer: контур
    session: 20260723_142439-12553890
      LABEL = Отметка чистого пола, мм
      VALUE = 101
============================================

Команда: 
Команда: OPORDUMP

========== OPOR NEW OBJECT DUMP ==========

===== SESSION 20260723_142439-12553890 =====
--- ПО ТИПАМ XDATA ---
    drawing-title : 1
    support : 61
    table-extra-row : 5
    table-support : 1
    tile : 40
    tile-region : 5
--- ПО СЛОЯМ ---
    контур : 7
    опорыvb : 61
    плиткаvb : 45
--- НОВАЯ СЕТКА --- линий: 0  длина: 0 мм = 0 м
    grid-v: 0 линий, 0 м, min - мм
    grid-p: 0 линий, 0 м, min - мм
    session grid lag: 0 м
    index ranges: v=(-3 11) p=(-3 8)
    boundary lag candidate: 0 м, mode=all
      outer: 0 м, holes: 0 м
    П5 лаги: рядов=0, поперечных удалено=15
    П8 плитка: размер=600\U+00D7600, шаг опор=600\U+00D7600, целых=40, обрезанных=5
    support split: vertices=5 border=24 nodes=32
    border filter: raw=30 after-vertices=24
    node filter: raw=54 after-self=54 after-vertices=52 after-border=32
    крепёж: лаги= x0, плитки=Level Lastra x61 (шаг 0)
    levels: marks=5 polylines=4 vertices=5 missing-marks=0 triangles=4 height-errors=0
--- НОВЫЕ ОПОРЫ --- всего: 61
    цвет 131 : 61 шт
--- НОВЫЕ ТАБЛИЦЫ --- всего: 6
    блок: OPOR_PARAMS_EXTRA_ROW
      LABEL = Отметка чистого пола, мм
      VALUE = 101
    блок: OPOR_PARAMS_EXTRA_ROW
      LABEL = Кол-во креплений Level Lastra
      VALUE = 61
    блок: OPOR_PARAMS_EXTRA_ROW
      LABEL = Шаг опор, мм
      VALUE = 600
    блок: OPOR_PARAMS_EXTRA_ROW
      LABEL = Параметры финишного покрытия
      VALUE = Плитка 600\U+00D7600\U+00D720
    блок: OPOR_PARAMS_EXTRA_ROW
      LABEL = Площадь объекта, м\U+00B2
      VALUE = 15
    блок: OPOR_SUPPORT_SPEC_PRO
      SUP_PRO_LOW12 = 0
      SUP_PRO_LOW20 = 0
      SUP_PRO_25_35 = 0
      SUP_PRO_35_50 = 0
      SUP_PRO_50_80 = 61
      SUP_PRO_80_140 = 0
      SUP_PRO_95_155 = 0
      SUP_PRO_145_240 = 0
      SUP_PRO_160_270 = 0
      SUP_PRO_205_340 = 0
      SUP_PRO_235_400 = 0
      SUP_PRO_315_530 = 0
      SUP_PRO_390_660 = 0
      SUP_TOTAL = 61
=========================================

Команда: 
Команда: OPORCLEAN

Очистка OPOR [Session/All] <All>: 

[OPOR] Удалено объектов: 113

Команда: 
Команда: 
OPORCLEAN

Очистка OPOR [Session/All] <All>: *Прервано*
nil

Команда: 
Команда: OPOR

[OPOR] Проверка OPOR:
Версия: 3.31-floor-compositions
Слои: OK
Блоки MVP: OK
Размерный стиль ISO-25: OK
Справочно, отсутствующие будущие блоки: 
- нетВыполняется регенерация модели.

Команда: 
[OPOR] Слоёв скрыто: 11
Выберите внешний контур OPOR: 
Команда: 
[OPOR] Проёмов найдено: 0Выполняется регенерация модели.

Команда: 
Начальная точка сетки <Enter = угол у длинного ребра>: 
Направление сетки <Enter = вдоль длинного ребра>: 
Точка вставки итоговой таблицы <Enter = справа от контура>: 

[OPOR] Контур 1 рассчитан: опор=61, длина лаг=30 м, ошибок высот=0.
Команда: Выполняется регенерация модели.

Команда: 
[OPOR] Слоёв скрыто: 11
Выберите следующий внешний контур OPOR или Enter для завершения: 
Выполняется регенерация модели.

Команда: 
[OPOR] Заголовок чертежа: Разбивка опор Level PRO.
[OPOR] Var завершён: опор=61, длина лаг=30 м, лаг=10 шт, ошибок высот=0, областей=4, треугольников=4, плитка=600\U+00D7600, плитки: целых=40, обрезанных=5, крепёж лаги (Level Clip)=61, крепёж плитки (Level Tile)=60, толщина крепежа=8 мм.
Команда: 

Команда: 
Команда: OPORTABLES

========== OPOR TOTAL TABLE BLOCKS ==========
--- TABLE #1 ---
    block: OPOR_SUPPORT_SPEC_PRO
    handle: 371EE
    layer: контур
    session: 20260723_143101-12935828
      SUP_PRO_LOW12 = 6
      SUP_PRO_LOW20 = 33
      SUP_PRO_25_35 = 22
      SUP_PRO_35_50 = 0
      SUP_PRO_50_80 = 0
      SUP_PRO_80_140 = 0
      SUP_PRO_95_155 = 0
      SUP_PRO_145_240 = 0
      SUP_PRO_160_270 = 0
      SUP_PRO_205_340 = 0
      SUP_PRO_235_400 = 0
      SUP_PRO_315_530 = 0
      SUP_PRO_390_660 = 0
      SUP_TOTAL = 61
--- TABLE #2 ---
    block: OPOR_PARAMS_EXTRA_ROW
    handle: 371FE
    layer: контур
    session: 20260723_143101-12935828
      LABEL = Площадь объекта, м\U+00B2
      VALUE = 15
--- TABLE #3 ---
    block: OPOR_PARAMS_EXTRA_ROW
    handle: 37202
    layer: контур
    session: 20260723_143101-12935828
      LABEL = Параметры финишного покрытия
      VALUE = Плитка 600\U+00D7600\U+00D720
--- TABLE #4 ---
    block: OPOR_PARAMS_EXTRA_ROW
    handle: 37206
    layer: контур
    session: 20260723_143101-12935828
      LABEL = Параметры лаги
      VALUE = Frame 40\U+00D740мм
--- TABLE #5 ---
    block: OPOR_PARAMS_EXTRA_ROW
    handle: 3720A
    layer: контур
    session: 20260723_143101-12935828
      LABEL = Общая длина лаг, м
      VALUE = 30
--- TABLE #6 ---
    block: OPOR_PARAMS_EXTRA_ROW
    handle: 3720E
    layer: контур
    session: 20260723_143101-12935828
      LABEL = Шаг опор вдоль лаги, мм
      VALUE = 600
--- TABLE #7 ---
    block: OPOR_PARAMS_EXTRA_ROW
    handle: 37212
    layer: контур
    session: 20260723_143101-12935828
      LABEL = Шаг между лагами, мм
      VALUE = 600
--- TABLE #8 ---
    block: OPOR_PARAMS_EXTRA_ROW
    handle: 37216
    layer: контур
    session: 20260723_143101-12935828
      LABEL = Кол-во креплений Level Clip
      VALUE = 61
--- TABLE #9 ---
    block: OPOR_PARAMS_EXTRA_ROW
    handle: 3721A
    layer: контур
    session: 20260723_143101-12935828
      LABEL = Кол-во креплений Level Tile
      VALUE = 60
--- TABLE #10 ---
    block: OPOR_PARAMS_EXTRA_ROW
    handle: 3721E
    layer: контур
    session: 20260723_143101-12935828
      LABEL = Отметка чистого пола, мм
      VALUE = 101
============================================

Команда: 
Команда: OPORDUMP

========== OPOR NEW OBJECT DUMP ==========

===== SESSION 20260723_143101-12935828 =====
--- ПО ТИПАМ XDATA ---
    drawing-title : 1
    grid-edge : 1
    grid-v : 9
    support : 61
    table-extra-row : 9
    table-support : 1
    tile : 40
    tile-region : 5
--- ПО СЛОЯМ ---
    контур : 11
    опорыvb : 61
    плиткаvb : 45
    сеткаvb : 10
--- НОВАЯ СЕТКА --- линий: 10  длина: 30000 мм = 30 м
    grid-v: 9 линий, 27 м, min 3000 мм
    grid-p: 0 линий, 0 м, min - мм
    session grid lag: 27 м
    index ranges: v=(-3 11) p=(-3 8)
    boundary lag candidate: 3 м, mode=all
      outer: 3 м, holes: 0 м
    П5 лаги: рядов=10, поперечных удалено=6
    П8 плитка: размер=600\U+00D7600, шаг опор=600\U+00D7600, целых=40, обрезанных=5
    support split: vertices=5 border=24 nodes=32
    border filter: raw=30 after-vertices=24
    node filter: raw=54 after-self=54 after-vertices=52 after-border=32
    крепёж: лаги=Level Clip x61, плитки=Level Tile x60 (шаг 500)
    levels: marks=5 polylines=4 vertices=5 missing-marks=0 triangles=4 height-errors=0
--- НОВЫЕ ОПОРЫ --- всего: 61
    цвет 1 : 22 шт
    цвет 2 : 33 шт
    цвет 221 : 6 шт
--- НОВЫЕ ТАБЛИЦЫ --- всего: 10
    блок: OPOR_PARAMS_EXTRA_ROW
      LABEL = Отметка чистого пола, мм
      VALUE = 101
    блок: OPOR_PARAMS_EXTRA_ROW
      LABEL = Кол-во креплений Level Tile
      VALUE = 60
    блок: OPOR_PARAMS_EXTRA_ROW
      LABEL = Кол-во креплений Level Clip
      VALUE = 61
    блок: OPOR_PARAMS_EXTRA_ROW
      LABEL = Шаг между лагами, мм
      VALUE = 600
    блок: OPOR_PARAMS_EXTRA_ROW
      LABEL = Шаг опор вдоль лаги, мм
      VALUE = 600
    блок: OPOR_PARAMS_EXTRA_ROW
      LABEL = Общая длина лаг, м
      VALUE = 30
    блок: OPOR_PARAMS_EXTRA_ROW
      LABEL = Параметры лаги
      VALUE = Frame 40\U+00D740мм
    блок: OPOR_PARAMS_EXTRA_ROW
      LABEL = Параметры финишного покрытия
      VALUE = Плитка 600\U+00D7600\U+00D720
    блок: OPOR_PARAMS_EXTRA_ROW
      LABEL = Площадь объекта, м\U+00B2
      VALUE = 15
    блок: OPOR_SUPPORT_SPEC_PRO
      SUP_PRO_LOW12 = 6
      SUP_PRO_LOW20 = 33
      SUP_PRO_25_35 = 22
      SUP_PRO_35_50 = 0
      SUP_PRO_50_80 = 0
      SUP_PRO_80_140 = 0
      SUP_PRO_95_155 = 0
      SUP_PRO_145_240 = 0
      SUP_PRO_160_270 = 0
      SUP_PRO_205_340 = 0
      SUP_PRO_235_400 = 0
      SUP_PRO_315_530 = 0
      SUP_PRO_390_660 = 0
      SUP_TOTAL = 61
=========================================

Команда: 
Команда: OPORCLEAN

Очистка OPOR [Session/All] <All>: 

[OPOR] Удалено объектов: 127

Команда: 
Команда: OPOR

[OPOR] Проверка OPOR:
Версия: 3.31-floor-compositions
Слои: OK
Блоки MVP: OK
Размерный стиль ISO-25: OK
Справочно, отсутствующие будущие блоки: 
- нетВыполняется регенерация модели.

Команда: 
[OPOR] Слоёв скрыто: 11
Выберите внешний контур OPOR: 
Команда: 
[OPOR] Проёмов найдено: 0Выполняется регенерация модели.

Команда: 
Начальная точка сетки <Enter = угол у длинного ребра>: 
Направление сетки <Enter = вдоль длинного ребра>: 
Точка вставки итоговой таблицы <Enter = справа от контура>: 

[OPOR] Контур 1 рассчитан: опор=61, длина лаг=30 м, ошибок высот=0.
Команда: Выполняется регенерация модели.

Команда: 
[OPOR] Слоёв скрыто: 11
Выберите следующий внешний контур OPOR или Enter для завершения: 
Выполняется регенерация модели.

Команда: 
[OPOR] Заголовок чертежа: Разбивка опор Level PRO.
[OPOR] Var завершён: опор=61, длина лаг=30 м, лаг=10 шт, ошибок высот=0, областей=4, треугольников=4, крепёж лаги (Level TOP)=61, толщина крепежа=4 мм.
Команда: 

Команда: 
Команда: OPORDUMP

========== OPOR NEW OBJECT DUMP ==========

===== SESSION 20260723_143434-13148812 =====
--- ПО ТИПАМ XDATA ---
    drawing-title : 1
    grid-edge : 1
    grid-v : 9
    support : 61
    table-extra-row : 8
    table-support : 1
--- ПО СЛОЯМ ---
    контур : 10
    опорыvb : 61
    сеткаvb : 10
--- НОВАЯ СЕТКА --- линий: 10  длина: 30000 мм = 30 м
    grid-v: 9 линий, 27 м, min 3000 мм
    grid-p: 0 линий, 0 м, min - мм
    session grid lag: 27 м
    index ranges: v=(-3 11) p=(-3 8)
    boundary lag candidate: 3 м, mode=all
      outer: 3 м, holes: 0 м
    П5 лаги: рядов=10, поперечных удалено=6
    support split: vertices=5 border=24 nodes=32
    border filter: raw=30 after-vertices=24
    node filter: raw=54 after-self=54 after-vertices=52 after-border=32
    крепёж: лаги=Level TOP x61, плитки= x0 (шаг 0)
    levels: marks=5 polylines=4 vertices=5 missing-marks=0 triangles=4 height-errors=0
--- НОВЫЕ ОПОРЫ --- всего: 61
    цвет 1 : 10 шт
    цвет 2 : 34 шт
    цвет 221 : 17 шт
--- НОВЫЕ ТАБЛИЦЫ --- всего: 9
    блок: OPOR_PARAMS_EXTRA_ROW
      LABEL = Отметка чистого пола, мм
      VALUE = 101
    блок: OPOR_PARAMS_EXTRA_ROW
      LABEL = Кол-во креплений Level TOP
      VALUE = 61
    блок: OPOR_PARAMS_EXTRA_ROW
      LABEL = Шаг между лагами, мм
      VALUE = 600
    блок: OPOR_PARAMS_EXTRA_ROW
      LABEL = Шаг опор вдоль лаги, мм
      VALUE = 600
    блок: OPOR_PARAMS_EXTRA_ROW
      LABEL = Общая длина лаг, м
      VALUE = 30
    блок: OPOR_PARAMS_EXTRA_ROW
      LABEL = Параметры лаги
      VALUE = Своя лага 40\U+00D740мм
    блок: OPOR_PARAMS_EXTRA_ROW
      LABEL = Параметры финишного покрытия
      VALUE = Доска 160\U+00D727\U+00D73000
    блок: OPOR_PARAMS_EXTRA_ROW
      LABEL = Площадь объекта, м\U+00B2
      VALUE = 15
    блок: OPOR_SUPPORT_SPEC_PRO
      SUP_PRO_LOW12 = 17
      SUP_PRO_LOW20 = 34
      SUP_PRO_25_35 = 10
      SUP_PRO_35_50 = 0
      SUP_PRO_50_80 = 0
      SUP_PRO_80_140 = 0
      SUP_PRO_95_155 = 0
      SUP_PRO_145_240 = 0
      SUP_PRO_160_270 = 0
      SUP_PRO_205_340 = 0
      SUP_PRO_235_400 = 0
      SUP_PRO_315_530 = 0
      SUP_PRO_390_660 = 0
      SUP_TOTAL = 61
=========================================

Команда: 
Команда: OPORTABLES

========== OPOR TOTAL TABLE BLOCKS ==========
--- TABLE #1 ---
    block: OPOR_SUPPORT_SPEC_PRO
    handle: 373B3
    layer: контур
    session: 20260723_143434-13148812
      SUP_PRO_LOW12 = 17
      SUP_PRO_LOW20 = 34
      SUP_PRO_25_35 = 10
      SUP_PRO_35_50 = 0
      SUP_PRO_50_80 = 0
      SUP_PRO_80_140 = 0
      SUP_PRO_95_155 = 0
      SUP_PRO_145_240 = 0
      SUP_PRO_160_270 = 0
      SUP_PRO_205_340 = 0
      SUP_PRO_235_400 = 0
      SUP_PRO_315_530 = 0
      SUP_PRO_390_660 = 0
      SUP_TOTAL = 61
--- TABLE #2 ---
    block: OPOR_PARAMS_EXTRA_ROW
    handle: 373C3
    layer: контур
    session: 20260723_143434-13148812
      LABEL = Площадь объекта, м\U+00B2
      VALUE = 15
--- TABLE #3 ---
    block: OPOR_PARAMS_EXTRA_ROW
    handle: 373C7
    layer: контур
    session: 20260723_143434-13148812
      LABEL = Параметры финишного покрытия
      VALUE = Доска 160\U+00D727\U+00D73000
--- TABLE #4 ---
    block: OPOR_PARAMS_EXTRA_ROW
    handle: 373CB
    layer: контур
    session: 20260723_143434-13148812
      LABEL = Параметры лаги
      VALUE = Своя лага 40\U+00D740мм
--- TABLE #5 ---
    block: OPOR_PARAMS_EXTRA_ROW
    handle: 373CF
    layer: контур
    session: 20260723_143434-13148812
      LABEL = Общая длина лаг, м
      VALUE = 30
--- TABLE #6 ---
    block: OPOR_PARAMS_EXTRA_ROW
    handle: 373D3
    layer: контур
    session: 20260723_143434-13148812
      LABEL = Шаг опор вдоль лаги, мм
      VALUE = 600
--- TABLE #7 ---
    block: OPOR_PARAMS_EXTRA_ROW
    handle: 373D7
    layer: контур
    session: 20260723_143434-13148812
      LABEL = Шаг между лагами, мм
      VALUE = 600
--- TABLE #8 ---
    block: OPOR_PARAMS_EXTRA_ROW
    handle: 373DB
    layer: контур
    session: 20260723_143434-13148812
      LABEL = Кол-во креплений Level TOP
      VALUE = 61
--- TABLE #9 ---
    block: OPOR_PARAMS_EXTRA_ROW
    handle: 373DF
    layer: контур
    session: 20260723_143434-13148812
      LABEL = Отметка чистого пола, мм
      VALUE = 101
============================================

Команда: 
Команда: OPORCLEAN

Очистка OPOR [Session/All] <All>: 

[OPOR] Удалено объектов: 81

Команда: 
Команда: OPOR

[OPOR] Проверка OPOR:
Версия: 3.31-floor-compositions
Слои: OK
Блоки MVP: OK
Размерный стиль ISO-25: OK
Справочно, отсутствующие будущие блоки: 
- нетВыполняется регенерация модели.

Команда: 
[OPOR] Слоёв скрыто: 11
Выберите внешний контур OPOR: 
Команда: 
[OPOR] Проёмов найдено: 0Выполняется регенерация модели.

Команда: 
Начальная точка сетки <Enter = угол у длинного ребра>: 
Направление сетки <Enter = вдоль длинного ребра>: 
Точка вставки итоговой таблицы <Enter = справа от контура>: 

[OPOR] Контур 1 рассчитан: опор=61, длина лаг=0 м, ошибок высот=0.
Команда: Выполняется регенерация модели.

Команда: 
[OPOR] Слоёв скрыто: 11
Выберите следующий внешний контур OPOR или Enter для завершения: 
Выполняется регенерация модели.

Команда: 
[OPOR] Заголовок чертежа: Разбивка опор Level 3D.
[OPOR] Var завершён: опор=61, длина лаг=0 м, ошибок высот=0, областей=4, треугольников=4, плитка=600\U+00D7600, плитки: целых=40, обрезанных=5, крепёж плитки (Level Lastra 3D)=61, толщина крепежа=4 мм.
Команда: 

Команда: 
Команда: Задайте противоположный угол или [Линия/РМн-угол/СМн-угол]: *Прервано*

Команда: OPORDUMP

========== OPOR NEW OBJECT DUMP ==========

===== SESSION 20260723_14364601-13280703 =====
--- ПО ТИПАМ XDATA ---
    drawing-title : 1
    support : 61
    table-extra-row : 5
    table-support : 1
    tile : 40
    tile-region : 5
--- ПО СЛОЯМ ---
    контур : 7
    опорыvb : 61
    плиткаvb : 45
--- НОВАЯ СЕТКА --- линий: 0  длина: 0 мм = 0 м
    grid-v: 0 линий, 0 м, min - мм
    grid-p: 0 линий, 0 м, min - мм
    session grid lag: 0 м
    index ranges: v=(-3 11) p=(-3 8)
    boundary lag candidate: 0 м, mode=all
      outer: 0 м, holes: 0 м
    П5 лаги: рядов=0, поперечных удалено=15
    П8 плитка: размер=600\U+00D7600, шаг опор=600\U+00D7600, целых=40, обрезанных=5
    support split: vertices=5 border=24 nodes=32
    border filter: raw=30 after-vertices=24
    node filter: raw=54 after-self=54 after-vertices=52 after-border=32
    крепёж: лаги= x0, плитки=Level Lastra 3D x61 (шаг 0)
    levels: marks=5 polylines=4 vertices=5 missing-marks=0 triangles=4 height-errors=0
--- НОВЫЕ ОПОРЫ --- всего: 61
    цвет 131 : 61 шт
--- НОВЫЕ ТАБЛИЦЫ --- всего: 6
    блок: OPOR_PARAMS_EXTRA_ROW
      LABEL = Отметка чистого пола, мм
      VALUE = 101
    блок: OPOR_PARAMS_EXTRA_ROW
      LABEL = Кол-во креплений Level Lastra 3D
      VALUE = 61
    блок: OPOR_PARAMS_EXTRA_ROW
      LABEL = Шаг опор, мм
      VALUE = 600
    блок: OPOR_PARAMS_EXTRA_ROW
      LABEL = Параметры финишного покрытия
      VALUE = Плитка 600\U+00D7600\U+00D720
    блок: OPOR_PARAMS_EXTRA_ROW
      LABEL = Площадь объекта, м\U+00B2
      VALUE = 15
    блок: OPOR_SUPPORT_SPEC_3D
      SUP_3D_35_50 = 0
      SUP_3D_50_80 = 61
      SUP_3D_80_140 = 0
      SUP_3D_95_155 = 0
      SUP_3D_145_240 = 0
      SUP_3D_160_270 = 0
      SUP_3D_205_340 = 0
      SUP_3D_235_400 = 0
      SUP_3D_315_530 = 0
      SUP_3D_390_660 = 0
      SUP_TOTAL = 61
=========================================

Команда: 
Команда: OPORTABLES

========== OPOR TOTAL TABLE BLOCKS ==========
--- TABLE #1 ---
    block: OPOR_SUPPORT_SPEC_3D
    handle: 37720
    layer: контур
    session: 20260723_14364601-13280703
      SUP_3D_35_50 = 0
      SUP_3D_50_80 = 61
      SUP_3D_80_140 = 0
      SUP_3D_95_155 = 0
      SUP_3D_145_240 = 0
      SUP_3D_160_270 = 0
      SUP_3D_205_340 = 0
      SUP_3D_235_400 = 0
      SUP_3D_315_530 = 0
      SUP_3D_390_660 = 0
      SUP_TOTAL = 61
--- TABLE #2 ---
    block: OPOR_PARAMS_EXTRA_ROW
    handle: 3772D
    layer: контур
    session: 20260723_14364601-13280703
      LABEL = Площадь объекта, м\U+00B2
      VALUE = 15
--- TABLE #3 ---
    block: OPOR_PARAMS_EXTRA_ROW
    handle: 37731
    layer: контур
    session: 20260723_14364601-13280703
      LABEL = Параметры финишного покрытия
      VALUE = Плитка 600\U+00D7600\U+00D720
--- TABLE #4 ---
    block: OPOR_PARAMS_EXTRA_ROW
    handle: 37735
    layer: контур
    session: 20260723_14364601-13280703
      LABEL = Шаг опор, мм
      VALUE = 600
--- TABLE #5 ---
    block: OPOR_PARAMS_EXTRA_ROW
    handle: 37739
    layer: контур
    session: 20260723_14364601-13280703
      LABEL = Кол-во креплений Level Lastra 3D
      VALUE = 61
--- TABLE #6 ---
    block: OPOR_PARAMS_EXTRA_ROW
    handle: 3773D
    layer: контур
    session: 20260723_14364601-13280703
      LABEL = Отметка чистого пола, мм
      VALUE = 101
============================================

Команда: 
Команда: _APPLOAD
01_OPOR_PORT.lsp успешно загружено.


Команда: 
[OPOR] Загружено. Команды: OPOR, XX, OPORTIN, OPORSLOPE, OPORSLOPEWR, OPORHEIGHTCHECK, OPORWRITELEVEL, OPORAUTOLEVEL, OPORRING, OPORREGCHECK, OPORCHECK, OPORCLEAN, OPORDUMP, OPORTABLES, OPOROLD, OPORSHOW, OPORDEBUG.
check_dump.lsp загружен. Главная команда: DUMPALL
probe_height_check загружен. Команда: HEIGHTDUMP.
probe_write_level загружен. Команда: WRITELEVELDUMP.
probe_auto_level загружен. Команда: AUTOLEVELDUMP.
probe_slope загружен. Команды: SLOPEDUMP, SLOPECOLORS.
probe_tables загружен. Команда: TBLPROBE
probe_marks v2 загружен. Команда: MARKDUMP
probe_lines.lsp загружен. Команда: LINEDUMP
OPOR port загружен. Основная команда: OPOR (или XX).
Команда: 
Команда: OPORCLEAN

Очистка OPOR [Session/All] <All>: 

[OPOR] Удалено объектов: 113

Команда: 
Команда: 
OPORCLEAN

Очистка OPOR [Session/All] <All>: *Прервано*
nil

Команда: 
Команда: OPOR

[OPOR] Проверка OPOR:
Версия: 3.31-floor-compositions
Слои: OK
Блоки MVP: OK
Размерный стиль ISO-25: OK
Справочно, отсутствующие будущие блоки: 
- нетВыполняется регенерация модели.

Команда: 
[OPOR] Слоёв скрыто: 11
Выберите внешний контур OPOR: 
Команда: 
[OPOR] Проёмов найдено: 0Выполняется регенерация модели.

Команда: 
Начальная точка сетки <Enter = угол у длинного ребра>: 
Направление сетки <Enter = вдоль длинного ребра>: 
Точка вставки итоговой таблицы <Enter = справа от контура>: 

[OPOR] Контур 1 рассчитан: опор=61, длина лаг=30 м, ошибок высот=0.
Команда: Выполняется регенерация модели.

Команда: 
[OPOR] Слоёв скрыто: 11
Выберите следующий внешний контур OPOR или Enter для завершения: 
Выполняется регенерация модели.

Команда: 
[OPOR] Заголовок чертежа: Разбивка опор Level PRO.
[OPOR] Var завершён: опор=61, длина лаг=30 м, лаг=10 шт, ошибок высот=0, областей=4, треугольников=4, плитка=600\U+00D7600, плитки: целых=40, обрезанных=5.
Команда: 

Команда: 
Команда: OPORDUMP

========== OPOR NEW OBJECT DUMP ==========

===== SESSION 20260723_144311-13665734 =====
--- ПО ТИПАМ XDATA ---
    drawing-title : 1
    grid-edge : 1
    grid-v : 9
    support : 61
    table-extra-row : 4
    table-support : 1
    tile : 40
    tile-region : 5
--- ПО СЛОЯМ ---
    контур : 6
    опорыvb : 61
    плиткаvb : 45
    сеткаvb : 10
--- НОВАЯ СЕТКА --- линий: 10  длина: 30000 мм = 30 м
    grid-v: 9 линий, 27 м, min 3000 мм
    grid-p: 0 линий, 0 м, min - мм
    session grid lag: 27 м
    index ranges: v=(-3 11) p=(-3 8)
    boundary lag candidate: 3 м, mode=all
      outer: 3 м, holes: 0 м
    П5 лаги: рядов=10, поперечных удалено=6
    П8 плитка: размер=600\U+00D7600, шаг опор=600\U+00D7600, целых=40, обрезанных=5
    support split: vertices=5 border=24 nodes=32
    border filter: raw=30 after-vertices=24
    node filter: raw=54 after-self=54 after-vertices=52 after-border=32
    крепёж: лаги= x0, плитки= x0 (шаг 0)
    levels: marks=5 polylines=4 vertices=5 missing-marks=0 triangles=4 height-errors=0
--- НОВЫЕ ОПОРЫ --- всего: 61
    цвет 30 : 2 шт
    цвет 131 : 59 шт
--- НОВЫЕ ТАБЛИЦЫ --- всего: 5
    блок: OPOR_PARAMS_EXTRA_ROW
      LABEL = Отметка чистого пола, мм
      VALUE = 101
    блок: OPOR_PARAMS_EXTRA_ROW
      LABEL = Шаг опор, мм
      VALUE = 600
    блок: OPOR_PARAMS_EXTRA_ROW
      LABEL = Параметры финишного покрытия
      VALUE = Плитка 600\U+00D7600\U+00D720
    блок: OPOR_PARAMS_EXTRA_ROW
      LABEL = Площадь объекта, м\U+00B2
      VALUE = 15
    блок: OPOR_SUPPORT_SPEC_PRO
      SUP_PRO_LOW12 = 0
      SUP_PRO_LOW20 = 0
      SUP_PRO_25_35 = 0
      SUP_PRO_35_50 = 0
      SUP_PRO_50_80 = 59
      SUP_PRO_80_140 = 2
      SUP_PRO_95_155 = 0
      SUP_PRO_145_240 = 0
      SUP_PRO_160_270 = 0
      SUP_PRO_205_340 = 0
      SUP_PRO_235_400 = 0
      SUP_PRO_315_530 = 0
      SUP_PRO_390_660 = 0
      SUP_TOTAL = 61
=========================================

Команда: 
Команда: OPORTABLES

========== OPOR TOTAL TABLE BLOCKS ==========
--- TABLE #1 ---
    block: OPOR_SUPPORT_SPEC_PRO
    handle: 37A7F
    layer: контур
    session: 20260723_144311-13665734
      SUP_PRO_LOW12 = 0
      SUP_PRO_LOW20 = 0
      SUP_PRO_25_35 = 0
      SUP_PRO_35_50 = 0
      SUP_PRO_50_80 = 59
      SUP_PRO_80_140 = 2
      SUP_PRO_95_155 = 0
      SUP_PRO_145_240 = 0
      SUP_PRO_160_270 = 0
      SUP_PRO_205_340 = 0
      SUP_PRO_235_400 = 0
      SUP_PRO_315_530 = 0
      SUP_PRO_390_660 = 0
      SUP_TOTAL = 61
--- TABLE #2 ---
    block: OPOR_PARAMS_EXTRA_ROW
    handle: 37A8F
    layer: контур
    session: 20260723_144311-13665734
      LABEL = Площадь объекта, м\U+00B2
      VALUE = 15
--- TABLE #3 ---
    block: OPOR_PARAMS_EXTRA_ROW
    handle: 37A93
    layer: контур
    session: 20260723_144311-13665734
      LABEL = Параметры финишного покрытия
      VALUE = Плитка 600\U+00D7600\U+00D720
--- TABLE #4 ---
    block: OPOR_PARAMS_EXTRA_ROW
    handle: 37A97
    layer: контур
    session: 20260723_144311-13665734
      LABEL = Шаг опор, мм
      VALUE = 600
--- TABLE #5 ---
    block: OPOR_PARAMS_EXTRA_ROW
    handle: 37A9B
    layer: контур
    session: 20260723_144311-13665734
      LABEL = Отметка чистого пола, мм
      VALUE = 101
============================================

Команда: 
Команда: OPORCLEAN

Очистка OPOR [Session/All] <All>: 

[OPOR] Удалено объектов: 122

Команда: 
Команда: OPOR

[OPOR] Проверка OPOR:
Версия: 3.31-floor-compositions
Слои: OK
Блоки MVP: OK
Размерный стиль ISO-25: OK
Справочно, отсутствующие будущие блоки: 
- нетВыполняется регенерация модели.

Команда: 
[OPOR] Слоёв скрыто: 11
Выберите внешний контур OPOR: 
Команда: 
[OPOR] Проёмов найдено: 0Выполняется регенерация модели.

Команда: 
Начальная точка сетки <Enter = угол у длинного ребра>: 
Направление сетки <Enter = вдоль длинного ребра>: 
Точка вставки итоговой таблицы <Enter = справа от контура>: 

[OPOR] Контур 1 рассчитан: опор=61, длина лаг=30 м, ошибок высот=0.
Команда: Выполняется регенерация модели.

Команда: 
[OPOR] Слоёв скрыто: 11
Выберите следующий внешний контур OPOR или Enter для завершения: 
Выполняется регенерация модели.

Команда: 
[OPOR] Заголовок чертежа: Разбивка опор Level PRO.
[OPOR] Var завершён: опор=61, длина лаг=30 м, лаг=10 шт, ошибок высот=0, областей=4, треугольников=4.
Команда: 

Команда: 
Команда: OPORDUMP

========== OPOR NEW OBJECT DUMP ==========

===== SESSION 20260723_14455101-13826312 =====
--- ПО ТИПАМ XDATA ---
    drawing-title : 1
    grid-edge : 1
    grid-v : 9
    support : 61
    table-extra-row : 7
    table-support : 1
--- ПО СЛОЯМ ---
    контур : 9
    опорыvb : 61
    сеткаvb : 10
--- НОВАЯ СЕТКА --- линий: 10  длина: 30000 мм = 30 м
    grid-v: 9 линий, 27 м, min 3000 мм
    grid-p: 0 линий, 0 м, min - мм
    session grid lag: 27 м
    index ranges: v=(-3 11) p=(-3 8)
    boundary lag candidate: 3 м, mode=all
      outer: 3 м, holes: 0 м
    П5 лаги: рядов=10, поперечных удалено=6
    support split: vertices=5 border=24 nodes=32
    border filter: raw=30 after-vertices=24
    node filter: raw=54 after-self=54 after-vertices=52 after-border=32
    крепёж: лаги= x0, плитки= x0 (шаг 0)
    levels: marks=5 polylines=4 vertices=5 missing-marks=0 triangles=4 height-errors=0
--- НОВЫЕ ОПОРЫ --- всего: 61
    цвет 1 : 25 шт
    цвет 2 : 31 шт
    цвет 221 : 5 шт
--- НОВЫЕ ТАБЛИЦЫ --- всего: 8
    блок: OPOR_PARAMS_EXTRA_ROW
      LABEL = Отметка чистого пола, мм
      VALUE = 101
    блок: OPOR_PARAMS_EXTRA_ROW
      LABEL = Шаг между лагами, мм
      VALUE = 600
    блок: OPOR_PARAMS_EXTRA_ROW
      LABEL = Шаг опор вдоль лаги, мм
      VALUE = 600
    блок: OPOR_PARAMS_EXTRA_ROW
      LABEL = Общая длина лаг, м
      VALUE = 30
    блок: OPOR_PARAMS_EXTRA_ROW
      LABEL = Параметры лаги
      VALUE = Frame 40\U+00D740мм
    блок: OPOR_PARAMS_EXTRA_ROW
      LABEL = Параметры финишного покрытия
      VALUE = Доска 160\U+00D727\U+00D73000
    блок: OPOR_PARAMS_EXTRA_ROW
      LABEL = Площадь объекта, м\U+00B2
      VALUE = 15
    блок: OPOR_SUPPORT_SPEC_PRO
      SUP_PRO_LOW12 = 5
      SUP_PRO_LOW20 = 31
      SUP_PRO_25_35 = 25
      SUP_PRO_35_50 = 0
      SUP_PRO_50_80 = 0
      SUP_PRO_80_140 = 0
      SUP_PRO_95_155 = 0
      SUP_PRO_145_240 = 0
      SUP_PRO_160_270 = 0
      SUP_PRO_205_340 = 0
      SUP_PRO_235_400 = 0
      SUP_PRO_315_530 = 0
      SUP_PRO_390_660 = 0
      SUP_TOTAL = 61
=========================================

Команда: 
Команда: OPORTABLES

========== OPOR TOTAL TABLE BLOCKS ==========
--- TABLE #1 ---
    block: OPOR_SUPPORT_SPEC_PRO
    handle: 37C30
    layer: контур
    session: 20260723_14455101-13826312
      SUP_PRO_LOW12 = 5
      SUP_PRO_LOW20 = 31
      SUP_PRO_25_35 = 25
      SUP_PRO_35_50 = 0
      SUP_PRO_50_80 = 0
      SUP_PRO_80_140 = 0
      SUP_PRO_95_155 = 0
      SUP_PRO_145_240 = 0
      SUP_PRO_160_270 = 0
      SUP_PRO_205_340 = 0
      SUP_PRO_235_400 = 0
      SUP_PRO_315_530 = 0
      SUP_PRO_390_660 = 0
      SUP_TOTAL = 61
--- TABLE #2 ---
    block: OPOR_PARAMS_EXTRA_ROW
    handle: 37C40
    layer: контур
    session: 20260723_14455101-13826312
      LABEL = Площадь объекта, м\U+00B2
      VALUE = 15
--- TABLE #3 ---
    block: OPOR_PARAMS_EXTRA_ROW
    handle: 37C44
    layer: контур
    session: 20260723_14455101-13826312
      LABEL = Параметры финишного покрытия
      VALUE = Доска 160\U+00D727\U+00D73000
--- TABLE #4 ---
    block: OPOR_PARAMS_EXTRA_ROW
    handle: 37C48
    layer: контур
    session: 20260723_14455101-13826312
      LABEL = Параметры лаги
      VALUE = Frame 40\U+00D740мм
--- TABLE #5 ---
    block: OPOR_PARAMS_EXTRA_ROW
    handle: 37C4C
    layer: контур
    session: 20260723_14455101-13826312
      LABEL = Общая длина лаг, м
      VALUE = 30
--- TABLE #6 ---
    block: OPOR_PARAMS_EXTRA_ROW
    handle: 37C50
    layer: контур
    session: 20260723_14455101-13826312
      LABEL = Шаг опор вдоль лаги, мм
      VALUE = 600
--- TABLE #7 ---
    block: OPOR_PARAMS_EXTRA_ROW
    handle: 37C54
    layer: контур
    session: 20260723_14455101-13826312
      LABEL = Шаг между лагами, мм
      VALUE = 600
--- TABLE #8 ---
    block: OPOR_PARAMS_EXTRA_ROW
    handle: 37C58
    layer: контур
    session: 20260723_14455101-13826312
      LABEL = Отметка чистого пола, мм
      VALUE = 101
============================================

Команда: 
Команда: 
Автоматическое сохранение в C:\Users\user\AppData\Local\Temp\ETS22_pro_tables_live_1_29790_b202bf53.sv$ ...

Команда: 
Команда: *Прервано*

Команда: *Прервано*

Команда:  
Команда: 
