[ AutoCAD - Thu Jul 23 21:27:39 2026  ]----------------------------------------

Открывается файл формата AutoCAD 2018.
Выполняется регенерация листов.
Выполняется регенерация модели.


Утилиты меню AutoCAD загружены.
Команда: 

Файл Autodesk DWG. Это файл формата TrustedDWG, сохраненный в приложении Autodesk или в приложении, лицензированном корпорацией Autodesk.

Команда: 

Команда: 
Команда: *Прервано*

Команда: *Прервано*

Команда:   <Переход на: Модель>
Выполняется регенерация модели.

Команда: 
Команда: 
Команда: _SelectSimilar 
Команда: *Прервано*

Команда: _APPLOAD
SumLengths.lsp успешно загружено.


Команда: 
Команда: 
Команда: 
Команда: 
Команда: _SelectSimilar 
Команда: *Прервано*

Команда: Задайте противоположный угол или [Линия/РМн-угол/СМн-угол]: 
Команда: 
Команда: 
Команда: _IsolateObjects найдено: 947

Команда: 
Команда: 
Команда: _SelectSimilar 
Команда: SUMLENGTHS

Выберите объекты (LINE, LWPOLYLINE, SPLINE, ARC, CIRCLE, ELLIPSE) и нажмите Enter: найдено: 54

Суммарная длина: 71306.36

Команда: 
Команда: 
Команда: 
Команда: _UnIsolateObjects 
Отмена изолирования для объектов: 15236.

Команда: 
Команда: Задайте противоположный угол или [Линия/РМн-угол/СМн-угол]: 
Команда: Задайте противоположный угол или [Линия/РМн-угол/СМн-угол]: *Прервано*

Команда: *Прервано*

Команда: 
Команда: *Прервано*

Команда: *Прервано*

Команда:  
Команда: 
