[ AutoCAD - Fri Jul 24 09:33:34 2026  ]----------------------------------------

Открытие файла AutoCAD 2013/LT 2013.
Подстановка [simplex.shx] вместо [CS_Gost2304.shx].
Подстановка [simplex.shx] вместо [spdswin.shx].
Выполняется регенерация модели.


Утилиты меню AutoCAD загружены.
Команда: 

Файл Autodesk DWG. Это файл формата TrustedDWG, сохраненный в приложении Autodesk или в приложении, лицензированном корпорацией Autodesk.

Команда: 

Команда: 
Команда: *Прервано*

Команда: 
Автоматическое сохранение в C:\Users\user\AppData\Local\Temp\ИОС3.3_подключение решетки_Решетки_1_14924_841040a0.sv$ ...

Команда: 
Команда: 
Команда: 
Команда: 
Команда: 
Команда: _qnew 
Команда: 
Команда: *Прервано*

Команда: *Прервано*

Команда:  
Команда: 
