[ AutoCAD - Tue Jul 28 12:42:13 2026  ]----------------------------------------

Открытие файла AutoCAD 2013/LT 2013.
Подстановка [simplex.shx] вместо [CS_Gost2304.shx].
Подстановка [simplex.shx] вместо [spdswin.shx].
Выполняется регенерация модели.


Утилиты меню AutoCAD загружены.
Команда: 

Файл Autodesk DWG. Это файл формата TrustedDWG, сохраненный в приложении Autodesk или в приложении, лицензированном корпорацией Autodesk.

Команда: 

Команда: 
Команда: 
Автоматическое сохранение в C:\Users\user\AppData\Local\Temp\ИОС3.3_подключение решетки_Решетки_1_14739_c2557f22.sv$ ...

Команда: 
Команда: Задайте противоположный угол или [Линия/РМн-угол/СМн-угол]: *Прервано*

Команда: 
Команда: *Прервано*

Команда: 
Команда: *Прервано*

Команда: 
Автоматическое сохранение в C:\Users\user\AppData\Local\Temp\ИОС3.3_подключение решетки_Решетки_1_14739_c2557f22.sv$ ...

Команда: 
Команда: *Прервано*

Команда: *Прервано*

Команда:  
Команда: 
