[ AutoCAD - Wed Jul 29 10:45:02 2026  ]----------------------------------------
Подстановка [simplex.shx] вместо [ESKD1.shx].
Подстановка [simplex.shx] вместо [ESKD1.shx].
Подстановка [simplex.shx] вместо [MIPGOST.SHX].
Подстановка [simplex.shx] вместо [CS_Gost2304.shx].
Выполняется регенерация модели.


Утилиты меню AutoCAD загружены.
Команда: 

Формат файла отличается от формата Autodesk DWG. Корпорация Autodesk не принимала участия в разработке и лицензировании прикладной программы, в которой сохранен этот файл DWG. Корпорация Autodesk не может гарантировать совместимости с этой прикладной программой и целостности файла.

Команда: 
**** Системная переменная изменена ****
Отслеживаемой системной переменной назначено значение, отличное от предпочтительного. Для просмотра изменений воспользуйтесь командой СИСТПЕРЕММОНИТОР.


Команда: 
Команда: Выполняется регенерация модели.
Выполняется регенерация модели.

Команда: 
Команда: *Прервано*

Команда: Задайте противоположный угол или [Линия/РМн-угол/СМн-угол]: 
Команда: *Прервано*

Команда: 
Команда: 
Команда: _saveas 
