[ AutoCAD - Fri Jul 24 11:56:39 2026  ]----------------------------------------

Открывается файл формата AutoCAD 2018.
Подстановка [simplex.shx] вместо [GOST 2.304 type A].
Подстановка [simplex.shx] вместо [GOST 2.304 type A].
Подстановка [simplex.shx] вместо [GOST 2.304 type A].

Разрешить Вн-ссылки "output[1-3]_3_3385-25": .\спс\2026.04.15_Участок 15.2_СПС\3_3385-25-ИГДИ\output[1-3]_3_3385-25.dwg
"output[1-3]_3_3385-25" загружена: C:\Users\user\Documents\Таран\Соколиная гора\15.2\КР3\спс\2026.04.15_Участок 15.2_СПС\3_3385-25-ИГДИ\output[1-3]_3_3385-25.dwg
Файл ссылки "output[1-3]_3_3385-25", возможно, изменился с момента последнего сохранения главного чертежа.

Разрешить Вн-ссылки "output[1-3]_3_3385-25up": .\спс\2026.04.15_Участок 15.2_СПС\3_3385-25-ИГДИ\output[1-3]_3_3385-25up.dwg
"output[1-3]_3_3385-25up" загружена: C:\Users\user\Documents\Таран\Соколиная гора\15.2\КР3\спс\2026.04.15_Участок 15.2_СПС\3_3385-25-ИГДИ\output[1-3]_3_3385-25up.dwg
Файл ссылки "output[1-3]_3_3385-25up", возможно, изменился с момента последнего сохранения главного чертежа.

Разрешить Вн-ссылки "output[1-3]_3_3385-25_brd": .\спс\2026.04.15_Участок 15.2_СПС\3_3385-25-ИГДИ\output[1-3]_3_3385-25_brd.dwg
"output[1-3]_3_3385-25_brd" загружена: C:\Users\user\Documents\Таран\Соколиная гора\15.2\КР3\спс\2026.04.15_Участок 15.2_СПС\3_3385-25-ИГДИ\output[1-3]_3_3385-25_brd.dwg
Файл ссылки "output[1-3]_3_3385-25_brd", возможно, изменился с момента последнего сохранения главного чертежа.

Разрешить Вн-ссылки "output[1-3]_3_3385-25_edge001": .\спс\2026.04.15_Участок 15.2_СПС\3_3385-25-ИГДИ\output[1-3]_3_3385-25_edge001.dwg
"output[1-3]_3_3385-25_edge001" загружена: C:\Users\user\Documents\Таран\Соколиная гора\15.2\КР3\спс\2026.04.15_Участок 15.2_СПС\3_3385-25-ИГДИ\output[1-3]_3_3385-25_edge001.dwg
Файл ссылки "output[1-3]_3_3385-25_edge001", возможно, изменился с момента последнего сохранения главного чертежа.

Разрешить Вн-ссылки "output[1-3]_3_3385-25_edge002": .\спс\2026.04.15_Участок 15.2_СПС\3_3385-25-ИГДИ\output[1-3]_3_3385-25_edge002.dwg
"output[1-3]_3_3385-25_edge002" загружена: C:\Users\user\Documents\Таран\Соколиная гора\15.2\КР3\спс\2026.04.15_Участок 15.2_СПС\3_3385-25-ИГДИ\output[1-3]_3_3385-25_edge002.dwg
Файл ссылки "output[1-3]_3_3385-25_edge002", возможно, изменился с момента последнего сохранения главного чертежа.

Разрешить Вн-ссылки "output[1-3]_3_3385-25_edge003": .\спс\2026.04.15_Участок 15.2_СПС\3_3385-25-ИГДИ\output[1-3]_3_3385-25_edge003.dwg
"output[1-3]_3_3385-25_edge003" загружена: C:\Users\user\Documents\Таран\Соколиная гора\15.2\КР3\спс\2026.04.15_Участок 15.2_СПС\3_3385-25-ИГДИ\output[1-3]_3_3385-25_edge003.dwg
Файл ссылки "output[1-3]_3_3385-25_edge003", возможно, изменился с момента последнего сохранения главного чертежа.

Разрешить Вн-ссылки "output[1-3]_3_3385-25kl": .\спс\2026.04.15_Участок 15.2_СПС\3_3385-25-ИГДИ\output[1-3]_3_3385-25kl.dwg
"output[1-3]_3_3385-25kl" загружена: C:\Users\user\Documents\Таран\Соколиная гора\15.2\КР3\спс\2026.04.15_Участок 15.2_СПС\3_3385-25-ИГДИ\output[1-3]_3_3385-25kl.dwg
Файл ссылки "output[1-3]_3_3385-25kl", возможно, изменился с момента последнего сохранения главного чертежа.

Разрешить Вн-ссылки "output[1-3]_3_3385-25pp": .\спс\2026.04.15_Участок 15.2_СПС\3_3385-25-ИГДИ\output[1-3]_3_3385-25pp.dwg
"output[1-3]_3_3385-25pp" загружена: C:\Users\user\Documents\Таран\Соколиная гора\15.2\КР3\спс\2026.04.15_Участок 15.2_СПС\3_3385-25-ИГДИ\output[1-3]_3_3385-25pp.dwg
Файл ссылки "output[1-3]_3_3385-25pp", возможно, изменился с момента последнего сохранения главного чертежа.

Разрешить Вн-ссылки "output[1-3]_3_3385-25tp": .\спс\2026.04.15_Участок 15.2_СПС\3_3385-25-ИГДИ\output[1-3]_3_3385-25tp.dwg
"output[1-3]_3_3385-25tp" загружена: C:\Users\user\Documents\Таран\Соколиная гора\15.2\КР3\спс\2026.04.15_Участок 15.2_СПС\3_3385-25-ИГДИ\output[1-3]_3_3385-25tp.dwg
Файл ссылки "output[1-3]_3_3385-25tp", возможно, изменился с момента последнего сохранения главного чертежа.

Разрешить Вн-ссылки "output[1]_3_5594-25": .\спс\2026.04.15_Участок 15.2_СПС\3_5594-25-ИГДИ\output[1]_3_5594-25.dwg
"output[1]_3_5594-25" загружена: C:\Users\user\Documents\Таран\Соколиная гора\15.2\КР3\спс\2026.04.15_Участок 15.2_СПС\3_5594-25-ИГДИ\output[1]_3_5594-25.dwg
Файл ссылки "output[1]_3_5594-25", возможно, изменился с момента последнего сохранения главного чертежа.

Разрешить Вн-ссылки "output[1]_3_5594-25up": .\спс\2026.04.15_Участок 15.2_СПС\3_5594-25-ИГДИ\output[1]_3_5594-25up.dwg
"output[1]_3_5594-25up" загружена: C:\Users\user\Documents\Таран\Соколиная гора\15.2\КР3\спс\2026.04.15_Участок 15.2_СПС\3_5594-25-ИГДИ\output[1]_3_5594-25up.dwg
Файл ссылки "output[1]_3_5594-25up", возможно, изменился с момента последнего сохранения главного чертежа.

Разрешить Вн-ссылки "output[1]_3_5594-25_brd": .\спс\2026.04.15_Участок 15.2_СПС\3_5594-25-ИГДИ\output[1]_3_5594-25_brd.dwg
"output[1]_3_5594-25_brd" загружена: C:\Users\user\Documents\Таран\Соколиная гора\15.2\КР3\спс\2026.04.15_Участок 15.2_СПС\3_5594-25-ИГДИ\output[1]_3_5594-25_brd.dwg
Файл ссылки "output[1]_3_5594-25_brd", возможно, изменился с момента последнего сохранения главного чертежа.

Разрешить Вн-ссылки "output[1]_3_5594-25_edge001": .\спс\2026.04.15_Участок 15.2_СПС\3_5594-25-ИГДИ\output[1]_3_5594-25_edge001.dwg
"output[1]_3_5594-25_edge001" загружена: C:\Users\user\Documents\Таран\Соколиная гора\15.2\КР3\спс\2026.04.15_Участок 15.2_СПС\3_5594-25-ИГДИ\output[1]_3_5594-25_edge001.dwg
Файл ссылки "output[1]_3_5594-25_edge001", возможно, изменился с момента последнего сохранения главного чертежа.

Разрешить Вн-ссылки "output[1]_3_5594-25kl": .\спс\2026.04.15_Участок 15.2_СПС\3_5594-25-ИГДИ\output[1]_3_5594-25kl.dwg
"output[1]_3_5594-25kl" загружена: C:\Users\user\Documents\Таран\Соколиная гора\15.2\КР3\спс\2026.04.15_Участок 15.2_СПС\3_5594-25-ИГДИ\output[1]_3_5594-25kl.dwg
Файл ссылки "output[1]_3_5594-25kl", возможно, изменился с момента последнего сохранения главного чертежа.

Разрешить Вн-ссылки "output[1]_3_5594-25tp": .\спс\2026.04.15_Участок 15.2_СПС\3_5594-25-ИГДИ\output[1]_3_5594-25tp.dwg
"output[1]_3_5594-25tp" загружена: C:\Users\user\Documents\Таран\Соколиная гора\15.2\КР3\спс\2026.04.15_Участок 15.2_СПС\3_5594-25-ИГДИ\output[1]_3_5594-25tp.dwg
Файл ссылки "output[1]_3_5594-25tp", возможно, изменился с момента последнего сохранения главного чертежа.

Разрешить Вн-ссылки "output[1-2]_3_3077-25": .\спс\2026.04.15_Участок 15.2_СПС\3077-25-ИГДИ\output[1-2]_3_3077-25.dwg
"output[1-2]_3_3077-25" загружена: C:\Users\user\Documents\Таран\Соколиная гора\15.2\КР3\спс\2026.04.15_Участок 15.2_СПС\3077-25-ИГДИ\output[1-2]_3_3077-25.dwg
Файл ссылки "output[1-2]_3_3077-25", возможно, изменился с момента последнего сохранения главного чертежа.

Разрешить Вн-ссылки "output[1-2]_3_3077-25up": .\спс\2026.04.15_Участок 15.2_СПС\3077-25-ИГДИ\output[1-2]_3_3077-25up.dwg
"output[1-2]_3_3077-25up" загружена: C:\Users\user\Documents\Таран\Соколиная гора\15.2\КР3\спс\2026.04.15_Участок 15.2_СПС\3077-25-ИГДИ\output[1-2]_3_3077-25up.dwg
Файл ссылки "output[1-2]_3_3077-25up", возможно, изменился с момента последнего сохранения главного чертежа.

Разрешить Вн-ссылки "output[1-2]_3_3077-25_brd": .\спс\2026.04.15_Участок 15.2_СПС\3077-25-ИГДИ\output[1-2]_3_3077-25_brd.dwg
"output[1-2]_3_3077-25_brd" загружена: C:\Users\user\Documents\Таран\Соколиная гора\15.2\КР3\спс\2026.04.15_Участок 15.2_СПС\3077-25-ИГДИ\output[1-2]_3_3077-25_brd.dwg
Файл ссылки "output[1-2]_3_3077-25_brd", возможно, изменился с момента последнего сохранения главного чертежа.

Разрешить Вн-ссылки "output[1-2]_3_3077-25_edge001": .\спс\2026.04.15_Участок 15.2_СПС\3077-25-ИГДИ\output[1-2]_3_3077-25_edge001.dwg
"output[1-2]_3_3077-25_edge001" загружена: C:\Users\user\Documents\Таран\Соколиная гора\15.2\КР3\спс\2026.04.15_Участок 15.2_СПС\3077-25-ИГДИ\output[1-2]_3_3077-25_edge001.dwg
Файл ссылки "output[1-2]_3_3077-25_edge001", возможно, изменился с момента последнего сохранения главного чертежа.

Разрешить Вн-ссылки "output[1-2]_3_3077-25_edge002": .\спс\2026.04.15_Участок 15.2_СПС\3077-25-ИГДИ\output[1-2]_3_3077-25_edge002.dwg
"output[1-2]_3_3077-25_edge002" загружена: C:\Users\user\Documents\Таран\Соколиная гора\15.2\КР3\спс\2026.04.15_Участок 15.2_СПС\3077-25-ИГДИ\output[1-2]_3_3077-25_edge002.dwg
Файл ссылки "output[1-2]_3_3077-25_edge002", возможно, изменился с момента последнего сохранения главного чертежа.

Разрешить Вн-ссылки "output[1-2]_3_3077-25kl": .\спс\2026.04.15_Участок 15.2_СПС\3077-25-ИГДИ\output[1-2]_3_3077-25kl.dwg
"output[1-2]_3_3077-25kl" загружена: C:\Users\user\Documents\Таран\Соколиная гора\15.2\КР3\спс\2026.04.15_Участок 15.2_СПС\3077-25-ИГДИ\output[1-2]_3_3077-25kl.dwg
Файл ссылки "output[1-2]_3_3077-25kl", возможно, изменился с момента последнего сохранения главного чертежа.

Разрешить Вн-ссылки "output[1-2]_3_3077-25tp": .\спс\2026.04.15_Участок 15.2_СПС\3077-25-ИГДИ\output[1-2]_3_3077-25tp.dwg
"output[1-2]_3_3077-25tp" загружена: C:\Users\user\Documents\Таран\Соколиная гора\15.2\КР3\спс\2026.04.15_Участок 15.2_СПС\3077-25-ИГДИ\output[1-2]_3_3077-25tp.dwg
Файл ссылки "output[1-2]_3_3077-25tp", возможно, изменился с момента последнего сохранения главного чертежа.

Разрешить Вн-ссылки "output[1]_3_760-25": .\спс\2026.04.15_Участок 15.2_СПС\3760-25-ИГДИ\output[1]_3_760-25.dwg
"output[1]_3_760-25" загружена: C:\Users\user\Documents\Таран\Соколиная гора\15.2\КР3\спс\2026.04.15_Участок 15.2_СПС\3760-25-ИГДИ\output[1]_3_760-25.dwg
Файл ссылки "output[1]_3_760-25", возможно, изменился с момента последнего сохранения главного чертежа.

Разрешить Вн-ссылки "output[1]_3_760-25up": .\спс\2026.04.15_Участок 15.2_СПС\3760-25-ИГДИ\output[1]_3_760-25up.dwg
"output[1]_3_760-25up" загружена: C:\Users\user\Documents\Таран\Соколиная гора\15.2\КР3\спс\2026.04.15_Участок 15.2_СПС\3760-25-ИГДИ\output[1]_3_760-25up.dwg
Файл ссылки "output[1]_3_760-25up", возможно, изменился с момента последнего сохранения главного чертежа.

Разрешить Вн-ссылки "output[1]_3_760-25_brd": .\спс\2026.04.15_Участок 15.2_СПС\3760-25-ИГДИ\output[1]_3_760-25_brd.dwg
"output[1]_3_760-25_brd" загружена: C:\Users\user\Documents\Таран\Соколиная гора\15.2\КР3\спс\2026.04.15_Участок 15.2_СПС\3760-25-ИГДИ\output[1]_3_760-25_brd.dwg
Файл ссылки "output[1]_3_760-25_brd", возможно, изменился с момента последнего сохранения главного чертежа.

Разрешить Вн-ссылки "output[1]_3_760-25_edge001": .\спс\2026.04.15_Участок 15.2_СПС\3760-25-ИГДИ\output[1]_3_760-25_edge001.dwg
"output[1]_3_760-25_edge001" загружена: C:\Users\user\Documents\Таран\Соколиная гора\15.2\КР3\спс\2026.04.15_Участок 15.2_СПС\3760-25-ИГДИ\output[1]_3_760-25_edge001.dwg
Файл ссылки "output[1]_3_760-25_edge001", возможно, изменился с момента последнего сохранения главного чертежа.

Разрешить Вн-ссылки "output[1]_3_760-25kl": .\спс\2026.04.15_Участок 15.2_СПС\3760-25-ИГДИ\output[1]_3_760-25kl.dwg
"output[1]_3_760-25kl" загружена: C:\Users\user\Documents\Таран\Соколиная гора\15.2\КР3\спс\2026.04.15_Участок 15.2_СПС\3760-25-ИГДИ\output[1]_3_760-25kl.dwg
Файл ссылки "output[1]_3_760-25kl", возможно, изменился с момента последнего сохранения главного чертежа.

Разрешить Вн-ссылки "output[1]_3_760-25tp": .\спс\2026.04.15_Участок 15.2_СПС\3760-25-ИГДИ\output[1]_3_760-25tp.dwg
"output[1]_3_760-25tp" загружена: C:\Users\user\Documents\Таран\Соколиная гора\15.2\КР3\спс\2026.04.15_Участок 15.2_СПС\3760-25-ИГДИ\output[1]_3_760-25tp.dwg
Файл ссылки "output[1]_3_760-25tp", возможно, изменился с момента последнего сохранения главного чертежа.

Разрешить Вн-ссылки "15.2_СХЕМЫ ЧАСТЕЙ ГП": .\спс\2026.04.15_Участок 15.2_СПС\ПОДГРУЗКИ_ОБЩИЕ\15.2_СХЕМЫ ЧАСТЕЙ ГП.dwg
"15.2_СХЕМЫ ЧАСТЕЙ ГП" загружена: C:\Users\user\Documents\Таран\Соколиная гора\15.2\КР3\спс\2026.04.15_Участок 15.2_СПС\ПОДГРУЗКИ_ОБЩИЕ\15.2_СХЕМЫ ЧАСТЕЙ ГП.dwg
Файл ссылки "15.2_СХЕМЫ ЧАСТЕЙ ГП", возможно, изменился с момента последнего сохранения главного чертежа.

Разрешить Вн-ссылки "1.4_Существующие здания": .\спс\2026.04.15_Участок 15.2_СПС\ПОДГРУЗКИ_ОБЩИЕ\1.4_Существующие здания.dwg
"1.4_Существующие здания" загружена: C:\Users\user\Documents\Таран\Соколиная гора\15.2\КР3\спс\2026.04.15_Участок 15.2_СПС\ПОДГРУЗКИ_ОБЩИЕ\1.4_Существующие здания.dwg
Файл ссылки "1.4_Существующие здания", возможно, изменился с момента последнего сохранения главного чертежа.

Разрешить Вн-ссылки "15.2_БАССЕЙНЫ ВОДОСТОКА": .\спс\2026.04.15_Участок 15.2_СПС\ПОДГРУЗКИ_ОБЩИЕ\15.2_БАССЕЙНЫ ВОДОСТОКА.dwg
"15.2_БАССЕЙНЫ ВОДОСТОКА" загружена: C:\Users\user\Documents\Таран\Соколиная гора\15.2\КР3\спс\2026.04.15_Участок 15.2_СПС\ПОДГРУЗКИ_ОБЩИЕ\15.2_БАССЕЙНЫ ВОДОСТОКА.dwg
Файл ссылки "15.2_БАССЕЙНЫ ВОДОСТОКА", возможно, изменился с момента последнего сохранения главного чертежа.

Разрешить Вн-ссылки "15.2_ВЕРТИКАЛКА": .\спс\2026.04.15_Участок 15.2_СПС\ПОДГРУЗКИ_ОБЩИЕ\15.2_ВЕРТИКАЛКА.dwg
"15.2_ВЕРТИКАЛКА" загружена: C:\Users\user\Documents\Таран\Соколиная гора\15.2\КР3\спс\2026.04.15_Участок 15.2_СПС\ПОДГРУЗКИ_ОБЩИЕ\15.2_ВЕРТИКАЛКА.dwg
Файл ссылки "15.2_ВЕРТИКАЛКА", возможно, изменился с момента последнего сохранения главного чертежа.

Разрешить Вн-ссылки "15.2_КОТЛОВАН": .\спс\2026.04.15_Участок 15.2_СПС\ПОДГРУЗКИ_ОБЩИЕ\15.2_КОТЛОВАН.dwg
"15.2_КОТЛОВАН" загружена: C:\Users\user\Documents\Таран\Соколиная гора\15.2\КР3\спс\2026.04.15_Участок 15.2_СПС\ПОДГРУЗКИ_ОБЩИЕ\15.2_КОТЛОВАН.dwg
Файл ссылки "15.2_КОТЛОВАН", возможно, изменился с момента последнего сохранения главного чертежа.

Разрешить Вн-ссылки "15.2_Пожарные рукава": .\спс\2026.04.15_Участок 15.2_СПС\ПОДГРУЗКИ_ОБЩИЕ\15.2_Пожарные рукава.dwg
"15.2_Пожарные рукава" загружена: C:\Users\user\Documents\Таран\Соколиная гора\15.2\КР3\спс\2026.04.15_Участок 15.2_СПС\ПОДГРУЗКИ_ОБЩИЕ\15.2_Пожарные рукава.dwg
Файл ссылки "15.2_Пожарные рукава", возможно, изменился с момента последнего сохранения главного чертежа.

Разрешить Вн-ссылки "15.2_ПОСАДКА ЗДАНИЯ": .\спс\2026.04.15_Участок 15.2_СПС\ПОДГРУЗКИ_ОБЩИЕ\15.2_ПОСАДКА ЗДАНИЯ.dwg
"15.2_ПОСАДКА ЗДАНИЯ" загружена: C:\Users\user\Documents\Таран\Соколиная гора\15.2\КР3\спс\2026.04.15_Участок 15.2_СПС\ПОДГРУЗКИ_ОБЩИЕ\15.2_ПОСАДКА ЗДАНИЯ.dwg
Файл ссылки "15.2_ПОСАДКА ЗДАНИЯ", возможно, изменился с момента последнего сохранения главного чертежа.

Разрешить Вн-ссылки "15.2_СНОСИМОЕ ЗДАНИЕ": .\спс\2026.04.15_Участок 15.2_СПС\ПОДГРУЗКИ_ОБЩИЕ\15.2_СНОСИМОЕ ЗДАНИЕ.dwg
"15.2_СНОСИМОЕ ЗДАНИЕ" загружена: C:\Users\user\Documents\Таран\Соколиная гора\15.2\КР3\спс\2026.04.15_Участок 15.2_СПС\ПОДГРУЗКИ_ОБЩИЕ\15.2_СНОСИМОЕ ЗДАНИЕ.dwg
Файл ссылки "15.2_СНОСИМОЕ ЗДАНИЕ", возможно, изменился с момента последнего сохранения главного чертежа.

Разрешить Вн-ссылки "15.2_РТ  ВЫНОС": .\спс\2026.04.15_Участок 15.2_СПС\СЕТИ ВЫНОС+ДЕМОНТАЖ\15.2_РТ  ВЫНОС.dwg
"15.2_РТ  ВЫНОС" загружена: C:\Users\user\Documents\Таран\Соколиная гора\15.2\КР3\спс\2026.04.15_Участок 15.2_СПС\СЕТИ ВЫНОС+ДЕМОНТАЖ\15.2_РТ  ВЫНОС.dwg
Файл ссылки "15.2_РТ  ВЫНОС", возможно, изменился с момента последнего сохранения главного чертежа.

Разрешить Вн-ссылки "15.2_Водопровод_кресты": .\спс\2026.04.15_Участок 15.2_СПС\СЕТИ ВЫНОС+ДЕМОНТАЖ\15.2_Водопровод_кресты.dwg
"15.2_Водопровод_кресты" загружена: C:\Users\user\Documents\Таран\Соколиная гора\15.2\КР3\спс\2026.04.15_Участок 15.2_СПС\СЕТИ ВЫНОС+ДЕМОНТАЖ\15.2_Водопровод_кресты.dwg
Файл ссылки "15.2_Водопровод_кресты", возможно, изменился с момента последнего сохранения главного чертежа.

Разрешить Вн-ссылки "15.2_ГАЗ ВЫНОС": .\спс\2026.04.15_Участок 15.2_СПС\СЕТИ ВЫНОС+ДЕМОНТАЖ\15.2_ГАЗ ВЫНОС.dwg
"15.2_ГАЗ ВЫНОС" загружена: C:\Users\user\Documents\Таран\Соколиная гора\15.2\КР3\спс\2026.04.15_Участок 15.2_СПС\СЕТИ ВЫНОС+ДЕМОНТАЖ\15.2_ГАЗ ВЫНОС.dwg
Файл ссылки "15.2_ГАЗ ВЫНОС", возможно, изменился с момента последнего сохранения главного чертежа.

Разрешить Вн-ссылки "15.2_Канализация_кресты": .\спс\2026.04.15_Участок 15.2_СПС\СЕТИ ВЫНОС+ДЕМОНТАЖ\15.2_Канализация_кресты.dwg
"15.2_Канализация_кресты" загружена: C:\Users\user\Documents\Таран\Соколиная гора\15.2\КР3\спс\2026.04.15_Участок 15.2_СПС\СЕТИ ВЫНОС+ДЕМОНТАЖ\15.2_Канализация_кресты.dwg
Файл ссылки "15.2_Канализация_кресты", возможно, изменился с момента последнего сохранения главного чертежа.

Разрешить Вн-ссылки "15.2_МГТС ВЫНОС": .\спс\2026.04.15_Участок 15.2_СПС\СЕТИ ВЫНОС+ДЕМОНТАЖ\15.2_МГТС ВЫНОС.dwg
"15.2_МГТС ВЫНОС" загружена: C:\Users\user\Documents\Таран\Соколиная гора\15.2\КР3\спс\2026.04.15_Участок 15.2_СПС\СЕТИ ВЫНОС+ДЕМОНТАЖ\15.2_МГТС ВЫНОС.dwg
Файл ссылки "15.2_МГТС ВЫНОС", возможно, изменился с момента последнего сохранения главного чертежа.

Разрешить Вн-ссылки "15.2_План ТС_10.10.25_для СПС": .\спс\2026.04.15_Участок 15.2_СПС\СЕТИ ВЫНОС+ДЕМОНТАЖ\15.2_План ТС_10.10.25_для СПС.dwg
"15.2_План ТС_10.10.25_для СПС" загружена: C:\Users\user\Documents\Таран\Соколиная гора\15.2\КР3\спс\2026.04.15_Участок 15.2_СПС\СЕТИ ВЫНОС+ДЕМОНТАЖ\15.2_План ТС_10.10.25_для СПС.dwg
Файл ссылки "15.2_План ТС_10.10.25_для СПС", возможно, изменился с момента последнего сохранения главного чертежа.

Разрешить Вн-ссылки "15.2_План_сети_НО_вынос_5.1.3": .\спс\2026.04.15_Участок 15.2_СПС\СЕТИ ВЫНОС+ДЕМОНТАЖ\15.2_План_сети_НО_вынос_5.1.3.dwg
"15.2_План_сети_НО_вынос_5.1.3" загружена: C:\Users\user\Documents\Таран\Соколиная гора\15.2\КР3\спс\2026.04.15_Участок 15.2_СПС\СЕТИ ВЫНОС+ДЕМОНТАЖ\15.2_План_сети_НО_вынос_5.1.3.dwg
Файл ссылки "15.2_План_сети_НО_вынос_5.1.3", возможно, изменился с момента последнего сохранения главного чертежа.

Разрешить Вн-ссылки "15.2_План_сети_ЭС_вынос_5.1.4": .\спс\2026.04.15_Участок 15.2_СПС\СЕТИ ВЫНОС+ДЕМОНТАЖ\15.2_План_сети_ЭС_вынос_5.1.4.dwg
"15.2_План_сети_ЭС_вынос_5.1.4" загружена: C:\Users\user\Documents\Таран\Соколиная гора\15.2\КР3\спс\2026.04.15_Участок 15.2_СПС\СЕТИ ВЫНОС+ДЕМОНТАЖ\15.2_План_сети_ЭС_вынос_5.1.4.dwg
Файл ссылки "15.2_План_сети_ЭС_вынос_5.1.4", возможно, изменился с момента последнего сохранения главного чертежа.

Разрешить Вн-ссылки "15.2_ОРУД кабель": .\спс\2026.04.15_Участок 15.2_СПС\СЕТИ ЗАДАНИЕ\15.2_ОРУД кабель.dwg
"15.2_ОРУД кабель" загружена: C:\Users\user\Documents\Таран\Соколиная гора\15.2\КР3\спс\2026.04.15_Участок 15.2_СПС\СЕТИ ЗАДАНИЕ\15.2_ОРУД кабель.dwg
Файл ссылки "15.2_ОРУД кабель", возможно, изменился с момента последнего сохранения главного чертежа.

Разрешить Вн-ссылки "15.2_НСС МПТЦ ПОДКЛЮЧЕНИЕ": .\спс\2026.04.15_Участок 15.2_СПС\СЕТИ ПРОКЛАДКА_НАШИ\15.2_НСС МПТЦ ПОДКЛЮЧЕНИЕ.dwg
"15.2_НСС МПТЦ ПОДКЛЮЧЕНИЕ" загружена: C:\Users\user\Documents\Таран\Соколиная гора\15.2\КР3\спс\2026.04.15_Участок 15.2_СПС\СЕТИ ПРОКЛАДКА_НАШИ\15.2_НСС МПТЦ ПОДКЛЮЧЕНИЕ.dwg
Файл ссылки "15.2_НСС МПТЦ ПОДКЛЮЧЕНИЕ", возможно, изменился с момента последнего сохранения главного чертежа.

Разрешить Вн-ссылки "15.2_ВЫПУСКА ВОДОСТОК": .\спс\2026.04.15_Участок 15.2_СПС\СЕТИ ПРОКЛАДКА_НАШИ\15.2_ВЫПУСКА ВОДОСТОК.dwg
"15.2_ВЫПУСКА ВОДОСТОК" загружена: C:\Users\user\Documents\Таран\Соколиная гора\15.2\КР3\спс\2026.04.15_Участок 15.2_СПС\СЕТИ ПРОКЛАДКА_НАШИ\15.2_ВЫПУСКА ВОДОСТОК.dwg
Файл ссылки "15.2_ВЫПУСКА ВОДОСТОК", возможно, изменился с момента последнего сохранения главного чертежа.

Разрешить Вн-ссылки "15.2_ВЫПУСКА КАНАЛИЗАЦИЯ": .\спс\2026.04.15_Участок 15.2_СПС\СЕТИ ПРОКЛАДКА_НАШИ\15.2_ВЫПУСКА КАНАЛИЗАЦИЯ.dwg
"15.2_ВЫПУСКА КАНАЛИЗАЦИЯ" загружена: C:\Users\user\Documents\Таран\Соколиная гора\15.2\КР3\спс\2026.04.15_Участок 15.2_СПС\СЕТИ ПРОКЛАДКА_НАШИ\15.2_ВЫПУСКА КАНАЛИЗАЦИЯ.dwg
Файл ссылки "15.2_ВЫПУСКА КАНАЛИЗАЦИЯ", возможно, изменился с момента последнего сохранения главного чертежа.

Разрешить Вн-ссылки "15.2_НО_подключение": .\спс\2026.04.15_Участок 15.2_СПС\СЕТИ ПРОКЛАДКА_НАШИ\15.2_НО_подключение.dwg
"15.2_НО_подключение" загружена: C:\Users\user\Documents\Таран\Соколиная гора\15.2\КР3\спс\2026.04.15_Участок 15.2_СПС\СЕТИ ПРОКЛАДКА_НАШИ\15.2_НО_подключение.dwg
Файл ссылки "15.2_НО_подключение", возможно, изменился с момента последнего сохранения главного чертежа.

Разрешить Вн-ссылки "15.2_ТЕХПРИС ТЕПЛОТРАССА": .\спс\2026.04.15_Участок 15.2_СПС\СЕТИ ПРОКЛАДКА_ТЕХПРИС\15.2_ТЕХПРИС ТЕПЛОТРАССА.dwg
"15.2_ТЕХПРИС ТЕПЛОТРАССА" загружена: C:\Users\user\Documents\Таран\Соколиная гора\15.2\КР3\спс\2026.04.15_Участок 15.2_СПС\СЕТИ ПРОКЛАДКА_ТЕХПРИС\15.2_ТЕХПРИС ТЕПЛОТРАССА.dwg
Файл ссылки "15.2_ТЕХПРИС ТЕПЛОТРАССА", возможно, изменился с момента последнего сохранения главного чертежа.

Разрешить Вн-ссылки "7.1_ТЕХПРИС ВОДОСТОК": .\спс\2026.04.15_Участок 15.2_СПС\СЕТИ ПРОКЛАДКА_ТЕХПРИС\7.1_ТЕХПРИС ВОДОСТОК.dwg
"7.1_ТЕХПРИС ВОДОСТОК" загружена: C:\Users\user\Documents\Таран\Соколиная гора\15.2\КР3\спс\2026.04.15_Участок 15.2_СПС\СЕТИ ПРОКЛАДКА_ТЕХПРИС\7.1_ТЕХПРИС ВОДОСТОК.dwg
Файл ссылки "7.1_ТЕХПРИС ВОДОСТОК", возможно, изменился с момента последнего сохранения главного чертежа.

Разрешить Вн-ссылки "15.2_ТЕХПРИС ВВОД Водопровода": .\спс\2026.04.15_Участок 15.2_СПС\СЕТИ ПРОКЛАДКА_ТЕХПРИС\15.2_ТЕХПРИС ВВОД Водопровода.dwg
"15.2_ТЕХПРИС ВВОД Водопровода" загружена: C:\Users\user\Documents\Таран\Соколиная гора\15.2\КР3\спс\2026.04.15_Участок 15.2_СПС\СЕТИ ПРОКЛАДКА_ТЕХПРИС\15.2_ТЕХПРИС ВВОД Водопровода.dwg
Файл ссылки "15.2_ТЕХПРИС ВВОД Водопровода", возможно, изменился с момента последнего сохранения главного чертежа.

Разрешить Вн-ссылки "15.2_ТЕХПРИС ВОДОСТОК": .\спс\2026.04.15_Участок 15.2_СПС\СЕТИ ПРОКЛАДКА_ТЕХПРИС\15.2_ТЕХПРИС ВОДОСТОК.dwg
"15.2_ТЕХПРИС ВОДОСТОК" загружена: C:\Users\user\Documents\Таран\Соколиная гора\15.2\КР3\спс\2026.04.15_Участок 15.2_СПС\СЕТИ ПРОКЛАДКА_ТЕХПРИС\15.2_ТЕХПРИС ВОДОСТОК.dwg
Файл ссылки "15.2_ТЕХПРИС ВОДОСТОК", возможно, изменился с момента последнего сохранения главного чертежа.

Разрешить Вн-ссылки "15.2_ТЕХПРИС КАБЕЛЯ_ВРУ": .\спс\2026.04.15_Участок 15.2_СПС\СЕТИ ПРОКЛАДКА_ТЕХПРИС\15.2_ТЕХПРИС КАБЕЛЯ_ВРУ.dwg
"15.2_ТЕХПРИС КАБЕЛЯ_ВРУ" загружена: C:\Users\user\Documents\Таран\Соколиная гора\15.2\КР3\спс\2026.04.15_Участок 15.2_СПС\СЕТИ ПРОКЛАДКА_ТЕХПРИС\15.2_ТЕХПРИС КАБЕЛЯ_ВРУ.dwg
Файл ссылки "15.2_ТЕХПРИС КАБЕЛЯ_ВРУ", возможно, изменился с момента последнего сохранения главного чертежа.

Разрешить Вн-ссылки "15.2_ТЕХПРИС КАНАЛИЗАЦИЯ": .\спс\2026.04.15_Участок 15.2_СПС\СЕТИ ПРОКЛАДКА_ТЕХПРИС\15.2_ТЕХПРИС КАНАЛИЗАЦИЯ.dwg
"15.2_ТЕХПРИС КАНАЛИЗАЦИЯ" загружена: C:\Users\user\Documents\Таран\Соколиная гора\15.2\КР3\спс\2026.04.15_Участок 15.2_СПС\СЕТИ ПРОКЛАДКА_ТЕХПРИС\15.2_ТЕХПРИС КАНАЛИЗАЦИЯ.dwg
Файл ссылки "15.2_ТЕХПРИС КАНАЛИЗАЦИЯ", возможно, изменился с момента последнего сохранения главного чертежа.

Разрешить Вн-ссылки "15.1_ПОСАДКА ЗДАНИЯ": .\спс\2026.04.15_Участок 15.2_СПС\УЧАСТОК 15.1\15.1_ПОСАДКА ЗДАНИЯ.dwg
"15.1_ПОСАДКА ЗДАНИЯ" загружена: C:\Users\user\Documents\Таран\Соколиная гора\15.2\КР3\спс\2026.04.15_Участок 15.2_СПС\УЧАСТОК 15.1\15.1_ПОСАДКА ЗДАНИЯ.dwg
Файл ссылки "15.1_ПОСАДКА ЗДАНИЯ", возможно, изменился с момента последнего сохранения главного чертежа.

Разрешить Вн-ссылки "траншеи этап 1": .\спс\2026.04.15_Участок 15.2_СПС\СЕТИ ВЫНОС+ДЕМОНТАЖ\траншеи этап 1.dwg
"траншеи этап 1" загружена: C:\Users\user\Documents\Таран\Соколиная гора\15.2\КР3\спс\2026.04.15_Участок 15.2_СПС\СЕТИ ВЫНОС+ДЕМОНТАЖ\траншеи этап 1.dwg
Файл ссылки "траншеи этап 1", возможно, изменился с момента последнего сохранения главного чертежа.

Разрешить Вн-ссылки "трш этп2": .\спс\2026.04.15_Участок 15.2_СПС\СЕТИ ПРОКЛАДКА_НАШИ\трш этп2.dwg
"трш этп2" загружена: C:\Users\user\Documents\Таран\Соколиная гора\15.2\КР3\спс\2026.04.15_Участок 15.2_СПС\СЕТИ ПРОКЛАДКА_НАШИ\трш этп2.dwg
Файл ссылки "трш этп2", возможно, изменился с момента последнего сохранения главного чертежа.
Выполняется регенерация модели.


Утилиты меню AutoCAD загружены.
Команда: 

Файл Autodesk DWG. Это файл формата TrustedDWG, сохраненный в приложении Autodesk или в приложении, лицензированном корпорацией Autodesk.

Команда: 

Команда: 
Команда: Задайте противоположный угол или [Линия/РМн-угол/СМн-угол]: *Прервано*

Команда: *Прервано*

Команда: *Прервано*

Команда:   <Переход на: Лист1>
Выполняется регенерация листов.
Выполняется регенерация модели.

Команда: Задайте противоположный угол или [Линия/РМн-угол/СМн-угол]: *Прервано*

Команда: _.MSPACE 
Команда: 
Команда: 
Вид на видовом экране блокирован. Выполняется переход в пространство листа.

Выполняется возврат в пространство модели.

Вид на видовом экране блокирован. Выполняется переход в пространство листа.

Выполняется возврат в пространство модели.

Команда: 
Вид на видовом экране блокирован. Выполняется переход в пространство листа.

Выполняется возврат в пространство модели.

Вид на видовом экране блокирован. Выполняется переход в пространство листа.

Выполняется возврат в пространство модели.

Команда: 
Вид на видовом экране блокирован. Выполняется переход в пространство листа.

Выполняется возврат в пространство модели.

Вид на видовом экране блокирован. Выполняется переход в пространство листа.

Выполняется возврат в пространство модели.

Команда: 
Вид на видовом экране блокирован. Выполняется переход в пространство листа.

Выполняется возврат в пространство модели.

Вид на видовом экране блокирован. Выполняется переход в пространство листа.

Выполняется возврат в пространство модели.

Команда: 
Команда: 
Команда:  
Команда: 
Вид на видовом экране блокирован. Выполняется переход в пространство листа.

Выполняется возврат в пространство модели.

Вид на видовом экране блокирован. Выполняется переход в пространство листа.

Выполняется возврат в пространство модели.

Команда: 
Вид на видовом экране блокирован. Выполняется переход в пространство листа.

Выполняется возврат в пространство модели.

Вид на видовом экране блокирован. Выполняется переход в пространство листа.

Выполняется возврат в пространство модели.

Команда: 
Вид на видовом экране блокирован. Выполняется переход в пространство листа.

Выполняется возврат в пространство модели.

Вид на видовом экране блокирован. Выполняется переход в пространство листа.

Выполняется возврат в пространство модели.

Команда: 
Вид на видовом экране блокирован. Выполняется переход в пространство листа.

Выполняется возврат в пространство модели.

Вид на видовом экране блокирован. Выполняется переход в пространство листа.

Выполняется возврат в пространство модели.

Команда: *Прервано*

Команда: 
Команда: 
Команда: 
Команда:  
Команда: 
Команда: 
Команда: _xopen

Команда: 
Команда: 
Вид на видовом экране блокирован. Выполняется переход в пространство листа.

Выполняется возврат в пространство модели.

Вид на видовом экране блокирован. Выполняется переход в пространство листа.

Выполняется возврат в пространство модели.

Команда: 
Команда: *Прервано*

Команда: *Прервано*

Команда:  
Команда: 
