[ AutoCAD - Tue Jul 28 12:29:08 2026  ]----------------------------------------

Открывается файл формата AutoCAD 2018.
Подстановка [simplex.shx] вместо [GOST 2.304 type A].
Подстановка [simplex.shx] вместо [GOST 2.304 type A].
Подстановка [simplex.shx] вместо [GOST 2.304 type A].

Разрешить Вн-ссылки "output[1-3]_3_3385-25": .\спс\2026.04.15_Участок 15.2_СПС\3_3385-25-ИГДИ\output[1-3]_3_3385-25.dwg

Загружаются DLL-файлы для работы с моделями.
"output[1-3]_3_3385-25" загружена: C:\Users\user\Documents\Таран\Соколиная гора\15.2\КР3\спс\2026.04.15_Участок 15.2_СПС\3_3385-25-ИГДИ\output[1-3]_3_3385-25.dwg
Файл ссылки "output[1-3]_3_3385-25", возможно, изменился с момента последнего сохранения главного чертежа.

Разрешить Вн-ссылки "output[1-3]_3_3385-25up": .\спс\2026.04.15_Участок 15.2_СПС\3_3385-25-ИГДИ\output[1-3]_3_3385-25up.dwg
"output[1-3]_3_3385-25up" загружена: C:\Users\user\Documents\Таран\Соколиная гора\15.2\КР3\спс\2026.04.15_Участок 15.2_СПС\3_3385-25-ИГДИ\output[1-3]_3_3385-25up.dwg
Файл ссылки "output[1-3]_3_3385-25up", возможно, изменился с момента последнего сохранения главного чертежа.

Разрешить Вн-ссылки "output[1-3]_3_3385-25_brd": .\спс\2026.04.15_Участок 15.2_СПС\3_3385-25-ИГДИ\output[1-3]_3_3385-25_brd.dwg
"output[1-3]_3_3385-25_brd" загружена: C:\Users\user\Documents\Таран\Соколиная гора\15.2\КР3\спс\2026.04.15_Участок 15.2_СПС\3_3385-25-ИГДИ\output[1-3]_3_3385-25_brd.dwg
Файл ссылки "output[1-3]_3_3385-25_brd", возможно, изменился с момента последнего сохранения главного чертежа.

Разрешить Вн-ссылки "output[1-3]_3_3385-25_edge001": .\спс\2026.04.15_Участок 15.2_СПС\3_3385-25-ИГДИ\output[1-3]_3_3385-25_edge001.dwg
"output[1-3]_3_3385-25_edge001" загружена: C:\Users\user\Documents\Таран\Соколиная гора\15.2\КР3\спс\2026.04.15_Участок 15.2_СПС\3_3385-25-ИГДИ\output[1-3]_3_3385-25_edge001.dwg
Файл ссылки "output[1-3]_3_3385-25_edge001", возможно, изменился с момента последнего сохранения главного чертежа.

Разрешить Вн-ссылки "output[1-3]_3_3385-25_edge002": .\спс\2026.04.15_Участок 15.2_СПС\3_3385-25-ИГДИ\output[1-3]_3_3385-25_edge002.dwg
"output[1-3]_3_3385-25_edge002" загружена: C:\Users\user\Documents\Таран\Соколиная гора\15.2\КР3\спс\2026.04.15_Участок 15.2_СПС\3_3385-25-ИГДИ\output[1-3]_3_3385-25_edge002.dwg
Файл ссылки "output[1-3]_3_3385-25_edge002", возможно, изменился с момента последнего сохранения главного чертежа.

Разрешить Вн-ссылки "output[1-3]_3_3385-25_edge003": .\спс\2026.04.15_Участок 15.2_СПС\3_3385-25-ИГДИ\output[1-3]_3_3385-25_edge003.dwg
"output[1-3]_3_3385-25_edge003" загружена: C:\Users\user\Documents\Таран\Соколиная гора\15.2\КР3\спс\2026.04.15_Участок 15.2_СПС\3_3385-25-ИГДИ\output[1-3]_3_3385-25_edge003.dwg
Файл ссылки "output[1-3]_3_3385-25_edge003", возможно, изменился с момента последнего сохранения главного чертежа.

Разрешить Вн-ссылки "output[1-3]_3_3385-25kl": .\спс\2026.04.15_Участок 15.2_СПС\3_3385-25-ИГДИ\output[1-3]_3_3385-25kl.dwg
"output[1-3]_3_3385-25kl" загружена: C:\Users\user\Documents\Таран\Соколиная гора\15.2\КР3\спс\2026.04.15_Участок 15.2_СПС\3_3385-25-ИГДИ\output[1-3]_3_3385-25kl.dwg
Файл ссылки "output[1-3]_3_3385-25kl", возможно, изменился с момента последнего сохранения главного чертежа.

Разрешить Вн-ссылки "output[1-3]_3_3385-25pp": .\спс\2026.04.15_Участок 15.2_СПС\3_3385-25-ИГДИ\output[1-3]_3_3385-25pp.dwg
"output[1-3]_3_3385-25pp" загружена: C:\Users\user\Documents\Таран\Соколиная гора\15.2\КР3\спс\2026.04.15_Участок 15.2_СПС\3_3385-25-ИГДИ\output[1-3]_3_3385-25pp.dwg
Файл ссылки "output[1-3]_3_3385-25pp", возможно, изменился с момента последнего сохранения главного чертежа.

Разрешить Вн-ссылки "output[1-3]_3_3385-25tp": .\спс\2026.04.15_Участок 15.2_СПС\3_3385-25-ИГДИ\output[1-3]_3_3385-25tp.dwg
"output[1-3]_3_3385-25tp" загружена: C:\Users\user\Documents\Таран\Соколиная гора\15.2\КР3\спс\2026.04.15_Участок 15.2_СПС\3_3385-25-ИГДИ\output[1-3]_3_3385-25tp.dwg
Файл ссылки "output[1-3]_3_3385-25tp", возможно, изменился с момента последнего сохранения главного чертежа.

Разрешить Вн-ссылки "output[1]_3_5594-25": .\спс\2026.04.15_Участок 15.2_СПС\3_5594-25-ИГДИ\output[1]_3_5594-25.dwg
"output[1]_3_5594-25" загружена: C:\Users\user\Documents\Таран\Соколиная гора\15.2\КР3\спс\2026.04.15_Участок 15.2_СПС\3_5594-25-ИГДИ\output[1]_3_5594-25.dwg
Файл ссылки "output[1]_3_5594-25", возможно, изменился с момента последнего сохранения главного чертежа.

Разрешить Вн-ссылки "output[1]_3_5594-25up": .\спс\2026.04.15_Участок 15.2_СПС\3_5594-25-ИГДИ\output[1]_3_5594-25up.dwg
"output[1]_3_5594-25up" загружена: C:\Users\user\Documents\Таран\Соколиная гора\15.2\КР3\спс\2026.04.15_Участок 15.2_СПС\3_5594-25-ИГДИ\output[1]_3_5594-25up.dwg
Файл ссылки "output[1]_3_5594-25up", возможно, изменился с момента последнего сохранения главного чертежа.

Разрешить Вн-ссылки "output[1]_3_5594-25_brd": .\спс\2026.04.15_Участок 15.2_СПС\3_5594-25-ИГДИ\output[1]_3_5594-25_brd.dwg
"output[1]_3_5594-25_brd" загружена: C:\Users\user\Documents\Таран\Соколиная гора\15.2\КР3\спс\2026.04.15_Участок 15.2_СПС\3_5594-25-ИГДИ\output[1]_3_5594-25_brd.dwg
Файл ссылки "output[1]_3_5594-25_brd", возможно, изменился с момента последнего сохранения главного чертежа.

Разрешить Вн-ссылки "output[1]_3_5594-25_edge001": .\спс\2026.04.15_Участок 15.2_СПС\3_5594-25-ИГДИ\output[1]_3_5594-25_edge001.dwg
"output[1]_3_5594-25_edge001" загружена: C:\Users\user\Documents\Таран\Соколиная гора\15.2\КР3\спс\2026.04.15_Участок 15.2_СПС\3_5594-25-ИГДИ\output[1]_3_5594-25_edge001.dwg
Файл ссылки "output[1]_3_5594-25_edge001", возможно, изменился с момента последнего сохранения главного чертежа.

Разрешить Вн-ссылки "output[1]_3_5594-25kl": .\спс\2026.04.15_Участок 15.2_СПС\3_5594-25-ИГДИ\output[1]_3_5594-25kl.dwg
"output[1]_3_5594-25kl" загружена: C:\Users\user\Documents\Таран\Соколиная гора\15.2\КР3\спс\2026.04.15_Участок 15.2_СПС\3_5594-25-ИГДИ\output[1]_3_5594-25kl.dwg
Файл ссылки "output[1]_3_5594-25kl", возможно, изменился с момента последнего сохранения главного чертежа.

Разрешить Вн-ссылки "output[1]_3_5594-25tp": .\спс\2026.04.15_Участок 15.2_СПС\3_5594-25-ИГДИ\output[1]_3_5594-25tp.dwg
"output[1]_3_5594-25tp" загружена: C:\Users\user\Documents\Таран\Соколиная гора\15.2\КР3\спс\2026.04.15_Участок 15.2_СПС\3_5594-25-ИГДИ\output[1]_3_5594-25tp.dwg
Файл ссылки "output[1]_3_5594-25tp", возможно, изменился с момента последнего сохранения главного чертежа.

Разрешить Вн-ссылки "output[1-2]_3_3077-25": .\спс\2026.04.15_Участок 15.2_СПС\3077-25-ИГДИ\output[1-2]_3_3077-25.dwg
"output[1-2]_3_3077-25" загружена: C:\Users\user\Documents\Таран\Соколиная гора\15.2\КР3\спс\2026.04.15_Участок 15.2_СПС\3077-25-ИГДИ\output[1-2]_3_3077-25.dwg
Файл ссылки "output[1-2]_3_3077-25", возможно, изменился с момента последнего сохранения главного чертежа.

Разрешить Вн-ссылки "output[1-2]_3_3077-25up": .\спс\2026.04.15_Участок 15.2_СПС\3077-25-ИГДИ\output[1-2]_3_3077-25up.dwg
"output[1-2]_3_3077-25up" загружена: C:\Users\user\Documents\Таран\Соколиная гора\15.2\КР3\спс\2026.04.15_Участок 15.2_СПС\3077-25-ИГДИ\output[1-2]_3_3077-25up.dwg
Файл ссылки "output[1-2]_3_3077-25up", возможно, изменился с момента последнего сохранения главного чертежа.

Разрешить Вн-ссылки "output[1-2]_3_3077-25_brd": .\спс\2026.04.15_Участок 15.2_СПС\3077-25-ИГДИ\output[1-2]_3_3077-25_brd.dwg
"output[1-2]_3_3077-25_brd" загружена: C:\Users\user\Documents\Таран\Соколиная гора\15.2\КР3\спс\2026.04.15_Участок 15.2_СПС\3077-25-ИГДИ\output[1-2]_3_3077-25_brd.dwg
Файл ссылки "output[1-2]_3_3077-25_brd", возможно, изменился с момента последнего сохранения главного чертежа.

Разрешить Вн-ссылки "output[1-2]_3_3077-25_edge001": .\спс\2026.04.15_Участок 15.2_СПС\3077-25-ИГДИ\output[1-2]_3_3077-25_edge001.dwg
"output[1-2]_3_3077-25_edge001" загружена: C:\Users\user\Documents\Таран\Соколиная гора\15.2\КР3\спс\2026.04.15_Участок 15.2_СПС\3077-25-ИГДИ\output[1-2]_3_3077-25_edge001.dwg
Файл ссылки "output[1-2]_3_3077-25_edge001", возможно, изменился с момента последнего сохранения главного чертежа.

Разрешить Вн-ссылки "output[1-2]_3_3077-25_edge002": .\спс\2026.04.15_Участок 15.2_СПС\3077-25-ИГДИ\output[1-2]_3_3077-25_edge002.dwg
"output[1-2]_3_3077-25_edge002" загружена: C:\Users\user\Documents\Таран\Соколиная гора\15.2\КР3\спс\2026.04.15_Участок 15.2_СПС\3077-25-ИГДИ\output[1-2]_3_3077-25_edge002.dwg
Файл ссылки "output[1-2]_3_3077-25_edge002", возможно, изменился с момента последнего сохранения главного чертежа.

Разрешить Вн-ссылки "output[1-2]_3_3077-25kl": .\спс\2026.04.15_Участок 15.2_СПС\3077-25-ИГДИ\output[1-2]_3_3077-25kl.dwg
"output[1-2]_3_3077-25kl" загружена: C:\Users\user\Documents\Таран\Соколиная гора\15.2\КР3\спс\2026.04.15_Участок 15.2_СПС\3077-25-ИГДИ\output[1-2]_3_3077-25kl.dwg
Файл ссылки "output[1-2]_3_3077-25kl", возможно, изменился с момента последнего сохранения главного чертежа.

Разрешить Вн-ссылки "output[1-2]_3_3077-25tp": .\спс\2026.04.15_Участок 15.2_СПС\3077-25-ИГДИ\output[1-2]_3_3077-25tp.dwg
"output[1-2]_3_3077-25tp" загружена: C:\Users\user\Documents\Таран\Соколиная гора\15.2\КР3\спс\2026.04.15_Участок 15.2_СПС\3077-25-ИГДИ\output[1-2]_3_3077-25tp.dwg
Файл ссылки "output[1-2]_3_3077-25tp", возможно, изменился с момента последнего сохранения главного чертежа.

Разрешить Вн-ссылки "output[1]_3_760-25": .\спс\2026.04.15_Участок 15.2_СПС\3760-25-ИГДИ\output[1]_3_760-25.dwg
"output[1]_3_760-25" загружена: C:\Users\user\Documents\Таран\Соколиная гора\15.2\КР3\спс\2026.04.15_Участок 15.2_СПС\3760-25-ИГДИ\output[1]_3_760-25.dwg
Файл ссылки "output[1]_3_760-25", возможно, изменился с момента последнего сохранения главного чертежа.

Разрешить Вн-ссылки "output[1]_3_760-25up": .\спс\2026.04.15_Участок 15.2_СПС\3760-25-ИГДИ\output[1]_3_760-25up.dwg
"output[1]_3_760-25up" загружена: C:\Users\user\Documents\Таран\Соколиная гора\15.2\КР3\спс\2026.04.15_Участок 15.2_СПС\3760-25-ИГДИ\output[1]_3_760-25up.dwg
Файл ссылки "output[1]_3_760-25up", возможно, изменился с момента последнего сохранения главного чертежа.

Разрешить Вн-ссылки "output[1]_3_760-25_brd": .\спс\2026.04.15_Участок 15.2_СПС\3760-25-ИГДИ\output[1]_3_760-25_brd.dwg
"output[1]_3_760-25_brd" загружена: C:\Users\user\Documents\Таран\Соколиная гора\15.2\КР3\спс\2026.04.15_Участок 15.2_СПС\3760-25-ИГДИ\output[1]_3_760-25_brd.dwg
Файл ссылки "output[1]_3_760-25_brd", возможно, изменился с момента последнего сохранения главного чертежа.

Разрешить Вн-ссылки "output[1]_3_760-25_edge001": .\спс\2026.04.15_Участок 15.2_СПС\3760-25-ИГДИ\output[1]_3_760-25_edge001.dwg
"output[1]_3_760-25_edge001" загружена: C:\Users\user\Documents\Таран\Соколиная гора\15.2\КР3\спс\2026.04.15_Участок 15.2_СПС\3760-25-ИГДИ\output[1]_3_760-25_edge001.dwg
Файл ссылки "output[1]_3_760-25_edge001", возможно, изменился с момента последнего сохранения главного чертежа.

Разрешить Вн-ссылки "output[1]_3_760-25kl": .\спс\2026.04.15_Участок 15.2_СПС\3760-25-ИГДИ\output[1]_3_760-25kl.dwg
"output[1]_3_760-25kl" загружена: C:\Users\user\Documents\Таран\Соколиная гора\15.2\КР3\спс\2026.04.15_Участок 15.2_СПС\3760-25-ИГДИ\output[1]_3_760-25kl.dwg
Файл ссылки "output[1]_3_760-25kl", возможно, изменился с момента последнего сохранения главного чертежа.

Разрешить Вн-ссылки "output[1]_3_760-25tp": .\спс\2026.04.15_Участок 15.2_СПС\3760-25-ИГДИ\output[1]_3_760-25tp.dwg
"output[1]_3_760-25tp" загружена: C:\Users\user\Documents\Таран\Соколиная гора\15.2\КР3\спс\2026.04.15_Участок 15.2_СПС\3760-25-ИГДИ\output[1]_3_760-25tp.dwg
Файл ссылки "output[1]_3_760-25tp", возможно, изменился с момента последнего сохранения главного чертежа.

Разрешить Вн-ссылки "15.2_СХЕМЫ ЧАСТЕЙ ГП": .\спс\2026.04.15_Участок 15.2_СПС\ПОДГРУЗКИ_ОБЩИЕ\15.2_СХЕМЫ ЧАСТЕЙ ГП.dwg
"15.2_СХЕМЫ ЧАСТЕЙ ГП" загружена: C:\Users\user\Documents\Таран\Соколиная гора\15.2\КР3\спс\2026.04.15_Участок 15.2_СПС\ПОДГРУЗКИ_ОБЩИЕ\15.2_СХЕМЫ ЧАСТЕЙ ГП.dwg
Файл ссылки "15.2_СХЕМЫ ЧАСТЕЙ ГП", возможно, изменился с момента последнего сохранения главного чертежа.

Разрешить Вн-ссылки "1.4_Существующие здания": .\спс\2026.04.15_Участок 15.2_СПС\ПОДГРУЗКИ_ОБЩИЕ\1.4_Существующие здания.dwg
"1.4_Существующие здания" загружена: C:\Users\user\Documents\Таран\Соколиная гора\15.2\КР3\спс\2026.04.15_Участок 15.2_СПС\ПОДГРУЗКИ_ОБЩИЕ\1.4_Существующие здания.dwg
Файл ссылки "1.4_Существующие здания", возможно, изменился с момента последнего сохранения главного чертежа.

Разрешить Вн-ссылки "15.2_БАССЕЙНЫ ВОДОСТОКА": .\спс\2026.04.15_Участок 15.2_СПС\ПОДГРУЗКИ_ОБЩИЕ\15.2_БАССЕЙНЫ ВОДОСТОКА.dwg
"15.2_БАССЕЙНЫ ВОДОСТОКА" загружена: C:\Users\user\Documents\Таран\Соколиная гора\15.2\КР3\спс\2026.04.15_Участок 15.2_СПС\ПОДГРУЗКИ_ОБЩИЕ\15.2_БАССЕЙНЫ ВОДОСТОКА.dwg
Файл ссылки "15.2_БАССЕЙНЫ ВОДОСТОКА", возможно, изменился с момента последнего сохранения главного чертежа.

Разрешить Вн-ссылки "15.2_ВЕРТИКАЛКА": .\спс\2026.04.15_Участок 15.2_СПС\ПОДГРУЗКИ_ОБЩИЕ\15.2_ВЕРТИКАЛКА.dwg
"15.2_ВЕРТИКАЛКА" загружена: C:\Users\user\Documents\Таран\Соколиная гора\15.2\КР3\спс\2026.04.15_Участок 15.2_СПС\ПОДГРУЗКИ_ОБЩИЕ\15.2_ВЕРТИКАЛКА.dwg
Файл ссылки "15.2_ВЕРТИКАЛКА", возможно, изменился с момента последнего сохранения главного чертежа.

Разрешить Вн-ссылки "15.2_КОТЛОВАН": .\спс\2026.04.15_Участок 15.2_СПС\ПОДГРУЗКИ_ОБЩИЕ\15.2_КОТЛОВАН.dwg
"15.2_КОТЛОВАН" загружена: C:\Users\user\Documents\Таран\Соколиная гора\15.2\КР3\спс\2026.04.15_Участок 15.2_СПС\ПОДГРУЗКИ_ОБЩИЕ\15.2_КОТЛОВАН.dwg
Файл ссылки "15.2_КОТЛОВАН", возможно, изменился с момента последнего сохранения главного чертежа.

Разрешить Вн-ссылки "15.2_Пожарные рукава": .\спс\2026.04.15_Участок 15.2_СПС\ПОДГРУЗКИ_ОБЩИЕ\15.2_Пожарные рукава.dwg
"15.2_Пожарные рукава" загружена: C:\Users\user\Documents\Таран\Соколиная гора\15.2\КР3\спс\2026.04.15_Участок 15.2_СПС\ПОДГРУЗКИ_ОБЩИЕ\15.2_Пожарные рукава.dwg
Файл ссылки "15.2_Пожарные рукава", возможно, изменился с момента последнего сохранения главного чертежа.

Разрешить Вн-ссылки "15.2_ПОСАДКА ЗДАНИЯ": .\спс\2026.04.15_Участок 15.2_СПС\ПОДГРУЗКИ_ОБЩИЕ\15.2_ПОСАДКА ЗДАНИЯ.dwg
"15.2_ПОСАДКА ЗДАНИЯ" загружена: C:\Users\user\Documents\Таран\Соколиная гора\15.2\КР3\спс\2026.04.15_Участок 15.2_СПС\ПОДГРУЗКИ_ОБЩИЕ\15.2_ПОСАДКА ЗДАНИЯ.dwg
Файл ссылки "15.2_ПОСАДКА ЗДАНИЯ", возможно, изменился с момента последнего сохранения главного чертежа.

Разрешить Вн-ссылки "15.2_СНОСИМОЕ ЗДАНИЕ": .\спс\2026.04.15_Участок 15.2_СПС\ПОДГРУЗКИ_ОБЩИЕ\15.2_СНОСИМОЕ ЗДАНИЕ.dwg
"15.2_СНОСИМОЕ ЗДАНИЕ" загружена: C:\Users\user\Documents\Таран\Соколиная гора\15.2\КР3\спс\2026.04.15_Участок 15.2_СПС\ПОДГРУЗКИ_ОБЩИЕ\15.2_СНОСИМОЕ ЗДАНИЕ.dwg
Файл ссылки "15.2_СНОСИМОЕ ЗДАНИЕ", возможно, изменился с момента последнего сохранения главного чертежа.

Разрешить Вн-ссылки "15.2_РТ  ВЫНОС": .\спс\2026.04.15_Участок 15.2_СПС\СЕТИ ВЫНОС+ДЕМОНТАЖ\15.2_РТ  ВЫНОС.dwg
"15.2_РТ  ВЫНОС" загружена: C:\Users\user\Documents\Таран\Соколиная гора\15.2\КР3\спс\2026.04.15_Участок 15.2_СПС\СЕТИ ВЫНОС+ДЕМОНТАЖ\15.2_РТ  ВЫНОС.dwg
Файл ссылки "15.2_РТ  ВЫНОС", возможно, изменился с момента последнего сохранения главного чертежа.

Разрешить Вн-ссылки "15.2_Водопровод_кресты": .\спс\2026.04.15_Участок 15.2_СПС\СЕТИ ВЫНОС+ДЕМОНТАЖ\15.2_Водопровод_кресты.dwg
"15.2_Водопровод_кресты" загружена: C:\Users\user\Documents\Таран\Соколиная гора\15.2\КР3\спс\2026.04.15_Участок 15.2_СПС\СЕТИ ВЫНОС+ДЕМОНТАЖ\15.2_Водопровод_кресты.dwg
Файл ссылки "15.2_Водопровод_кресты", возможно, изменился с момента последнего сохранения главного чертежа.

Разрешить Вн-ссылки "15.2_ГАЗ ВЫНОС": .\спс\2026.04.15_Участок 15.2_СПС\СЕТИ ВЫНОС+ДЕМОНТАЖ\15.2_ГАЗ ВЫНОС.dwg
"15.2_ГАЗ ВЫНОС" загружена: C:\Users\user\Documents\Таран\Соколиная гора\15.2\КР3\спс\2026.04.15_Участок 15.2_СПС\СЕТИ ВЫНОС+ДЕМОНТАЖ\15.2_ГАЗ ВЫНОС.dwg
Файл ссылки "15.2_ГАЗ ВЫНОС", возможно, изменился с момента последнего сохранения главного чертежа.

Разрешить Вн-ссылки "15.2_Канализация_кресты": .\спс\2026.04.15_Участок 15.2_СПС\СЕТИ ВЫНОС+ДЕМОНТАЖ\15.2_Канализация_кресты.dwg
"15.2_Канализация_кресты" загружена: C:\Users\user\Documents\Таран\Соколиная гора\15.2\КР3\спс\2026.04.15_Участок 15.2_СПС\СЕТИ ВЫНОС+ДЕМОНТАЖ\15.2_Канализация_кресты.dwg
Файл ссылки "15.2_Канализация_кресты", возможно, изменился с момента последнего сохранения главного чертежа.

Разрешить Вн-ссылки "15.2_МГТС ВЫНОС": .\спс\2026.04.15_Участок 15.2_СПС\СЕТИ ВЫНОС+ДЕМОНТАЖ\15.2_МГТС ВЫНОС.dwg
"15.2_МГТС ВЫНОС" загружена: C:\Users\user\Documents\Таран\Соколиная гора\15.2\КР3\спс\2026.04.15_Участок 15.2_СПС\СЕТИ ВЫНОС+ДЕМОНТАЖ\15.2_МГТС ВЫНОС.dwg
Файл ссылки "15.2_МГТС ВЫНОС", возможно, изменился с момента последнего сохранения главного чертежа.

Разрешить Вн-ссылки "15.2_План ТС_10.10.25_для СПС": .\спс\2026.04.15_Участок 15.2_СПС\СЕТИ ВЫНОС+ДЕМОНТАЖ\15.2_План ТС_10.10.25_для СПС.dwg
"15.2_План ТС_10.10.25_для СПС" загружена: C:\Users\user\Documents\Таран\Соколиная гора\15.2\КР3\спс\2026.04.15_Участок 15.2_СПС\СЕТИ ВЫНОС+ДЕМОНТАЖ\15.2_План ТС_10.10.25_для СПС.dwg
Файл ссылки "15.2_План ТС_10.10.25_для СПС", возможно, изменился с момента последнего сохранения главного чертежа.

Разрешить Вн-ссылки "15.2_План_сети_НО_вынос_5.1.3": .\спс\2026.04.15_Участок 15.2_СПС\СЕТИ ВЫНОС+ДЕМОНТАЖ\15.2_План_сети_НО_вынос_5.1.3.dwg
"15.2_План_сети_НО_вынос_5.1.3" загружена: C:\Users\user\Documents\Таран\Соколиная гора\15.2\КР3\спс\2026.04.15_Участок 15.2_СПС\СЕТИ ВЫНОС+ДЕМОНТАЖ\15.2_План_сети_НО_вынос_5.1.3.dwg
Файл ссылки "15.2_План_сети_НО_вынос_5.1.3", возможно, изменился с момента последнего сохранения главного чертежа.

Разрешить Вн-ссылки "15.2_План_сети_ЭС_вынос_5.1.4": .\спс\2026.04.15_Участок 15.2_СПС\СЕТИ ВЫНОС+ДЕМОНТАЖ\15.2_План_сети_ЭС_вынос_5.1.4.dwg
"15.2_План_сети_ЭС_вынос_5.1.4" загружена: C:\Users\user\Documents\Таран\Соколиная гора\15.2\КР3\спс\2026.04.15_Участок 15.2_СПС\СЕТИ ВЫНОС+ДЕМОНТАЖ\15.2_План_сети_ЭС_вынос_5.1.4.dwg
Файл ссылки "15.2_План_сети_ЭС_вынос_5.1.4", возможно, изменился с момента последнего сохранения главного чертежа.

Разрешить Вн-ссылки "15.2_ОРУД кабель": .\спс\2026.04.15_Участок 15.2_СПС\СЕТИ ЗАДАНИЕ\15.2_ОРУД кабель.dwg
"15.2_ОРУД кабель" загружена: C:\Users\user\Documents\Таран\Соколиная гора\15.2\КР3\спс\2026.04.15_Участок 15.2_СПС\СЕТИ ЗАДАНИЕ\15.2_ОРУД кабель.dwg
Файл ссылки "15.2_ОРУД кабель", возможно, изменился с момента последнего сохранения главного чертежа.

Разрешить Вн-ссылки "15.2_НСС МПТЦ ПОДКЛЮЧЕНИЕ": .\спс\2026.04.15_Участок 15.2_СПС\СЕТИ ПРОКЛАДКА_НАШИ\15.2_НСС МПТЦ ПОДКЛЮЧЕНИЕ.dwg
"15.2_НСС МПТЦ ПОДКЛЮЧЕНИЕ" загружена: C:\Users\user\Documents\Таран\Соколиная гора\15.2\КР3\спс\2026.04.15_Участок 15.2_СПС\СЕТИ ПРОКЛАДКА_НАШИ\15.2_НСС МПТЦ ПОДКЛЮЧЕНИЕ.dwg
Файл ссылки "15.2_НСС МПТЦ ПОДКЛЮЧЕНИЕ", возможно, изменился с момента последнего сохранения главного чертежа.

Разрешить Вн-ссылки "15.2_ВЫПУСКА ВОДОСТОК": .\спс\2026.04.15_Участок 15.2_СПС\СЕТИ ПРОКЛАДКА_НАШИ\15.2_ВЫПУСКА ВОДОСТОК.dwg
"15.2_ВЫПУСКА ВОДОСТОК" загружена: C:\Users\user\Documents\Таран\Соколиная гора\15.2\КР3\спс\2026.04.15_Участок 15.2_СПС\СЕТИ ПРОКЛАДКА_НАШИ\15.2_ВЫПУСКА ВОДОСТОК.dwg
Файл ссылки "15.2_ВЫПУСКА ВОДОСТОК", возможно, изменился с момента последнего сохранения главного чертежа.

Разрешить Вн-ссылки "15.2_ВЫПУСКА КАНАЛИЗАЦИЯ": .\спс\2026.04.15_Участок 15.2_СПС\СЕТИ ПРОКЛАДКА_НАШИ\15.2_ВЫПУСКА КАНАЛИЗАЦИЯ.dwg
"15.2_ВЫПУСКА КАНАЛИЗАЦИЯ" загружена: C:\Users\user\Documents\Таран\Соколиная гора\15.2\КР3\спс\2026.04.15_Участок 15.2_СПС\СЕТИ ПРОКЛАДКА_НАШИ\15.2_ВЫПУСКА КАНАЛИЗАЦИЯ.dwg
Файл ссылки "15.2_ВЫПУСКА КАНАЛИЗАЦИЯ", возможно, изменился с момента последнего сохранения главного чертежа.

Разрешить Вн-ссылки "15.2_НО_подключение": .\спс\2026.04.15_Участок 15.2_СПС\СЕТИ ПРОКЛАДКА_НАШИ\15.2_НО_подключение.dwg
"15.2_НО_подключение" загружена: C:\Users\user\Documents\Таран\Соколиная гора\15.2\КР3\спс\2026.04.15_Участок 15.2_СПС\СЕТИ ПРОКЛАДКА_НАШИ\15.2_НО_подключение.dwg
Файл ссылки "15.2_НО_подключение", возможно, изменился с момента последнего сохранения главного чертежа.

Разрешить Вн-ссылки "15.2_ТЕХПРИС ТЕПЛОТРАССА": .\спс\2026.04.15_Участок 15.2_СПС\СЕТИ ПРОКЛАДКА_ТЕХПРИС\15.2_ТЕХПРИС ТЕПЛОТРАССА.dwg
"15.2_ТЕХПРИС ТЕПЛОТРАССА" загружена: C:\Users\user\Documents\Таран\Соколиная гора\15.2\КР3\спс\2026.04.15_Участок 15.2_СПС\СЕТИ ПРОКЛАДКА_ТЕХПРИС\15.2_ТЕХПРИС ТЕПЛОТРАССА.dwg
Файл ссылки "15.2_ТЕХПРИС ТЕПЛОТРАССА", возможно, изменился с момента последнего сохранения главного чертежа.

Разрешить Вн-ссылки "7.1_ТЕХПРИС ВОДОСТОК": .\спс\2026.04.15_Участок 15.2_СПС\СЕТИ ПРОКЛАДКА_ТЕХПРИС\7.1_ТЕХПРИС ВОДОСТОК.dwg
"7.1_ТЕХПРИС ВОДОСТОК" загружена: C:\Users\user\Documents\Таран\Соколиная гора\15.2\КР3\спс\2026.04.15_Участок 15.2_СПС\СЕТИ ПРОКЛАДКА_ТЕХПРИС\7.1_ТЕХПРИС ВОДОСТОК.dwg
Файл ссылки "7.1_ТЕХПРИС ВОДОСТОК", возможно, изменился с момента последнего сохранения главного чертежа.

Разрешить Вн-ссылки "15.2_ТЕХПРИС ВВОД Водопровода": .\спс\2026.04.15_Участок 15.2_СПС\СЕТИ ПРОКЛАДКА_ТЕХПРИС\15.2_ТЕХПРИС ВВОД Водопровода.dwg
"15.2_ТЕХПРИС ВВОД Водопровода" загружена: C:\Users\user\Documents\Таран\Соколиная гора\15.2\КР3\спс\2026.04.15_Участок 15.2_СПС\СЕТИ ПРОКЛАДКА_ТЕХПРИС\15.2_ТЕХПРИС ВВОД Водопровода.dwg
Файл ссылки "15.2_ТЕХПРИС ВВОД Водопровода", возможно, изменился с момента последнего сохранения главного чертежа.

Разрешить Вн-ссылки "15.2_ТЕХПРИС ВОДОСТОК": .\спс\2026.04.15_Участок 15.2_СПС\СЕТИ ПРОКЛАДКА_ТЕХПРИС\15.2_ТЕХПРИС ВОДОСТОК.dwg
"15.2_ТЕХПРИС ВОДОСТОК" загружена: C:\Users\user\Documents\Таран\Соколиная гора\15.2\КР3\спс\2026.04.15_Участок 15.2_СПС\СЕТИ ПРОКЛАДКА_ТЕХПРИС\15.2_ТЕХПРИС ВОДОСТОК.dwg
Файл ссылки "15.2_ТЕХПРИС ВОДОСТОК", возможно, изменился с момента последнего сохранения главного чертежа.

Разрешить Вн-ссылки "15.2_ТЕХПРИС КАБЕЛЯ_ВРУ": .\спс\2026.04.15_Участок 15.2_СПС\СЕТИ ПРОКЛАДКА_ТЕХПРИС\15.2_ТЕХПРИС КАБЕЛЯ_ВРУ.dwg
"15.2_ТЕХПРИС КАБЕЛЯ_ВРУ" загружена: C:\Users\user\Documents\Таран\Соколиная гора\15.2\КР3\спс\2026.04.15_Участок 15.2_СПС\СЕТИ ПРОКЛАДКА_ТЕХПРИС\15.2_ТЕХПРИС КАБЕЛЯ_ВРУ.dwg
Файл ссылки "15.2_ТЕХПРИС КАБЕЛЯ_ВРУ", возможно, изменился с момента последнего сохранения главного чертежа.

Разрешить Вн-ссылки "15.2_ТЕХПРИС КАНАЛИЗАЦИЯ": .\спс\2026.04.15_Участок 15.2_СПС\СЕТИ ПРОКЛАДКА_ТЕХПРИС\15.2_ТЕХПРИС КАНАЛИЗАЦИЯ.dwg
"15.2_ТЕХПРИС КАНАЛИЗАЦИЯ" загружена: C:\Users\user\Documents\Таран\Соколиная гора\15.2\КР3\спс\2026.04.15_Участок 15.2_СПС\СЕТИ ПРОКЛАДКА_ТЕХПРИС\15.2_ТЕХПРИС КАНАЛИЗАЦИЯ.dwg
Файл ссылки "15.2_ТЕХПРИС КАНАЛИЗАЦИЯ", возможно, изменился с момента последнего сохранения главного чертежа.

Разрешить Вн-ссылки "15.1_ПОСАДКА ЗДАНИЯ": .\спс\2026.04.15_Участок 15.2_СПС\УЧАСТОК 15.1\15.1_ПОСАДКА ЗДАНИЯ.dwg
"15.1_ПОСАДКА ЗДАНИЯ" загружена: C:\Users\user\Documents\Таран\Соколиная гора\15.2\КР3\спс\2026.04.15_Участок 15.2_СПС\УЧАСТОК 15.1\15.1_ПОСАДКА ЗДАНИЯ.dwg
Файл ссылки "15.1_ПОСАДКА ЗДАНИЯ", возможно, изменился с момента последнего сохранения главного чертежа.

Разрешить Вн-ссылки "траншеи этап 1": .\спс\2026.04.15_Участок 15.2_СПС\СЕТИ ВЫНОС+ДЕМОНТАЖ\траншеи этап 1.dwg
"траншеи этап 1" загружена: C:\Users\user\Documents\Таран\Соколиная гора\15.2\КР3\спс\2026.04.15_Участок 15.2_СПС\СЕТИ ВЫНОС+ДЕМОНТАЖ\траншеи этап 1.dwg
Файл ссылки "траншеи этап 1", возможно, изменился с момента последнего сохранения главного чертежа.

Разрешить Вн-ссылки "трш этп2": .\спс\2026.04.15_Участок 15.2_СПС\СЕТИ ПРОКЛАДКА_НАШИ\трш этп2.dwg
"трш этп2" загружена: C:\Users\user\Documents\Таран\Соколиная гора\15.2\КР3\спс\2026.04.15_Участок 15.2_СПС\СЕТИ ПРОКЛАДКА_НАШИ\трш этп2.dwg
Файл ссылки "трш этп2", возможно, изменился с момента последнего сохранения главного чертежа.
Выполняется регенерация модели.


Утилиты меню AutoCAD загружены.
Команда: 

Файл Autodesk DWG. Это файл формата TrustedDWG, сохраненный в приложении Autodesk или в приложении, лицензированном корпорацией Autodesk.

Команда: 

Команда: 
Команда: Задайте противоположный угол или [Линия/РМн-угол/СМн-угол]: *Прервано*

Команда: *Прервано*

Команда: *Прервано*

Команда:   <Переход на: Лист1>
Выполняется регенерация листов.
Выполняется регенерация модели.

Команда: *Прервано*

Команда: *Прервано*

Команда:   <Переход на: Лист1 (2)>
Выполняется регенерация листов.
Выполняется регенерация модели.

Команда: *Прервано*

Команда: *Прервано*

Команда:   <Переход на: Модель>
Выполняется регенерация модели.

Команда: 
Команда: *Прервано*

Команда: *Прервано*

Команда:   <Переход на: Лист1>
Выполняется регенерация листов.
Выполняется регенерация модели.

Команда: Выполняется регенерация модели.
Выполняется регенерация модели.
Выполняется регенерация модели.
Задайте противоположный угол или [Линия/РМн-угол/СМн-угол]: *Прервано*

Команда: Выполняется регенерация модели.

Команда: 
Команда: *Прервано*

Команда: *Прервано*

Команда:   <Переход на: Лист1>
Выполняется регенерация листов.
Выполняется регенерация модели.

Команда: Задайте противоположный угол или [Линия/РМн-угол/СМн-угол]: 
Команда: *Прервано*

Команда: 
Команда: Выполняется регенерация модели.
Выполняется регенерация модели.

Автоматическое сохранение в C:\Users\user\AppData\Local\Temp\кр3_1_19247_d8d36cd1.sv$ ...

Команда: 
Команда: 
Команда: *Прервано*

Команда: *Прервано*

Команда:   <Переход на: Модель>
Выполняется регенерация модели.

Команда: 
Команда: *Прервано*

Команда: *Прервано*

Команда: _XATTACH

Вн-ссылка "15.2_СХЕМЫ ЧАСТЕЙ ГП" уже загружена.
Используется ее имеющееся определение.
Вн-ссылка "1.4_Существующие здания" уже загружена.
Используется ее имеющееся определение.
Вн-ссылка "15.2_БАССЕЙНЫ ВОДОСТОКА" уже загружена.
Используется ее имеющееся определение.
Вн-ссылка "15.2_ВЕРТИКАЛКА" уже загружена.
Используется ее имеющееся определение.
Вн-ссылка "15.2_КОТЛОВАН" уже загружена.
Используется ее имеющееся определение.
Вн-ссылка "15.2_Пожарные рукава" уже загружена.
Используется ее имеющееся определение.
Вн-ссылка "15.2_ПОСАДКА ЗДАНИЯ" уже загружена.
Используется ее имеющееся определение.
Вн-ссылка "15.2_СНОСИМОЕ ЗДАНИЕ" уже загружена.
Используется ее имеющееся определение.
Команда: 
Команда: *Прервано*

Команда: *Прервано*

Команда: _XATTACH

Вставка Вн-ссылки "15.2_НСС МПТЦ-подключение": .\нови\2026.07.23_Участок 15.2_СПС\Сети прокладка (подключение)_НАШИ\15.2_НСС МПТЦ-подключение.dwg
"15.2_НСС МПТЦ-подключение" загружена: C:\Users\user\Documents\Таран\Соколиная гора\15.2\КР3\нови\2026.07.23_Участок 15.2_СПС\Сети прокладка (подключение)_НАШИ\15.2_НСС МПТЦ-подключение.dwg

Вн-ссылка "15.2_ВЫПУСКА ВОДОСТОК" уже загружена.
Используется ее имеющееся определение.
Вставка Вн-ссылки "15.2_ВЫПУСКА К1_подключение": .\нови\2026.07.23_Участок 15.2_СПС\Сети прокладка (подключение)_НАШИ\15.2_ВЫПУСКА К1_подключение.dwg
"15.2_ВЫПУСКА К1_подключение" загружена: C:\Users\user\Documents\Таран\Соколиная гора\15.2\КР3\нови\2026.07.23_Участок 15.2_СПС\Сети прокладка (подключение)_НАШИ\15.2_ВЫПУСКА К1_подключение.dwg

Вн-ссылка "15.2_НО_подключение" уже загружена.
Используется ее имеющееся определение.
Команда: *Прервано*

Команда: *Прервано*

Команда:   <Переход на: Лист1>
Выполняется регенерация листов.
Выполняется регенерация модели.

Команда: Выполняется регенерация модели.
Выполняется регенерация модели.
*Прервано*

Команда: *Прервано*

Команда:   <Переход на: Модель>
Выполняется регенерация модели.

Команда: Успешно обновлено ссылок: 0.
Не удалось обновить ссылок: 36. 

.\спс\2026.04.15_Участок 15.2_СПС\ПОДГРУЗКИ_ОБЩИЕ\1.4_Существующие здания.dwg    Ошибка
.\спс\2026.04.15_Участок 15.2_СПС\УЧАСТОК 15.1\15.1_ПОСАДКА ЗДАНИЯ.dwg    Ошибка
.\спс\2026.04.15_Участок 15.2_СПС\ПОДГРУЗКИ_ОБЩИЕ\15.2_БАССЕЙНЫ ВОДОСТОКА.dwg    Ошибка
.\спс\2026.04.15_Участок 15.2_СПС\ПОДГРУЗКИ_ОБЩИЕ\15.2_ВЕРТИКАЛКА.dwg    Ошибка
.\спс\2026.04.15_Участок 15.2_СПС\СЕТИ ВЫНОС+ДЕМОНТАЖ\15.2_Водопровод_кресты.dwg    Ошибка
.\спс\2026.04.15_Участок 15.2_СПС\СЕТИ ПРОКЛАДКА_НАШИ\15.2_ВЫПУСКА ВОДОСТОК.dwg    Ошибка
.\нови\2026.07.23_Участок 15.2_СПС\Сети прокладка (подключение)_НАШИ\15.2_ВЫПУСКА К1_подключение.dwg    Ошибка
.\спс\2026.04.15_Участок 15.2_СПС\СЕТИ ПРОКЛАДКА_НАШИ\15.2_ВЫПУСКА КАНАЛИЗАЦИЯ.dwg    Ошибка
.\спс\2026.04.15_Участок 15.2_СПС\СЕТИ ВЫНОС+ДЕМОНТАЖ\15.2_ГАЗ ВЫНОС.dwg    Ошибка
.\спс\2026.04.15_Участок 15.2_СПС\СЕТИ ВЫНОС+ДЕМОНТАЖ\15.2_Канализация_кресты.dwg    Ошибка
.\спс\2026.04.15_Участок 15.2_СПС\ПОДГРУЗКИ_ОБЩИЕ\15.2_КОТЛОВАН.dwg    Ошибка
.\спс\2026.04.15_Участок 15.2_СПС\СЕТИ ВЫНОС+ДЕМОНТАЖ\15.2_МГТС ВЫНОС.dwg    Ошибка
.\спс\2026.04.15_Участок 15.2_СПС\СЕТИ ПРОКЛАДКА_НАШИ\15.2_НО_подключение.dwg    Ошибка
.\нови\2026.07.23_Участок 15.2_СПС\Сети прокладка (подключение)_НАШИ\15.2_НСС МПТЦ-подключение.dwg    Ошибка
.\спс\2026.04.15_Участок 15.2_СПС\СЕТИ ПРОКЛАДКА_НАШИ\15.2_НСС МПТЦ ПОДКЛЮЧЕНИЕ.dwg    Ошибка
.\спс\2026.04.15_Участок 15.2_СПС\СЕТИ ЗАДАНИЕ\15.2_ОРУД кабель.dwg    Ошибка
.\спс\2026.04.15_Участок 15.2_СПС\СЕТИ ВЫНОС+ДЕМОНТАЖ\15.2_План ТС_10.10.25_для СПС.dwg    Ошибка
.\спс\2026.04.15_Участок 15.2_СПС\СЕТИ ВЫНОС+ДЕМОНТАЖ\15.2_План_сети_НО_вынос_5.1.3.dwg    Ошибка
.\спс\2026.04.15_Участок 15.2_СПС\СЕТИ ВЫНОС+ДЕМОНТАЖ\15.2_План_сети_ЭС_вынос_5.1.4.dwg    Ошибка
.\спс\2026.04.15_Участок 15.2_СПС\ПОДГРУЗКИ_ОБЩИЕ\15.2_Пожарные рукава.dwg    Ошибка
.\спс\2026.04.15_Участок 15.2_СПС\ПОДГРУЗКИ_ОБЩИЕ\15.2_ПОСАДКА ЗДАНИЯ.dwg    Ошибка
.\спс\2026.04.15_Участок 15.2_СПС\СЕТИ ВЫНОС+ДЕМОНТАЖ\15.2_РТ  ВЫНОС.dwg    Ошибка
.\спс\2026.04.15_Участок 15.2_СПС\ПОДГРУЗКИ_ОБЩИЕ\15.2_СНОСИМОЕ ЗДАНИЕ.dwg    Ошибка
.\спс\2026.04.15_Участок 15.2_СПС\ПОДГРУЗКИ_ОБЩИЕ\15.2_СХЕМЫ ЧАСТЕЙ ГП.dwg    Ошибка
.\спс\2026.04.15_Участок 15.2_СПС\СЕТИ ПРОКЛАДКА_ТЕХПРИС\15.2_ТЕХПРИС ВВОД Водопровода.dwg    Ошибка
.\спс\2026.04.15_Участок 15.2_СПС\СЕТИ ПРОКЛАДКА_ТЕХПРИС\15.2_ТЕХПРИС ВОДОСТОК.dwg    Ошибка
.\спс\2026.04.15_Участок 15.2_СПС\СЕТИ ПРОКЛАДКА_ТЕХПРИС\15.2_ТЕХПРИС КАБЕЛЯ_ВРУ.dwg    Ошибка
.\спс\2026.04.15_Участок 15.2_СПС\СЕТИ ПРОКЛАДКА_ТЕХПРИС\15.2_ТЕХПРИС КАНАЛИЗАЦИЯ.dwg    Ошибка
.\спс\2026.04.15_Участок 15.2_СПС\СЕТИ ПРОКЛАДКА_ТЕХПРИС\15.2_ТЕХПРИС ТЕПЛОТРАССА.dwg    Ошибка
.\спс\2026.04.15_Участок 15.2_СПС\СЕТИ ПРОКЛАДКА_ТЕХПРИС\7.1_ТЕХПРИС ВОДОСТОК.dwg    Ошибка
.\спс\2026.04.15_Участок 15.2_СПС\3077-25-ИГДИ\output[1-2]_3_3077-25.dwg    Ошибка
.\спс\2026.04.15_Участок 15.2_СПС\3_3385-25-ИГДИ\output[1-3]_3_3385-25.dwg    Ошибка
.\спс\2026.04.15_Участок 15.2_СПС\3_5594-25-ИГДИ\output[1]_3_5594-25.dwg    Ошибка
.\спс\2026.04.15_Участок 15.2_СПС\3760-25-ИГДИ\output[1]_3_760-25.dwg    Ошибка
.\спс\2026.04.15_Участок 15.2_СПС\СЕТИ ВЫНОС+ДЕМОНТАЖ\траншеи этап 1.dwg    Ошибка
.\спс\2026.04.15_Участок 15.2_СПС\СЕТИ ПРОКЛАДКА_НАШИ\трш этп2.dwg    Ошибка
Команда: 
Не найдены соответствующие имена элементов типа вн-ссылка.

Не найдены соответствующие имена элементов типа вн-ссылка.

Не найдены соответствующие имена элементов типа вн-ссылка.

Не найдены соответствующие имена элементов типа вн-ссылка.

Не найдены соответствующие имена элементов типа вн-ссылка.

Не найдены соответствующие имена элементов типа вн-ссылка.

Не найдены соответствующие имена элементов типа вн-ссылка.

Не найдены соответствующие имена элементов типа вн-ссылка.

Не найдены соответствующие имена элементов типа вн-ссылка.

Не найдены соответствующие имена элементов типа вн-ссылка.

Не найдены соответствующие имена элементов типа вн-ссылка.

Не найдены соответствующие имена элементов типа вн-ссылка.

Не найдены соответствующие имена элементов типа вн-ссылка.

Не найдены соответствующие имена элементов типа вн-ссылка.

Не найдены соответствующие имена элементов типа вн-ссылка.

Не найдены соответствующие имена элементов типа вн-ссылка.

Не найдены соответствующие имена элементов типа вн-ссылка.

Не найдены соответствующие имена элементов типа вн-ссылка.

Не найдены соответствующие имена элементов типа вн-ссылка.

Не найдены соответствующие имена элементов типа вн-ссылка.

Не найдены соответствующие имена элементов типа вн-ссылка.

Не найдены соответствующие имена элементов типа вн-ссылка.

Не найдены соответствующие имена элементов типа вн-ссылка.

Не найдены соответствующие имена элементов типа вн-ссылка.

Команда: 
Команда: *Прервано*

Команда: *Прервано*

Команда: _XATTACH

Вставка Вн-ссылки "output[1-3]_3_3385-25up": .\нови\2026.07.23_Участок 15.2_СПС\3_3385-25-ИГДИ\output[1-3]_3_3385-25up.dwg
"output[1-3]_3_3385-25up" загружена: C:\Users\user\Documents\Таран\Соколиная гора\15.2\КР3\нови\2026.07.23_Участок 15.2_СПС\3_3385-25-ИГДИ\output[1-3]_3_3385-25up.dwg

Вставка Вн-ссылки "output[1-3]_3_3385-25": .\нови\2026.07.23_Участок 15.2_СПС\3_3385-25-ИГДИ\output[1-3]_3_3385-25.dwg
"output[1-3]_3_3385-25" загружена: C:\Users\user\Documents\Таран\Соколиная гора\15.2\КР3\нови\2026.07.23_Участок 15.2_СПС\3_3385-25-ИГДИ\output[1-3]_3_3385-25.dwg

Вставка Вн-ссылки "output[1-3]_3_3385-25tp": .\нови\2026.07.23_Участок 15.2_СПС\3_3385-25-ИГДИ\output[1-3]_3_3385-25tp.dwg
"output[1-3]_3_3385-25tp" загружена: C:\Users\user\Documents\Таран\Соколиная гора\15.2\КР3\нови\2026.07.23_Участок 15.2_СПС\3_3385-25-ИГДИ\output[1-3]_3_3385-25tp.dwg

Вставка Вн-ссылки "output[1-3]_3_3385-25pp": .\нови\2026.07.23_Участок 15.2_СПС\3_3385-25-ИГДИ\output[1-3]_3_3385-25pp.dwg
"output[1-3]_3_3385-25pp" загружена: C:\Users\user\Documents\Таран\Соколиная гора\15.2\КР3\нови\2026.07.23_Участок 15.2_СПС\3_3385-25-ИГДИ\output[1-3]_3_3385-25pp.dwg

Вставка Вн-ссылки "output[1-3]_3_3385-25kl": .\нови\2026.07.23_Участок 15.2_СПС\3_3385-25-ИГДИ\output[1-3]_3_3385-25kl.dwg
"output[1-3]_3_3385-25kl" загружена: C:\Users\user\Documents\Таран\Соколиная гора\15.2\КР3\нови\2026.07.23_Участок 15.2_СПС\3_3385-25-ИГДИ\output[1-3]_3_3385-25kl.dwg

Вставка Вн-ссылки "output[1-3]_3_3385-25_brd": .\нови\2026.07.23_Участок 15.2_СПС\3_3385-25-ИГДИ\output[1-3]_3_3385-25_brd.dwg
"output[1-3]_3_3385-25_brd" загружена: C:\Users\user\Documents\Таран\Соколиная гора\15.2\КР3\нови\2026.07.23_Участок 15.2_СПС\3_3385-25-ИГДИ\output[1-3]_3_3385-25_brd.dwg

Вставка Вн-ссылки "output[1-3]_3_3385-25_edge001": .\нови\2026.07.23_Участок 15.2_СПС\3_3385-25-ИГДИ\output[1-3]_3_3385-25_edge001.dwg
"output[1-3]_3_3385-25_edge001" загружена: C:\Users\user\Documents\Таран\Соколиная гора\15.2\КР3\нови\2026.07.23_Участок 15.2_СПС\3_3385-25-ИГДИ\output[1-3]_3_3385-25_edge001.dwg

Вставка Вн-ссылки "output[1-3]_3_3385-25_edge002": .\нови\2026.07.23_Участок 15.2_СПС\3_3385-25-ИГДИ\output[1-3]_3_3385-25_edge002.dwg
"output[1-3]_3_3385-25_edge002" загружена: C:\Users\user\Documents\Таран\Соколиная гора\15.2\КР3\нови\2026.07.23_Участок 15.2_СПС\3_3385-25-ИГДИ\output[1-3]_3_3385-25_edge002.dwg

Вставка Вн-ссылки "output[1-3]_3_3385-25_edge003": .\нови\2026.07.23_Участок 15.2_СПС\3_3385-25-ИГДИ\output[1-3]_3_3385-25_edge003.dwg
"output[1-3]_3_3385-25_edge003" загружена: C:\Users\user\Documents\Таран\Соколиная гора\15.2\КР3\нови\2026.07.23_Участок 15.2_СПС\3_3385-25-ИГДИ\output[1-3]_3_3385-25_edge003.dwg

Вн-ссылка "output[1-3]_3_3385-25kl" уже загружена.
Используется ее имеющееся определение.
Вн-ссылка "output[1-3]_3_3385-25pp" уже загружена.
Используется ее имеющееся определение.
Вн-ссылка "output[1-3]_3_3385-25tp" уже загружена.
Используется ее имеющееся определение.
Команда: 
Команда: 





Команда: *Прервано*

Команда: *Прервано*

Команда: _XATTACH

Вставка Вн-ссылки "output[1]_3_5594-25up": .\нови\2026.07.23_Участок 15.2_СПС\3_5594-25-ИГДИ\output[1]_3_5594-25up.dwg
"output[1]_3_5594-25up" загружена: C:\Users\user\Documents\Таран\Соколиная гора\15.2\КР3\нови\2026.07.23_Участок 15.2_СПС\3_5594-25-ИГДИ\output[1]_3_5594-25up.dwg

Вставка Вн-ссылки "output[1]_3_5594-25": .\нови\2026.07.23_Участок 15.2_СПС\3_5594-25-ИГДИ\output[1]_3_5594-25.dwg
"output[1]_3_5594-25" загружена: C:\Users\user\Documents\Таран\Соколиная гора\15.2\КР3\нови\2026.07.23_Участок 15.2_СПС\3_5594-25-ИГДИ\output[1]_3_5594-25.dwg

Вставка Вн-ссылки "output[1]_3_5594-25tp": .\нови\2026.07.23_Участок 15.2_СПС\3_5594-25-ИГДИ\output[1]_3_5594-25tp.dwg
"output[1]_3_5594-25tp" загружена: C:\Users\user\Documents\Таран\Соколиная гора\15.2\КР3\нови\2026.07.23_Участок 15.2_СПС\3_5594-25-ИГДИ\output[1]_3_5594-25tp.dwg

Вставка Вн-ссылки "output[1]_3_5594-25kl": .\нови\2026.07.23_Участок 15.2_СПС\3_5594-25-ИГДИ\output[1]_3_5594-25kl.dwg
"output[1]_3_5594-25kl" загружена: C:\Users\user\Documents\Таран\Соколиная гора\15.2\КР3\нови\2026.07.23_Участок 15.2_СПС\3_5594-25-ИГДИ\output[1]_3_5594-25kl.dwg

Вставка Вн-ссылки "output[1]_3_5594-25_brd": .\нови\2026.07.23_Участок 15.2_СПС\3_5594-25-ИГДИ\output[1]_3_5594-25_brd.dwg
"output[1]_3_5594-25_brd" загружена: C:\Users\user\Documents\Таран\Соколиная гора\15.2\КР3\нови\2026.07.23_Участок 15.2_СПС\3_5594-25-ИГДИ\output[1]_3_5594-25_brd.dwg

Вставка Вн-ссылки "output[1]_3_5594-25_edge001": .\нови\2026.07.23_Участок 15.2_СПС\3_5594-25-ИГДИ\output[1]_3_5594-25_edge001.dwg
"output[1]_3_5594-25_edge001" загружена: C:\Users\user\Documents\Таран\Соколиная гора\15.2\КР3\нови\2026.07.23_Участок 15.2_СПС\3_5594-25-ИГДИ\output[1]_3_5594-25_edge001.dwg

Вн-ссылка "output[1]_3_5594-25kl" уже загружена.
Используется ее имеющееся определение.
Вн-ссылка "output[1]_3_5594-25tp" уже загружена.
Используется ее имеющееся определение.
Команда: 
Команда: *Прервано*

Команда: *Прервано*

Команда: _XATTACH

Вставка Вн-ссылки "output[1-2]_3_3077-25up": .\нови\2026.07.23_Участок 15.2_СПС\3077-25-ИГДИ\output[1-2]_3_3077-25up.dwg
"output[1-2]_3_3077-25up" загружена: C:\Users\user\Documents\Таран\Соколиная гора\15.2\КР3\нови\2026.07.23_Участок 15.2_СПС\3077-25-ИГДИ\output[1-2]_3_3077-25up.dwg

Вставка Вн-ссылки "output[1-2]_3_3077-25": .\нови\2026.07.23_Участок 15.2_СПС\3077-25-ИГДИ\output[1-2]_3_3077-25.dwg
"output[1-2]_3_3077-25" загружена: C:\Users\user\Documents\Таран\Соколиная гора\15.2\КР3\нови\2026.07.23_Участок 15.2_СПС\3077-25-ИГДИ\output[1-2]_3_3077-25.dwg

Вставка Вн-ссылки "output[1-2]_brd": .\нови\2026.07.23_Участок 15.2_СПС\3077-25-ИГДИ\output[1-2]_3_3077-25_brd.dwg
"output[1-2]_brd" загружена: C:\Users\user\Documents\Таран\Соколиная гора\15.2\КР3\нови\2026.07.23_Участок 15.2_СПС\3077-25-ИГДИ\output[1-2]_3_3077-25_brd.dwg

Вставка Вн-ссылки "output[1-2]_3_3077-25tp": .\нови\2026.07.23_Участок 15.2_СПС\3077-25-ИГДИ\output[1-2]_3_3077-25tp.dwg
"output[1-2]_3_3077-25tp" загружена: C:\Users\user\Documents\Таран\Соколиная гора\15.2\КР3\нови\2026.07.23_Участок 15.2_СПС\3077-25-ИГДИ\output[1-2]_3_3077-25tp.dwg

Вставка Вн-ссылки "output[1-2]_3_3077-25kl": .\нови\2026.07.23_Участок 15.2_СПС\3077-25-ИГДИ\output[1-2]_3_3077-25kl.dwg
"output[1-2]_3_3077-25kl" загружена: C:\Users\user\Documents\Таран\Соколиная гора\15.2\КР3\нови\2026.07.23_Участок 15.2_СПС\3077-25-ИГДИ\output[1-2]_3_3077-25kl.dwg

Вставка Вн-ссылки "output[1-2]_edge001": .\нови\2026.07.23_Участок 15.2_СПС\3077-25-ИГДИ\output[1-2]_3_3077-25_edge001.dwg
"output[1-2]_edge001" загружена: C:\Users\user\Documents\Таран\Соколиная гора\15.2\КР3\нови\2026.07.23_Участок 15.2_СПС\3077-25-ИГДИ\output[1-2]_3_3077-25_edge001.dwg

Вставка Вн-ссылки "output[1-2]_edge002": .\нови\2026.07.23_Участок 15.2_СПС\3077-25-ИГДИ\output[1-2]_3_3077-25_edge002.dwg
"output[1-2]_edge002" загружена: C:\Users\user\Documents\Таран\Соколиная гора\15.2\КР3\нови\2026.07.23_Участок 15.2_СПС\3077-25-ИГДИ\output[1-2]_3_3077-25_edge002.dwg

Вставка Вн-ссылки "output[1-2]_3_3077-25_brd": .\нови\2026.07.23_Участок 15.2_СПС\3077-25-ИГДИ\output[1-2]_3_3077-25_brd.dwg
"output[1-2]_3_3077-25_brd" загружена: C:\Users\user\Documents\Таран\Соколиная гора\15.2\КР3\нови\2026.07.23_Участок 15.2_СПС\3077-25-ИГДИ\output[1-2]_3_3077-25_brd.dwg

Вставка Вн-ссылки "output[1-2]_3_3077-25_edge001": .\нови\2026.07.23_Участок 15.2_СПС\3077-25-ИГДИ\output[1-2]_3_3077-25_edge001.dwg
"output[1-2]_3_3077-25_edge001" загружена: C:\Users\user\Documents\Таран\Соколиная гора\15.2\КР3\нови\2026.07.23_Участок 15.2_СПС\3077-25-ИГДИ\output[1-2]_3_3077-25_edge001.dwg

Вставка Вн-ссылки "output[1-2]_3_3077-25_edge002": .\нови\2026.07.23_Участок 15.2_СПС\3077-25-ИГДИ\output[1-2]_3_3077-25_edge002.dwg
"output[1-2]_3_3077-25_edge002" загружена: C:\Users\user\Documents\Таран\Соколиная гора\15.2\КР3\нови\2026.07.23_Участок 15.2_СПС\3077-25-ИГДИ\output[1-2]_3_3077-25_edge002.dwg

Вн-ссылка "output[1-2]_3_3077-25kl" уже загружена.
Используется ее имеющееся определение.
Вн-ссылка "output[1-2]_3_3077-25tp" уже загружена.
Используется ее имеющееся определение.
Команда: 
Команда: *Прервано*

Команда: *Прервано*

Команда: _XATTACH

Вставка Вн-ссылки "output[1]_3_760-25up": .\нови\2026.07.23_Участок 15.2_СПС\3760-25-ИГДИ\output[1]_3_760-25up.dwg
"output[1]_3_760-25up" загружена: C:\Users\user\Documents\Таран\Соколиная гора\15.2\КР3\нови\2026.07.23_Участок 15.2_СПС\3760-25-ИГДИ\output[1]_3_760-25up.dwg

Вставка Вн-ссылки "output[1]_3_760-25": .\нови\2026.07.23_Участок 15.2_СПС\3760-25-ИГДИ\output[1]_3_760-25.dwg
"output[1]_3_760-25" загружена: C:\Users\user\Documents\Таран\Соколиная гора\15.2\КР3\нови\2026.07.23_Участок 15.2_СПС\3760-25-ИГДИ\output[1]_3_760-25.dwg

Вставка Вн-ссылки "output[1]_3_760-25tp": .\нови\2026.07.23_Участок 15.2_СПС\3760-25-ИГДИ\output[1]_3_760-25tp.dwg
"output[1]_3_760-25tp" загружена: C:\Users\user\Documents\Таран\Соколиная гора\15.2\КР3\нови\2026.07.23_Участок 15.2_СПС\3760-25-ИГДИ\output[1]_3_760-25tp.dwg

Вставка Вн-ссылки "output[1]_3_760-25kl": .\нови\2026.07.23_Участок 15.2_СПС\3760-25-ИГДИ\output[1]_3_760-25kl.dwg
"output[1]_3_760-25kl" загружена: C:\Users\user\Documents\Таран\Соколиная гора\15.2\КР3\нови\2026.07.23_Участок 15.2_СПС\3760-25-ИГДИ\output[1]_3_760-25kl.dwg

Вставка Вн-ссылки "output[1]_3_760-25_brd": .\нови\2026.07.23_Участок 15.2_СПС\3760-25-ИГДИ\output[1]_3_760-25_brd.dwg
"output[1]_3_760-25_brd" загружена: C:\Users\user\Documents\Таран\Соколиная гора\15.2\КР3\нови\2026.07.23_Участок 15.2_СПС\3760-25-ИГДИ\output[1]_3_760-25_brd.dwg

Вставка Вн-ссылки "output[1]_3_760-25_edge001": .\нови\2026.07.23_Участок 15.2_СПС\3760-25-ИГДИ\output[1]_3_760-25_edge001.dwg
"output[1]_3_760-25_edge001" загружена: C:\Users\user\Documents\Таран\Соколиная гора\15.2\КР3\нови\2026.07.23_Участок 15.2_СПС\3760-25-ИГДИ\output[1]_3_760-25_edge001.dwg

Вн-ссылка "output[1]_3_760-25kl" уже загружена.
Используется ее имеющееся определение.
Вн-ссылка "output[1]_3_760-25tp" уже загружена.
Используется ее имеющееся определение.
Команда: 
Команда: *Прервано*

Команда: *Прервано*

Команда: _XATTACH

Вставка Вн-ссылки "15.2_СХЕМЫ ЧАСТЕЙ ГП": .\нови\2026.07.23_Участок 15.2_СПС\ПОДГРУЗКИ_ОБЩИЕ\15.2_СХЕМЫ ЧАСТЕЙ ГП.dwg
"15.2_СХЕМЫ ЧАСТЕЙ ГП" загружена: C:\Users\user\Documents\Таран\Соколиная гора\15.2\КР3\нови\2026.07.23_Участок 15.2_СПС\ПОДГРУЗКИ_ОБЩИЕ\15.2_СХЕМЫ ЧАСТЕЙ ГП.dwg

Вставка Вн-ссылки "1.4_Существующие здания": .\нови\2026.07.23_Участок 15.2_СПС\ПОДГРУЗКИ_ОБЩИЕ\1.4_Существующие здания.dwg
"1.4_Существующие здания" загружена: C:\Users\user\Documents\Таран\Соколиная гора\15.2\КР3\нови\2026.07.23_Участок 15.2_СПС\ПОДГРУЗКИ_ОБЩИЕ\1.4_Существующие здания.dwg

Вставка Вн-ссылки "15.2_БАССЕЙНЫ ВОДОСТОКА": .\нови\2026.07.23_Участок 15.2_СПС\ПОДГРУЗКИ_ОБЩИЕ\15.2_БАССЕЙНЫ ВОДОСТОКА.dwg
"15.2_БАССЕЙНЫ ВОДОСТОКА" загружена: C:\Users\user\Documents\Таран\Соколиная гора\15.2\КР3\нови\2026.07.23_Участок 15.2_СПС\ПОДГРУЗКИ_ОБЩИЕ\15.2_БАССЕЙНЫ ВОДОСТОКА.dwg

Вставка Вн-ссылки "15.2_ВЕРТИКАЛКА": .\нови\2026.07.23_Участок 15.2_СПС\ПОДГРУЗКИ_ОБЩИЕ\15.2_ВЕРТИКАЛКА.dwg
"15.2_ВЕРТИКАЛКА" загружена: C:\Users\user\Documents\Таран\Соколиная гора\15.2\КР3\нови\2026.07.23_Участок 15.2_СПС\ПОДГРУЗКИ_ОБЩИЕ\15.2_ВЕРТИКАЛКА.dwg

Вставка Вн-ссылки "15.2_КОТЛОВАН": .\нови\2026.07.23_Участок 15.2_СПС\ПОДГРУЗКИ_ОБЩИЕ\15.2_КОТЛОВАН.dwg
"15.2_КОТЛОВАН" загружена: C:\Users\user\Documents\Таран\Соколиная гора\15.2\КР3\нови\2026.07.23_Участок 15.2_СПС\ПОДГРУЗКИ_ОБЩИЕ\15.2_КОТЛОВАН.dwg

Вставка Вн-ссылки "15.2_Пожарные рукава": .\нови\2026.07.23_Участок 15.2_СПС\ПОДГРУЗКИ_ОБЩИЕ\15.2_Пожарные рукава.dwg
"15.2_Пожарные рукава" загружена: C:\Users\user\Documents\Таран\Соколиная гора\15.2\КР3\нови\2026.07.23_Участок 15.2_СПС\ПОДГРУЗКИ_ОБЩИЕ\15.2_Пожарные рукава.dwg

Вставка Вн-ссылки "15.2_ПОСАДКА ЗДАНИЯ": .\нови\2026.07.23_Участок 15.2_СПС\ПОДГРУЗКИ_ОБЩИЕ\15.2_ПОСАДКА ЗДАНИЯ.dwg
"15.2_ПОСАДКА ЗДАНИЯ" загружена: C:\Users\user\Documents\Таран\Соколиная гора\15.2\КР3\нови\2026.07.23_Участок 15.2_СПС\ПОДГРУЗКИ_ОБЩИЕ\15.2_ПОСАДКА ЗДАНИЯ.dwg

Вставка Вн-ссылки "15.2_СНОСИМОЕ ЗДАНИЕ": .\нови\2026.07.23_Участок 15.2_СПС\ПОДГРУЗКИ_ОБЩИЕ\15.2_СНОСИМОЕ ЗДАНИЕ.dwg
"15.2_СНОСИМОЕ ЗДАНИЕ" загружена: C:\Users\user\Documents\Таран\Соколиная гора\15.2\КР3\нови\2026.07.23_Участок 15.2_СПС\ПОДГРУЗКИ_ОБЩИЕ\15.2_СНОСИМОЕ ЗДАНИЕ.dwg

Команда: 
Команда: *Прервано*

Команда: *Прервано*

Команда: _XATTACH

Вставка Вн-ссылки "15.2_ОРУД кабель": .\нови\2026.07.23_Участок 15.2_СПС\СЕТИ ЗАДАНИЕ\15.2_ОРУД кабель.dwg
"15.2_ОРУД кабель" загружена: C:\Users\user\Documents\Таран\Соколиная гора\15.2\КР3\нови\2026.07.23_Участок 15.2_СПС\СЕТИ ЗАДАНИЕ\15.2_ОРУД кабель.dwg

Команда: 
Команда: *Прервано*

Команда: *Прервано*

Команда: _XATTACH

Вставка Вн-ссылки "15.2_НСС МПТЦ-подключение": .\нови\2026.07.23_Участок 15.2_СПС\Сети прокладка (подключение)_НАШИ\15.2_НСС МПТЦ-подключение.dwg
"15.2_НСС МПТЦ-подключение" загружена: C:\Users\user\Documents\Таран\Соколиная гора\15.2\КР3\нови\2026.07.23_Участок 15.2_СПС\Сети прокладка (подключение)_НАШИ\15.2_НСС МПТЦ-подключение.dwg

Вставка Вн-ссылки "15.2_ВЫПУСКА ВОДОСТОК": .\нови\2026.07.23_Участок 15.2_СПС\Сети прокладка (подключение)_НАШИ\15.2_ВЫПУСКА ВОДОСТОК.dwg
"15.2_ВЫПУСКА ВОДОСТОК" загружена: C:\Users\user\Documents\Таран\Соколиная гора\15.2\КР3\нови\2026.07.23_Участок 15.2_СПС\Сети прокладка (подключение)_НАШИ\15.2_ВЫПУСКА ВОДОСТОК.dwg

Вставка Вн-ссылки "15.2_ВЫПУСКА К1_подключение": .\нови\2026.07.23_Участок 15.2_СПС\Сети прокладка (подключение)_НАШИ\15.2_ВЫПУСКА К1_подключение.dwg
"15.2_ВЫПУСКА К1_подключение" загружена: C:\Users\user\Documents\Таран\Соколиная гора\15.2\КР3\нови\2026.07.23_Участок 15.2_СПС\Сети прокладка (подключение)_НАШИ\15.2_ВЫПУСКА К1_подключение.dwg

Вставка Вн-ссылки "15.2_НО_подключение": .\нови\2026.07.23_Участок 15.2_СПС\Сети прокладка (подключение)_НАШИ\15.2_НО_подключение.dwg
"15.2_НО_подключение" загружена: C:\Users\user\Documents\Таран\Соколиная гора\15.2\КР3\нови\2026.07.23_Участок 15.2_СПС\Сети прокладка (подключение)_НАШИ\15.2_НО_подключение.dwg

Команда: 
Команда: *Прервано*

Команда: *Прервано*

Команда: _XATTACH

Вставка Вн-ссылки "15.2_ТЕХПРИС ТЕПЛОТРАССА": .\нови\2026.07.23_Участок 15.2_СПС\Сети прокладка_(подключение)_НЕ НАШИ (ТЕХПРИС)\15.2_ТЕХПРИС ТЕПЛОТРАССА.dwg
"15.2_ТЕХПРИС ТЕПЛОТРАССА" загружена: C:\Users\user\Documents\Таран\Соколиная гора\15.2\КР3\нови\2026.07.23_Участок 15.2_СПС\Сети прокладка_(подключение)_НЕ НАШИ (ТЕХПРИС)\15.2_ТЕХПРИС ТЕПЛОТРАССА.dwg

Вставка Вн-ссылки "7.1_ТЕХПРИС ВОДОСТОК": .\нови\2026.07.23_Участок 15.2_СПС\Сети прокладка_(подключение)_НЕ НАШИ (ТЕХПРИС)\7.1_ТЕХПРИС ВОДОСТОК.dwg
"7.1_ТЕХПРИС ВОДОСТОК" загружена: C:\Users\user\Documents\Таран\Соколиная гора\15.2\КР3\нови\2026.07.23_Участок 15.2_СПС\Сети прокладка_(подключение)_НЕ НАШИ (ТЕХПРИС)\7.1_ТЕХПРИС ВОДОСТОК.dwg

Вставка Вн-ссылки "15.2_ТЕХПРИС ВВОД Водопровода": .\нови\2026.07.23_Участок 15.2_СПС\Сети прокладка_(подключение)_НЕ НАШИ (ТЕХПРИС)\15.2_ТЕХПРИС ВВОД Водопровода.dwg
"15.2_ТЕХПРИС ВВОД Водопровода" загружена: C:\Users\user\Documents\Таран\Соколиная гора\15.2\КР3\нови\2026.07.23_Участок 15.2_СПС\Сети прокладка_(подключение)_НЕ НАШИ (ТЕХПРИС)\15.2_ТЕХПРИС ВВОД Водопровода.dwg

Вставка Вн-ссылки "15.2_ТЕХПРИС ВОДОСТОК": .\нови\2026.07.23_Участок 15.2_СПС\Сети прокладка_(подключение)_НЕ НАШИ (ТЕХПРИС)\15.2_ТЕХПРИС ВОДОСТОК.dwg
"15.2_ТЕХПРИС ВОДОСТОК" загружена: C:\Users\user\Documents\Таран\Соколиная гора\15.2\КР3\нови\2026.07.23_Участок 15.2_СПС\Сети прокладка_(подключение)_НЕ НАШИ (ТЕХПРИС)\15.2_ТЕХПРИС ВОДОСТОК.dwg

Вставка Вн-ссылки "15.2_ТЕХПРИС КАБЕЛЯ_ВРУ": .\нови\2026.07.23_Участок 15.2_СПС\Сети прокладка_(подключение)_НЕ НАШИ (ТЕХПРИС)\15.2_ТЕХПРИС КАБЕЛЯ_ВРУ.dwg
"15.2_ТЕХПРИС КАБЕЛЯ_ВРУ" загружена: C:\Users\user\Documents\Таран\Соколиная гора\15.2\КР3\нови\2026.07.23_Участок 15.2_СПС\Сети прокладка_(подключение)_НЕ НАШИ (ТЕХПРИС)\15.2_ТЕХПРИС КАБЕЛЯ_ВРУ.dwg

Вставка Вн-ссылки "15.2_ТЕХПРИС КАНАЛИЗАЦИЯ": .\нови\2026.07.23_Участок 15.2_СПС\Сети прокладка_(подключение)_НЕ НАШИ (ТЕХПРИС)\15.2_ТЕХПРИС КАНАЛИЗАЦИЯ.dwg
"15.2_ТЕХПРИС КАНАЛИЗАЦИЯ" загружена: C:\Users\user\Documents\Таран\Соколиная гора\15.2\КР3\нови\2026.07.23_Участок 15.2_СПС\Сети прокладка_(подключение)_НЕ НАШИ (ТЕХПРИС)\15.2_ТЕХПРИС КАНАЛИЗАЦИЯ.dwg

Команда: 
Команда: *Прервано*

Команда: *Прервано*

Команда: _XATTACH

Вставка Вн-ссылки "15.2_РТ  перекладка": .\нови\2026.07.23_Участок 15.2_СПС\Сети_демонтаж (перекладка)_НАШИ\15.2_РТ  перекладка.dwg
"15.2_РТ  перекладка" загружена: C:\Users\user\Documents\Таран\Соколиная гора\15.2\КР3\нови\2026.07.23_Участок 15.2_СПС\Сети_демонтаж (перекладка)_НАШИ\15.2_РТ  перекладка.dwg

Вставка Вн-ссылки "15.2_Водопровод_кресты": .\нови\2026.07.23_Участок 15.2_СПС\Сети_демонтаж (перекладка)_НАШИ\15.2_Водопровод_кресты.dwg
"15.2_Водопровод_кресты" загружена: C:\Users\user\Documents\Таран\Соколиная гора\15.2\КР3\нови\2026.07.23_Участок 15.2_СПС\Сети_демонтаж (перекладка)_НАШИ\15.2_Водопровод_кресты.dwg

Вставка Вн-ссылки "15.2_Канализация_кресты": .\нови\2026.07.23_Участок 15.2_СПС\Сети_демонтаж (перекладка)_НАШИ\15.2_Канализация_кресты.dwg
"15.2_Канализация_кресты" загружена: C:\Users\user\Documents\Таран\Соколиная гора\15.2\КР3\нови\2026.07.23_Участок 15.2_СПС\Сети_демонтаж (перекладка)_НАШИ\15.2_Канализация_кресты.dwg

Вставка Вн-ссылки "15.2_КЛ_демонтаж": .\нови\2026.07.23_Участок 15.2_СПС\Сети_демонтаж (перекладка)_НАШИ\15.2_КЛ_демонтаж.dwg
"15.2_КЛ_демонтаж" загружена: C:\Users\user\Documents\Таран\Соколиная гора\15.2\КР3\нови\2026.07.23_Участок 15.2_СПС\Сети_демонтаж (перекладка)_НАШИ\15.2_КЛ_демонтаж.dwg

Вставка Вн-ссылки "15.2_МГТС демонтаж": .\нови\2026.07.23_Участок 15.2_СПС\Сети_демонтаж (перекладка)_НАШИ\15.2_МГТС демонтаж.dwg
"15.2_МГТС демонтаж" загружена: C:\Users\user\Documents\Таран\Соколиная гора\15.2\КР3\нови\2026.07.23_Участок 15.2_СПС\Сети_демонтаж (перекладка)_НАШИ\15.2_МГТС демонтаж.dwg

Вставка Вн-ссылки "15.2_НО_перекладка": .\нови\2026.07.23_Участок 15.2_СПС\Сети_демонтаж (перекладка)_НАШИ\15.2_НО_перекладка.dwg
"15.2_НО_перекладка" загружена: C:\Users\user\Documents\Таран\Соколиная гора\15.2\КР3\нови\2026.07.23_Участок 15.2_СПС\Сети_демонтаж (перекладка)_НАШИ\15.2_НО_перекладка.dwg

Вставка Вн-ссылки "15.2_План ТС_БАЙПАС": .\нови\2026.07.23_Участок 15.2_СПС\Сети_демонтаж (перекладка)_НАШИ\15.2_План ТС_БАЙПАС.dwg
"15.2_План ТС_БАЙПАС" загружена: C:\Users\user\Documents\Таран\Соколиная гора\15.2\КР3\нови\2026.07.23_Участок 15.2_СПС\Сети_демонтаж (перекладка)_НАШИ\15.2_План ТС_БАЙПАС.dwg

Вставка Вн-ссылки "15.2_План ТС_для СПС": .\нови\2026.07.23_Участок 15.2_СПС\Сети_демонтаж (перекладка)_НАШИ\15.2_План ТС_для СПС.dwg
"15.2_План ТС_для СПС" загружена: C:\Users\user\Documents\Таран\Соколиная гора\15.2\КР3\нови\2026.07.23_Участок 15.2_СПС\Сети_демонтаж (перекладка)_НАШИ\15.2_План ТС_для СПС.dwg

Команда: 
Команда: *Прервано*

Команда: *Прервано*

Команда: _XATTACH

Вставка Вн-ссылки "15.2_МГТС ВЫНОС": .\нови\2026.07.23_Участок 15.2_СПС\Сети_демонтаж (перекладка)_НЕ НАШИ (СКП)\15.2_МГТС ВЫНОС.dwg
"15.2_МГТС ВЫНОС" загружена: C:\Users\user\Documents\Таран\Соколиная гора\15.2\КР3\нови\2026.07.23_Участок 15.2_СПС\Сети_демонтаж (перекладка)_НЕ НАШИ (СКП)\15.2_МГТС ВЫНОС.dwg

Вставка Вн-ссылки "15.2_ГАЗ ВЫНОС": .\нови\2026.07.23_Участок 15.2_СПС\Сети_демонтаж (перекладка)_НЕ НАШИ (СКП)\15.2_ГАЗ ВЫНОС.dwg
"15.2_ГАЗ ВЫНОС" загружена: C:\Users\user\Documents\Таран\Соколиная гора\15.2\КР3\нови\2026.07.23_Участок 15.2_СПС\Сети_демонтаж (перекладка)_НЕ НАШИ (СКП)\15.2_ГАЗ ВЫНОС.dwg

Вставка Вн-ссылки "15.2_МВК ВЫНОС": .\нови\2026.07.23_Участок 15.2_СПС\Сети_демонтаж (перекладка)_НЕ НАШИ (СКП)\15.2_МВК ВЫНОС.dwg
"15.2_МВК ВЫНОС" загружена: C:\Users\user\Documents\Таран\Соколиная гора\15.2\КР3\нови\2026.07.23_Участок 15.2_СПС\Сети_демонтаж (перекладка)_НЕ НАШИ (СКП)\15.2_МВК ВЫНОС.dwg

Команда: 
Команда: *Прервано*

Команда: *Прервано*

Команда: _XATTACH

Вставка Вн-ссылки "15.1_ПОСАДКА ЗДАНИЯ": .\нови\2026.07.23_Участок 15.2_СПС\УЧАСТОК 15.1\15.1_ПОСАДКА ЗДАНИЯ.dwg
"15.1_ПОСАДКА ЗДАНИЯ" загружена: C:\Users\user\Documents\Таран\Соколиная гора\15.2\КР3\нови\2026.07.23_Участок 15.2_СПС\УЧАСТОК 15.1\15.1_ПОСАДКА ЗДАНИЯ.dwg

Команда: 
Команда: *Прервано*

Команда: *Прервано*

Команда: _XATTACH

Вставка Вн-ссылки "траншеи этап 1": .\нови\траншеи этап 1.dwg
"траншеи этап 1" загружена: C:\Users\user\Documents\Таран\Соколиная гора\15.2\КР3\нови\траншеи этап 1.dwg

Вставка Вн-ссылки "трш этп2": .\нови\трш этп2.dwg
"трш этп2" загружена: C:\Users\user\Documents\Таран\Соколиная гора\15.2\КР3\нови\трш этп2.dwg

Команда: '_.zoom 
Укажите угол рамки, введите масштаб (nX или nXП), или 
[Все/Центр/Динамика/Границы/Предыдущий/Масштаб/Рамка/Объект] <реальное время>: _e 
Команда: 
Команда: *Прервано*

Команда: 
Команда: *Прервано*

Команда: 
Команда: *Прервано*

Команда: Задайте противоположный угол или [Линия/РМн-угол/СМн-угол]: 
Команда: 
Команда: 
Команда: 
Команда: '_.zoom 
Укажите угол рамки, введите масштаб (nX или nXП), или 
[Все/Центр/Динамика/Границы/Предыдущий/Масштаб/Рамка/Объект] <реальное время>: _e 
Команда: 
Команда: *Прервано*

Команда: *Прервано*

Команда: *Прервано*

Команда:   <Переход на: Лист1>
Выполняется регенерация листов.
Выполняется регенерация модели.

Команда: 
Команда: _.vpmax Выполняется регенерация листов.
Выполняется регенерация модели.

Команда: Выполняется регенерация листов.
Выполняется регенерация модели.

Автоматическое сохранение в C:\Users\user\AppData\Local\Temp\кр3_1_19247_d8d36cd1.sv$ ...

Команда: Выполняется регенерация листов.
Выполняется регенерация модели.
Выполняется регенерация модели.

Команда: *Прервано*

Команда: *Прервано*

Команда: *Прервано*

Команда: *Прервано*

Команда: *Прервано*

Команда: *Прервано*

Команда: _.VPMIN Выполняется регенерация листов.
Выполняется регенерация модели.

Команда: 
Команда: 
Автоматическое сохранение в C:\Users\user\AppData\Local\Temp\кр3_1_19247_d8d36cd1.sv$ ...

Команда: 
Команда: 
Команда: *Прервано*

Команда: *Прервано*

Команда:   <Переход на: Модель>
Выполняется регенерация модели.

Команда: AIPALETTE

Команда: 
Команда: 
Команда:  
Команда: 
Команда: 
Команда:  
Команда: 





Команда: 




Команда: 





Команда: 





Команда: 





Команда: 




Команда: 





Команда: 




Команда: 




Команда: 





Команда: 





Команда: *Прервано*

Команда: Задайте противоположный угол или [Линия/РМн-угол/СМн-угол]: *Прервано*

Команда: Задайте противоположный угол или [Линия/РМн-угол/СМн-угол]: *Прервано*

Команда: *Прервано*

Команда: Задайте противоположный угол или [Линия/РМн-угол/СМн-угол]: 
Команда: 
Команда: *Прервано*

Команда: 





Команда: 





Команда: 





Команда: 





Команда: 





Команда: 





Команда: 





Команда: 





Команда: 





Команда: 





Команда: 





Команда: 





Команда: 





Команда: 





Команда: 





Команда: 





Команда: 





Команда: 





Команда: 





Команда: 





Команда: 





Команда: *Прервано*

Команда: 




Команда: 





Команда: 
Команда: *Прервано*

Команда: 




Команда: 





Команда: *Прервано*

Команда: 




Команда: 





Команда: 





Команда: 





Команда: 





Команда: 





Команда: 





Команда: 





Команда: 





Команда: 





Команда: 





Команда: 





Команда: 





Команда: 





Команда: 





Команда: 





Команда: 





Команда: 





Команда: 




Команда: 




Команда: 




Команда: 




Команда: 




Команда: 




Команда: 




Команда: 




Команда: 




Команда: 




Команда: 




Команда: 




Команда: 




Команда: 




Команда: 




Команда: 




Команда: _u '.-СЛОЙ '.-СЛОЙ '.-СЛОЙ '.-СЛОЙ '.-СЛОЙ '.-СЛОЙ '.-СЛОЙ '.-СЛОЙ '.-СЛОЙ '.-СЛОЙ '.-СЛОЙ '.-СЛОЙ '.-СЛОЙ '.-СЛОЙ '.-СЛОЙ '.-СЛОЙ '.-СЛОЙ '.-СЛОЙ '.-СЛОЙ '.-СЛОЙ '.-СЛОЙ '.-СЛОЙ '.-СЛОЙ '.-СЛОЙ '.-СЛОЙ '.-СЛОЙ '.-СЛОЙ '.-СЛОЙ '.-СЛОЙ '.-СЛОЙ '.-СЛОЙ '.-СЛОЙ Выполняется регенерация модели.

Команда: *Прервано*

Команда: *Прервано*

Команда:   <Переход на: эээээээ>
Выполняется регенерация листов.
Выполняется регенерация модели.

Команда: Выполняется регенерация модели.
Выполняется регенерация модели.
 <Вес линий Отразить> 
Команда: 
Автоматическое сохранение в C:\Users\user\AppData\Local\Temp\кр3_1_19247_d8d36cd1.sv$ ...

Команда: 
Команда: 
Команда: Задайте противоположный угол или [Линия/РМн-угол/СМн-угол]: 
Команда: Задайте противоположный угол или [Линия/РМн-угол/СМн-угол]: 
Команда: 
Автоматическое сохранение в C:\Users\user\AppData\Local\Temp\кр3_1_19247_d8d36cd1.sv$ ...

Команда: 
Команда: Выполняется регенерация модели.
*Прервано*

Команда: *Прервано*

Команда:   <Переход на: Модель>
Выполняется регенерация модели.

Команда: 
Команда: *Прервано*

Команда: *Прервано*

Команда:   <Переход на: эээээээ>
Выполняется регенерация листов.
Выполняется регенерация модели.

Команда: 
Команда: _.vpmax Выполняется регенерация листов.
Выполняется регенерация модели.

Команда: 
Команда: *Прервано*

Команда: _.VPMIN Выполняется регенерация листов.
Выполняется регенерация модели.

Команда: *Прервано*

Команда: *Прервано*

Команда:   <Переход на: Модель>
Выполняется регенерация модели.

Команда: 
Команда: *Прервано*

Команда: 




Команда: 




Команда: 




Команда: 




Команда: 




Команда: 




Команда: 





Команда: 





Команда: 





Команда: 





Команда: 





Команда: 





Команда: *Прервано*

Команда: 





Команда: 




Команда: 




Команда: 




Команда: *Прервано*

Команда: 
Команда: *Прервано*

Команда: 





Команда: 





Команда: 




Команда: 





Команда: *Прервано*

Команда: 
Команда: 
Автоматическое сохранение в C:\Users\user\AppData\Local\Temp\кр3_1_19247_d8d36cd1.sv$ ...

Команда: 
Команда: *Прервано*

Команда: *Прервано*

Команда:   <Переход на: эээээээ>
Выполняется регенерация листов.
Выполняется регенерация модели.

Команда: 
Команда: 
Команда: 
Автоматическое сохранение в C:\Users\user\AppData\Local\Temp\кр3_1_19247_d8d36cd1.sv$ ...

Команда: 
Команда: 
Команда: 
**** Системные переменные не изменены ****

Команда: 
Автоматическое сохранение в C:\Users\user\AppData\Local\Temp\кр3_1_19247_d8d36cd1.sv$ ...

Команда: 
Команда: 
Команда: Задайте противоположный угол или [Линия/РМн-угол/СМн-угол]: 
Команда: _CUI

Команда: *Прервано*

Команда: *Прервано*

Команда:   <Переход на: Модель>
Выполняется регенерация модели.

Команда: 
Команда: 
Команда: _qsave 
Команда: *Прервано*

Команда: *Прервано*

Команда:  
Команда: 
