[ AutoCAD - Thu Jul 23 20:35:55 2026  ]----------------------------------------

Открывается файл формата AutoCAD 2018.
Выполняется регенерация листов.
Выполняется регенерация модели.


Утилиты меню AutoCAD загружены.
Команда: 

Файл Autodesk DWG. Это файл формата TrustedDWG, сохраненный в приложении Autodesk или в приложении, лицензированном корпорацией Autodesk.

Команда: 

Команда: 
Команда: *Прервано*

Команда: *Прервано*

Команда:   <Переход на: Модель>
Выполняется регенерация модели.

Команда: _APPLOAD
opor-loader.lsp успешно загружено.


Команда: ; ошибка: завершить / выйти прервать

Команда: 
Команда: opor
Неизвестная команда "OPOR".  Для вызова справки нажмите F1.

Команда: *Прервано*

Команда: _APPLOAD
01_OPOR_PORT.lsp успешно загружено.


Команда: 
[OPOR] Загружено. Команды: OPOR, XX, OPORTIN, OPORSLOPE, OPORSLOPEWR, OPORHEIGHTCHECK, OPORWRITELEVEL, OPORAUTOLEVEL, OPORRING, OPORREGCHECK, OPORCHECK, OPORCLEAN, OPORDUMP, OPORTABLES, OPOROLD, OPORSHOW, OPORDEBUG.
OPOR port загружен. Основная команда: OPOR (или XX).
Команда: 
Команда: Задайте противоположный угол или [Линия/РМн-угол/СМн-угол]: 
Команда: 
Команда: 
Команда: _copy найдено: 75

Текущая настройка:  Режим копирования  = Несколько
Базовая точка или [Смещение/реЖим] <Смещение>: 
Вторая точка или [Массив] <использовать для смещения первую точку>: 
Укажите вторую точку или [Массив/Выход/Отменить] <Выход>: *Прервано*

Команда: Задайте противоположный угол или [Линия/РМн-угол/СМн-угол]: 
Команда: 
Команда: 
Команда: _cutclip найдено: 6

Команда: Задайте противоположный угол или [Линия/РМн-угол/СМн-угол]: 
Команда: 
Команда: 
Команда: _cutclip найдено: 3

Команда: Задайте противоположный угол или [Линия/РМн-угол/СМн-угол]: 
Команда: 
Команда: 
Команда: _cutclip найдено: 5

Команда: Задайте противоположный угол или [Линия/РМн-угол/СМн-угол]: 
Команда: 
Команда: 
Команда: _cutclip найдено: 3

Команда: Задайте противоположный угол или [Линия/РМн-угол/СМн-угол]: 
Команда: Задайте противоположный угол или [Линия/РМн-угол/СМн-угол]: 
Команда: 
Команда: 
Команда: _cutclip найдено: 4

Команда: Задайте противоположный угол или [Линия/РМн-угол/СМн-угол]: 
Команда: 
Команда: 
Команда: _cutclip найдено: 5

Команда: Задайте противоположный угол или [Линия/РМн-угол/СМн-угол]: 
Команда: 
Команда: 
Команда: _cutclip найдено: 3

Команда: Задайте противоположный угол или [Линия/РМн-угол/СМн-угол]: 
Команда: 
Команда: 
Команда: _cutclip найдено: 1

Команда: _u INTELLIPAN 
Команда: _u INTELLIZOOM ГРУППА 
Команда: Задайте противоположный угол или [Линия/РМн-угол/СМн-угол]: 
Команда: 
Команда: 
Команда: _cutclip найдено: 3

Команда: Задайте противоположный угол или [Линия/РМн-угол/СМн-угол]: 
Команда: 
Команда: 
Команда: _cutclip найдено: 4

Команда: Задайте противоположный угол или [Линия/РМн-угол/СМн-угол]: 
Команда: 
Команда: 
Команда: _cutclip найдено: 3

Команда: Задайте противоположный угол или [Линия/РМн-угол/СМн-угол]: 
Команда: 
Команда: 
Команда: _cutclip найдено: 1

Команда: Задайте противоположный угол или [Линия/РМн-угол/СМн-угол]: 
Команда: 
Команда: 
Команда: _cutclip найдено: 1

Команда: Задайте противоположный угол или [Линия/РМн-угол/СМн-угол]: 
Команда: 
Команда: 
Команда: _cutclip найдено: 1

Команда: OPOR

Выберите внешний контур OPOR: 
Команда: 
[OPOR] Проёмов найдено: 2
[OPOR] TIN завершён: исходных отметок=30, рассчитано для проёмов=8, отметок всего=38, треугольников=50, вне области=11, рёбер=28, flips=8, заменено треугольников=0, заменено автоотметок=0.
Команда: 

Команда: 
Команда: _u 
Команда: _u INTELLIZOOM INTELLIZOOM INTELLIPAN 
Команда: _u OPOR 
Команда: _u ГРУППА 
Команда: _u INTELLIPAN 
Команда: Задайте противоположный угол или [Линия/РМн-угол/СМн-угол]: 
Команда: 
Команда: 
Команда: _copy найдено: 33

Текущая настройка:  Режим копирования  = Несколько
Базовая точка или [Смещение/реЖим] <Смещение>: 
Вторая точка или [Массив] <использовать для смещения первую точку>: 
Укажите вторую точку или [Массив/Выход/Отменить] <Выход>: *Прервано*

Команда: OPOR

Выберите внешний контур OPOR: 
Команда: 
Команда: 
Команда: OPOR

Выберите внешний контур OPOR: 
Команда: 
[OPOR] Проёмов найдено: 2
[OPOR] TIN завершён: исходных отметок=30, рассчитано для проёмов=8, отметок всего=38, треугольников=50, вне области=11, рёбер=28, flips=8, заменено треугольников=0, заменено автоотметок=0.
Команда: 

Команда: 
Команда: 
Команда: 
Команда:   
Команда: OPOR

[OPOR] Блоки новых таблиц 3D/PRO загружены.
[OPOR] Проверка OPOR:
Версия: 3.31-floor-compositions
Слои: OK
Блоки MVP: OK
Размерный стиль ISO-25: OK
Справочно, отсутствующие будущие блоки: 
- нетВыполняется регенерация модели.

Команда: 
[OPOR] Слоёв скрыто: 10
Выберите внешний контур OPOR: 
Команда: 
[OPOR] Проёмов найдено: 2Выполняется регенерация модели.

Команда: 
Начальная точка сетки <Enter = угол у длинного ребра>: 
Направление сетки <Enter = вдоль длинного ребра>: 
Точка вставки итоговой таблицы <Enter = справа от контура>: 

[OPOR] Контур 1 рассчитан: опор=2739, длина лаг=1470.379 м, ошибок высот=0.
Команда: Выполняется регенерация модели.

Команда: 
[OPOR] Слоёв скрыто: 10
Выберите следующий внешний контур OPOR или Enter для завершения: 
Выполняется регенерация модели.

Команда: 
[OPOR] Заголовок чертежа: Разбивка опор Level PRO.
[OPOR] Var завершён: опор=2739, длина лаг=1470 м, лаг=42 шт, ошибок высот=0, областей=50, треугольников=50.
Команда: 

Команда: 
Команда: Задайте противоположный угол или [Линия/РМн-угол/СМн-угол]: 
Команда: *Прервано*

Команда: 
Команда: Задайте противоположный угол или [Линия/РМн-угол/СМн-угол]: 
Команда: Задайте противоположный угол или [Линия/РМн-угол/СМн-угол]: *Прервано*

Команда: *Прервано*

Команда: Задайте противоположный угол или [Линия/РМн-угол/СМн-угол]: 
Команда: *Прервано*

Команда: xxx
Неизвестная команда "XXX".  Для вызова справки нажмите F1.

Команда: *Прервано*

Команда: XX

[OPOR] Проверка OPOR:
Версия: 3.31-floor-compositions
Слои: OK
Блоки MVP: OK
Размерный стиль ISO-25: OK
Справочно, отсутствующие будущие блоки: 
- нетВыполняется регенерация модели.

Команда: 
[OPOR] Слоёв скрыто: 10
Выберите внешний контур OPOR: 
Команда: 
[OPOR] Проёмов найдено: 2Выполняется регенерация модели.

Команда: 
[OPOR] Var остановлен: проверка отметок не пройдена.
Команда: 

Команда: 
Команда: OPOR

Выберите внешний контур OPOR: 
Команда: 
[OPOR] Проёмов найдено: 2
[OPOR] TIN завершён: исходных отметок=30, рассчитано для проёмов=8, отметок всего=38, треугольников=50, вне области=11, рёбер=28, flips=8, заменено треугольников=0, заменено автоотметок=0.
Команда: 

Команда: 
Команда: OPOR

[OPOR] Проверка OPOR:
Версия: 3.31-floor-compositions
Слои: OK
Блоки MVP: OK
Размерный стиль ISO-25: OK
Справочно, отсутствующие будущие блоки: 
- нетВыполняется регенерация модели.

Команда: 
[OPOR] Слоёв скрыто: 10
Выберите внешний контур OPOR: 
Команда: 
[OPOR] Проёмов найдено: 2Выполняется регенерация модели.

Команда: 
[OPOR] Ввод параметров переменной высоты отменён.
Команда: 

Команда: 
Команда: *Прервано*

Команда: 
Команда: 
Команда: _circle 
Центр круга или [3Т/2Т/ККР (кас кас радиус)]: 
Радиус круга или [Диаметр]: 
Команда: *Прервано*

Команда: Задайте противоположный угол или [Линия/РМн-угол/СМн-угол]: 
Команда: Задайте противоположный угол или [Линия/РМн-угол/СМн-угол]: 
Команда: 
Команда: 
Команда: _move найдено: 1

Базовая точка или [Смещение] <Смещение>: 
Вторая точка или <считать смещением первую точку>: 
Команда: *Прервано*

Команда: *Прервано*

Команда: OPOR

[OPOR] Проверка OPOR:
Версия: 3.31-floor-compositions
Слои: OK
Блоки MVP: OK
Размерный стиль ISO-25: OK
Справочно, отсутствующие будущие блоки: 
- нетВыполняется регенерация модели.

Команда: 
[OPOR] Слоёв скрыто: 10
Выберите внешний контур OPOR: Выполняется регенерация модели.

Команда: 
Команда: 

Команда: 
Команда: OPOR

[OPOR] Проверка OPOR:
Версия: 3.31-floor-compositions
Слои: OK
Блоки MVP: OK
Размерный стиль ISO-25: OK
Справочно, отсутствующие будущие блоки: 
- нетВыполняется регенерация модели.

Команда: 
[OPOR] Слоёв скрыто: 10
Выберите внешний контур OPOR: Выполняется регенерация модели.

Команда: 
Команда: 

Команда: 
Команда: Задайте противоположный угол или [Линия/РМн-угол/СМн-угол]: 
Команда: *Прервано*

Команда: OPOR

Укажите внешний контур или Enter для завершения: 
Укажите точку верхнего левого угла таблицы: 
Команда: 
Укажите следующий внешний контур или Enter для завершения: *Прервано*

[OPOR] Slope завершён: контуров=1, назначено=0, удалено=0, P2=0, P3=0, P4=0, P5=0, P6=0, P7=0, P8=0, P9=0.
Команда: 

Команда: 
Команда: 
Команда: *Прервано*

Команда: *Прервано*

Команда: 
Команда: 
Команда: 
Команда: _cutclip найдено: 1

Команда: _u INTELLIPAN INTELLIZOOM 
Команда: _u ВБУФЕР ГРУППА 
Команда: OPORCLEAN

Очистка OPOR [Session/All] <All>: 

[OPOR] Удалено объектов: 2930

Команда: 
Команда: 
OPORCLEAN

Очистка OPOR [Session/All] <All>: *Прервано*
nil

Команда: 
Команда: Задайте противоположный угол или [Линия/РМн-угол/СМн-угол]: 
Команда: *Прервано*

Команда: OPOR

Выберите внешний контур OPOR: 
Команда: 
[OPOR] Проёмов найдено: 2
[OPOR] TIN завершён: исходных отметок=30, рассчитано для проёмов=8, отметок всего=38, треугольников=50, вне области=11, рёбер=28, flips=8, заменено треугольников=0, заменено автоотметок=0.
Команда: 

Команда: 
Команда: OPOR

[OPOR] Проверка OPOR:
Версия: 3.31-floor-compositions
Слои: OK
Блоки MVP: OK
Размерный стиль ISO-25: OK
Справочно, отсутствующие будущие блоки: 
- нетВыполняется регенерация модели.

Команда: 
[OPOR] Слоёв скрыто: 10
Выберите внешний контур OPOR: 
Команда: 
[OPOR] Проёмов найдено: 2Выполняется регенерация модели.

Команда: 
Начальная точка сетки <Enter = угол у длинного ребра>: 
Направление сетки <Enter = вдоль длинного ребра>: 
Точка вставки итоговой таблицы <Enter = справа от контура>: 

[OPOR] Контур 1 рассчитан: опор=4177, длина лаг=2294.082 м, ошибок высот=0.
Команда: Выполняется регенерация модели.

Команда: 
[OPOR] Слоёв скрыто: 10
Выберите следующий внешний контур OPOR или Enter для завершения: 
Выполняется регенерация модели.

Команда: 
[OPOR] Заголовок чертежа: Разбивка опор Level PRO.
[OPOR] Var завершён: опор=4177, длина лаг=2294 м, лаг=63 шт, ошибок высот=0, областей=50, треугольников=50, П9: доска=3000, раскладка=1/2, стык=1500, парных сегментов=44, шахматных опор=896, крепёж лаги (Level TOP)=4177, толщина крепежа=4 мм.
Команда: 

Команда: 
Команда: Задайте противоположный угол или [Линия/РМн-угол/СМн-угол]: 
Команда: *Прервано*

Команда: Задайте противоположный угол или [Линия/РМн-угол/СМн-угол]: 
Команда: *Прервано*

Команда: Задайте противоположный угол или [Линия/РМн-угол/СМн-угол]: 
Команда: 
Команда: 
Команда: _copy найдено: 33

Текущая настройка:  Режим копирования  = Несколько
Базовая точка или [Смещение/реЖим] <Смещение>: 
Вторая точка или [Массив] <использовать для смещения первую точку>: 
Укажите вторую точку или [Массив/Выход/Отменить] <Выход>: *Прервано*

Команда: OPOR

Выберите внешний контур OPOR: 
Команда: 
[OPOR] Проёмов найдено: 2
[OPOR] TIN завершён: исходных отметок=30, рассчитано для проёмов=8, отметок всего=38, треугольников=50, вне области=11, рёбер=28, flips=8, заменено треугольников=0, заменено автоотметок=0.
Команда: 

Команда: 
Команда: 
Команда: 
Команда: 
Команда: _pasteclip Повторное определение блока slope  пропущено.
Повторное определение блока otmetka_oporvb  пропущено.
Точка вставки: 
Команда: *Прервано*

Команда: Задайте противоположный угол или [Линия/РМн-угол/СМн-угол]: 
Команда: 
Команда: 
Команда: _qselect 
Команда: *Прервано*

Команда: Задайте противоположный угол или [Линия/РМн-угол/СМн-угол]: 
Команда: 
Команда: 
Команда: _qselect 
Выбрано объектов: 402.

Команда: *Прервано*

Команда: 
Команда: 
Команда: _HideObjects найдено: 1

Команда: Задайте противоположный угол или [Линия/РМн-угол/СМн-угол]: 
Команда: 
Команда: 
Команда: _SelectSimilar 
Команда: 
Команда: 
Команда: _cutclip найдено: 401

Размер откреплен.
Выносная линия откреплена.
Выносная линия откреплена.
Размер откреплен.
Выносная линия откреплена.
Команда: 
Команда: 
Команда: _UnIsolateObjects 
Отмена изолирования для объектов: 1.

Команда: 
Команда: *Прервано*

Команда: OPOR

Выберите внешний контур OPOR: 
Команда: 
[OPOR] Проёмов найдено: 1
Команда: 

Команда: 
Команда: 
Команда: 
Команда: OPORCLEAN

Очистка OPOR [Session/All] <All>: s

[OPOR] Удалено объектов: 1

Команда: 
Команда: *Прервано*

Команда: Задайте противоположный угол или [Линия/РМн-угол/СМн-угол]: 
Команда: 
Команда: 
Команда: _move найдено: 1

Базовая точка или [Смещение] <Смещение>: 
Вторая точка или <считать смещением первую точку>: 
Команда: Задайте противоположный угол или [Линия/РМн-угол/СМн-угол]: 
Команда: 
Укажите местоположение точки или [Базовая точка/Отменить/выХод]: 
Команда: *Прервано*

Команда: OPOR

Выберите внешний контур OPOR: 
Команда: 
[OPOR] Проёмов найдено: 1
[OPOR] TIN завершён: исходных отметок=105, рассчитано для проёмов=6, отметок всего=111, треугольников=132, вне области=68, рёбер=79, flips=25, заменено треугольников=0, заменено автоотметок=0.
Команда: 

Команда: 
Команда: 
Команда: OPOR

[OPOR] Проверка OPOR:
Версия: 3.31-floor-compositions
Слои: OK
Блоки MVP: OK
Размерный стиль ISO-25: OK
Справочно, отсутствующие будущие блоки: 
- нетВыполняется регенерация модели.

Команда: 
[OPOR] Слоёв скрыто: 10
Выберите внешний контур OPOR: 
Команда: 
[OPOR] Проёмов найдено: 1Выполняется регенерация модели.

Команда: 
Начальная точка сетки <Enter = угол у длинного ребра>: 
Направление сетки <Enter = вдоль длинного ребра>: 
Точка вставки итоговой таблицы <Enter = справа от контура>: 

[OPOR] Контур 1 рассчитан: опор=3091, длина лаг=1445.887 м, ошибок высот=0.
Команда: Выполняется регенерация модели.

Команда: 
[OPOR] Слоёв скрыто: 10
Выберите следующий внешний контур OPOR или Enter для завершения: 
Выполняется регенерация модели.

Команда: 
[OPOR] Заголовок чертежа: Разбивка опор Level PRO.
[OPOR] Var завершён: опор=3091, длина лаг=1446 м, лаг=71 шт, ошибок высот=0, областей=132, треугольников=132, плитка=1200\U+00D7600, плитки: целых=955, обрезанных=459, крепёж лаги (Level TOP)=3091, крепёж плитки (Level Tile)=2892, толщина крепежа=8 мм.
Команда: 

Команда: 
Команда: *Прервано*

Команда: Задайте противоположный угол или [Линия/РМн-угол/СМн-угол]: 
Команда: Задайте противоположный угол или [Линия/РМн-угол/СМн-угол]: *Прервано*

Команда: *Прервано*

Команда: OPORCLEAN

Очистка OPOR [Session/All] <All>: S

[OPOR] Удалено объектов: 4667

Команда: 
Команда: OPOR

Укажите внешний контур или Enter для завершения: 
Укажите точку верхнего левого угла таблицы: 
Команда: 
Укажите следующий внешний контур или Enter для завершения: *Прервано*

[OPOR] Slope завершён: контуров=1, назначено=0, удалено=0, P2=0, P3=0, P4=0, P5=0, P6=0, P7=0, P8=0, P9=0.
Команда: 

Команда: 
Команда: 
Команда: _.erase найдено: 1

Команда: OPOR

[OPOR] Проверка OPOR:
Версия: 3.31-floor-compositions
Слои: OK
Блоки MVP: OK
Размерный стиль ISO-25: OK
Справочно, отсутствующие будущие блоки: 
- нетВыполняется регенерация модели.

Команда: 
[OPOR] Слоёв скрыто: 10
Выберите внешний контур OPOR: 
Команда: 
[OPOR] Проёмов найдено: 1Выполняется регенерация модели.

Команда: 
Начальная точка сетки <Enter = угол у длинного ребра>: 
Направление сетки <Enter = вдоль длинного ребра>: 
Точка вставки итоговой таблицы <Enter = справа от контура>: 

[OPOR] Контур 1 рассчитан: опор=3127, длина лаг=1453.065 м, ошибок высот=0.
Команда: Выполняется регенерация модели.

Команда: 
[OPOR] Слоёв скрыто: 10
Выберите следующий внешний контур OPOR или Enter для завершения: 
Выполняется регенерация модели.

Команда: 
[OPOR] Заголовок чертежа: Разбивка опор Level PRO.
[OPOR] Var завершён: опор=3127, длина лаг=1453 м, лаг=71 шт, ошибок высот=0, областей=132, треугольников=132, крепёж лаги (Level TOP)=3127, толщина крепежа=4 мм.
Команда: 

Команда: 
Команда: Задайте противоположный угол или [Линия/РМн-угол/СМн-угол]: 
Команда: *Прервано*

Команда: OPOR

Укажите внешний контур или Enter для завершения: 
Укажите точку верхнего левого угла таблицы: 
Команда: 
Укажите следующий внешний контур или Enter для завершения: 

[OPOR] Slope завершён: контуров=1, назначено=1673, удалено=1086, P2=704, P3=389, P4=271, P5=309, P6=0, P7=0, P8=0, P9=0.
Команда: 

Команда: 
Команда: 
Команда: 
Команда: 
Команда: _move найдено: 1

Базовая точка или [Смещение] <Смещение>: 
Вторая точка или <считать смещением первую точку>: 
Команда: *Прервано*

Команда: Задайте противоположный угол или [Линия/РМн-угол/СМн-угол]: *Прервано*

Команда: Задайте противоположный угол или [Линия/РМн-угол/СМн-угол]: 
Команда: *Прервано*

Команда: Задайте противоположный угол или [Линия/РМн-угол/СМн-угол]: 
Команда: *Прервано*

Команда: Задайте противоположный угол или [Линия/РМн-угол/СМн-угол]: 
Команда: *Прервано*

Команда: OPORCLEAN

Очистка OPOR [Session/All] <All>: 

[OPOR] Удалено объектов: 6642

Команда: 
Команда: OPOR

Укажите внешний контур или Enter для завершения: 
Укажите точку верхнего левого угла таблицы: 
Команда: 
Укажите следующий внешний контур или Enter для завершения: *Прервано*

Команда: 
Команда: 
Команда: *Прервано*

Команда: Задайте противоположный угол или [Линия/РМн-угол/СМн-угол]: 
Команда: *Прервано*

Команда: 
Автоматическое сохранение в C:\Users\user\AppData\Local\Temp\Сириус Парусный центр — копия_1_29790_244e8185.sv$ ...

Команда: 
Команда: Задайте противоположный угол или [Линия/РМн-угол/СМн-угол]: 
Команда: Задайте противоположный угол или [Линия/РМн-угол/СМн-угол]: 
Команда: *Прервано*

Команда: Задайте противоположный угол или [Линия/РМн-угол/СМн-угол]: 
Команда: *Прервано*

Команда: OPOR

[OPOR] Команда отменена.

Команда: 
Команда: OPOR

[OPOR] Команда отменена.

Команда: 
Команда: OPOR

Выберите внешний контур OPOR: 
Команда: 
[OPOR] Проёмов найдено: 2
[OPOR] TIN завершён: исходных отметок=30, рассчитано для проёмов=8, отметок всего=38, треугольников=50, вне области=11, рёбер=28, flips=8, заменено треугольников=0, заменено автоотметок=0.
Команда: 

Команда: 
Команда: OPOR

Укажите внешний контур или Enter для завершения: 
Команда: 
Команда: 
Команда: 
Команда: OPOR

[OPOR] Команда отменена.

Команда: 
Команда: Задайте противоположный угол или [Линия/РМн-угол/СМн-угол]: 
Команда: Задайте противоположный угол или [Линия/РМн-угол/СМн-угол]: 
Команда: 
Команда: 
Команда: _copy найдено: 1

Текущая настройка:  Режим копирования  = Несколько
Базовая точка или [Смещение/реЖим] <Смещение>: 
Вторая точка или [Массив] <использовать для смещения первую точку>: 
Укажите вторую точку или [Массив/Выход/Отменить] <Выход>: 
Укажите вторую точку или [Массив/Выход/Отменить] <Выход>: 
Укажите вторую точку или [Массив/Выход/Отменить] <Выход>: 
Укажите вторую точку или [Массив/Выход/Отменить] <Выход>: *Прервано*

Команда: OPOR

Укажите внешний контур или Enter для завершения: 
Команда: 
[OPOR] Slope % завершён: областей=4, меньше 2%=4, свыше 9%=0, ошибок отметок=0.
Команда: 

Команда: 
Команда: Задайте противоположный угол или [Линия/РМн-угол/СМн-угол]: 
Команда: *Прервано*

Команда: OPOR

[OPOR] Команда отменена.

Команда: 
Команда: Задайте противоположный угол или [Линия/РМн-угол/СМн-угол]: 
Команда: *Прервано*

Команда: *Прервано*

Команда: OPOR

[OPOR] Команда отменена.

Команда: 
Команда: OPOR

Укажите внешний контур или Enter для завершения: 
Команда: 
Команда: 
Команда: 
Команда: OPOR

Выберите внешний контур OPOR: 
Команда: 
[OPOR] Проёмов найдено: 1
[OPOR] TIN завершён: исходных отметок=105, рассчитано для проёмов=6, отметок всего=111, треугольников=132, вне области=68, рёбер=79, flips=25, заменено треугольников=0, заменено автоотметок=0.
Команда: 

Команда: 
Команда: OPOR

[OPOR] Команда отменена.
Команда: 
Команда: *Прервано*

Команда: OPOR

Укажите внешний контур: 
Команда: 
[OPOR] +0.000 завершён: областей=50, отметок=36.
Команда: 

Команда: 
Команда: _u ГРУППА 
Команда: OPOR

Укажите внешний контур: *Прервано*

Команда: nil

Команда: 
Команда: OPOR

Укажите внешний контур или Enter для завершения: 
Команда: 
Команда: 
Команда: OPOR

Укажите внешний контур или Enter для завершения: 
Команда: 
[OPOR] Slope % завершён: областей=4, меньше 2%=4, свыше 9%=0, ошибок отметок=0.
Команда: 

Команда: 
Команда: OPOR

Укажите внешний контур или Enter для завершения: 
Команда: 
[OPOR] Slope % завершён: областей=95, меньше 2%=52, свыше 9%=2, ошибок отметок=0.
Команда: 

Команда: 
Команда: OPOR

Укажите блок отметки высот воронки: 
Укажите блок отметки высот воронки: *Прервано*
nil

Команда: 
Команда: *Прервано*

Команда: *Прервано*

Команда: Задайте противоположный угол или [Линия/РМн-угол/СМн-угол]: 
Команда: *Прервано*

Команда: Задайте противоположный угол или [Линия/РМн-угол/СМн-угол]: 
Команда: *Прервано*

Команда: *Прервано*

Команда: Задайте противоположный угол или [Линия/РМн-угол/СМн-угол]: 
Команда: *Прервано*

Команда: Задайте противоположный угол или [Линия/РМн-угол/СМн-угол]: 
Команда: *Прервано*

Команда: OPOR

[OPOR] Команда отменена.

Команда: 
Команда: Задайте противоположный угол или [Линия/РМн-угол/СМн-угол]: 
Команда: *Прервано*

Команда: Задайте противоположный угол или [Линия/РМн-угол/СМн-угол]: 
Команда: *Прервано*

Команда: Задайте противоположный угол или [Линия/РМн-угол/СМн-угол]: 
Команда: *Прервано*

Команда: OPOR

[OPOR] Проверка OPOR:
Версия: 3.31-floor-compositions
Слои: OK
Блоки MVP: OK
Размерный стиль ISO-25: OK
Справочно, отсутствующие будущие блоки: 
- нетВыполняется регенерация модели.

Команда: 
[OPOR] Слоёв скрыто: 9
Выберите внешний контур OPOR: 
Команда: 
[OPOR] Проёмов найдено: 1Выполняется регенерация модели.

Команда: 
[OPOR] Ввод параметров переменной высоты отменён.
Команда: 

Команда: 
Команда: Задайте противоположный угол или [Линия/РМн-угол/СМн-угол]: 
Команда: *Прервано*

Команда: Задайте противоположный угол или [Линия/РМн-угол/СМн-угол]: 
Команда: *Прервано*

Команда: Задайте противоположный угол или [Линия/РМн-угол/СМн-угол]: 
Команда: *Прервано*

Команда: Задайте противоположный угол или [Линия/РМн-угол/СМн-угол]: 
Команда: *Прервано*

Команда: Задайте противоположный угол или [Линия/РМн-угол/СМн-угол]: 
Команда: *Прервано*

Команда: *Прервано*

Команда: Задайте противоположный угол или [Линия/РМн-угол/СМн-угол]: 
Команда: *Прервано*

Команда: OPOR

[OPOR] Проверка OPOR:
Версия: 3.31-floor-compositions
Слои: OK
Блоки MVP: OK
Размерный стиль ISO-25: OK
Справочно, отсутствующие будущие блоки: 
- нетВыполняется регенерация модели.

Команда: 
[OPOR] Слоёв скрыто: 9
Выберите внешний контур OPOR: 
Команда: 
[OPOR] Проёмов найдено: 2Выполняется регенерация модели.

Команда: 
Начальная точка сетки <Enter = угол у длинного ребра>: 
Направление сетки <Enter = вдоль длинного ребра>: 
Точка вставки итоговой таблицы <Enter = справа от контура>: 

[OPOR] Контур 1 рассчитан: опор=2739, длина лаг=1470.379 м, ошибок высот=0.
Команда: Выполняется регенерация модели.

Команда: 
[OPOR] Слоёв скрыто: 9
Выберите следующий внешний контур OPOR или Enter для завершения: 
Выполняется регенерация модели.

Команда: 
[OPOR] Заголовок чертежа: Разбивка опор Level PRO.
[OPOR] Var завершён: опор=2739, длина лаг=1470 м, лаг=42 шт, ошибок высот=0, областей=50, треугольников=50, крепёж лаги (Level TOP)=2739, толщина крепежа=4 мм.
Команда: 

Команда: 
Команда: Задайте противоположный угол или [Линия/РМн-угол/СМн-угол]: 
Команда: *Прервано*

Команда: 
Команда: *Прервано*

Команда: 
Команда: 
Команда: 
Команда: 
Команда: _cutclip найдено: 2

Команда: 
Команда: *Прервано*

Команда: 
Команда: 
Команда: _line 
Первая точка: 
Следующая точка или [оТменить]: *Прервано*

Команда: 
Команда: 
Команда: _line 
Первая точка: *Прервано*

Команда: 
Команда: *Прервано*

Команда: 
Команда: *Прервано*

Команда: 
Команда: 
Команда: 
Команда: _cutclip найдено: 1

Команда: 
Команда: 
Команда: _line 
Первая точка: 
Следующая точка или [оТменить]: *Прервано*

Команда: 
Команда: 
Команда: _line 
Первая точка: 
Следующая точка или [оТменить]: *Прервано*

Команда: 
Команда: 
Команда: _rectang 
Укажите точку первого угла или [Фаска/Уровень/Сопряжение/Толщина/Ширина]: 
Укажите точку второго угла или [Площадь/Размеры/поВорот]: 
Команда: 
Команда: 
Команда: 
Команда: _move найдено: 1

Базовая точка или [Смещение] <Смещение>: 
Вторая точка или <считать смещением первую точку>: 
Команда: *Прервано*

Команда: 
Команда: 
Команда: 
Команда: _copy найдено: 1

Текущая настройка:  Режим копирования  = Несколько
Базовая точка или [Смещение/реЖим] <Смещение>: 
Вторая точка или [Массив] <использовать для смещения первую точку>: 
Укажите вторую точку или [Массив/Выход/Отменить] <Выход>: *Прервано*

Команда: 
Команда: *Прервано*

Команда: OPOR

[OPOR] Проверка OPOR:
Версия: 3.31-floor-compositions
Слои: OK
Блоки MVP: OK
Размерный стиль ISO-25: OK
Справочно, отсутствующие будущие блоки: 
- нетВыполняется регенерация модели.

Команда: 
[OPOR] Слоёв скрыто: 9
Выберите внешний контур OPOR: *Прервано*
Выполняется регенерация модели.

Команда: 
Команда: 

Команда: 
Команда: 
Команда: 
Команда: 
Команда: _move найдено: 1

Базовая точка или [Смещение] <Смещение>: 
Вторая точка или <считать смещением первую точку>: 
Команда: *Прервано*

Команда: 
Команда: 
** РАСТЯНУТЬ **
Задайте точку для операции растяжения:
Команда: 
** РАСТЯНУТЬ **
Задайте точку для операции растяжения:
Команда: *Прервано*

Команда: 
Команда: 
Команда: 
Команда: _move найдено: 1

Базовая точка или [Смещение] <Смещение>: 
Вторая точка или <считать смещением первую точку>: 
Команда: 
Команда: *Прервано*

Команда: 
Команда: _.erase найдено: 1

Команда: OPORCLEAN

Очистка OPOR [Session/All] <All>: 

[OPOR] Удалено объектов: 3008

Команда: 
Команда: Задайте противоположный угол или [Линия/РМн-угол/СМн-угол]: 
Команда: *Прервано*

Команда: 
Команда: 
Команда: 
Команда: _copy найдено: 1

Текущая настройка:  Режим копирования  = Несколько
Базовая точка или [Смещение/реЖим] <Смещение>: 
Вторая точка или [Массив] <использовать для смещения первую точку>: 
Укажите вторую точку или [Массив/Выход/Отменить] <Выход>: *Прервано*

Команда: 
Команда: 
Команда: 
Команда: _cutclip найдено: 1

Команда: Задайте противоположный угол или [Линия/РМн-угол/СМн-угол]: 
Команда: *Прервано*

Команда: 
Команда: 
Команда: _line 
Первая точка: *Прервано*

Команда: Задайте противоположный угол или [Линия/РМн-угол/СМн-угол]: 
Команда: *Прервано*

Команда: Задайте противоположный угол или [Линия/РМн-угол/СМн-угол]: 
Команда: *Прервано*

Команда: Задайте противоположный угол или [Линия/РМн-угол/СМн-угол]: 
Команда: *Прервано*

Команда: 
Команда: 
Команда: _line 
Первая точка: 
Следующая точка или [оТменить]: 
Следующая точка или [оТменить]: *Прервано*

Команда: 
Команда: 
Команда: _line 
Первая точка: 
Следующая точка или [оТменить]: 
Следующая точка или [оТменить]: *Прервано*

Команда: _.erase найдено: 1

Команда: 
Команда: 
Команда: 
Команда: _cutclip найдено: 1

Команда: 
Команда: 
Команда: _rectang 
Укажите точку первого угла или [Фаска/Уровень/Сопряжение/Толщина/Ширина]: 
Укажите точку второго угла или [Площадь/Размеры/поВорот]: 
Команда: *Прервано*

Команда: Задайте противоположный угол или [Линия/РМн-угол/СМн-угол]: 
Команда: *Прервано*

Команда: Задайте противоположный угол или [Линия/РМн-угол/СМн-угол]: 
Команда: *Прервано*

Команда: Задайте противоположный угол или [Линия/РМн-угол/СМн-угол]: 
Команда: 
Команда: 
Команда: _cutclip найдено: 1

Команда: Задайте противоположный угол или [Линия/РМн-угол/СМн-угол]: 
Команда: *Прервано*

Команда: Задайте противоположный угол или [Линия/РМн-угол/СМн-угол]: 
Команда: *Прервано*

Команда: Задайте противоположный угол или [Линия/РМн-угол/СМн-угол]: 
Команда: *Прервано*

Команда: Задайте противоположный угол или [Линия/РМн-угол/СМн-угол]: 
Команда: *Прервано*

Команда: Задайте противоположный угол или [Линия/РМн-угол/СМн-угол]: 
Команда: *Прервано*

Команда: Задайте противоположный угол или [Линия/РМн-угол/СМн-угол]: 
Команда: *Прервано*

Команда: 
Команда: Задайте противоположный угол или [Линия/РМн-угол/СМн-угол]: 
Команда: Задайте противоположный угол или [Линия/РМн-угол/СМн-угол]: 
Команда: *Прервано*

Команда: Задайте противоположный угол или [Линия/РМн-угол/СМн-угол]: 
Команда: *Прервано*

Команда: Задайте противоположный угол или [Линия/РМн-угол/СМн-угол]: 
Команда: *Прервано*

Команда: OPOR

[OPOR] Проверка OPOR:
Версия: 3.31-floor-compositions
Слои: OK
Блоки MVP: OK
Размерный стиль ISO-25: OK
Справочно, отсутствующие будущие блоки: 
- нетВыполняется регенерация модели.

Команда: 
[OPOR] Слоёв скрыто: 9
Выберите внешний контур OPOR: *Прервано*
Выполняется регенерация модели.

Команда: 
Команда: 

Команда: 
Команда: OPOR

Выберите внешний контур OPOR: 
Команда: 
[OPOR] Проёмов найдено: 2
[OPOR] TIN завершён: исходных отметок=30, рассчитано для проёмов=8, отметок всего=38, треугольников=50, вне области=11, рёбер=28, flips=8, заменено треугольников=0, заменено автоотметок=0.
Команда: 

Команда: 
Команда: OPOR

Укажите внешний контур: 
Команда: 
Укажите опору внутри области: *Прервано*

Команда: nil

Команда: 
Команда: 
Команда: 
Команда: 
Команда: _pasteclip Повторное определение блока otmetka_oporvb  пропущено.
Повторное определение блока _OBLIQUE  пропущено.
Точка вставки: 
Команда: OPOR

Выберите внешний контур OPOR: 
Команда: 
[OPOR] Проёмов найдено: 4
Команда: 

Команда: 
Команда: 
Команда: 
Команда: _move найдено: 1

Базовая точка или [Смещение] <Смещение>: 
Вторая точка или <считать смещением первую точку>: 
Команда: 
Команда: 
Команда: 
Команда: _cutclip найдено: 1

Команда: Задайте противоположный угол или [Линия/РМн-угол/СМн-угол]: 
Команда: 
Команда: 
Укажите местоположение точки или [Базовая точка/Отменить/выХод]: *Прервано*

Команда: 
Укажите местоположение точки или [Базовая точка/Отменить/выХод]: 
Команда: *Прервано*

Команда: 
Команда: OPORCLEAN

Очистка OPOR [Session/All] <All>: S

[OPOR] Удалено объектов: 1

Команда: 
Команда: *Прервано*

Команда: 
Автоматическое сохранение в C:\Users\user\AppData\Local\Temp\Сириус Парусный центр — копия_1_29790_244e8185.sv$ ...

Команда: 
Команда: 
Команда: Задайте противоположный угол или [Линия/РМн-угол/СМн-угол]: 
Команда: Задайте противоположный угол или [Линия/РМн-угол/СМн-угол]: 
Команда: 
Команда: 
Команда: _cutclip найдено: 2

Команда: OPOR

Выберите внешний контур OPOR: 
Команда: 
[OPOR] Проёмов найдено: 4
Команда: 

Команда: 
Команда: *Прервано*

Команда: Задайте противоположный угол или [Линия/РМн-угол/СМн-угол]: *Прервано*

Команда: 
Команда: 
Команда: 
Команда: _copy найдено: 1

Текущая настройка:  Режим копирования  = Несколько
Базовая точка или [Смещение/реЖим] <Смещение>: 
Вторая точка или [Массив] <использовать для смещения первую точку>: 
Укажите вторую точку или [Массив/Выход/Отменить] <Выход>: 
Укажите вторую точку или [Массив/Выход/Отменить] <Выход>: *Прервано*

Команда: Задайте противоположный угол или [Линия/РМн-угол/СМн-угол]: *Прервано*

Команда: OPORCLEAN

Очистка OPOR [Session/All] <All>: S

[OPOR] Удалено объектов: 2

Команда: 
Команда: Задайте противоположный угол или [Линия/РМн-угол/СМн-угол]: 
Команда: Задайте противоположный угол или [Линия/РМн-угол/СМн-угол]: 
Команда: Задайте противоположный угол или [Линия/РМн-угол/СМн-угол]: *Прервано*

Команда: 
Команда: _properties 
Команда: 
Команда: Задайте противоположный угол или [Линия/РМн-угол/СМн-угол]: *Прервано*

Команда: 
Команда: 
Команда: _propertiesclose 
Команда: *Прервано*

Команда: OPOR

[OPOR] Команда отменена.

Команда: 
Команда: Задайте противоположный угол или [Линия/РМн-угол/СМн-угол]: 
Команда: 
Команда: 
Команда: _cutclip найдено: 1

Команда: OPOR

Укажите внешний контур: 
Команда: 
[OPOR] +0.000 завершён: областей=1, отметок=3.
Команда: 

Команда: 
Команда: Задайте противоположный угол или [Линия/РМн-угол/СМн-угол]: 
Команда: 
Команда: 
Команда: _cutclip найдено: 1

Команда: *Прервано*

Команда: OPORCLEAN

Очистка OPOR [Session/All] <All>: 

[OPOR] Удалено объектов: 61

Команда: 
Команда: OPOR

Укажите внешний контур: 
Команда: 
[OPOR] +0.000 завершён: областей=1, отметок=3.
Команда: 

Команда: 
Команда: *Прервано*

Команда: Задайте противоположный угол или [Линия/РМн-угол/СМн-угол]: 
Команда: 
Команда: 
Команда: _cutclip найдено: 3

Команда: 
Команда: 
Команда: 
Команда: _cutclip найдено: 1

Команда: OPOR

[OPOR] Команда отменена.

Команда: 
Команда: OPORCLEAN

Очистка OPOR [Session/All] <All>: 

[OPOR] Удалено объектов: 0

Команда: 
Команда: OPOR

Укажите внешний контур: 
Команда: 
Команда: 
Команда: 
Команда: Задайте противоположный угол или [Линия/РМн-угол/СМн-угол]: 
Команда: 
Команда: 
Команда: _cutclip найдено: 9

Команда: OPOR

Выберите внешний контур OPOR: 
Команда: 
[OPOR] Проёмов найдено: 4
Команда: 

Команда: 
Команда: Задайте противоположный угол или [Линия/РМн-угол/СМн-угол]: 
Команда: 
Команда: 
Команда: _cutclip найдено: 9

Команда: 
Команда: *Прервано*

Команда: Задайте противоположный угол или [Линия/РМн-угол/СМн-угол]: 
Команда: *Прервано*

Команда: 
Команда: Задайте противоположный угол или [Линия/РМн-угол/СМн-угол]: 
Команда: 
Команда: 
Команда: 
Команда: _cutclip найдено: 2

Команда: 
Команда: 
Команда: 
Команда: *Прервано*

Команда: Задайте противоположный угол или [Линия/РМн-угол/СМн-угол]: 
Команда: *Прервано*

Команда: 
Команда: 
Укажите местоположение точки или [Базовая точка/Отменить/выХод]: *Прервано*

Команда: 
Команда: 
Команда: _copy найдено: 1

Текущая настройка:  Режим копирования  = Несколько
Базовая точка или [Смещение/реЖим] <Смещение>: 
Вторая точка или [Массив] <использовать для смещения первую точку>: 
Укажите вторую точку или [Массив/Выход/Отменить] <Выход>: *Прервано*

Команда: 
Команда: *Прервано*

Команда: 
Команда: *Прервано*

Команда: 
Команда: 
Команда: _line 
Первая точка: 
Следующая точка или [оТменить]: 
Следующая точка или [оТменить]: *Прервано*

Команда: Задайте противоположный угол или [Линия/РМн-угол/СМн-угол]: 
Команда: 
Команда: 
Команда: _properties 
Команда: Задайте противоположный угол или [Линия/РМн-угол/СМн-угол]: *Прервано*

Команда: Задайте противоположный угол или [Линия/РМн-угол/СМн-угол]: 
Команда: *Прервано*

Команда: Задайте противоположный угол или [Линия/РМн-угол/СМн-угол]: 
Команда: *Прервано*

Команда: Задайте противоположный угол или [Линия/РМн-угол/СМн-угол]: 
Команда: *Прервано*

Команда: 
Команда: 
Команда: _line 
Первая точка: 
Следующая точка или [оТменить]: 
Следующая точка или [оТменить]: *Прервано*

Команда: Задайте противоположный угол или [Линия/РМн-угол/СМн-угол]: 
Команда: Задайте противоположный угол или [Линия/РМн-угол/СМн-угол]: 
Команда: 
Команда: 
Команда: _join найдено: 2

Преобразовано объектов: 2, получена 1 3D-полилиния
Команда: 
Команда: *Прервано*

Команда: 
Команда: 
** УДАЛИТЬ ВЕРШИНУ **
Укажите удаляемую вершину:
Команда: *Прервано*

Команда: 
Команда: *Прервано*

Команда: *Прервано*

Команда: Задайте противоположный угол или [Линия/РМн-угол/СМн-угол]: 
Команда: 
Команда: 
Команда: _cutclip найдено: 1

Команда: 
Команда: 
Команда: _pline 
Начальная точка: 
Текущая ширина полилинии равна 0.0000
Следующая точка или [Дуга/Полуширина/длИна/Отменить/Ширина]: 
Следующая точка или [Дуга/Замкнуть/Полуширина/длИна/Отменить/Ширина]: *Прервано*

Команда: 
Команда: *Прервано*

Команда: 
Команда: *Прервано*

Команда: 
Команда: 
Команда: _line 
Первая точка: 
Следующая точка или [оТменить]: 
Следующая точка или [оТменить]: *Прервано*

Команда: 
Команда: *Прервано*

Команда: *Прервано*

Команда: Задайте противоположный угол или [Линия/РМн-угол/СМн-угол]: 
Команда: *Прервано*

Команда: 
Команда: 
Команда: _pline 
Начальная точка: 
Текущая ширина полилинии равна 0.0000
Следующая точка или [Дуга/Полуширина/длИна/Отменить/Ширина]: 
Следующая точка или [Дуга/Замкнуть/Полуширина/длИна/Отменить/Ширина]: *Прервано*

Команда: Задайте противоположный угол или [Линия/РМн-угол/СМн-угол]: 
Команда: *Прервано*

Команда: *Прервано*

Команда: 
Команда: 
** РАСТЯНУТЬ **
Задайте точку для растяжения или [Базовая точка/Копировать/oТменить/выХод]:
Команда: *Прервано*

Команда: 
Команда: 
Команда: _move найдено: 1

Базовая точка или [Смещение] <Смещение>: 
Вторая точка или <считать смещением первую точку>: 
Команда: *Прервано*

Команда: 
Команда: *Прервано*

Команда: 
Команда: 
Команда: _line 
Первая точка: 
Следующая точка или [оТменить]: 
Следующая точка или [оТменить]: *Прервано*

Команда: 
Команда: 
Команда: _line 
Первая точка: 
Следующая точка или [оТменить]: 
Следующая точка или [оТменить]: *Прервано*

Команда: Задайте противоположный угол или [Линия/РМн-угол/СМн-угол]: 
Команда: *Прервано*

Команда: Задайте противоположный угол или [Линия/РМн-угол/СМн-угол]: 
Команда: 
** РАСТЯНУТЬ **
Задайте точку для растяжения или [Базовая точка/Копировать/oТменить/выХод]:
Команда: Задайте противоположный угол или [Линия/РМн-угол/СМн-угол]: 
Команда: 
Команда: 
Команда: _join найдено: 4

Преобразовано объектов: 4, получена 1 3D-полилиния
Команда: Задайте противоположный угол или [Линия/РМн-угол/СМн-угол]: 
Команда: *Прервано*

Команда: *Прервано*

Команда: 
Команда: *Прервано*

Команда: 
Команда: ПАЛБЛОКИ

Команда: Задайте противоположный угол или [Линия/РМн-угол/СМн-угол]: 
Команда: *Прервано*

Команда: Задайте противоположный угол или [Линия/РМн-угол/СМн-угол]: 
Команда: *Прервано*

Команда: Задайте противоположный угол или [Линия/РМн-угол/СМн-угол]: 
Команда: *Прервано*

Команда: *Прервано*

Команда: *Прервано*

Команда:  
Команда: 
