[ AutoCAD - Thu Jul 23 20:52:34 2026  ]----------------------------------------

Открывается файл формата AutoCAD 2018.
Выполняется регенерация листов.
Выполняется регенерация модели.


Утилиты меню AutoCAD загружены.
Команда: 

Файл Autodesk DWG. Это файл формата TrustedDWG, сохраненный в приложении Autodesk или в приложении, лицензированном корпорацией Autodesk.

Команда: 

Команда: 
Команда: *Прервано*

Команда: *Прервано*

Команда:   <Переход на: Модель>
Выполняется регенерация модели.

Команда: Задайте противоположный угол или [Линия/РМн-угол/СМн-угол]: 
Команда: Задайте противоположный угол или [Линия/РМн-угол/СМн-угол]: *Прервано*

Команда: *Прервано*

Команда: Задайте противоположный угол или [Линия/РМн-угол/СМн-угол]: 
Команда: 
Команда: 
Команда:  
Выбор был полностью отменен
Команда: *Прервано*

Команда: Задайте противоположный угол или [Линия/РМн-угол/СМн-угол]: 
Команда: 
Команда: 
Команда: _SelectSimilar 
Команда: 
Команда: *Прервано*

Команда: 
Команда: *Прервано*

Команда: 
Команда: 
Команда: _qselect 
Выбрано объектов: 4712.

Команда: 
Команда: 
Команда: _cutclip найдено: 4712

Команда: _u INTELLIZOOM ГРУППА 
Команда: Задайте противоположный угол или [Линия/РМн-угол/СМн-угол]: 
Команда: 
Команда: 
Команда: _qselect 
Выбрано объектов: 1386.

Команда: _.erase найдено: 1634

Команда: _u СТЕРЕТЬ 
Команда: Задайте противоположный угол или [Линия/РМн-угол/СМн-угол]: 
Команда: 
Команда: 
Команда: _qselect 
Выбрано объектов: 24936.

Команда: *Прервано*

Команда: *Прервано*

Команда: *Прервано*

Команда: Задайте противоположный угол или [Линия/РМн-угол/СМн-угол]: 
Команда: 
Команда: 
Команда: _copybase 
Базовая точка: найдено: 381

Команда: *Прервано*

Команда: 
Команда: 
Команда: Задайте противоположный угол или [Линия/РМн-угол/СМн-угол]: *Прервано*

Команда: *Прервано*

Команда: OPor
Неизвестная команда "OPOR".  Для вызова справки нажмите F1.

Команда: *Прервано*

Команда: xx
Неизвестная команда "XX".  Для вызова справки нажмите F1.

Команда: *Прервано*

Команда: _APPLOAD

Команда: 
Автоматическое сохранение в C:\Users\user\AppData\Local\Temp\Твист_1_14924_bc7bc489.sv$ ...

Команда: 
Команда: 
Команда: *Прервано*

Команда: *Прервано*

Команда: *Прервано*

Команда:  
Команда: 
