[ AutoCAD - Fri Jul 24 11:59:59 2026  ]----------------------------------------

Команда: 
Команда: 
Команда: 
Команда: 
Команда: 
Команда: _attach 
Вставка Вн-ссылки "Чертеж1": .\Чертеж1.dwg
"Чертеж1" загружена: C:\Users\user\Documents\Таран\Соколиная гора\15.2\КР3\нови\Чертеж1.dwg

Вставка Вн-ссылки "15.2_ОРУД кабель": .\2026.07.23_Участок 15.2_СПС\СЕТИ ЗАДАНИЕ\15.2_ОРУД кабель.dwg
"15.2_ОРУД кабель" загружена: C:\Users\user\Documents\Таран\Соколиная гора\15.2\КР3\нови\2026.07.23_Участок 15.2_СПС\СЕТИ ЗАДАНИЕ\15.2_ОРУД кабель.dwg

Вставка Вн-ссылки "15.2_НСС МПТЦ-подключение": .\2026.07.23_Участок 15.2_СПС\Сети прокладка (подключение)_НАШИ\15.2_НСС МПТЦ-подключение.dwg
"15.2_НСС МПТЦ-подключение" загружена: C:\Users\user\Documents\Таран\Соколиная гора\15.2\КР3\нови\2026.07.23_Участок 15.2_СПС\Сети прокладка (подключение)_НАШИ\15.2_НСС МПТЦ-подключение.dwg

Вставка Вн-ссылки "15.2_ВЫПУСКА ВОДОСТОК": .\2026.07.23_Участок 15.2_СПС\Сети прокладка (подключение)_НАШИ\15.2_ВЫПУСКА ВОДОСТОК.dwg
"15.2_ВЫПУСКА ВОДОСТОК" загружена: C:\Users\user\Documents\Таран\Соколиная гора\15.2\КР3\нови\2026.07.23_Участок 15.2_СПС\Сети прокладка (подключение)_НАШИ\15.2_ВЫПУСКА ВОДОСТОК.dwg

Вставка Вн-ссылки "15.2_ВЫПУСКА К1_подключение": .\2026.07.23_Участок 15.2_СПС\Сети прокладка (подключение)_НАШИ\15.2_ВЫПУСКА К1_подключение.dwg
"15.2_ВЫПУСКА К1_подключение" загружена: C:\Users\user\Documents\Таран\Соколиная гора\15.2\КР3\нови\2026.07.23_Участок 15.2_СПС\Сети прокладка (подключение)_НАШИ\15.2_ВЫПУСКА К1_подключение.dwg

Вставка Вн-ссылки "15.2_НО_подключение": .\2026.07.23_Участок 15.2_СПС\Сети прокладка (подключение)_НАШИ\15.2_НО_подключение.dwg
"15.2_НО_подключение" загружена: C:\Users\user\Documents\Таран\Соколиная гора\15.2\КР3\нови\2026.07.23_Участок 15.2_СПС\Сети прокладка (подключение)_НАШИ\15.2_НО_подключение.dwg

Вставка Вн-ссылки "15.2_РТ  перекладка": .\2026.07.23_Участок 15.2_СПС\Сети_демонтаж (перекладка)_НАШИ\15.2_РТ  перекладка.dwg
"15.2_РТ  перекладка" загружена: C:\Users\user\Documents\Таран\Соколиная гора\15.2\КР3\нови\2026.07.23_Участок 15.2_СПС\Сети_демонтаж (перекладка)_НАШИ\15.2_РТ  перекладка.dwg

Вставка Вн-ссылки "15.2_Водопровод_кресты": .\2026.07.23_Участок 15.2_СПС\Сети_демонтаж (перекладка)_НАШИ\15.2_Водопровод_кресты.dwg
"15.2_Водопровод_кресты" загружена: C:\Users\user\Documents\Таран\Соколиная гора\15.2\КР3\нови\2026.07.23_Участок 15.2_СПС\Сети_демонтаж (перекладка)_НАШИ\15.2_Водопровод_кресты.dwg

Вставка Вн-ссылки "15.2_Канализация_кресты": .\2026.07.23_Участок 15.2_СПС\Сети_демонтаж (перекладка)_НАШИ\15.2_Канализация_кресты.dwg
"15.2_Канализация_кресты" загружена: C:\Users\user\Documents\Таран\Соколиная гора\15.2\КР3\нови\2026.07.23_Участок 15.2_СПС\Сети_демонтаж (перекладка)_НАШИ\15.2_Канализация_кресты.dwg

Вставка Вн-ссылки "15.2_КЛ_демонтаж": .\2026.07.23_Участок 15.2_СПС\Сети_демонтаж (перекладка)_НАШИ\15.2_КЛ_демонтаж.dwg
"15.2_КЛ_демонтаж" загружена: C:\Users\user\Documents\Таран\Соколиная гора\15.2\КР3\нови\2026.07.23_Участок 15.2_СПС\Сети_демонтаж (перекладка)_НАШИ\15.2_КЛ_демонтаж.dwg

Вставка Вн-ссылки "15.2_МГТС демонтаж": .\2026.07.23_Участок 15.2_СПС\Сети_демонтаж (перекладка)_НАШИ\15.2_МГТС демонтаж.dwg
"15.2_МГТС демонтаж" загружена: C:\Users\user\Documents\Таран\Соколиная гора\15.2\КР3\нови\2026.07.23_Участок 15.2_СПС\Сети_демонтаж (перекладка)_НАШИ\15.2_МГТС демонтаж.dwg

Вставка Вн-ссылки "15.2_НО_перекладка": .\2026.07.23_Участок 15.2_СПС\Сети_демонтаж (перекладка)_НАШИ\15.2_НО_перекладка.dwg
"15.2_НО_перекладка" загружена: C:\Users\user\Documents\Таран\Соколиная гора\15.2\КР3\нови\2026.07.23_Участок 15.2_СПС\Сети_демонтаж (перекладка)_НАШИ\15.2_НО_перекладка.dwg

Вставка Вн-ссылки "15.2_План ТС_БАЙПАС": .\2026.07.23_Участок 15.2_СПС\Сети_демонтаж (перекладка)_НАШИ\15.2_План ТС_БАЙПАС.dwg
"15.2_План ТС_БАЙПАС" загружена: C:\Users\user\Documents\Таран\Соколиная гора\15.2\КР3\нови\2026.07.23_Участок 15.2_СПС\Сети_демонтаж (перекладка)_НАШИ\15.2_План ТС_БАЙПАС.dwg

Вставка Вн-ссылки "15.2_План ТС_для СПС": .\2026.07.23_Участок 15.2_СПС\Сети_демонтаж (перекладка)_НАШИ\15.2_План ТС_для СПС.dwg
"15.2_План ТС_для СПС" загружена: C:\Users\user\Documents\Таран\Соколиная гора\15.2\КР3\нови\2026.07.23_Участок 15.2_СПС\Сети_демонтаж (перекладка)_НАШИ\15.2_План ТС_для СПС.dwg

Вставка Вн-ссылки "15.2_КОТЛОВАН": .\2026.07.23_Участок 15.2_СПС\ПОДГРУЗКИ_ОБЩИЕ\15.2_КОТЛОВАН.dwg
"15.2_КОТЛОВАН" загружена: C:\Users\user\Documents\Таран\Соколиная гора\15.2\КР3\нови\2026.07.23_Участок 15.2_СПС\ПОДГРУЗКИ_ОБЩИЕ\15.2_КОТЛОВАН.dwg

Команда: '_.zoom 
Укажите угол рамки, введите масштаб (nX или nXП), или 
[Все/Центр/Динамика/Границы/Предыдущий/Масштаб/Рамка/Объект] <реальное время>: _e Выполняется регенерация модели.

Команда: Выполняется регенерация модели.
Задайте противоположный угол или [Линия/РМн-угол/СМн-угол]: 
Команда: *Прервано*

Команда: Задайте противоположный угол или [Линия/РМн-угол/СМн-угол]: 
Команда: 
Команда: 
Команда: _properties 
Команда: 
Команда: 
Команда: 
Команда: '_.zoom 
Укажите угол рамки, введите масштаб (nX или nXП), или 
[Все/Центр/Динамика/Границы/Предыдущий/Масштаб/Рамка/Объект] <реальное время>: _e Выполняется регенерация модели.

Команда: Выполняется регенерация модели.
Выполняется регенерация модели.
'_.zoom 
Укажите угол рамки, введите масштаб (nX или nXП), или 
[Все/Центр/Динамика/Границы/Предыдущий/Масштаб/Рамка/Объект] <реальное время>: _e Выполняется регенерация модели.

Команда: '_.zoom 
Укажите угол рамки, введите масштаб (nX или nXП), или 
[Все/Центр/Динамика/Границы/Предыдущий/Масштаб/Рамка/Объект] <реальное время>: _e 
Команда: '_.zoom 
Укажите угол рамки, введите масштаб (nX или nXП), или 
[Все/Центр/Динамика/Границы/Предыдущий/Масштаб/Рамка/Объект] <реальное время>: _e 
Команда: Задайте противоположный угол или [Линия/РМн-угол/СМн-угол]: *Прервано*

Команда: *Прервано*

Команда: 
Команда: 
Команда: _propertiesclose 
Команда: AIPALETTE

Команда: 
Команда: *Прервано*

Команда: 
Команда: 
Команда: _clip Выберите объект для подрезки: *Прервано*

Команда: *Прервано*

Команда: 
Команда: 
Команда: _attach 
Вставка Вн-ссылки "траншеи этап 1": .\траншеи этап 1.dwg
"траншеи этап 1" загружена: C:\Users\user\Documents\Таран\Соколиная гора\15.2\КР3\нови\траншеи этап 1.dwg

Команда: *Прервано*

Команда: 
Команда: *Прервано*

Команда: 
Автоматическое сохранение в C:\Users\user\AppData\Local\Temp\трш этп2_1_29116_f94d2202.sv$ ...

Команда: 
Команда: 
Команда: 
Команда:  
Команда: 





Команда: Задайте противоположный угол или [Линия/РМн-угол/СМн-угол]: 
Команда: *Прервано*

Команда: Задайте противоположный угол или [Линия/РМн-угол/СМн-угол]: 
Команда: *Прервано*

Команда: 
Команда: *Прервано*

Команда: *Прервано*

Команда:  
Команда: 
