[ AutoCAD - Fri Jul 24 13:08:56 2026  ]----------------------------------------

Открывается файл формата AutoCAD 2018.
Выполняется регенерация модели.


Утилиты меню AutoCAD загружены.
Команда: 

Файл Autodesk DWG. Это файл формата TrustedDWG, сохраненный в приложении Autodesk или в приложении, лицензированном корпорацией Autodesk.

Команда: 

Команда: 
Команда: 
Команда: 
Команда: _attach 
Вставка Вн-ссылки "15.2_РТ  перекладка": .\2026.07.23_Участок 15.2_СПС\Сети_демонтаж (перекладка)_НАШИ\15.2_РТ  перекладка.dwg
"15.2_РТ  перекладка" загружена: C:\Users\user\Documents\Таран\Соколиная гора\15.2\КР3\нови\2026.07.23_Участок 15.2_СПС\Сети_демонтаж (перекладка)_НАШИ\15.2_РТ  перекладка.dwg

Вставка Вн-ссылки "15.2_Водопровод_кресты": .\2026.07.23_Участок 15.2_СПС\Сети_демонтаж (перекладка)_НАШИ\15.2_Водопровод_кресты.dwg
"15.2_Водопровод_кресты" загружена: C:\Users\user\Documents\Таран\Соколиная гора\15.2\КР3\нови\2026.07.23_Участок 15.2_СПС\Сети_демонтаж (перекладка)_НАШИ\15.2_Водопровод_кресты.dwg

Вставка Вн-ссылки "15.2_Канализация_кресты": .\2026.07.23_Участок 15.2_СПС\Сети_демонтаж (перекладка)_НАШИ\15.2_Канализация_кресты.dwg
"15.2_Канализация_кресты" загружена: C:\Users\user\Documents\Таран\Соколиная гора\15.2\КР3\нови\2026.07.23_Участок 15.2_СПС\Сети_демонтаж (перекладка)_НАШИ\15.2_Канализация_кресты.dwg

Вставка Вн-ссылки "15.2_КЛ_демонтаж": .\2026.07.23_Участок 15.2_СПС\Сети_демонтаж (перекладка)_НАШИ\15.2_КЛ_демонтаж.dwg
"15.2_КЛ_демонтаж" загружена: C:\Users\user\Documents\Таран\Соколиная гора\15.2\КР3\нови\2026.07.23_Участок 15.2_СПС\Сети_демонтаж (перекладка)_НАШИ\15.2_КЛ_демонтаж.dwg

Вставка Вн-ссылки "15.2_МГТС демонтаж": .\2026.07.23_Участок 15.2_СПС\Сети_демонтаж (перекладка)_НАШИ\15.2_МГТС демонтаж.dwg
"15.2_МГТС демонтаж" загружена: C:\Users\user\Documents\Таран\Соколиная гора\15.2\КР3\нови\2026.07.23_Участок 15.2_СПС\Сети_демонтаж (перекладка)_НАШИ\15.2_МГТС демонтаж.dwg

Вставка Вн-ссылки "15.2_НО_перекладка": .\2026.07.23_Участок 15.2_СПС\Сети_демонтаж (перекладка)_НАШИ\15.2_НО_перекладка.dwg
"15.2_НО_перекладка" загружена: C:\Users\user\Documents\Таран\Соколиная гора\15.2\КР3\нови\2026.07.23_Участок 15.2_СПС\Сети_демонтаж (перекладка)_НАШИ\15.2_НО_перекладка.dwg

Вставка Вн-ссылки "15.2_План ТС_БАЙПАС": .\2026.07.23_Участок 15.2_СПС\Сети_демонтаж (перекладка)_НАШИ\15.2_План ТС_БАЙПАС.dwg
"15.2_План ТС_БАЙПАС" загружена: C:\Users\user\Documents\Таран\Соколиная гора\15.2\КР3\нови\2026.07.23_Участок 15.2_СПС\Сети_демонтаж (перекладка)_НАШИ\15.2_План ТС_БАЙПАС.dwg

Вставка Вн-ссылки "15.2_План ТС_для СПС": .\2026.07.23_Участок 15.2_СПС\Сети_демонтаж (перекладка)_НАШИ\15.2_План ТС_для СПС.dwg
"15.2_План ТС_для СПС" загружена: C:\Users\user\Documents\Таран\Соколиная гора\15.2\КР3\нови\2026.07.23_Участок 15.2_СПС\Сети_демонтаж (перекладка)_НАШИ\15.2_План ТС_для СПС.dwg

Команда: '_.zoom 
Укажите угол рамки, введите масштаб (nX или nXП), или 
[Все/Центр/Динамика/Границы/Предыдущий/Масштаб/Рамка/Объект] <реальное время>: _e Выполняется регенерация модели.

Команда: Задайте противоположный угол или [Линия/РМн-угол/СМн-угол]: 
Команда: 
Команда: 
Команда: 
Команда: *Прервано*

Команда: '_.zoom 
Укажите угол рамки, введите масштаб (nX или nXП), или 
[Все/Центр/Динамика/Границы/Предыдущий/Масштаб/Рамка/Объект] <реальное время>: _e Выполняется регенерация модели.

Команда: 
Команда: 
Команда: _propertiesclose 
Команда: Выполняется регенерация модели.
AIPALETTE

Команда: *Прервано*

Команда: Задайте противоположный угол или [Линия/РМн-угол/СМн-угол]: 
Команда: *Прервано*

Команда: 
Команда: *Прервано*

Команда: Задайте противоположный угол или [Линия/РМн-угол/СМн-угол]: 
Команда: *Прервано*

Команда: Задайте противоположный угол или [Линия/РМн-угол/СМн-угол]: *Прервано*

Команда: 
Команда: *Прервано*

Команда: 
Команда: 
Команда: _attach 
Вставка Вн-ссылки "15.2_ТЕХПРИС ТЕПЛОТРАССА": .\2026.07.23_Участок 15.2_СПС\Сети прокладка_(подключение)_НЕ НАШИ (ТЕХПРИС)\15.2_ТЕХПРИС ТЕПЛОТРАССА.dwg
"15.2_ТЕХПРИС ТЕПЛОТРАССА" загружена: C:\Users\user\Documents\Таран\Соколиная гора\15.2\КР3\нови\2026.07.23_Участок 15.2_СПС\Сети прокладка_(подключение)_НЕ НАШИ (ТЕХПРИС)\15.2_ТЕХПРИС ТЕПЛОТРАССА.dwg

Вставка Вн-ссылки "7.1_ТЕХПРИС ВОДОСТОК": .\2026.07.23_Участок 15.2_СПС\Сети прокладка_(подключение)_НЕ НАШИ (ТЕХПРИС)\7.1_ТЕХПРИС ВОДОСТОК.dwg
"7.1_ТЕХПРИС ВОДОСТОК" загружена: C:\Users\user\Documents\Таран\Соколиная гора\15.2\КР3\нови\2026.07.23_Участок 15.2_СПС\Сети прокладка_(подключение)_НЕ НАШИ (ТЕХПРИС)\7.1_ТЕХПРИС ВОДОСТОК.dwg

Вставка Вн-ссылки "15.2_ТЕХПРИС ВВОД Водопровода": .\2026.07.23_Участок 15.2_СПС\Сети прокладка_(подключение)_НЕ НАШИ (ТЕХПРИС)\15.2_ТЕХПРИС ВВОД Водопровода.dwg
"15.2_ТЕХПРИС ВВОД Водопровода" загружена: C:\Users\user\Documents\Таран\Соколиная гора\15.2\КР3\нови\2026.07.23_Участок 15.2_СПС\Сети прокладка_(подключение)_НЕ НАШИ (ТЕХПРИС)\15.2_ТЕХПРИС ВВОД Водопровода.dwg

Вставка Вн-ссылки "15.2_ТЕХПРИС ВОДОСТОК": .\2026.07.23_Участок 15.2_СПС\Сети прокладка_(подключение)_НЕ НАШИ (ТЕХПРИС)\15.2_ТЕХПРИС ВОДОСТОК.dwg
"15.2_ТЕХПРИС ВОДОСТОК" загружена: C:\Users\user\Documents\Таран\Соколиная гора\15.2\КР3\нови\2026.07.23_Участок 15.2_СПС\Сети прокладка_(подключение)_НЕ НАШИ (ТЕХПРИС)\15.2_ТЕХПРИС ВОДОСТОК.dwg

Вставка Вн-ссылки "15.2_ТЕХПРИС КАБЕЛЯ_ВРУ": .\2026.07.23_Участок 15.2_СПС\Сети прокладка_(подключение)_НЕ НАШИ (ТЕХПРИС)\15.2_ТЕХПРИС КАБЕЛЯ_ВРУ.dwg
"15.2_ТЕХПРИС КАБЕЛЯ_ВРУ" загружена: C:\Users\user\Documents\Таран\Соколиная гора\15.2\КР3\нови\2026.07.23_Участок 15.2_СПС\Сети прокладка_(подключение)_НЕ НАШИ (ТЕХПРИС)\15.2_ТЕХПРИС КАБЕЛЯ_ВРУ.dwg

Вставка Вн-ссылки "15.2_ТЕХПРИС КАНАЛИЗАЦИЯ": .\2026.07.23_Участок 15.2_СПС\Сети прокладка_(подключение)_НЕ НАШИ (ТЕХПРИС)\15.2_ТЕХПРИС КАНАЛИЗАЦИЯ.dwg
"15.2_ТЕХПРИС КАНАЛИЗАЦИЯ" загружена: C:\Users\user\Documents\Таран\Соколиная гора\15.2\КР3\нови\2026.07.23_Участок 15.2_СПС\Сети прокладка_(подключение)_НЕ НАШИ (ТЕХПРИС)\15.2_ТЕХПРИС КАНАЛИЗАЦИЯ.dwg

Команда: '_.zoom 
Укажите угол рамки, введите масштаб (nX или nXП), или 
[Все/Центр/Динамика/Границы/Предыдущий/Масштаб/Рамка/Объект] <реальное время>: _e Выполняется регенерация модели.

Команда: Задайте противоположный угол или [Линия/РМн-угол/СМн-угол]: 
Команда: 
Команда: 
Команда: _properties 
Команда: 
Команда: 
Команда: 
Команда: *Прервано*

Команда: *Прервано*

Команда: *Прервано*

Команда: '_.zoom 
Укажите угол рамки, введите масштаб (nX или nXП), или 
[Все/Центр/Динамика/Границы/Предыдущий/Масштаб/Рамка/Объект] <реальное время>: _e Выполняется регенерация модели.

Команда: AIPALETTE

Команда: Выполняется регенерация модели.
*Прервано*

Команда: 
Команда: *Прервано*

Команда: 
Команда: *Прервано*

Команда: *Прервано*

Команда: *Прервано*

Команда:  
Команда: 
Автоматическое сохранение в C:\Users\user\AppData\Local\Temp\траншеи этап 1_1_26951_ca6a4fdf.sv$ ...

Команда: 
Команда: 
Команда: *Прервано*

Команда: *Прервано*

Команда:  
Команда: 
