[ AutoCAD - Tue Jul 28 12:34:52 2026  ]----------------------------------------

Открытие файла AutoCAD 2013/LT 2013.
Подстановка [simplex.shx] вместо [cs_gost2304.shx].
Подстановка [simplex.shx] вместо [GOST 2.304 type A].

Разрешить Вн-ссылки "output[1]_3_760-25": .\3760-25-ИГДИ\output[1]_3_760-25.dwg
"output[1]_3_760-25" загружена: C:\Users\user\Documents\Таран\Соколиная гора\15.2\КР3\нови\2026.07.23_Участок 15.2_СПС\3760-25-ИГДИ\output[1]_3_760-25.dwg
Файл ссылки "output[1]_3_760-25", возможно, изменился с момента последнего сохранения главного чертежа.

Разрешить Вн-ссылки "output[1]_3_760-25tp": .\3760-25-ИГДИ\output[1]_3_760-25tp.dwg
"output[1]_3_760-25tp" загружена: C:\Users\user\Documents\Таран\Соколиная гора\15.2\КР3\нови\2026.07.23_Участок 15.2_СПС\3760-25-ИГДИ\output[1]_3_760-25tp.dwg
Файл ссылки "output[1]_3_760-25tp", возможно, изменился с момента последнего сохранения главного чертежа.

Разрешить Вн-ссылки "output[1]_3_760-25up": .\3760-25-ИГДИ\output[1]_3_760-25up.dwg
"output[1]_3_760-25up" загружена: C:\Users\user\Documents\Таран\Соколиная гора\15.2\КР3\нови\2026.07.23_Участок 15.2_СПС\3760-25-ИГДИ\output[1]_3_760-25up.dwg
Файл ссылки "output[1]_3_760-25up", возможно, изменился с момента последнего сохранения главного чертежа.

Разрешить Вн-ссылки "output[1]_3_760-25kl": .\3760-25-ИГДИ\output[1]_3_760-25kl.dwg
"output[1]_3_760-25kl" загружена: C:\Users\user\Documents\Таран\Соколиная гора\15.2\КР3\нови\2026.07.23_Участок 15.2_СПС\3760-25-ИГДИ\output[1]_3_760-25kl.dwg
Файл ссылки "output[1]_3_760-25kl", возможно, изменился с момента последнего сохранения главного чертежа.

Разрешить Вн-ссылки "1.4_Существующие здания": .\ПОДГРУЗКИ_ОБЩИЕ\1.4_Существующие здания.dwg
"1.4_Существующие здания" загружена: C:\Users\user\Documents\Таран\Соколиная гора\15.2\КР3\нови\2026.07.23_Участок 15.2_СПС\ПОДГРУЗКИ_ОБЩИЕ\1.4_Существующие здания.dwg
Файл ссылки "1.4_Существующие здания", возможно, изменился с момента последнего сохранения главного чертежа.

Разрешить Вн-ссылки "15.2_СНОСИМОЕ ЗДАНИЕ": .\ПОДГРУЗКИ_ОБЩИЕ\15.2_СНОСИМОЕ ЗДАНИЕ.dwg
"15.2_СНОСИМОЕ ЗДАНИЕ" загружена: C:\Users\user\Documents\Таран\Соколиная гора\15.2\КР3\нови\2026.07.23_Участок 15.2_СПС\ПОДГРУЗКИ_ОБЩИЕ\15.2_СНОСИМОЕ ЗДАНИЕ.dwg
Файл ссылки "15.2_СНОСИМОЕ ЗДАНИЕ", возможно, изменился с момента последнего сохранения главного чертежа.

Разрешить Вн-ссылки "15.2_ПОСАДКА ЗДАНИЯ": .\ПОДГРУЗКИ_ОБЩИЕ\15.2_ПОСАДКА ЗДАНИЯ.dwg
"15.2_ПОСАДКА ЗДАНИЯ" загружена: C:\Users\user\Documents\Таран\Соколиная гора\15.2\КР3\нови\2026.07.23_Участок 15.2_СПС\ПОДГРУЗКИ_ОБЩИЕ\15.2_ПОСАДКА ЗДАНИЯ.dwg
Файл ссылки "15.2_ПОСАДКА ЗДАНИЯ", возможно, изменился с момента последнего сохранения главного чертежа.

Разрешить Вн-ссылки "15.2_ВЕРТИКАЛКА": .\ПОДГРУЗКИ_ОБЩИЕ\15.2_ВЕРТИКАЛКА.dwg
"15.2_ВЕРТИКАЛКА" загружена: C:\Users\user\Documents\Таран\Соколиная гора\15.2\КР3\нови\2026.07.23_Участок 15.2_СПС\ПОДГРУЗКИ_ОБЩИЕ\15.2_ВЕРТИКАЛКА.dwg
Файл ссылки "15.2_ВЕРТИКАЛКА", возможно, изменился с момента последнего сохранения главного чертежа.

Разрешить Вн-ссылки "15.2_ТЕХПРИС ВОДОСТОК": .\Сети прокладка_(подключение)_НЕ НАШИ (ТЕХПРИС)\15.2_ТЕХПРИС ВОДОСТОК.dwg
"15.2_ТЕХПРИС ВОДОСТОК" загружена: C:\Users\user\Documents\Таран\Соколиная гора\15.2\КР3\нови\2026.07.23_Участок 15.2_СПС\Сети прокладка_(подключение)_НЕ НАШИ (ТЕХПРИС)\15.2_ТЕХПРИС ВОДОСТОК.dwg
Файл ссылки "15.2_ТЕХПРИС ВОДОСТОК", возможно, изменился с момента последнего сохранения главного чертежа.

Разрешить Вн-ссылки "15.2_НО_подключение": .\Сети прокладка (подключение)_НАШИ\15.2_НО_подключение.dwg
"15.2_НО_подключение" загружена: C:\Users\user\Documents\Таран\Соколиная гора\15.2\КР3\нови\2026.07.23_Участок 15.2_СПС\Сети прокладка (подключение)_НАШИ\15.2_НО_подключение.dwg
Файл ссылки "15.2_НО_подключение", возможно, изменился с момента последнего сохранения главного чертежа.

Разрешить Вн-ссылки "15.2_ТЕХПРИС ТЕПЛОТРАССА": .\Сети прокладка_(подключение)_НЕ НАШИ (ТЕХПРИС)\15.2_ТЕХПРИС ТЕПЛОТРАССА.dwg
"15.2_ТЕХПРИС ТЕПЛОТРАССА" загружена: C:\Users\user\Documents\Таран\Соколиная гора\15.2\КР3\нови\2026.07.23_Участок 15.2_СПС\Сети прокладка_(подключение)_НЕ НАШИ (ТЕХПРИС)\15.2_ТЕХПРИС ТЕПЛОТРАССА.dwg
Файл ссылки "15.2_ТЕХПРИС ТЕПЛОТРАССА", возможно, изменился с момента последнего сохранения главного чертежа.

Разрешить Вн-ссылки "15.2_НСС МПТЦ ПОДКЛЮЧЕНИЕ": .\Сети прокладка (подключение)_НАШИ\15.2_НСС МПТЦ-подключение.dwg
"15.2_НСС МПТЦ ПОДКЛЮЧЕНИЕ" загружена: C:\Users\user\Documents\Таран\Соколиная гора\15.2\КР3\нови\2026.07.23_Участок 15.2_СПС\Сети прокладка (подключение)_НАШИ\15.2_НСС МПТЦ-подключение.dwg
Файл ссылки "15.2_НСС МПТЦ ПОДКЛЮЧЕНИЕ", возможно, изменился с момента последнего сохранения главного чертежа.

Разрешить Вн-ссылки "7.1_ТЕХПРИС ВОДОСТОК": .\сети прокладка_(подключение)_не наши (техприс)\7.1_ТЕХПРИС ВОДОСТОК.dwg
"7.1_ТЕХПРИС ВОДОСТОК" загружена: C:\Users\user\Documents\Таран\Соколиная гора\15.2\КР3\нови\2026.07.23_Участок 15.2_СПС\сети прокладка_(подключение)_не наши (техприс)\7.1_ТЕХПРИС ВОДОСТОК.dwg
Файл ссылки "7.1_ТЕХПРИС ВОДОСТОК", возможно, изменился с момента последнего сохранения главного чертежа.

Разрешить Вн-ссылки "15.2_БАССЕЙНЫ ВОДОСТОКА": .\ПОДГРУЗКИ_ОБЩИЕ\15.2_БАССЕЙНЫ ВОДОСТОКА.dwg
"15.2_БАССЕЙНЫ ВОДОСТОКА" загружена: C:\Users\user\Documents\Таран\Соколиная гора\15.2\КР3\нови\2026.07.23_Участок 15.2_СПС\ПОДГРУЗКИ_ОБЩИЕ\15.2_БАССЕЙНЫ ВОДОСТОКА.dwg
Файл ссылки "15.2_БАССЕЙНЫ ВОДОСТОКА", возможно, изменился с момента последнего сохранения главного чертежа.

Разрешить Вн-ссылки "output[1-2]_3_3077-25": .\3077-25-ИГДИ\output[1-2]_3_3077-25.dwg
"output[1-2]_3_3077-25" загружена: C:\Users\user\Documents\Таран\Соколиная гора\15.2\КР3\нови\2026.07.23_Участок 15.2_СПС\3077-25-ИГДИ\output[1-2]_3_3077-25.dwg
Файл ссылки "output[1-2]_3_3077-25", возможно, изменился с момента последнего сохранения главного чертежа.

Разрешить Вн-ссылки "output[1-2]_brd": .\3077-25-ИГДИ\output[1-2]_3_3077-25_brd.dwg
"output[1-2]_brd" загружена: C:\Users\user\Documents\Таран\Соколиная гора\15.2\КР3\нови\2026.07.23_Участок 15.2_СПС\3077-25-ИГДИ\output[1-2]_3_3077-25_brd.dwg
Файл ссылки "output[1-2]_brd", возможно, изменился с момента последнего сохранения главного чертежа.

Разрешить Вн-ссылки "output[1-2]_3_3077-25tp": .\3077-25-ИГДИ\output[1-2]_3_3077-25tp.dwg
"output[1-2]_3_3077-25tp" загружена: C:\Users\user\Documents\Таран\Соколиная гора\15.2\КР3\нови\2026.07.23_Участок 15.2_СПС\3077-25-ИГДИ\output[1-2]_3_3077-25tp.dwg
Файл ссылки "output[1-2]_3_3077-25tp", возможно, изменился с момента последнего сохранения главного чертежа.

Разрешить Вн-ссылки "output[1-2]_3_3077-25kl": .\3077-25-ИГДИ\output[1-2]_3_3077-25kl.dwg
"output[1-2]_3_3077-25kl" загружена: C:\Users\user\Documents\Таран\Соколиная гора\15.2\КР3\нови\2026.07.23_Участок 15.2_СПС\3077-25-ИГДИ\output[1-2]_3_3077-25kl.dwg
Файл ссылки "output[1-2]_3_3077-25kl", возможно, изменился с момента последнего сохранения главного чертежа.

Разрешить Вн-ссылки "output[1-2]_edge001": .\3077-25-ИГДИ\output[1-2]_3_3077-25_edge001.dwg
"output[1-2]_edge001" загружена: C:\Users\user\Documents\Таран\Соколиная гора\15.2\КР3\нови\2026.07.23_Участок 15.2_СПС\3077-25-ИГДИ\output[1-2]_3_3077-25_edge001.dwg
Файл ссылки "output[1-2]_edge001", возможно, изменился с момента последнего сохранения главного чертежа.

Разрешить Вн-ссылки "output[1-2]_edge002": .\3077-25-ИГДИ\output[1-2]_3_3077-25_edge002.dwg
"output[1-2]_edge002" загружена: C:\Users\user\Documents\Таран\Соколиная гора\15.2\КР3\нови\2026.07.23_Участок 15.2_СПС\3077-25-ИГДИ\output[1-2]_3_3077-25_edge002.dwg
Файл ссылки "output[1-2]_edge002", возможно, изменился с момента последнего сохранения главного чертежа.

Разрешить Вн-ссылки "output[1-2]_3_3077-25up": .\3077-25-ИГДИ\output[1-2]_3_3077-25up.dwg
"output[1-2]_3_3077-25up" загружена: C:\Users\user\Documents\Таран\Соколиная гора\15.2\КР3\нови\2026.07.23_Участок 15.2_СПС\3077-25-ИГДИ\output[1-2]_3_3077-25up.dwg
Файл ссылки "output[1-2]_3_3077-25up", возможно, изменился с момента последнего сохранения главного чертежа.

Разрешить Вн-ссылки "15.2_КОТЛОВАН": .\ПОДГРУЗКИ_ОБЩИЕ\15.2_КОТЛОВАН.dwg
"15.2_КОТЛОВАН" загружена: C:\Users\user\Documents\Таран\Соколиная гора\15.2\КР3\нови\2026.07.23_Участок 15.2_СПС\ПОДГРУЗКИ_ОБЩИЕ\15.2_КОТЛОВАН.dwg
Файл ссылки "15.2_КОТЛОВАН", возможно, изменился с момента последнего сохранения главного чертежа.

Разрешить Вн-ссылки "15.2_ОРУД кабель": .\СЕТИ ЗАДАНИЕ\15.2_ОРУД кабель.dwg
"15.2_ОРУД кабель" загружена: C:\Users\user\Documents\Таран\Соколиная гора\15.2\КР3\нови\2026.07.23_Участок 15.2_СПС\СЕТИ ЗАДАНИЕ\15.2_ОРУД кабель.dwg
Файл ссылки "15.2_ОРУД кабель", возможно, изменился с момента последнего сохранения главного чертежа.

Разрешить Вн-ссылки "output[1]_3_760-25_brd": .\3760-25-ИГДИ\output[1]_3_760-25_brd.dwg
"output[1]_3_760-25_brd" загружена: C:\Users\user\Documents\Таран\Соколиная гора\15.2\КР3\нови\2026.07.23_Участок 15.2_СПС\3760-25-ИГДИ\output[1]_3_760-25_brd.dwg
Файл ссылки "output[1]_3_760-25_brd", возможно, изменился с момента последнего сохранения главного чертежа.

Разрешить Вн-ссылки "output[1]_3_760-25_edge001": .\3760-25-ИГДИ\output[1]_3_760-25_edge001.dwg
"output[1]_3_760-25_edge001" загружена: C:\Users\user\Documents\Таран\Соколиная гора\15.2\КР3\нови\2026.07.23_Участок 15.2_СПС\3760-25-ИГДИ\output[1]_3_760-25_edge001.dwg
Файл ссылки "output[1]_3_760-25_edge001", возможно, изменился с момента последнего сохранения главного чертежа.

Разрешить Вн-ссылки "output[1]_3_5594-25": .\3_5594-25-ИГДИ\output[1]_3_5594-25.dwg
"output[1]_3_5594-25" загружена: C:\Users\user\Documents\Таран\Соколиная гора\15.2\КР3\нови\2026.07.23_Участок 15.2_СПС\3_5594-25-ИГДИ\output[1]_3_5594-25.dwg
Файл ссылки "output[1]_3_5594-25", возможно, изменился с момента последнего сохранения главного чертежа.

Разрешить Вн-ссылки "output[1]_3_5594-25tp": .\3_5594-25-ИГДИ\output[1]_3_5594-25tp.dwg
"output[1]_3_5594-25tp" загружена: C:\Users\user\Documents\Таран\Соколиная гора\15.2\КР3\нови\2026.07.23_Участок 15.2_СПС\3_5594-25-ИГДИ\output[1]_3_5594-25tp.dwg
Файл ссылки "output[1]_3_5594-25tp", возможно, изменился с момента последнего сохранения главного чертежа.

Разрешить Вн-ссылки "output[1]_3_5594-25up": .\3_5594-25-ИГДИ\output[1]_3_5594-25up.dwg
"output[1]_3_5594-25up" загружена: C:\Users\user\Documents\Таран\Соколиная гора\15.2\КР3\нови\2026.07.23_Участок 15.2_СПС\3_5594-25-ИГДИ\output[1]_3_5594-25up.dwg
Файл ссылки "output[1]_3_5594-25up", возможно, изменился с момента последнего сохранения главного чертежа.

Разрешить Вн-ссылки "output[1]_3_5594-25kl": .\3_5594-25-ИГДИ\output[1]_3_5594-25kl.dwg
"output[1]_3_5594-25kl" загружена: C:\Users\user\Documents\Таран\Соколиная гора\15.2\КР3\нови\2026.07.23_Участок 15.2_СПС\3_5594-25-ИГДИ\output[1]_3_5594-25kl.dwg
Файл ссылки "output[1]_3_5594-25kl", возможно, изменился с момента последнего сохранения главного чертежа.

Разрешить Вн-ссылки "output[1]_3_5594-25_edge001": .\3_5594-25-ИГДИ\output[1]_3_5594-25_edge001.dwg
"output[1]_3_5594-25_edge001" загружена: C:\Users\user\Documents\Таран\Соколиная гора\15.2\КР3\нови\2026.07.23_Участок 15.2_СПС\3_5594-25-ИГДИ\output[1]_3_5594-25_edge001.dwg
Файл ссылки "output[1]_3_5594-25_edge001", возможно, изменился с момента последнего сохранения главного чертежа.

Разрешить Вн-ссылки "output[1]_3_5594-25_brd": .\3_5594-25-ИГДИ\output[1]_3_5594-25_brd.dwg
"output[1]_3_5594-25_brd" загружена: C:\Users\user\Documents\Таран\Соколиная гора\15.2\КР3\нови\2026.07.23_Участок 15.2_СПС\3_5594-25-ИГДИ\output[1]_3_5594-25_brd.dwg
Файл ссылки "output[1]_3_5594-25_brd", возможно, изменился с момента последнего сохранения главного чертежа.

Разрешить Вн-ссылки "output[1-3]_3_3385-25": .\3_3385-25-ИГДИ\output[1-3]_3_3385-25.dwg
"output[1-3]_3_3385-25" загружена: C:\Users\user\Documents\Таран\Соколиная гора\15.2\КР3\нови\2026.07.23_Участок 15.2_СПС\3_3385-25-ИГДИ\output[1-3]_3_3385-25.dwg
Файл ссылки "output[1-3]_3_3385-25", возможно, изменился с момента последнего сохранения главного чертежа.

Разрешить Вн-ссылки "output[1-3]_3_3385-25tp": .\3_3385-25-ИГДИ\output[1-3]_3_3385-25tp.dwg
"output[1-3]_3_3385-25tp" загружена: C:\Users\user\Documents\Таран\Соколиная гора\15.2\КР3\нови\2026.07.23_Участок 15.2_СПС\3_3385-25-ИГДИ\output[1-3]_3_3385-25tp.dwg
Файл ссылки "output[1-3]_3_3385-25tp", возможно, изменился с момента последнего сохранения главного чертежа.

Разрешить Вн-ссылки "output[1-3]_3_3385-25up": .\3_3385-25-ИГДИ\output[1-3]_3_3385-25up.dwg
"output[1-3]_3_3385-25up" загружена: C:\Users\user\Documents\Таран\Соколиная гора\15.2\КР3\нови\2026.07.23_Участок 15.2_СПС\3_3385-25-ИГДИ\output[1-3]_3_3385-25up.dwg
Файл ссылки "output[1-3]_3_3385-25up", возможно, изменился с момента последнего сохранения главного чертежа.

Разрешить Вн-ссылки "output[1-3]_3_3385-25pp": .\3_3385-25-ИГДИ\output[1-3]_3_3385-25pp.dwg
"output[1-3]_3_3385-25pp" загружена: C:\Users\user\Documents\Таран\Соколиная гора\15.2\КР3\нови\2026.07.23_Участок 15.2_СПС\3_3385-25-ИГДИ\output[1-3]_3_3385-25pp.dwg
Файл ссылки "output[1-3]_3_3385-25pp", возможно, изменился с момента последнего сохранения главного чертежа.

Разрешить Вн-ссылки "output[1-3]_3_3385-25kl": .\3_3385-25-ИГДИ\output[1-3]_3_3385-25kl.dwg
"output[1-3]_3_3385-25kl" загружена: C:\Users\user\Documents\Таран\Соколиная гора\15.2\КР3\нови\2026.07.23_Участок 15.2_СПС\3_3385-25-ИГДИ\output[1-3]_3_3385-25kl.dwg
Файл ссылки "output[1-3]_3_3385-25kl", возможно, изменился с момента последнего сохранения главного чертежа.

Разрешить Вн-ссылки "output[1-3]_3_3385-25_edge003": .\3_3385-25-ИГДИ\output[1-3]_3_3385-25_edge003.dwg
"output[1-3]_3_3385-25_edge003" загружена: C:\Users\user\Documents\Таран\Соколиная гора\15.2\КР3\нови\2026.07.23_Участок 15.2_СПС\3_3385-25-ИГДИ\output[1-3]_3_3385-25_edge003.dwg
Файл ссылки "output[1-3]_3_3385-25_edge003", возможно, изменился с момента последнего сохранения главного чертежа.

Разрешить Вн-ссылки "output[1-3]_3_3385-25_brd": .\3_3385-25-ИГДИ\output[1-3]_3_3385-25_brd.dwg
"output[1-3]_3_3385-25_brd" загружена: C:\Users\user\Documents\Таран\Соколиная гора\15.2\КР3\нови\2026.07.23_Участок 15.2_СПС\3_3385-25-ИГДИ\output[1-3]_3_3385-25_brd.dwg
Файл ссылки "output[1-3]_3_3385-25_brd", возможно, изменился с момента последнего сохранения главного чертежа.

Разрешить Вн-ссылки "output[1-3]_3_3385-25_edge001": .\3_3385-25-ИГДИ\output[1-3]_3_3385-25_edge001.dwg
"output[1-3]_3_3385-25_edge001" загружена: C:\Users\user\Documents\Таран\Соколиная гора\15.2\КР3\нови\2026.07.23_Участок 15.2_СПС\3_3385-25-ИГДИ\output[1-3]_3_3385-25_edge001.dwg
Файл ссылки "output[1-3]_3_3385-25_edge001", возможно, изменился с момента последнего сохранения главного чертежа.

Разрешить Вн-ссылки "output[1-3]_3_3385-25_edge002": .\3_3385-25-ИГДИ\output[1-3]_3_3385-25_edge002.dwg
"output[1-3]_3_3385-25_edge002" загружена: C:\Users\user\Documents\Таран\Соколиная гора\15.2\КР3\нови\2026.07.23_Участок 15.2_СПС\3_3385-25-ИГДИ\output[1-3]_3_3385-25_edge002.dwg
Файл ссылки "output[1-3]_3_3385-25_edge002", возможно, изменился с момента последнего сохранения главного чертежа.

Разрешить Вн-ссылки "15.2_СХЕМЫ ЧАСТЕЙ ГП": .\ПОДГРУЗКИ_ОБЩИЕ\15.2_СХЕМЫ ЧАСТЕЙ ГП.dwg
"15.2_СХЕМЫ ЧАСТЕЙ ГП" загружена: C:\Users\user\Documents\Таран\Соколиная гора\15.2\КР3\нови\2026.07.23_Участок 15.2_СПС\ПОДГРУЗКИ_ОБЩИЕ\15.2_СХЕМЫ ЧАСТЕЙ ГП.dwg
Файл ссылки "15.2_СХЕМЫ ЧАСТЕЙ ГП", возможно, изменился с момента последнего сохранения главного чертежа.

Разрешить Вн-ссылки "15.2_Пожарные рукава": .\ПОДГРУЗКИ_ОБЩИЕ\15.2_Пожарные рукава.dwg
"15.2_Пожарные рукава" загружена: C:\Users\user\Documents\Таран\Соколиная гора\15.2\КР3\нови\2026.07.23_Участок 15.2_СПС\ПОДГРУЗКИ_ОБЩИЕ\15.2_Пожарные рукава.dwg
Файл ссылки "15.2_Пожарные рукава", возможно, изменился с момента последнего сохранения главного чертежа.

Разрешить Вн-ссылки "15.2_ВЫПУСКА К1_подключение": .\Сети прокладка (подключение)_НАШИ\15.2_ВЫПУСКА К1_подключение.dwg
"15.2_ВЫПУСКА К1_подключение" загружена: C:\Users\user\Documents\Таран\Соколиная гора\15.2\КР3\нови\2026.07.23_Участок 15.2_СПС\Сети прокладка (подключение)_НАШИ\15.2_ВЫПУСКА К1_подключение.dwg
Файл ссылки "15.2_ВЫПУСКА К1_подключение", возможно, изменился с момента последнего сохранения главного чертежа.

Разрешить Вн-ссылки "15.2_МГТС демонтаж": .\Сети_демонтаж (перекладка)_НАШИ\15.2_МГТС демонтаж.dwg
"15.2_МГТС демонтаж" загружена: C:\Users\user\Documents\Таран\Соколиная гора\15.2\КР3\нови\2026.07.23_Участок 15.2_СПС\Сети_демонтаж (перекладка)_НАШИ\15.2_МГТС демонтаж.dwg
Файл ссылки "15.2_МГТС демонтаж", возможно, изменился с момента последнего сохранения главного чертежа.

Разрешить Вн-ссылки "15.2_РТ  перекладка": .\Сети_демонтаж (перекладка)_НАШИ\15.2_РТ  перекладка.dwg
"15.2_РТ  перекладка" загружена: C:\Users\user\Documents\Таран\Соколиная гора\15.2\КР3\нови\2026.07.23_Участок 15.2_СПС\Сети_демонтаж (перекладка)_НАШИ\15.2_РТ  перекладка.dwg
Файл ссылки "15.2_РТ  перекладка", возможно, изменился с момента последнего сохранения главного чертежа.

Разрешить Вн-ссылки "15.2_НО_перекладка": .\Сети_демонтаж (перекладка)_НАШИ\15.2_НО_перекладка.dwg
"15.2_НО_перекладка" загружена: C:\Users\user\Documents\Таран\Соколиная гора\15.2\КР3\нови\2026.07.23_Участок 15.2_СПС\Сети_демонтаж (перекладка)_НАШИ\15.2_НО_перекладка.dwg
Файл ссылки "15.2_НО_перекладка", возможно, изменился с момента последнего сохранения главного чертежа.

Разрешить Вн-ссылки "15.2_План ТС_для СПС": .\Сети_демонтаж (перекладка)_НАШИ\15.2_План ТС_для СПС.dwg
"15.2_План ТС_для СПС" загружена: C:\Users\user\Documents\Таран\Соколиная гора\15.2\КР3\нови\2026.07.23_Участок 15.2_СПС\Сети_демонтаж (перекладка)_НАШИ\15.2_План ТС_для СПС.dwg
Файл ссылки "15.2_План ТС_для СПС", возможно, изменился с момента последнего сохранения главного чертежа.

Разрешить Вн-ссылки "15.2_МГТС ВЫНОС": .\Сети_демонтаж (перекладка)_НЕ НАШИ (СКП)\15.2_МГТС ВЫНОС.dwg
"15.2_МГТС ВЫНОС" загружена: C:\Users\user\Documents\Таран\Соколиная гора\15.2\КР3\нови\2026.07.23_Участок 15.2_СПС\Сети_демонтаж (перекладка)_НЕ НАШИ (СКП)\15.2_МГТС ВЫНОС.dwg
Файл ссылки "15.2_МГТС ВЫНОС", возможно, изменился с момента последнего сохранения главного чертежа.

Разрешить Вн-ссылки "15.2_ГАЗ ВЫНОС": .\Сети_демонтаж (перекладка)_НЕ НАШИ (СКП)\15.2_ГАЗ ВЫНОС.dwg
"15.2_ГАЗ ВЫНОС" загружена: C:\Users\user\Documents\Таран\Соколиная гора\15.2\КР3\нови\2026.07.23_Участок 15.2_СПС\Сети_демонтаж (перекладка)_НЕ НАШИ (СКП)\15.2_ГАЗ ВЫНОС.dwg
Файл ссылки "15.2_ГАЗ ВЫНОС", возможно, изменился с момента последнего сохранения главного чертежа.

Разрешить Вн-ссылки "15.2_МВК ВЫНОС": .\Сети_демонтаж (перекладка)_НЕ НАШИ (СКП)\15.2_МВК ВЫНОС.dwg
"15.2_МВК ВЫНОС" загружена: C:\Users\user\Documents\Таран\Соколиная гора\15.2\КР3\нови\2026.07.23_Участок 15.2_СПС\Сети_демонтаж (перекладка)_НЕ НАШИ (СКП)\15.2_МВК ВЫНОС.dwg
Файл ссылки "15.2_МВК ВЫНОС", возможно, изменился с момента последнего сохранения главного чертежа.

Разрешить Вн-ссылки "15.2_ТЕХПРИС КАНАЛИЗАЦИЯ": .\Сети прокладка_(подключение)_НЕ НАШИ (ТЕХПРИС)\15.2_ТЕХПРИС КАНАЛИЗАЦИЯ.dwg
"15.2_ТЕХПРИС КАНАЛИЗАЦИЯ" загружена: C:\Users\user\Documents\Таран\Соколиная гора\15.2\КР3\нови\2026.07.23_Участок 15.2_СПС\Сети прокладка_(подключение)_НЕ НАШИ (ТЕХПРИС)\15.2_ТЕХПРИС КАНАЛИЗАЦИЯ.dwg
Файл ссылки "15.2_ТЕХПРИС КАНАЛИЗАЦИЯ", возможно, изменился с момента последнего сохранения главного чертежа.

Разрешить Вн-ссылки "15.2_ТЕХПРИС КАБЕЛЯ_ВРУ": .\Сети прокладка_(подключение)_НЕ НАШИ (ТЕХПРИС)\15.2_ТЕХПРИС КАБЕЛЯ_ВРУ.dwg
"15.2_ТЕХПРИС КАБЕЛЯ_ВРУ" загружена: C:\Users\user\Documents\Таран\Соколиная гора\15.2\КР3\нови\2026.07.23_Участок 15.2_СПС\Сети прокладка_(подключение)_НЕ НАШИ (ТЕХПРИС)\15.2_ТЕХПРИС КАБЕЛЯ_ВРУ.dwg
Файл ссылки "15.2_ТЕХПРИС КАБЕЛЯ_ВРУ", возможно, изменился с момента последнего сохранения главного чертежа.

Разрешить Вн-ссылки "15.2_Канализация_кресты": .\Сети_демонтаж (перекладка)_НАШИ\15.2_Канализация_кресты.dwg
"15.2_Канализация_кресты" загружена: C:\Users\user\Documents\Таран\Соколиная гора\15.2\КР3\нови\2026.07.23_Участок 15.2_СПС\Сети_демонтаж (перекладка)_НАШИ\15.2_Канализация_кресты.dwg
Файл ссылки "15.2_Канализация_кресты", возможно, изменился с момента последнего сохранения главного чертежа.

Разрешить Вн-ссылки "15.2_Водопровод_кресты": .\Сети_демонтаж (перекладка)_НАШИ\15.2_Водопровод_кресты.dwg
"15.2_Водопровод_кресты" загружена: C:\Users\user\Documents\Таран\Соколиная гора\15.2\КР3\нови\2026.07.23_Участок 15.2_СПС\Сети_демонтаж (перекладка)_НАШИ\15.2_Водопровод_кресты.dwg
Файл ссылки "15.2_Водопровод_кресты", возможно, изменился с момента последнего сохранения главного чертежа.

Разрешить Вн-ссылки "15.2_ТЕХПРИС ВВОД Водопровода": .\Сети прокладка_(подключение)_НЕ НАШИ (ТЕХПРИС)\15.2_ТЕХПРИС ВВОД Водопровода.dwg
"15.2_ТЕХПРИС ВВОД Водопровода" загружена: C:\Users\user\Documents\Таран\Соколиная гора\15.2\КР3\нови\2026.07.23_Участок 15.2_СПС\Сети прокладка_(подключение)_НЕ НАШИ (ТЕХПРИС)\15.2_ТЕХПРИС ВВОД Водопровода.dwg
Файл ссылки "15.2_ТЕХПРИС ВВОД Водопровода", возможно, изменился с момента последнего сохранения главного чертежа.

Разрешить Вн-ссылки "15.1_ПОСАДКА ЗДАНИЯ": .\УЧАСТОК 15.1\15.1_ПОСАДКА ЗДАНИЯ.dwg
"15.1_ПОСАДКА ЗДАНИЯ" загружена: C:\Users\user\Documents\Таран\Соколиная гора\15.2\КР3\нови\2026.07.23_Участок 15.2_СПС\УЧАСТОК 15.1\15.1_ПОСАДКА ЗДАНИЯ.dwg
Файл ссылки "15.1_ПОСАДКА ЗДАНИЯ", возможно, изменился с момента последнего сохранения главного чертежа.

Разрешить Вн-ссылки "15.2_ВЫПУСКА ВОДОСТОК": .\Сети прокладка (подключение)_НАШИ\15.2_ВЫПУСКА ВОДОСТОК.dwg
"15.2_ВЫПУСКА ВОДОСТОК" загружена: C:\Users\user\Documents\Таран\Соколиная гора\15.2\КР3\нови\2026.07.23_Участок 15.2_СПС\Сети прокладка (подключение)_НАШИ\15.2_ВЫПУСКА ВОДОСТОК.dwg
Файл ссылки "15.2_ВЫПУСКА ВОДОСТОК", возможно, изменился с момента последнего сохранения главного чертежа.

Разрешить Вн-ссылки "15.2_План ТС_БАЙПАС": .\Сети_демонтаж (перекладка)_НАШИ\15.2_План ТС_БАЙПАС.dwg
"15.2_План ТС_БАЙПАС" загружена: C:\Users\user\Documents\Таран\Соколиная гора\15.2\КР3\нови\2026.07.23_Участок 15.2_СПС\Сети_демонтаж (перекладка)_НАШИ\15.2_План ТС_БАЙПАС.dwg
Файл ссылки "15.2_План ТС_БАЙПАС", возможно, изменился с момента последнего сохранения главного чертежа.

Разрешить Вн-ссылки "15.2_КЛ_демонтаж": .\Сети_демонтаж (перекладка)_НАШИ\15.2_КЛ_демонтаж.dwg
"15.2_КЛ_демонтаж" загружена: C:\Users\user\Documents\Таран\Соколиная гора\15.2\КР3\нови\2026.07.23_Участок 15.2_СПС\Сети_демонтаж (перекладка)_НАШИ\15.2_КЛ_демонтаж.dwg
Файл ссылки "15.2_КЛ_демонтаж", возможно, изменился с момента последнего сохранения главного чертежа.
Выполняется регенерация листов.
Выполняется регенерация модели.


Утилиты меню AutoCAD загружены.
Команда: 

Файл Autodesk DWG. Это файл формата TrustedDWG, сохраненный в приложении Autodesk или в приложении, лицензированном корпорацией Autodesk.

Команда: 

Команда: 
Команда: *Прервано*

Команда: *Прервано*

Команда:   <Переход на: Модель>
Выполняется регенерация модели.

Команда: 
Команда: AIPALETTE

Команда: *Прервано*

Команда: *Прервано*

Команда: *Прервано*

Команда: Выполняется регенерация листов.
Выполняется регенерация модели.

Команда: 
Автоматическое сохранение в C:\Users\user\AppData\Local\Temp\Участок 15.2_СПС_1_14617_1216933f.sv$ ...

Команда: 
Команда: 
Команда: 
Вид на видовом экране блокирован. Выполняется переход в пространство листа.

Выполняется возврат в пространство модели.

Вид на видовом экране блокирован. Выполняется переход в пространство листа.

Выполняется возврат в пространство модели.

Команда: 
Вид на видовом экране блокирован. Выполняется переход в пространство листа.

Выполняется возврат в пространство модели.

Вид на видовом экране блокирован. Выполняется переход в пространство листа.

Выполняется возврат в пространство модели.

Команда: 
Вид на видовом экране блокирован. Выполняется переход в пространство листа.

Выполняется возврат в пространство модели.

Вид на видовом экране блокирован. Выполняется переход в пространство листа.

Выполняется возврат в пространство модели.

Команда: 
Вид на видовом экране блокирован. Выполняется переход в пространство листа.

Выполняется возврат в пространство модели.

Вид на видовом экране блокирован. Выполняется переход в пространство листа.

Выполняется возврат в пространство модели.

Команда: *Прервано*

Команда: *Прервано*

Команда:  
Команда: 
