[ AutoCAD - Tue Jul 28 16:40:05 2026  ]----------------------------------------

Команда: _APPLOAD
01_OPOR_PORT.lsp успешно загружено.


Команда: 
[OPOR] LOADED | VERSION=3.31-floor-compositions | ROOT=C:\Users\user\Documents\Таран\0_0_ по работке\плагин дмитрию\OPOR | DWG=фывфывфывфыв.dwg | ACADVER=24.2s (LMS Tech) | APPAUTOLOAD=14
[OPOR] Загружено. Команды: OPOR, XX, OPORLOGS, OPORTIN, OPORSLOPE, OPORSLOPEWR, OPORSLOPELEVELS, OPORHEIGHTCHECK, OPORWRITELEVEL, OPORAUTOLEVEL, OPORRING, OPORREGCHECK, OPORCHECK, OPORCLEAN, OPORDUMP, OPORTABLES, OPOROLD, OPORSHOW, OPORDEBUG.
check_dump.lsp загружен. Главная команда: DUMPALL
probe_height_check загружен. Команда: HEIGHTDUMP.
probe_write_level загружен. Команда: WRITELEVELDUMP.
probe_auto_level загружен. Команда: AUTOLEVELDUMP.
probe_slope загружен. Команды: SLOPEDUMP, SLOPECOLORS.
probe_tables загружен. Команда: TBLPROBE
probe_marks v2 загружен. Команда: MARKDUMP
probe_lines.lsp загружен. Команда: LINEDUMP
OPOR port загружен. Основная команда: OPOR (или XX).
Команда: 
Команда: OPORTIN

[OPOR] START | OPOR-COMMAND-TIN | DWG=фывфывфывфыв.dwg | ACADVER=24.2s (LMS Tech)
Выберите внешний контур OPOR: 
Команда: 
[OPOR] Проёмов найдено: 2
[OPOR] TIN завершён: исходных отметок=30, рассчитано для проёмов=8, отметок всего=38, треугольников=50, уклонов=50, вне области=11, рёбер=28, flips=8, заменено треугольников=0, заменено уклонов=0, заменено автоотметок=0.
[OPOR] ALERT | TIN построен.
Исходных отметок: 30
Рассчитано для проёмов: 8
Треугольников: 50
Блоков уклона: 50
Команда: 
[OPOR] DONE | OPOR-COMMAND-TINT

Команда: 
Команда: 
Команда: *Прервано*

Команда: 
Команда: *Прервано*

Команда: OPOR

[OPOR] START | OPOR-MAIN | DWG=фывфывфывфыв.dwg | ACADVER=24.2s (LMS Tech)
Укажите внешний контур: 
Команда: 
Укажите опору внутри области: 
[OPOR] ALERT | Это не блок опоры Level/3D.
Команда: 
[OPOR] DONE | OPOR-MAIN

Команда: 
Команда: *Прервано*

Команда: OPOR

[OPOR] START | OPOR-MAIN | DWG=фывфывфывфыв.dwg | ACADVER=24.2s (LMS Tech)
Укажите внешний контур или Enter для завершения: 
Укажите точку верхнего левого угла таблицы: 
Команда: 
[OPOR] ALERT | Не найдены блоки опор.
Укажите следующий внешний контур или Enter для завершения: *Прервано*

[OPOR] Slope завершён: контуров=1, назначено=0, удалено=0, P2=0, P3=0, P4=0, P5=0, P6=0, P7=0, P8=0, P9=0.
Команда: 
[OPOR] DONE | OPOR-MAIN

Команда: 
Команда: 
Команда: 
Команда: 
Команда: _cutclip найдено: 1

Команда: *Прервано*

Команда: OPOR

[OPOR] START | OPOR-MAIN | DWG=фывфывфывфыв.dwg | ACADVER=24.2s (LMS Tech)
Укажите внешний контур или Enter для завершения: 
Укажите точку верхнего левого угла таблицы: 
Команда: 
[OPOR] ALERT | Не найдены блоки опор.
Укажите следующий внешний контур или Enter для завершения: *Прервано*

Команда: 
[OPOR] DONE | OPOR-MAIN

Команда: 
Команда: Задайте противоположный угол или [Линия/РМн-угол/СМн-угол]: 
Команда: *Прервано*

Команда: OPOR

[OPOR] START | OPOR-MAIN | DWG=фывфывфывфыв.dwg | ACADVER=24.2s (LMS Tech)
Укажите внешний контур или Enter для завершения: 
Команда: 
[OPOR] ALERT | Количество уклонов вне заданного диапазона:
свыше 9%    0
меньше 2%   49

Уклоны меньше 2% перенесены на слой опоры_текстvb.
[OPOR] Slope % завершён: областей=50, меньше 2%=49, свыше 9%=0, ошибок отметок=0.
Команда: 
[OPOR] DONE | OPOR-MAIN

Команда: 
Команда: 
Команда: '_.-LAYER

Текущий слой:  "0"
Задайте параметр [?/Создать/Установить/Новый/ПЕРеименоватЬ/Вкл/Откл/Цвет/Тип/вЕс/пРозрачность/Материал/пеЧать/Заморозить/РАзморозить/Блок/рАзблок/Конфигурация/опИсание/соГласовать/ВНешняя ссылка]: _ON

Список имен слоев для включения: =опоры_текстvb
Задайте параметр [?/Создать/Установить/Новый/ПЕРеименоватЬ/Вкл/Откл/Цвет/Тип/вЕс/пРозрачность/Материал/пеЧать/Заморозить/РАзморозить/Блок/рАзблок/Конфигурация/опИсание/соГласовать/ВНешняя ссылка]: 

Команда: 
Команда: *Прервано*

Команда: 
Команда: *Прервано*

Команда: Задайте противоположный угол или [Линия/РМн-угол/СМн-угол]: 
Команда: *Прервано*

Команда: OPORTIN

[OPOR] START | OPOR-COMMAND-TIN | DWG=фывфывфывфыв.dwg | ACADVER=24.2s (LMS Tech)
Выберите внешний контур OPOR: 
Команда: 
[OPOR] Проёмов найдено: 2
[OPOR] TIN завершён: исходных отметок=30, рассчитано для проёмов=8, отметок всего=38, треугольников=50, уклонов=50, вне области=11, рёбер=28, flips=8, заменено треугольников=50, заменено уклонов=50, заменено автоотметок=8.
[OPOR] ALERT | TIN построен.
Исходных отметок: 30
Рассчитано для проёмов: 8
Треугольников: 50
Блоков уклона: 50
Команда: 
[OPOR] DONE | OPOR-COMMAND-TINT

Команда: 
Команда: OPOR

[OPOR] START | OPOR-MAIN | DWG=фывфывфывфыв.dwg | ACADVER=24.2s (LMS Tech)
Укажите внешний контур: 
Команда: 
[OPOR] +0.000 завершён: областей=50, отметок=36.
[OPOR] ALERT | Проставлено 36 отметок.
Команда: 
[OPOR] DONE | OPOR-MAIN

Команда: 
Команда: Задайте противоположный угол или [Линия/РМн-угол/СМн-угол]: *Прервано*

Команда: 
Команда: 
Команда: _copy найдено: 3

Текущая настройка:  Режим копирования  = Несколько
Базовая точка или [Смещение/реЖим] <Смещение>: 
Вторая точка или [Массив] <использовать для смещения первую точку>: 
Укажите вторую точку или [Массив/Выход/Отменить] <Выход>: *Прервано*

Команда: OPOR

[OPOR] START | OPOR-MAIN | DWG=фывфывфывфыв.dwg | ACADVER=24.2s (LMS Tech)
Укажите внешний контур: 
Команда: 
[OPOR] ALERT | Не найдены области высот.
Команда: 
[OPOR] DONE | OPOR-MAIN

Команда: 
Команда: OPORCLEAN

[OPOR] START | OPOR-COMMAND-CLEAN | DWG=фывфывфывфыв.dwg | ACADVER=24.2s (LMS Tech)
Очистка OPOR [Session/All] <All>: 

[OPOR] Удалено объектов: 144
[OPOR] DONE | OPOR-COMMAND-CLEAN

Команда: 
Команда: OPOR

[OPOR] START | OPOR-MAIN | DWG=фывфывфывфыв.dwg | ACADVER=24.2s (LMS Tech)
Выберите внешний контур OPOR: 
Команда: 
[OPOR] Проёмов найдено: 2
[OPOR] ALERT | Для TIN нужны отметки во всех вершинах внешнего контура.
Не хватает отметок: 8.
Команда: 
[OPOR] DONE | OPOR-MAIN

Команда: 
Команда: 
Команда: *Прервано*

Команда: OPORCLEAN

[OPOR] START | OPOR-COMMAND-CLEAN | DWG=фывфывфывфыв.dwg | ACADVER=24.2s (LMS Tech)
Очистка OPOR [Session/All] <All>: 

[OPOR] Удалено объектов: 8
[OPOR] DONE | OPOR-COMMAND-CLEAN

Команда: 
Команда: щзщк
Неизвестная команда "ЩЗЩК".  Для вызова справки нажмите F1.

Команда: Задайте противоположный угол или [Линия/РМн-угол/СМн-угол]: *Прервано*

Команда: OPOR

[OPOR] START | OPOR-MAIN | DWG=фывфывфывфыв.dwg | ACADVER=24.2s (LMS Tech)
[OPOR] Команда отменена.
[OPOR] DONE | OPOR-MAIN

Команда: 
Команда: 
Команда: OPOR

[OPOR] START | OPOR-MAIN | DWG=фывфывфывфыв.dwg | ACADVER=24.2s (LMS Tech)
Выберите внешний контур OPOR: 
Команда: 
[OPOR] DONE | OPOR-MAIN

Команда: 
Команда: OPOR

[OPOR] START | OPOR-MAIN | DWG=фывфывфывфыв.dwg | ACADVER=24.2s (LMS Tech)
Выберите внешний контур OPOR: 
Команда: 
[OPOR] Проёмов найдено: 2
[OPOR] TIN завершён: исходных отметок=30, рассчитано для проёмов=8, отметок всего=38, треугольников=50, уклонов=50, вне области=11, рёбер=28, flips=8, заменено треугольников=0, заменено уклонов=0, заменено автоотметок=0.
[OPOR] ALERT | TIN построен.
Исходных отметок: 30
Рассчитано для проёмов: 8
Треугольников: 50
Блоков уклона: 50
Команда: 
[OPOR] DONE | OPOR-MAIN

Команда: 
Команда: OPOR

[OPOR] START | OPOR-MAIN | DWG=фывфывфывфыв.dwg | ACADVER=24.2s (LMS Tech)
[OPOR] Блоки новых таблиц 3D/PRO загружены.
[OPOR] Проверка OPOR:
Версия: 3.31-floor-compositions
Слои: OK
Блоки MVP: OK
Размерный стиль ISO-25: OK
Справочно, отсутствующие будущие блоки: 
- нетВыполняется регенерация модели.

Команда: 
[OPOR] Слоёв скрыто: 10
Выберите внешний контур OPOR: 
Команда: 
[OPOR] Проёмов найдено: 2Выполняется регенерация модели.

Команда: 
Начальная точка сетки <Enter = угол у длинного ребра>: 

Направление сетки <Enter = вдоль длинного ребра>: 

Точка вставки итоговой таблицы <Enter = справа от контура>: 

[OPOR] Контур 1 рассчитан: опор=2717, длина лаг=1429.071 м, ошибок высот=442.
Команда: Выполняется регенерация модели.

Команда: 
[OPOR] Слоёв скрыто: 10
Выберите следующий внешний контур OPOR или Enter для завершения: 
Выполняется регенерация модели.

Команда: 
[OPOR] Заголовок чертежа: Разбивка опор Level 3D.
[OPOR] ALERT | Не определены высоты для количества опор: 442
Опоры окрашены в оранжевый цвет.
[OPOR] Var завершён: опор=2717, длина лаг=1429 м, лаг=40 шт, ошибок высот=442, областей=50, треугольников=50.
Команда: 
[OPOR] DONE | OPOR-MAIN

Команда: 
Команда: OPOR

[OPOR] START | OPOR-MAIN | DWG=фывфывфывфыв.dwg | ACADVER=24.2s (LMS Tech)
Укажите внешний контур или Enter для завершения: 
Укажите точку верхнего левого угла таблицы: 
Команда: 
Укажите следующий внешний контур или Enter для завершения: 

[OPOR] Slope завершён: контуров=1, назначено=233, удалено=2484, P2=0, P3=73, P4=5, P5=0, P6=0, P7=13, P8=0, P9=0.
Команда: 
[OPOR] DONE | OPOR-MAIN

Команда: 
Команда: Задайте противоположный угол или [Линия/РМн-угол/СМн-угол]: *Прервано*

Команда: 
Команда: 
 
** РАСТЯГИВАНИЕ **
Точка растягивания или [Базовая точка/Копировать/ОТменить/выХод]: *Прервано*

Команда: *Прервано*

Команда: Задайте противоположный угол или [Линия/РМн-угол/СМн-угол]: *Прервано*

Команда: OPORTABLES

[OPOR] START | OPOR-DUMP-ALL-TOTAL-TABLES | DWG=фывфывфывфыв.dwg | ACADVER=24.2s (LMS Tech)
========== OPOR TOTAL TABLE BLOCKS ==========
--- TABLE #1 ---
    block: table_totl_1
    handle: 1DB89
    layer: _SG_Support
    session: old/no-xdata
      1 = 
      2 = 
      3 = 
      4 = 
      5 = 
      6 = 
      7 = 
      8 = 
      9 = 
      10 = 
      11 = 
      12 = 
      13 = 
      AREA = 
      ITOG = 
      CHPOL = 0
      DOSKA = 0
      LAG = 0
      PLITKA = 0
      VECTOR = 0
      PERP = 0
      LENGTH = 
      QC = 
      QR = 
--- TABLE #2 ---
    block: table_totl_3D
    handle: 2A2DA
    layer: _SG_Support
    session: old/no-xdata
      1 = 
      2 = 
      3 = 
      4 = 
      5 = 
      6 = 
      7 = 
      8 = 
      9 = 
      10 = 
      11 = 
      AREA = 
      ITOG = 
      CHPOL = 0
      DOSKA = 0
      LAG = 0
      PLITKA = 0
      VECTOR = 0
      PERP = 0
      LENGTH = 
      QC = 
      QR = 
--- TABLE #3 ---
    block: table_totl_PRO
    handle: 2AA14
    layer: _SG_Support
    session: old/no-xdata
      1 = 
      2 = 
      3 = 
      4 = 
      5 = 
      6 = 
      7 = 
      8 = 
      9 = 
      10 = 
      11 = 
      12 = 
      13 = 
      AREA = 
      ITOG = 
      CHPOL = 0
      DOSKA = 0
      LAG = 0
      PLITKA = 0
      VECTOR = 0
      PERP = 0
      LENGTH = 
      QC = 
      QR = 
--- TABLE #4 ---
    block: table_totl_PRO
    handle: 377CE
    layer: 0
    session: old/no-xdata
      1 = 
      2 = 
      3 = 637
      4 = 1401
      5 = 2982
      6 = 136
      7 = 
      8 = 
      9 = 
      10 = 
      11 = 
      12 = 
      13 = 
      AREA = 831
      ITOG = 5156
      CHPOL = 101
      DOSKA = 27
      LAG = 49
      PLITKA = 0
      VECTOR = 500
      PERP = 400
      LENGTH = 2434
      QC = 0
      QR = 0
--- TABLE #5 ---
    block: table_totl_PRO
    handle: 43426
    layer: 0
    session: old/no-xdata
      1 = 
      2 = 
      3 = 650
      4 = 1239
      5 = 2697
      6 = 123
      7 = 
      8 = 1
      9 = 
      10 = 
      11 = 
      12 = 
      13 = 
      AREA = 867
      ITOG = 4710
      CHPOL = 101
      DOSKA = 27
      LAG = 49
      PLITKA = 0
      VECTOR = 500
      PERP = 400
      LENGTH = 2107
      QC = 0
      QR = 0
--- TABLE #6 ---
    block: table_totl_PRO
    handle: 4641F
    layer: 0
    session: old/no-xdata
      1 = 
      2 = 
      3 = 456
      4 = 982
      5 = 2139
      6 = 94
      7 = 
      8 = 
      9 = 
      10 = 
      11 = 
      12 = 
      13 = 
      AREA = 831
      ITOG = 3671
      CHPOL = 101
      DOSKA = 27
      LAG = 49
      PLITKA = 0
      VECTOR = 500
      PERP = 500
      LENGTH = 1696
      QC = 0
      QR = 0
--- TABLE #7 ---
    block: OPOR_SUPPORT_SPEC_3D
    handle: 5736F
    layer: контур
    session: 20260728_165435-115154750
      SUP_3D_35_50 = 582
      SUP_3D_50_80 = 1584
      SUP_3D_80_140 = 109
      SUP_3D_95_155 = 
      SUP_3D_145_240 = 
      SUP_3D_160_270 = 
      SUP_3D_205_340 = 
      SUP_3D_235_400 = 
      SUP_3D_315_530 = 
      SUP_3D_390_660 = 
      SUP_TOTAL = 2275
--- TABLE #8 ---
    block: OPOR_PARAMS_EXTRA_ROW
    handle: 57386
    layer: контур
    session: 20260728_165435-115154750
      LABEL = Площадь объекта, м\U+00B2
      VALUE = 831
--- TABLE #9 ---
    block: OPOR_PARAMS_EXTRA_ROW
    handle: 5738A
    layer: контур
    session: 20260728_165435-115154750
      LABEL = Периметр объекта, м
      VALUE = 221.25
--- TABLE #10 ---
    block: OPOR_PARAMS_EXTRA_ROW
    handle: 5738E
    layer: контур
    session: 20260728_165435-115154750
      LABEL = Параметры финишного покрытия
      VALUE = Доска 160\U+00D727\U+00D73000
--- TABLE #11 ---
    block: OPOR_PARAMS_EXTRA_ROW
    handle: 57392
    layer: контур
    session: 20260728_165435-115154750
      LABEL = Кол-во плитки с подрезкой
      VALUE = 
--- TABLE #12 ---
    block: OPOR_PARAMS_EXTRA_ROW
    handle: 57396
    layer: контур
    session: 20260728_165435-115154750
      LABEL = Кол-во плитки без подрезки
      VALUE = 
--- TABLE #13 ---
    block: OPOR_PARAMS_EXTRA_ROW
    handle: 5739A
    layer: контур
    session: 20260728_165435-115154750
      LABEL = Кол-во доски с подрезкой
      VALUE = 655
--- TABLE #14 ---
    block: OPOR_PARAMS_EXTRA_ROW
    handle: 5739E
    layer: контур
    session: 20260728_165435-115154750
      LABEL = Кол-во доски без подрезки
      VALUE = 1382
--- TABLE #15 ---
    block: OPOR_PARAMS_EXTRA_ROW
    handle: 573A2
    layer: контур
    session: 20260728_165435-115154750
      LABEL = Параметры лаги
      VALUE = Frame 40\U+00D749мм
--- TABLE #16 ---
    block: OPOR_PARAMS_EXTRA_ROW
    handle: 573A6
    layer: контур
    session: 20260728_165435-115154750
      LABEL = Общая длина лаг, м
      VALUE = 1429
--- TABLE #17 ---
    block: OPOR_PARAMS_EXTRA_ROW
    handle: 573AA
    layer: контур
    session: 20260728_165435-115154750
      LABEL = Шаг опор вдоль лаги, мм
      VALUE = 600
--- TABLE #18 ---
    block: OPOR_PARAMS_EXTRA_ROW
    handle: 573AE
    layer: контур
    session: 20260728_165435-115154750
      LABEL = Шаг между лагами, мм
      VALUE = 600
--- TABLE #19 ---
    block: OPOR_PARAMS_EXTRA_ROW
    handle: 573B2
    layer: контур
    session: 20260728_165435-115154750
      LABEL = Отметка чистого пола, мм
      VALUE = 101
============================================
[OPOR] DONE | OPOR-DUMP-ALL-TOTAL-TABLES

Команда: 
Команда: _LOGFILEON

Команда: OPORTABLES

[OPOR] START | OPOR-DUMP-ALL-TOTAL-TABLES | DWG=фывфывфывфыв.dwg | ACADVER=24.2s (LMS Tech)
========== OPOR TOTAL TABLE BLOCKS ==========
--- TABLE #1 ---
    block: table_totl_1
    handle: 1DB89
    layer: _SG_Support
    session: old/no-xdata
      1 = 
      2 = 
      3 = 
      4 = 
      5 = 
      6 = 
      7 = 
      8 = 
      9 = 
      10 = 
      11 = 
      12 = 
      13 = 
      AREA = 
      ITOG = 
      CHPOL = 0
      DOSKA = 0
      LAG = 0
      PLITKA = 0
      VECTOR = 0
      PERP = 0
      LENGTH = 
      QC = 
      QR = 
--- TABLE #2 ---
    block: table_totl_3D
    handle: 2A2DA
    layer: _SG_Support
    session: old/no-xdata
      1 = 
      2 = 
      3 = 
      4 = 
      5 = 
      6 = 
      7 = 
      8 = 
      9 = 
      10 = 
      11 = 
      AREA = 
      ITOG = 
      CHPOL = 0
      DOSKA = 0
      LAG = 0
      PLITKA = 0
      VECTOR = 0
      PERP = 0
      LENGTH = 
      QC = 
      QR = 
--- TABLE #3 ---
    block: table_totl_PRO
    handle: 2AA14
    layer: _SG_Support
    session: old/no-xdata
      1 = 
      2 = 
      3 = 
      4 = 
      5 = 
      6 = 
      7 = 
      8 = 
      9 = 
      10 = 
      11 = 
      12 = 
      13 = 
      AREA = 
      ITOG = 
      CHPOL = 0
      DOSKA = 0
      LAG = 0
      PLITKA = 0
      VECTOR = 0
      PERP = 0
      LENGTH = 
      QC = 
      QR = 
--- TABLE #4 ---
    block: table_totl_PRO
    handle: 377CE
    layer: 0
    session: old/no-xdata
      1 = 
      2 = 
      3 = 637
      4 = 1401
      5 = 2982
      6 = 136
      7 = 
      8 = 
      9 = 
      10 = 
      11 = 
      12 = 
      13 = 
      AREA = 831
      ITOG = 5156
      CHPOL = 101
      DOSKA = 27
      LAG = 49
      PLITKA = 0
      VECTOR = 500
      PERP = 400
      LENGTH = 2434
      QC = 0
      QR = 0
--- TABLE #5 ---
    block: table_totl_PRO
    handle: 43426
    layer: 0
    session: old/no-xdata
      1 = 
      2 = 
      3 = 650
      4 = 1239
      5 = 2697
      6 = 123
      7 = 
      8 = 1
      9 = 
      10 = 
      11 = 
      12 = 
      13 = 
      AREA = 867
      ITOG = 4710
      CHPOL = 101
      DOSKA = 27
      LAG = 49
      PLITKA = 0
      VECTOR = 500
      PERP = 400
      LENGTH = 2107
      QC = 0
      QR = 0
--- TABLE #6 ---
    block: table_totl_PRO
    handle: 4641F
    layer: 0
    session: old/no-xdata
      1 = 
      2 = 
      3 = 456
      4 = 982
      5 = 2139
      6 = 94
      7 = 
      8 = 
      9 = 
      10 = 
      11 = 
      12 = 
      13 = 
      AREA = 831
      ITOG = 3671
      CHPOL = 101
      DOSKA = 27
      LAG = 49
      PLITKA = 0
      VECTOR = 500
      PERP = 500
      LENGTH = 1696
      QC = 0
      QR = 0
--- TABLE #7 ---
    block: OPOR_SUPPORT_SPEC_3D
    handle: 5736F
    layer: контур
    session: 20260728_165435-115154750
      SUP_3D_35_50 = 582
      SUP_3D_50_80 = 1584
      SUP_3D_80_140 = 109
      SUP_3D_95_155 = 
      SUP_3D_145_240 = 
      SUP_3D_160_270 = 
      SUP_3D_205_340 = 
      SUP_3D_235_400 = 
      SUP_3D_315_530 = 
      SUP_3D_390_660 = 
      SUP_TOTAL = 2275
--- TABLE #8 ---
    block: OPOR_PARAMS_EXTRA_ROW
    handle: 57386
    layer: контур
    session: 20260728_165435-115154750
      LABEL = Площадь объекта, м\U+00B2
      VALUE = 831
--- TABLE #9 ---
    block: OPOR_PARAMS_EXTRA_ROW
    handle: 5738A
    layer: контур
    session: 20260728_165435-115154750
      LABEL = Периметр объекта, м
      VALUE = 221.25
--- TABLE #10 ---
    block: OPOR_PARAMS_EXTRA_ROW
    handle: 5738E
    layer: контур
    session: 20260728_165435-115154750
      LABEL = Параметры финишного покрытия
      VALUE = Доска 160\U+00D727\U+00D73000
--- TABLE #11 ---
    block: OPOR_PARAMS_EXTRA_ROW
    handle: 57392
    layer: контур
    session: 20260728_165435-115154750
      LABEL = Кол-во плитки с подрезкой
      VALUE = 
--- TABLE #12 ---
    block: OPOR_PARAMS_EXTRA_ROW
    handle: 57396
    layer: контур
    session: 20260728_165435-115154750
      LABEL = Кол-во плитки без подрезки
      VALUE = 
--- TABLE #13 ---
    block: OPOR_PARAMS_EXTRA_ROW
    handle: 5739A
    layer: контур
    session: 20260728_165435-115154750
      LABEL = Кол-во доски с подрезкой
      VALUE = 655
--- TABLE #14 ---
    block: OPOR_PARAMS_EXTRA_ROW
    handle: 5739E
    layer: контур
    session: 20260728_165435-115154750
      LABEL = Кол-во доски без подрезки
      VALUE = 1382
--- TABLE #15 ---
    block: OPOR_PARAMS_EXTRA_ROW
    handle: 573A2
    layer: контур
    session: 20260728_165435-115154750
      LABEL = Параметры лаги
      VALUE = Frame 40\U+00D749мм
--- TABLE #16 ---
    block: OPOR_PARAMS_EXTRA_ROW
    handle: 573A6
    layer: контур
    session: 20260728_165435-115154750
      LABEL = Общая длина лаг, м
      VALUE = 1429
--- TABLE #17 ---
    block: OPOR_PARAMS_EXTRA_ROW
    handle: 573AA
    layer: контур
    session: 20260728_165435-115154750
      LABEL = Шаг опор вдоль лаги, мм
      VALUE = 600
--- TABLE #18 ---
    block: OPOR_PARAMS_EXTRA_ROW
    handle: 573AE
    layer: контур
    session: 20260728_165435-115154750
      LABEL = Шаг между лагами, мм
      VALUE = 600
--- TABLE #19 ---
    block: OPOR_PARAMS_EXTRA_ROW
    handle: 573B2
    layer: контур
    session: 20260728_165435-115154750
      LABEL = Отметка чистого пола, мм
      VALUE = 101
============================================
[OPOR] DONE | OPOR-DUMP-ALL-TOTAL-TABLES

Команда: 
Команда: 
Команда: *Прервано*

Команда: 
Команда: *Прервано*

Команда: 
Команда: *Прервано*

Команда: Задайте противоположный угол или [Линия/РМн-угол/СМн-угол]: 
Команда: *Прервано*

Команда: Задайте противоположный угол или [Линия/РМн-угол/СМн-угол]: 
Команда: *Прервано*

Команда: Задайте противоположный угол или [Линия/РМн-угол/СМн-угол]: 
Команда: *Прервано*

Команда: Задайте противоположный угол или [Линия/РМн-угол/СМн-угол]: 
Команда: *Прервано*

Команда: Задайте противоположный угол или [Линия/РМн-угол/СМн-угол]: 
Команда: *Прервано*

Команда: Задайте противоположный угол или [Линия/РМн-угол/СМн-угол]: 
Команда: *Прервано*

Команда: 
Автоматическое сохранение в C:\Users\user\AppData\Local\Temp\фывфывфывфыв_1_20983_8b160e26.sv$ ...

Команда: 
Команда: 
Команда: 
Автоматическое сохранение в C:\Users\user\AppData\Local\Temp\фывфывфывфыв_1_20983_8b160e26.sv$ ...

Команда: 
Команда: 
**** Системные переменные не изменены ****

Команда: 
Команда: 
**** Системные переменные не изменены ****

Команда: 
**** Системные переменные не изменены ****

Команда: Задайте противоположный угол или [Линия/РМн-угол/СМн-угол]: 
Команда: 
**** Системные переменные не изменены ****

Команда: 
Команда: 
Команда: 
Команда: _copyclip найдено: 1

Команда: *Прервано*

Команда: 
**** Системные переменные не изменены ****

Команда: 
**** Системные переменные не изменены ****

Команда: 
Автоматическое сохранение в C:\Users\user\AppData\Local\Temp\фывфывфывфыв_1_20983_8b160e26.sv$ ...

Команда: 
Команда: 
Команда: *Прервано*

Команда: *Прервано*

Команда:  
Команда: 
