[ AutoCAD - Fri Jul 24 11:52:37 2026  ]----------------------------------------
Выполняется регенерация модели.


Утилиты меню AutoCAD загружены.
Команда: 
Команда: 

Команда: 
Команда:  <Сетка откл> 
Команда: 
Команда: 
Команда: _attach 
Вставка Вн-ссылки "15.2_ОРУД кабель": C:\Users\user\Documents\Таран\Соколиная гора\15.2\КР3\нови\2026.07.23_Участок 15.2_СПС\СЕТИ ЗАДАНИЕ\15.2_ОРУД кабель.dwg
Чертеж "15.2_ОРУД кабель" загружен.

Команда: '_.zoom 
Укажите угол рамки, введите масштаб (nX или nXП), или 
[Все/Центр/Динамика/Границы/Предыдущий/Масштаб/Рамка/Объект] <реальное время>: _e Выполняется регенерация модели.

Команда: Выполняется регенерация модели.

Команда: 
Команда: _attach 
Вставка Вн-ссылки "15.2_НСС МПТЦ-подключение": C:\Users\user\Documents\Таран\Соколиная гора\15.2\КР3\нови\2026.07.23_Участок 15.2_СПС\Сети прокладка (подключение)_НАШИ\15.2_НСС МПТЦ-подключение.dwg
Чертеж "15.2_НСС МПТЦ-подключение" загружен.

Вставка Вн-ссылки "15.2_ВЫПУСКА ВОДОСТОК": C:\Users\user\Documents\Таран\Соколиная гора\15.2\КР3\нови\2026.07.23_Участок 15.2_СПС\Сети прокладка (подключение)_НАШИ\15.2_ВЫПУСКА ВОДОСТОК.dwg
Чертеж "15.2_ВЫПУСКА ВОДОСТОК" загружен.

Вставка Вн-ссылки "15.2_ВЫПУСКА К1_подключение": C:\Users\user\Documents\Таран\Соколиная гора\15.2\КР3\нови\2026.07.23_Участок 15.2_СПС\Сети прокладка (подключение)_НАШИ\15.2_ВЫПУСКА К1_подключение.dwg
Чертеж "15.2_ВЫПУСКА К1_подключение" загружен.

Вставка Вн-ссылки "15.2_НО_подключение": C:\Users\user\Documents\Таран\Соколиная гора\15.2\КР3\нови\2026.07.23_Участок 15.2_СПС\Сети прокладка (подключение)_НАШИ\15.2_НО_подключение.dwg
Чертеж "15.2_НО_подключение" загружен.

Команда: Задайте противоположный угол или [Линия/РМн-угол/СМн-угол]: 
Команда: *Прервано*

Команда: Задайте противоположный угол или [Линия/РМн-угол/СМн-угол]: 
Команда: *Прервано*

Команда: Задайте противоположный угол или [Линия/РМн-угол/СМн-угол]: 
Команда: *Прервано*

Команда: Задайте противоположный угол или [Линия/РМн-угол/СМн-угол]: 
Команда: *Прервано*

Команда: 
Команда: 
Команда: _attach 
Вставка Вн-ссылки "15.2_РТ  перекладка": C:\Users\user\Documents\Таран\Соколиная гора\15.2\КР3\нови\2026.07.23_Участок 15.2_СПС\Сети_демонтаж (перекладка)_НАШИ\15.2_РТ  перекладка.dwg
Чертеж "15.2_РТ  перекладка" загружен.

Вставка Вн-ссылки "15.2_Водопровод_кресты": C:\Users\user\Documents\Таран\Соколиная гора\15.2\КР3\нови\2026.07.23_Участок 15.2_СПС\Сети_демонтаж (перекладка)_НАШИ\15.2_Водопровод_кресты.dwg
Чертеж "15.2_Водопровод_кресты" загружен.

Вставка Вн-ссылки "15.2_Канализация_кресты": C:\Users\user\Documents\Таран\Соколиная гора\15.2\КР3\нови\2026.07.23_Участок 15.2_СПС\Сети_демонтаж (перекладка)_НАШИ\15.2_Канализация_кресты.dwg
Чертеж "15.2_Канализация_кресты" загружен.

Вставка Вн-ссылки "15.2_КЛ_демонтаж": C:\Users\user\Documents\Таран\Соколиная гора\15.2\КР3\нови\2026.07.23_Участок 15.2_СПС\Сети_демонтаж (перекладка)_НАШИ\15.2_КЛ_демонтаж.dwg
Чертеж "15.2_КЛ_демонтаж" загружен.

Вставка Вн-ссылки "15.2_МГТС демонтаж": C:\Users\user\Documents\Таран\Соколиная гора\15.2\КР3\нови\2026.07.23_Участок 15.2_СПС\Сети_демонтаж (перекладка)_НАШИ\15.2_МГТС демонтаж.dwg
Чертеж "15.2_МГТС демонтаж" загружен.

Вставка Вн-ссылки "15.2_НО_перекладка": C:\Users\user\Documents\Таран\Соколиная гора\15.2\КР3\нови\2026.07.23_Участок 15.2_СПС\Сети_демонтаж (перекладка)_НАШИ\15.2_НО_перекладка.dwg
Чертеж "15.2_НО_перекладка" загружен.

Вставка Вн-ссылки "15.2_План ТС_БАЙПАС": C:\Users\user\Documents\Таран\Соколиная гора\15.2\КР3\нови\2026.07.23_Участок 15.2_СПС\Сети_демонтаж (перекладка)_НАШИ\15.2_План ТС_БАЙПАС.dwg
Чертеж "15.2_План ТС_БАЙПАС" загружен.

Вставка Вн-ссылки "15.2_План ТС_для СПС": C:\Users\user\Documents\Таран\Соколиная гора\15.2\КР3\нови\2026.07.23_Участок 15.2_СПС\Сети_демонтаж (перекладка)_НАШИ\15.2_План ТС_для СПС.dwg
Чертеж "15.2_План ТС_для СПС" загружен.

Команда: AIPALETTE

Команда: *Прервано*

Команда: 
Команда: 
Команда: _attach 
Вставка Вн-ссылки "15.2_КОТЛОВАН": C:\Users\user\Documents\Таран\Соколиная гора\15.2\КР3\нови\2026.07.23_Участок 15.2_СПС\ПОДГРУЗКИ_ОБЩИЕ\15.2_КОТЛОВАН.dwg
Чертеж "15.2_КОТЛОВАН" загружен.

Команда: 
Команда: *Прервано*

Команда: 
Команда: *Прервано*

Команда: 
Команда: 
Команда: _qsave 
