[ AutoCAD - Thu Jul 23 21:31:07 2026  ]----------------------------------------
Подстановка [simplex.shx] вместо [GOST B].
Выполняется регенерация модели.


Утилиты меню AutoCAD загружены.
Команда: 
Команда: 

Команда: 
Команда: Выполняется регенерация листов.
Выполняется регенерация модели.
Выполняется регенерация листов.
Выполняется регенерация модели.
*Прервано*

Команда: Задайте противоположный угол или [Линия/РМн-угол/СМн-угол]: 
Команда: *Прервано*

Команда: *Прервано*

Команда: *Прервано*

Команда:   <Переход на: _SG_LIST_STATEMENT>
Выполняется регенерация листов.

Команда: *Прервано*

Команда: *Прервано*

Команда:   <Переход на: Модель>
Выполняется регенерация модели.

Команда: Задайте противоположный угол или [Линия/РМн-угол/СМн-угол]: 
Команда: *Прервано*

Команда: 
Команда: *Прервано*

Команда: *Прервано*

Команда:  
Команда: 
