[ AutoCAD - Fri Jul 17 14:15:00 2026  ]----------------------------------------

Открывается файл формата AutoCAD 2018.

Разрешить Вн-ссылки "output[1-7]": .\33866-25\output[1-7].dwg
"output[1-7].dwg" не найдена.

Разрешить Вн-ссылки "ПОСАДКА ОБЩАЯ": .\ПОДГРУЗКИ ОБЩИЕ\ПОСАДКА ОБЩАЯ.dwg
"ПОСАДКА ОБЩАЯ.dwg" не найдена.

Разрешить Вн-ссылки "6.2.2_Водопровод_СОХРАННОСТЬ": .\СЕТИ_СОХРАННОСТЬ\6.2.2_Водопровод_СОХРАННОСТЬ.dwg
"6.2.2_Водопровод_СОХРАННОСТЬ.dwg" не найдена.

Разрешить Вн-ссылки "6.1.1_СЕТИ РОССЕТИ_кресты": .\СЕТИ ВЫНОС+ДЕМОНТАЖ\6.1.1_СЕТИ РОССЕТИ_кресты.dwg
"6.1.1_СЕТИ РОССЕТИ_кресты.dwg" не найдена.

Разрешить Вн-ссылки "6.1.1_СЕТИ НО_кресты": .\СЕТИ ВЫНОС+ДЕМОНТАЖ\6.1.1_СЕТИ НО_кресты.dwg
"6.1.1_СЕТИ НО_кресты.dwg" не найдена.

Разрешить Вн-ссылки "6.2.2_КАБЕЛИ_СОХРАННОСТЬ": .\СЕТИ_СОХРАННОСТЬ\6.2.2_КАБЕЛИ_СОХРАННОСТЬ.dwg
"6.2.2_КАБЕЛИ_СОХРАННОСТЬ.dwg" не найдена.

Разрешить Вн-ссылки "6.2.2_ТС_СОХРАННОСТЬ": .\СЕТИ_СОХРАННОСТЬ\6.2.2_ТС_СОХРАННОСТЬ.dwg
"6.2.2_ТС_СОХРАННОСТЬ.dwg" не найдена.

Разрешить Вн-ссылки "6.1.1_СЕТИ ГАЗА_кресты": .\СЕТИ ВЫНОС+ДЕМОНТАЖ\6.1.1_СЕТИ ГАЗА_кресты.dwg
"6.1.1_СЕТИ ГАЗА_кресты.dwg" не найдена.

Разрешить Вн-ссылки "6.1.2_СЕТИ РОССЕТИ_кресты": .\СЕТИ ВЫНОС+ДЕМОНТАЖ\6.1.2_СЕТИ РОССЕТИ_кресты.dwg
"6.1.2_СЕТИ РОССЕТИ_кресты.dwg" не найдена.

Разрешить Вн-ссылки "1.4_СУЩЕСТВУЮЩИЕ ЗДАНИЯ": .\ПОДГРУЗКИ ОБЩИЕ\1.4_СУЩЕСТВУЮЩИЕ ЗДАНИЯ.dwg
"1.4_СУЩЕСТВУЮЩИЕ ЗДАНИЯ.dwg" не найдена.

Разрешить Вн-ссылки "6_СЕТИ СВЯЗИ_кресты": .\СЕТИ ВЫНОС+ДЕМОНТАЖ\6_СЕТИ СВЯЗИ_кресты.dwg
"6_СЕТИ СВЯЗИ_кресты.dwg" не найдена.

Разрешить Вн-ссылки "6_СЕТИ ЭС_кресты": .\СЕТИ ВЫНОС+ДЕМОНТАЖ\6_СЕТИ ЭС_кресты.dwg
"6_СЕТИ ЭС_кресты.dwg" не найдена.

Разрешить Вн-ссылки "6_Канализация_кресты": .\СЕТИ ВЫНОС+ДЕМОНТАЖ\6_Канализация_кресты.dwg
"6_Канализация_кресты.dwg" не найдена.

Разрешить Вн-ссылки "6_Водосток_кресты": .\СЕТИ ВЫНОС+ДЕМОНТАЖ\6_Водосток_кресты.dwg
"6_Водосток_кресты.dwg" не найдена.

Разрешить Вн-ссылки "6_Водопровод_кресты": .\СЕТИ ВЫНОС+ДЕМОНТАЖ\6_Водопровод_кресты.dwg
"6_Водопровод_кресты.dwg" не найдена.

Разрешить Вн-ссылки "6_СЕТИ МТС (теплотрасса)_кресты": .\СЕТИ ВЫНОС+ДЕМОНТАЖ\6_СЕТИ МТС (теплотрасса)_кресты.dwg
"6_СЕТИ МТС (теплотрасса)_кресты.dwg" не найдена.

Разрешить Вн-ссылки "6_СОХРАННОСТЬ ЗДАНИЙ": .\ПОДГРУЗКИ ОБЩИЕ\6_СОХРАННОСТЬ ЗДАНИЙ.dwg
"6_СОХРАННОСТЬ ЗДАНИЙ.dwg" не найдена.

Разрешить Вн-ссылки "6.2.2_Канализация_СОХРАННОСТЬ": .\СЕТИ_СОХРАННОСТЬ\6.2.2_Канализация_СОХРАННОСТЬ.dwg
"6.2.2_Канализация_СОХРАННОСТЬ.dwg" не найдена.

Разрешить Вн-ссылки "6.2_СНОСИМОЕ ЗДАНИЕ": .\ПОДГРУЗКИ ОБЩИЕ\6.2_СНОСИМОЕ ЗДАНИЕ.dwg
"6.2_СНОСИМОЕ ЗДАНИЕ.dwg" не найдена.

Разрешить Вн-ссылки "ВЕРТИКАЛКА ОБЩАЯ": .\ПОДГРУЗКИ ОБЩИЕ\ВЕРТИКАЛКА ОБЩАЯ.dwg
"ВЕРТИКАЛКА ОБЩАЯ.dwg" не найдена.

Разрешить Вн-ссылки "6_Ввод Водопровод": .\СЕТИ ПОДКЛЮЧЕНИЕ\6_Ввод Водопровод.dwg
"6_Ввод Водопровод.dwg" не найдена.

Разрешить Вн-ссылки "6_Ввод теплосети": .\СЕТИ ПОДКЛЮЧЕНИЕ\6_Ввод теплосети.dwg
"6_Ввод теплосети.dwg" не найдена.

Разрешить Вн-ссылки "6_ВЫПУСКА ВОДОСТОК": .\СЕТИ ПОДКЛЮЧЕНИЕ\6_ВЫПУСКА ВОДОСТОК.dwg
"6_ВЫПУСКА ВОДОСТОК.dwg" не найдена.

Разрешить Вн-ссылки "6_ВЫПУСКА КАНАЛИЗАЦИИ": .\СЕТИ ПОДКЛЮЧЕНИЕ\6_ВЫПУСКА КАНАЛИЗАЦИИ.dwg
"6_ВЫПУСКА КАНАЛИЗАЦИИ.dwg" не найдена.

Разрешить Вн-ссылки "!ГИП_ДК_ТРАССА": .\СЕТИ ГОРИНЖ\!ГИП_ДК_ТРАССА.dwg
"!ГИП_ДК_ТРАССА.dwg" не найдена.

Разрешить Вн-ссылки "!ГИП_НО_ТРАССА": .\СЕТИ ГОРИНЖ\!ГИП_НО_ТРАССА.dwg
"!ГИП_НО_ТРАССА.dwg" не найдена.

Разрешить Вн-ссылки "6_СГП_демонтаж_Водопровод": .\СТРОЙГЕНПЛАН\6_СГП_демонтаж_Водопровод.dwg
"6_СГП_демонтаж_Водопровод.dwg" не найдена.

Разрешить Вн-ссылки "6_КОТЛОВАН_ДОМА": .\ПОДГРУЗКИ ОБЩИЕ\6_КОТЛОВАН_ДОМА.dwg
"6_КОТЛОВАН_ДОМА.dwg" не найдена.

Разрешить Вн-ссылки "6_НО_наружное освещение": .\СЕТИ ПОДКЛЮЧЕНИЕ\6_НО_наружное освещение.dwg
"6_НО_наружное освещение.dwg" не найдена.

Разрешить Вн-ссылки "6_СНОСИМОЕ ЗДАНИЕ": .\ПОДГРУЗКИ ОБЩИЕ\6_СНОСИМОЕ ЗДАНИЕ.dwg
"6_СНОСИМОЕ ЗДАНИЕ.dwg" не найдена.

Разрешить Вн-ссылки "6_ПОСАДКА ЧИСТАЯ": .\ПОДГРУЗКИ ОБЩИЕ\6_ПОСАДКА ЧИСТАЯ.dwg
"6_ПОСАДКА ЧИСТАЯ.dwg" не найдена.

Разрешить Вн-ссылки "6_ТС_ЛОГИСТИК": .\СЕТИ ЛОГИСТИК-ГРУПП\6_ТС_ЛОГИСТИК.dwg
"6_ТС_ЛОГИСТИК.dwg" не найдена.

Разрешить Вн-ссылки "6_ВОДА_ЛОГИСТИК": .\СЕТИ ЛОГИСТИК-ГРУПП\6_ВОДА_ЛОГИСТИК.dwg
"6_ВОДА_ЛОГИСТИК.dwg" не найдена.

Разрешить Вн-ссылки "6_ТС_ЛОГИСТИК_ВАР 2": .\СЕТИ ЛОГИСТИК-ГРУПП\6_ТС_ЛОГИСТИК_ВАР 2.dwg
"6_ТС_ЛОГИСТИК_ВАР 2.dwg" не найдена.

Разрешить Вн-ссылки "6_ТС_ЛОГИСТИК_ВАР 1": .\СЕТИ ЛОГИСТИК-ГРУПП\6_ТС_ЛОГИСТИК_ВАР 1.dwg
"6_ТС_ЛОГИСТИК_ВАР 1.dwg" не найдена.

Вн-ссылки "output[1-7]_brd": .\33866-25\output[1-7]_brd.dwg
Элемент "output[1-7]_brd" разорван.

Вн-ссылки "output[1-7]_3_3866-25tp": .\33866-25\output[1-7]_3_3866-25tp.dwg
Элемент "output[1-7]_3_3866-25tp" разорван.

Вн-ссылки "output[1-7]_3_3866-25up": .\33866-25\output[1-7]_3_3866-25up.dwg
Элемент "output[1-7]_3_3866-25up" разорван.

Вн-ссылки "output[1-7]_3_3866-25pp": .\33866-25\output[1-7]_3_3866-25pp.dwg
Элемент "output[1-7]_3_3866-25pp" разорван.

Вн-ссылки "output[1-7]_3_3866-25kl": .\33866-25\output[1-7]_3_3866-25kl.dwg
Элемент "output[1-7]_3_3866-25kl" разорван.

Вн-ссылки "output[1-7]_edge001": .\33866-25\output[1-7]_edge001.dwg
Элемент "output[1-7]_edge001" разорван.

Вн-ссылки "output[1-7]_edge002": .\33866-25\output[1-7]_edge002.dwg
Элемент "output[1-7]_edge002" разорван.

Вн-ссылки "output[1-7]_edge003": .\33866-25\output[1-7]_edge003.dwg
Элемент "output[1-7]_edge003" разорван.

Вн-ссылки "output[1-7]_edge004": .\33866-25\output[1-7]_edge004.dwg
Элемент "output[1-7]_edge004" разорван.

Вн-ссылки "output[1-7]_edge005": .\33866-25\output[1-7]_edge005.dwg
Элемент "output[1-7]_edge005" разорван.

Вн-ссылки "output[1-7]_edge006": .\33866-25\output[1-7]_edge006.dwg
Элемент "output[1-7]_edge006" разорван.

Вн-ссылки "output[1-7]_edge007": .\33866-25\output[1-7]_edge007.dwg
Элемент "output[1-7]_edge007" разорван.
Выполняется регенерация модели.


Утилиты меню AutoCAD загружены.
Команда: 

Файл Autodesk DWG. Это файл формата TrustedDWG, сохраненный в приложении Autodesk или в приложении, лицензированном корпорацией Autodesk.

Команда: 
Самотест: шаг 1 из 32 — Перезагрузка правил…
Самотест: шаг 2 из 32 — Анализ слоёв…
Самотест: шаг 3 из 32 — Качество слоёв…
Самотест: шаг 4 из 32 — Отчёт по слоям…
Самотест: шаг 5 из 32 — Ошибки слоёв…
Самотест: шаг 6 из 32 — Гео-аудит…
Самотест: шаг 7 из 32 — Гео неизвестное…
Самотест: шаг 8 из 32 — Кандидаты в правила…
Самотест: шаг 9 из 32 — Диагностика слоёв…
Самотест: шаг 10 из 32 — Экспорт Markdown…
Самотест: шаг 11 из 32 — Экспорт Excel…
Самотест: шаг 12 из 32 — Дамп слоёв…
Самотест: шаг 13 из 32 — Режим «CleanView» + возврат…
Самотест: шаг 14 из 32 — Режим «TextOff» + возврат…
Самотест: шаг 15 из 32 — Режим «CalloutsOff» + возврат…
Самотест: шаг 16 из 32 — Режим «SPS» + возврат…
Самотест: шаг 17 из 32 — Режим «FireAlarm» + возврат…
Самотест: шаг 18 из 32 — Режим «Networks» + возврат…
Самотест: шаг 19 из 32 — Режим «Preservation» + возврат…
Самотест: шаг 20 из 32 — Режим «Demolition» + возврат…
Самотест: шаг 21 из 32 — Режим «Restore» + возврат…
Самотест: шаг 22 из 32 — Сценарий «Сводный план сетей» + возврат…
Самотест: шаг 23 из 32 — Сценарий «Котлован + сети на демонтаж» + возврат…
Самотест: шаг 24 из 32 — Сценарий «Подключение выбранной сети» + возврат…
Самотест: шаг 25 из 32 — Паспорт: снять…
Самотест: шаг 26 из 32 — Паспорт: сравнить…
Самотест: шаг 27 из 32 — Ручная проверка: снимок…
Самотест: шаг 28 из 32 — Ручная проверка: сравнение…
Самотест: шаг 29 из 32 — Разделение слоя: план…
Самотест: шаг 30 из 32 — Эталон: профиль + план разбора…
Самотест: шаг 31 из 32 — Удаление пустых слоёв…
Самотест: шаг 32 из 32 — Чистка слоя 0…
