[ AutoCAD - Fri Jul 17 14:10:13 2026  ]----------------------------------------

Файл адаптации загружен успешно. Группа адаптации: ACAD
Файл адаптации загружен успешно. Группа адаптации: CUSTOM
Файл адаптации загружен успешно. Группа адаптации: MODELDOC
Файл адаптации загружен успешно. Группа адаптации: EXPRESS
Файл адаптации загружен успешно. Группа адаптации: APPMANAGER
Загружается модуль База AD...
Загружается модуль Удлиненная AD-база...
Загружается модуль AEC Core...

Открытие файла AutoCAD 2013/LT 2013.

Разрешить Вн-ссылки "output[1-7]": .\33866-25\output[1-7].dwg

Загружаются DLL-файлы для работы с моделями.
"output[1-7]" загружена: C:\Users\user\Documents\AcadAssistant Smoke\20260717-140439-alpha.3\01_KRT\work\33866-25\output[1-7].dwg
Файл ссылки "output[1-7]", возможно, изменился с момента последнего сохранения главного чертежа.

Разрешить Вн-ссылки "output[1-7]_brd": .\33866-25\output[1-7]_brd.dwg
"output[1-7]_brd" загружена: C:\Users\user\Documents\AcadAssistant Smoke\20260717-140439-alpha.3\01_KRT\work\33866-25\output[1-7]_brd.dwg
Файл ссылки "output[1-7]_brd", возможно, изменился с момента последнего сохранения главного чертежа.

Разрешить Вн-ссылки "output[1-7]_3_3866-25tp": .\33866-25\output[1-7]_3_3866-25tp.dwg
"output[1-7]_3_3866-25tp" загружена: C:\Users\user\Documents\AcadAssistant Smoke\20260717-140439-alpha.3\01_KRT\work\33866-25\output[1-7]_3_3866-25tp.dwg
Файл ссылки "output[1-7]_3_3866-25tp", возможно, изменился с момента последнего сохранения главного чертежа.

Разрешить Вн-ссылки "output[1-7]_3_3866-25up": .\33866-25\output[1-7]_3_3866-25up.dwg
"output[1-7]_3_3866-25up" загружена: C:\Users\user\Documents\AcadAssistant Smoke\20260717-140439-alpha.3\01_KRT\work\33866-25\output[1-7]_3_3866-25up.dwg
Файл ссылки "output[1-7]_3_3866-25up", возможно, изменился с момента последнего сохранения главного чертежа.

Разрешить Вн-ссылки "output[1-7]_3_3866-25pp": .\33866-25\output[1-7]_3_3866-25pp.dwg
"output[1-7]_3_3866-25pp" загружена: C:\Users\user\Documents\AcadAssistant Smoke\20260717-140439-alpha.3\01_KRT\work\33866-25\output[1-7]_3_3866-25pp.dwg
Файл ссылки "output[1-7]_3_3866-25pp", возможно, изменился с момента последнего сохранения главного чертежа.

Разрешить Вн-ссылки "output[1-7]_3_3866-25kl": .\33866-25\output[1-7]_3_3866-25kl.dwg
"output[1-7]_3_3866-25kl" загружена: C:\Users\user\Documents\AcadAssistant Smoke\20260717-140439-alpha.3\01_KRT\work\33866-25\output[1-7]_3_3866-25kl.dwg
Файл ссылки "output[1-7]_3_3866-25kl", возможно, изменился с момента последнего сохранения главного чертежа.

Разрешить Вн-ссылки "output[1-7]_edge001": .\33866-25\output[1-7]_edge001.dwg
"output[1-7]_edge001" загружена: C:\Users\user\Documents\AcadAssistant Smoke\20260717-140439-alpha.3\01_KRT\work\33866-25\output[1-7]_edge001.dwg
Файл ссылки "output[1-7]_edge001", возможно, изменился с момента последнего сохранения главного чертежа.

Разрешить Вн-ссылки "output[1-7]_edge002": .\33866-25\output[1-7]_edge002.dwg
"output[1-7]_edge002" загружена: C:\Users\user\Documents\AcadAssistant Smoke\20260717-140439-alpha.3\01_KRT\work\33866-25\output[1-7]_edge002.dwg
Файл ссылки "output[1-7]_edge002", возможно, изменился с момента последнего сохранения главного чертежа.

Разрешить Вн-ссылки "output[1-7]_edge003": .\33866-25\output[1-7]_edge003.dwg
"output[1-7]_edge003" загружена: C:\Users\user\Documents\AcadAssistant Smoke\20260717-140439-alpha.3\01_KRT\work\33866-25\output[1-7]_edge003.dwg
Файл ссылки "output[1-7]_edge003", возможно, изменился с момента последнего сохранения главного чертежа.

Разрешить Вн-ссылки "output[1-7]_edge004": .\33866-25\output[1-7]_edge004.dwg
"output[1-7]_edge004" загружена: C:\Users\user\Documents\AcadAssistant Smoke\20260717-140439-alpha.3\01_KRT\work\33866-25\output[1-7]_edge004.dwg
Файл ссылки "output[1-7]_edge004", возможно, изменился с момента последнего сохранения главного чертежа.

Разрешить Вн-ссылки "output[1-7]_edge005": .\33866-25\output[1-7]_edge005.dwg
"output[1-7]_edge005" загружена: C:\Users\user\Documents\AcadAssistant Smoke\20260717-140439-alpha.3\01_KRT\work\33866-25\output[1-7]_edge005.dwg
Файл ссылки "output[1-7]_edge005", возможно, изменился с момента последнего сохранения главного чертежа.

Разрешить Вн-ссылки "output[1-7]_edge006": .\33866-25\output[1-7]_edge006.dwg
"output[1-7]_edge006" загружена: C:\Users\user\Documents\AcadAssistant Smoke\20260717-140439-alpha.3\01_KRT\work\33866-25\output[1-7]_edge006.dwg
Файл ссылки "output[1-7]_edge006", возможно, изменился с момента последнего сохранения главного чертежа.

Разрешить Вн-ссылки "output[1-7]_edge007": .\33866-25\output[1-7]_edge007.dwg
"output[1-7]_edge007" загружена: C:\Users\user\Documents\AcadAssistant Smoke\20260717-140439-alpha.3\01_KRT\work\33866-25\output[1-7]_edge007.dwg
Файл ссылки "output[1-7]_edge007", возможно, изменился с момента последнего сохранения главного чертежа.

Разрешить Вн-ссылки "ПОСАДКА ОБЩАЯ": .\ПОДГРУЗКИ ОБЩИЕ\ПОСАДКА ОБЩАЯ.dwg
"ПОСАДКА ОБЩАЯ" загружена: C:\Users\user\Documents\AcadAssistant Smoke\20260717-140439-alpha.3\01_KRT\work\ПОДГРУЗКИ ОБЩИЕ\ПОСАДКА ОБЩАЯ.dwg
Файл ссылки "ПОСАДКА ОБЩАЯ", возможно, изменился с момента последнего сохранения главного чертежа.

Разрешить Вн-ссылки "6.2.2_Водопровод_СОХРАННОСТЬ": .\СЕТИ_СОХРАННОСТЬ\6.2.2_Водопровод_СОХРАННОСТЬ.dwg
Загружается модуль AEC Project Base...
Загружается модуль Архитектурная база AD...
Загружается модуль Спецификация AD...
"6.2.2_Водопровод_СОХРАННОСТЬ" загружена: C:\Users\user\Documents\AcadAssistant Smoke\20260717-140439-alpha.3\01_KRT\work\СЕТИ_СОХРАННОСТЬ\6.2.2_Водопровод_СОХРАННОСТЬ.dwg
Файл ссылки "6.2.2_Водопровод_СОХРАННОСТЬ", возможно, изменился с момента последнего сохранения главного чертежа.

Разрешить Вн-ссылки "6.1.1_СЕТИ РОССЕТИ_кресты": .\СЕТИ ВЫНОС+ДЕМОНТАЖ\6.1.1_СЕТИ РОССЕТИ_кресты.dwg
"6.1.1_СЕТИ РОССЕТИ_кресты" загружена: C:\Users\user\Documents\AcadAssistant Smoke\20260717-140439-alpha.3\01_KRT\work\СЕТИ ВЫНОС+ДЕМОНТАЖ\6.1.1_СЕТИ РОССЕТИ_кресты.dwg
Файл ссылки "6.1.1_СЕТИ РОССЕТИ_кресты", возможно, изменился с момента последнего сохранения главного чертежа.

Разрешить Вн-ссылки "6.1.1_СЕТИ НО_кресты": .\СЕТИ ВЫНОС+ДЕМОНТАЖ\6.1.1_СЕТИ НО_кресты.dwg
"6.1.1_СЕТИ НО_кресты" загружена: C:\Users\user\Documents\AcadAssistant Smoke\20260717-140439-alpha.3\01_KRT\work\СЕТИ ВЫНОС+ДЕМОНТАЖ\6.1.1_СЕТИ НО_кресты.dwg
Файл ссылки "6.1.1_СЕТИ НО_кресты", возможно, изменился с момента последнего сохранения главного чертежа.

Разрешить Вн-ссылки "6.2.2_КАБЕЛИ_СОХРАННОСТЬ": .\СЕТИ_СОХРАННОСТЬ\6.2.2_КАБЕЛИ_СОХРАННОСТЬ.dwg
"6.2.2_КАБЕЛИ_СОХРАННОСТЬ" загружена: C:\Users\user\Documents\AcadAssistant Smoke\20260717-140439-alpha.3\01_KRT\work\СЕТИ_СОХРАННОСТЬ\6.2.2_КАБЕЛИ_СОХРАННОСТЬ.dwg
Файл ссылки "6.2.2_КАБЕЛИ_СОХРАННОСТЬ", возможно, изменился с момента последнего сохранения главного чертежа.

Разрешить Вн-ссылки "6.2.2_ТС_СОХРАННОСТЬ": .\СЕТИ_СОХРАННОСТЬ\6.2.2_ТС_СОХРАННОСТЬ.dwg
"6.2.2_ТС_СОХРАННОСТЬ" загружена: C:\Users\user\Documents\AcadAssistant Smoke\20260717-140439-alpha.3\01_KRT\work\СЕТИ_СОХРАННОСТЬ\6.2.2_ТС_СОХРАННОСТЬ.dwg
Файл ссылки "6.2.2_ТС_СОХРАННОСТЬ", возможно, изменился с момента последнего сохранения главного чертежа.

Разрешить Вн-ссылки "6.1.1_СЕТИ ГАЗА_кресты": .\СЕТИ ВЫНОС+ДЕМОНТАЖ\6.1.1_СЕТИ ГАЗА_кресты.dwg
"6.1.1_СЕТИ ГАЗА_кресты" загружена: C:\Users\user\Documents\AcadAssistant Smoke\20260717-140439-alpha.3\01_KRT\work\СЕТИ ВЫНОС+ДЕМОНТАЖ\6.1.1_СЕТИ ГАЗА_кресты.dwg
Файл ссылки "6.1.1_СЕТИ ГАЗА_кресты", возможно, изменился с момента последнего сохранения главного чертежа.

Разрешить Вн-ссылки "6.1.2_СЕТИ РОССЕТИ_кресты": .\СЕТИ ВЫНОС+ДЕМОНТАЖ\6.1.2_СЕТИ РОССЕТИ_кресты.dwg
"6.1.2_СЕТИ РОССЕТИ_кресты" загружена: C:\Users\user\Documents\AcadAssistant Smoke\20260717-140439-alpha.3\01_KRT\work\СЕТИ ВЫНОС+ДЕМОНТАЖ\6.1.2_СЕТИ РОССЕТИ_кресты.dwg
Файл ссылки "6.1.2_СЕТИ РОССЕТИ_кресты", возможно, изменился с момента последнего сохранения главного чертежа.

Разрешить Вн-ссылки "1.4_СУЩЕСТВУЮЩИЕ ЗДАНИЯ": .\ПОДГРУЗКИ ОБЩИЕ\1.4_СУЩЕСТВУЮЩИЕ ЗДАНИЯ.dwg
"1.4_СУЩЕСТВУЮЩИЕ ЗДАНИЯ" загружена: C:\Users\user\Documents\AcadAssistant Smoke\20260717-140439-alpha.3\01_KRT\work\ПОДГРУЗКИ ОБЩИЕ\1.4_СУЩЕСТВУЮЩИЕ ЗДАНИЯ.dwg
Файл ссылки "1.4_СУЩЕСТВУЮЩИЕ ЗДАНИЯ", возможно, изменился с момента последнего сохранения главного чертежа.

Разрешить Вн-ссылки "6_СЕТИ СВЯЗИ_кресты": .\СЕТИ ВЫНОС+ДЕМОНТАЖ\6_СЕТИ СВЯЗИ_кресты.dwg
"6_СЕТИ СВЯЗИ_кресты" загружена: C:\Users\user\Documents\AcadAssistant Smoke\20260717-140439-alpha.3\01_KRT\work\СЕТИ ВЫНОС+ДЕМОНТАЖ\6_СЕТИ СВЯЗИ_кресты.dwg
Файл ссылки "6_СЕТИ СВЯЗИ_кресты", возможно, изменился с момента последнего сохранения главного чертежа.

Разрешить Вн-ссылки "6_СЕТИ ЭС_кресты": .\СЕТИ ВЫНОС+ДЕМОНТАЖ\6_СЕТИ ЭС_кресты.dwg
"6_СЕТИ ЭС_кресты" загружена: C:\Users\user\Documents\AcadAssistant Smoke\20260717-140439-alpha.3\01_KRT\work\СЕТИ ВЫНОС+ДЕМОНТАЖ\6_СЕТИ ЭС_кресты.dwg
Файл ссылки "6_СЕТИ ЭС_кресты", возможно, изменился с момента последнего сохранения главного чертежа.

Разрешить Вн-ссылки "6_Канализация_кресты": .\СЕТИ ВЫНОС+ДЕМОНТАЖ\6_Канализация_кресты.dwg
"6_Канализация_кресты" загружена: C:\Users\user\Documents\AcadAssistant Smoke\20260717-140439-alpha.3\01_KRT\work\СЕТИ ВЫНОС+ДЕМОНТАЖ\6_Канализация_кресты.dwg
Файл ссылки "6_Канализация_кресты", возможно, изменился с момента последнего сохранения главного чертежа.

Разрешить Вн-ссылки "6_Водосток_кресты": .\СЕТИ ВЫНОС+ДЕМОНТАЖ\6_Водосток_кресты.dwg
"6_Водосток_кресты" загружена: C:\Users\user\Documents\AcadAssistant Smoke\20260717-140439-alpha.3\01_KRT\work\СЕТИ ВЫНОС+ДЕМОНТАЖ\6_Водосток_кресты.dwg
Файл ссылки "6_Водосток_кресты", возможно, изменился с момента последнего сохранения главного чертежа.

Разрешить Вн-ссылки "6_Водопровод_кресты": .\СЕТИ ВЫНОС+ДЕМОНТАЖ\6_Водопровод_кресты.dwg
"6_Водопровод_кресты" загружена: C:\Users\user\Documents\AcadAssistant Smoke\20260717-140439-alpha.3\01_KRT\work\СЕТИ ВЫНОС+ДЕМОНТАЖ\6_Водопровод_кресты.dwg
Файл ссылки "6_Водопровод_кресты", возможно, изменился с момента последнего сохранения главного чертежа.

Разрешить Вн-ссылки "6_СЕТИ МТС (теплотрасса)_кресты": .\СЕТИ ВЫНОС+ДЕМОНТАЖ\6_СЕТИ МТС (теплотрасса)_кресты.dwg
"6_СЕТИ МТС (теплотрасса)_кресты" загружена: C:\Users\user\Documents\AcadAssistant Smoke\20260717-140439-alpha.3\01_KRT\work\СЕТИ ВЫНОС+ДЕМОНТАЖ\6_СЕТИ МТС (теплотрасса)_кресты.dwg
Файл ссылки "6_СЕТИ МТС (теплотрасса)_кресты", возможно, изменился с момента последнего сохранения главного чертежа.

Разрешить Вн-ссылки "6_СОХРАННОСТЬ ЗДАНИЙ": .\ПОДГРУЗКИ ОБЩИЕ\6_СОХРАННОСТЬ ЗДАНИЙ.dwg
"6_СОХРАННОСТЬ ЗДАНИЙ" загружена: C:\Users\user\Documents\AcadAssistant Smoke\20260717-140439-alpha.3\01_KRT\work\ПОДГРУЗКИ ОБЩИЕ\6_СОХРАННОСТЬ ЗДАНИЙ.dwg
Файл ссылки "6_СОХРАННОСТЬ ЗДАНИЙ", возможно, изменился с момента последнего сохранения главного чертежа.

Разрешить Вн-ссылки "6.2.2_Канализация_СОХРАННОСТЬ": .\СЕТИ_СОХРАННОСТЬ\6.2.2_Канализация_СОХРАННОСТЬ.dwg
"6.2.2_Канализация_СОХРАННОСТЬ" загружена: C:\Users\user\Documents\AcadAssistant Smoke\20260717-140439-alpha.3\01_KRT\work\СЕТИ_СОХРАННОСТЬ\6.2.2_Канализация_СОХРАННОСТЬ.dwg
Файл ссылки "6.2.2_Канализация_СОХРАННОСТЬ", возможно, изменился с момента последнего сохранения главного чертежа.

Разрешить Вн-ссылки "6.2_СНОСИМОЕ ЗДАНИЕ": .\ПОДГРУЗКИ ОБЩИЕ\6.2_СНОСИМОЕ ЗДАНИЕ.dwg
"6.2_СНОСИМОЕ ЗДАНИЕ" загружена: C:\Users\user\Documents\AcadAssistant Smoke\20260717-140439-alpha.3\01_KRT\work\ПОДГРУЗКИ ОБЩИЕ\6.2_СНОСИМОЕ ЗДАНИЕ.dwg
Файл ссылки "6.2_СНОСИМОЕ ЗДАНИЕ", возможно, изменился с момента последнего сохранения главного чертежа.

Разрешить Вн-ссылки "ВЕРТИКАЛКА ОБЩАЯ": .\ПОДГРУЗКИ ОБЩИЕ\ВЕРТИКАЛКА ОБЩАЯ.dwg
"ВЕРТИКАЛКА ОБЩАЯ" загружена: C:\Users\user\Documents\AcadAssistant Smoke\20260717-140439-alpha.3\01_KRT\work\ПОДГРУЗКИ ОБЩИЕ\ВЕРТИКАЛКА ОБЩАЯ.dwg
Файл ссылки "ВЕРТИКАЛКА ОБЩАЯ", возможно, изменился с момента последнего сохранения главного чертежа.

Разрешить Вн-ссылки "6_Ввод Водопровод": .\СЕТИ ПОДКЛЮЧЕНИЕ\6_Ввод Водопровод.dwg
"6_Ввод Водопровод" загружена: C:\Users\user\Documents\AcadAssistant Smoke\20260717-140439-alpha.3\01_KRT\work\СЕТИ ПОДКЛЮЧЕНИЕ\6_Ввод Водопровод.dwg
Файл ссылки "6_Ввод Водопровод", возможно, изменился с момента последнего сохранения главного чертежа.

Разрешить Вн-ссылки "6_Ввод теплосети": .\СЕТИ ПОДКЛЮЧЕНИЕ\6_Ввод теплосети.dwg
"6_Ввод теплосети" загружена: C:\Users\user\Documents\AcadAssistant Smoke\20260717-140439-alpha.3\01_KRT\work\СЕТИ ПОДКЛЮЧЕНИЕ\6_Ввод теплосети.dwg
Файл ссылки "6_Ввод теплосети", возможно, изменился с момента последнего сохранения главного чертежа.

Разрешить Вн-ссылки "6_ВЫПУСКА ВОДОСТОК": .\СЕТИ ПОДКЛЮЧЕНИЕ\6_ВЫПУСКА ВОДОСТОК.dwg
"6_ВЫПУСКА ВОДОСТОК" загружена: C:\Users\user\Documents\AcadAssistant Smoke\20260717-140439-alpha.3\01_KRT\work\СЕТИ ПОДКЛЮЧЕНИЕ\6_ВЫПУСКА ВОДОСТОК.dwg
Файл ссылки "6_ВЫПУСКА ВОДОСТОК", возможно, изменился с момента последнего сохранения главного чертежа.

Разрешить Вн-ссылки "6_ВЫПУСКА КАНАЛИЗАЦИИ": .\СЕТИ ПОДКЛЮЧЕНИЕ\6_ВЫПУСКА КАНАЛИЗАЦИИ.dwg
"6_ВЫПУСКА КАНАЛИЗАЦИИ" загружена: C:\Users\user\Documents\AcadAssistant Smoke\20260717-140439-alpha.3\01_KRT\work\СЕТИ ПОДКЛЮЧЕНИЕ\6_ВЫПУСКА КАНАЛИЗАЦИИ.dwg
Файл ссылки "6_ВЫПУСКА КАНАЛИЗАЦИИ", возможно, изменился с момента последнего сохранения главного чертежа.

Разрешить Вн-ссылки "!ГИП_ДК_ТРАССА": .\СЕТИ ГОРИНЖ\!ГИП_ДК_ТРАССА.dwg
"!ГИП_ДК_ТРАССА" загружена: C:\Users\user\Documents\AcadAssistant Smoke\20260717-140439-alpha.3\01_KRT\work\СЕТИ ГОРИНЖ\!ГИП_ДК_ТРАССА.dwg
Файл ссылки "!ГИП_ДК_ТРАССА", возможно, изменился с момента последнего сохранения главного чертежа.

Разрешить Вн-ссылки "!ГИП_НО_ТРАССА": .\СЕТИ ГОРИНЖ\!ГИП_НО_ТРАССА.dwg
"!ГИП_НО_ТРАССА" загружена: C:\Users\user\Documents\AcadAssistant Smoke\20260717-140439-alpha.3\01_KRT\work\СЕТИ ГОРИНЖ\!ГИП_НО_ТРАССА.dwg
Файл ссылки "!ГИП_НО_ТРАССА", возможно, изменился с момента последнего сохранения главного чертежа.

Разрешить Вн-ссылки "6_СГП_демонтаж_Водопровод": .\СТРОЙГЕНПЛАН\6_СГП_демонтаж_Водопровод.dwg
"6_СГП_демонтаж_Водопровод" загружена: C:\Users\user\Documents\AcadAssistant Smoke\20260717-140439-alpha.3\01_KRT\work\СТРОЙГЕНПЛАН\6_СГП_демонтаж_Водопровод.dwg
Файл ссылки "6_СГП_демонтаж_Водопровод", возможно, изменился с момента последнего сохранения главного чертежа.

Разрешить Вн-ссылки "6_КОТЛОВАН_ДОМА": .\ПОДГРУЗКИ ОБЩИЕ\6_КОТЛОВАН_ДОМА.dwg
"6_КОТЛОВАН_ДОМА" загружена: C:\Users\user\Documents\AcadAssistant Smoke\20260717-140439-alpha.3\01_KRT\work\ПОДГРУЗКИ ОБЩИЕ\6_КОТЛОВАН_ДОМА.dwg
Файл ссылки "6_КОТЛОВАН_ДОМА", возможно, изменился с момента последнего сохранения главного чертежа.

Разрешить Вн-ссылки "6_НО_наружное освещение": .\СЕТИ ПОДКЛЮЧЕНИЕ\6_НО_наружное освещение.dwg
"6_НО_наружное освещение" загружена: C:\Users\user\Documents\AcadAssistant Smoke\20260717-140439-alpha.3\01_KRT\work\СЕТИ ПОДКЛЮЧЕНИЕ\6_НО_наружное освещение.dwg
Файл ссылки "6_НО_наружное освещение", возможно, изменился с момента последнего сохранения главного чертежа.

Разрешить Вн-ссылки "6_СНОСИМОЕ ЗДАНИЕ": .\ПОДГРУЗКИ ОБЩИЕ\6_СНОСИМОЕ ЗДАНИЕ.dwg
"6_СНОСИМОЕ ЗДАНИЕ" загружена: C:\Users\user\Documents\AcadAssistant Smoke\20260717-140439-alpha.3\01_KRT\work\ПОДГРУЗКИ ОБЩИЕ\6_СНОСИМОЕ ЗДАНИЕ.dwg
Файл ссылки "6_СНОСИМОЕ ЗДАНИЕ", возможно, изменился с момента последнего сохранения главного чертежа.

Разрешить Вн-ссылки "6_ПОСАДКА ЧИСТАЯ": .\ПОДГРУЗКИ ОБЩИЕ\6_ПОСАДКА ЧИСТАЯ.dwg
"6_ПОСАДКА ЧИСТАЯ" загружена: C:\Users\user\Documents\AcadAssistant Smoke\20260717-140439-alpha.3\01_KRT\work\ПОДГРУЗКИ ОБЩИЕ\6_ПОСАДКА ЧИСТАЯ.dwg
Файл ссылки "6_ПОСАДКА ЧИСТАЯ", возможно, изменился с момента последнего сохранения главного чертежа.

Разрешить Вн-ссылки "6_ТС_ЛОГИСТИК": .\СЕТИ ЛОГИСТИК-ГРУПП\6_ТС_ЛОГИСТИК.dwg
"6_ТС_ЛОГИСТИК" загружена: C:\Users\user\Documents\AcadAssistant Smoke\20260717-140439-alpha.3\01_KRT\work\СЕТИ ЛОГИСТИК-ГРУПП\6_ТС_ЛОГИСТИК.dwg
Файл ссылки "6_ТС_ЛОГИСТИК", возможно, изменился с момента последнего сохранения главного чертежа.

Разрешить Вн-ссылки "6_ВОДА_ЛОГИСТИК": .\СЕТИ ЛОГИСТИК-ГРУПП\6_ВОДА_ЛОГИСТИК.dwg
"6_ВОДА_ЛОГИСТИК" загружена: C:\Users\user\Documents\AcadAssistant Smoke\20260717-140439-alpha.3\01_KRT\work\СЕТИ ЛОГИСТИК-ГРУПП\6_ВОДА_ЛОГИСТИК.dwg
Файл ссылки "6_ВОДА_ЛОГИСТИК", возможно, изменился с момента последнего сохранения главного чертежа.

Разрешить Вн-ссылки "6_ТС_ЛОГИСТИК_ВАР 2": .\СЕТИ ЛОГИСТИК-ГРУПП\6_ТС_ЛОГИСТИК_ВАР 2.dwg
"6_ТС_ЛОГИСТИК_ВАР 2" загружена: C:\Users\user\Documents\AcadAssistant Smoke\20260717-140439-alpha.3\01_KRT\work\СЕТИ ЛОГИСТИК-ГРУПП\6_ТС_ЛОГИСТИК_ВАР 2.dwg
Файл ссылки "6_ТС_ЛОГИСТИК_ВАР 2", возможно, изменился с момента последнего сохранения главного чертежа.

Разрешить Вн-ссылки "6_ТС_ЛОГИСТИК_ВАР 1": .\СЕТИ ЛОГИСТИК-ГРУПП\6_ТС_ЛОГИСТИК_ВАР 1.dwg
"6_ТС_ЛОГИСТИК_ВАР 1" загружена: C:\Users\user\Documents\AcadAssistant Smoke\20260717-140439-alpha.3\01_KRT\work\СЕТИ ЛОГИСТИК-ГРУПП\6_ТС_ЛОГИСТИК_ВАР 1.dwg
Файл ссылки "6_ТС_ЛОГИСТИК_ВАР 1", возможно, изменился с момента последнего сохранения главного чертежа.
Выполняется регенерация листов.
Выполняется регенерация модели.



Утилиты меню AutoCAD загружены.*Прервано*
 
Команда: *Прервано*
_RIBBON
*Прервано*
COMMANDLINE


Файл Autodesk DWG. Это файл формата TrustedDWG, сохраненный в приложении Autodesk или в приложении, лицензированном корпорацией Autodesk.

Команда: 

Команда: 
Команда: *Прервано*

Команда: *Прервано*

Команда:   <Переход на: Модель>
Выполняется регенерация модели.

Команда: HELLOAI

AcadAssistant loaded. Palette command: AIPALETTE.
Команда: AIPALETTE

Команда: AASELFTEST

Сначала сохраните текущие изменения: самотест проверяет копию DWG с диска.

Команда: 
Команда: 
Команда: _qsave Чертеж сохранен в формате AutoCAD 2018.

Команда: AASELFTEST

Самотест AcadAssistant — итог
Чертёж: 2026.01.25_СПС.dwg

[ OK ] Перезагрузка правил — 0.0 с — Rules diagnostics  Path: C:\Users\user\AppData\Roaming\Autodesk\ApplicationPlugins\AcadAssistant.bundle\Contents\Windows…
[ПРОП] Анализ слоёв — 0.0 с — команде нужна выделенная область — проверяется вручную
[ OK ] Качество слоёв — 1.0 с — Отчет качества слоев    Всего слоев: 609  Распознано: 609  Не распознано: 0  Compatible multi-label: 262  True conflicts…
[ OK ] Отчёт по слоям — 0.0 с — Отчет качества слоев    Всего слоев: 609  Распознано: 609  Не распознано: 0  Compatible multi-label: 262  True conflicts…
[ OK ] Ошибки слоёв — 0.9 с — Проблемы слоев    Неизвестные слои: 0  Группы похожих неизвестных: 0  Конфликты: 0  Подозрительные: 5    Подозрительные:…
[ OK ] Гео-аудит — 0.2 с — Гео-аудит  DWG: C:\Users\user\AppData\Local\Temp\AcadAssistant\selftest\2026-07-17_141500\2026.01.25_СПС.dwg    2026.01.…
[ OK ] Гео неизвестное — 0.2 с — Гео неизвестное  DWG: C:\Users\user\AppData\Local\Temp\AcadAssistant\selftest\2026-07-17_141500\2026.01.25_СПС.dwg  Ниже…
[ OK ] Кандидаты в правила — 0.0 с
[ OK ] Диагностика слоёв — 0.0 с
[ OK ] Экспорт Markdown — 0.0 с — report.md
[ OK ] Экспорт Excel — 0.0 с — report.xlsx
[ OK ] Дамп слоёв — 0.0 с — layers-dump.txt
[СБОЙ] Режим «CleanView» + возврат — 0.6 с — после возврата слои не совпали: 430 сл. (Defpoints, 1.4_ВК_текст, 1.4_ГП_Штамп…)
[ OK ] Режим «TextOff» + возврат — 0.2 с — ApplyMode:TextOff:All: total=609, changed=0, skipped=609, errors=0  Skipped layers:  - 0: protected layer  - Defpoints: …
[ OK ] Режим «CalloutsOff» + возврат — 0.2 с — ApplyMode:CalloutsOff:All: total=609, changed=0, skipped=609, errors=0  Skipped layers:  - 0: protected layer  - Defpoin…
[СБОЙ] Режим «SPS» + возврат — 0.4 с — после возврата слои не совпали: 175 сл. (1.4_ВК печать, ГП_3_3866-25-ИГДИ, output[1-7]|Канализация самотёчная…)
[ OK ] Режим «FireAlarm» + возврат — 0.4 с — ApplyMode:FireAlarm:All: total=609, changed=0, skipped=609, errors=0  Skipped layers:  - 0: protected layer  - Defpoints…
[СБОЙ] Режим «Networks» + возврат — 0.4 с — после возврата слои не совпали: 175 сл. (1.4_ВК печать, ГП_3_3866-25-ИГДИ, output[1-7]|Канализация самотёчная…)
[СБОЙ] Режим «Preservation» + возврат — 0.4 с — после возврата слои не совпали: 167 сл. (1.4_ВК печать, ГП_3_3866-25-ИГДИ, output[1-7]|Канализация самотёчная…)
[СБОЙ] Режим «Demolition» + возврат — 0.4 с — после возврата слои не совпали: 40 сл. (ПОСАДКА ОБЩАЯ, 6.1.1_Сносимое здание, 6_СЕТИ МТС (теплотрасса)_кресты…)
[ OK ] Режим «Restore» + возврат — 0.0 с — RestorePreviousState: total=609, changed=0, skipped=609, errors=0  Skipped layers:  - 0: no previous state  - Defpoints:…
[СБОЙ] Сценарий «Сводный план сетей» + возврат — 0.7 с — после возврата слои не совпали: 264 сл. (1.4_Существующее здание, 1.4_ВК печать, ГП_3_3866-25-ИГДИ…)
[СБОЙ] Сценарий «Котлован + сети на демонтаж» + возврат — 0.7 с — после возврата слои не совпали: 106 сл. (1.4_ВК печать, output[1-7]|Канализация самотёчная, output[1-7]|Кабель электрический проектный…)
[СБОЙ] Сценарий «Подключение выбранной сети» + возврат — 0.6 с — после возврата слои не совпали: 70 сл. (1.4_ВК печать, output[1-7]|Водопровод проектный, output[1-7]|Водопровод…)
[ OK ] Паспорт: снять — 1.3 с — Паспорт подложки сохранён.  Слоёв: 609  Xref: 47  Файл: C:\Users\user\AppData\Local\Temp\AcadAssistant\selftest\2026-07-…
[ OK ] Паспорт: сравнить — 0.2 с — Паспорт: новых слоёв 0, исчезли 0, изменились 0, Xref 0  Файл паспорта: C:\Users\user\AppData\Local\Temp\AcadAssistant\s…
[ OK ] Ручная проверка: снимок — 0.2 с — Ручной разбор начат.  Объектов в снимке: 12958  Снимок: C:\Users\user\AppData\Local\AcadAssistant\manual-sessions\eaad76…
[ OK ] Ручная проверка: сравнение — 0.2 с
[ OK ] Разделение слоя: план — 0.0 с — слой: !!!ВК_Посадка_здания
[ OK ] Эталон: профиль + план разбора — 0.7 с — профиль снят, план построен
[ OK ] Удаление пустых слоёв — 0.0 с — PurgeEmptyLayers: total=2, changed=2, skipped=0, errors=0
[ OK ] Чистка слоя 0 — 0.0 с — Снято 9 объект(ов) с слоя 0 на «0_разобрать». Пропущено: блочных 35, xref 0.

Итог: 23 из 31 прошло, 1 пропущено
Самый долгий шаг: Паспорт: снять — 1.3 с
Полный отчёт: C:\Users\user\AppData\Local\AcadAssistant\reports\selftest\2026-07-17_141512_2026.01.25_СПС_selftest.txt


Команда: 
Команда: *Прервано*

Команда: *Прервано*

Команда:  
Команда: 
