[ AutoCAD - Fri Jul 17 14:33:07 2026  ]----------------------------------------

Файл адаптации загружен успешно. Группа адаптации: ACAD
Файл адаптации загружен успешно. Группа адаптации: CUSTOM
Файл адаптации загружен успешно. Группа адаптации: MODELDOC
Файл адаптации загружен успешно. Группа адаптации: EXPRESS
Файл адаптации загружен успешно. Группа адаптации: APPMANAGER
Загружается модуль База AD...
Загружается модуль Удлиненная AD-база...
Загружается модуль AEC Core...
Загружается модуль AEC Project Base...
Загружается модуль Архитектурная база AD...
Загружается модуль Спецификация AD...

Открывается файл формата AutoCAD 2018.

Разрешить Вн-ссылки "output[1-7]": .\33866-25\output[1-7].dwg

Загружаются DLL-файлы для работы с моделями.
"output[1-7]" загружена: C:\Users\user\Documents\AcadAssistant Smoke\20260717-140439-alpha.3\01_KRT\work\33866-25\output[1-7].dwg
Файл ссылки "output[1-7]", возможно, изменился с момента последнего сохранения главного чертежа.

Разрешить Вн-ссылки "output[1-7]_brd": .\33866-25\output[1-7]_brd.dwg
"output[1-7]_brd" загружена: C:\Users\user\Documents\AcadAssistant Smoke\20260717-140439-alpha.3\01_KRT\work\33866-25\output[1-7]_brd.dwg
Файл ссылки "output[1-7]_brd", возможно, изменился с момента последнего сохранения главного чертежа.

Разрешить Вн-ссылки "output[1-7]_3_3866-25tp": .\33866-25\output[1-7]_3_3866-25tp.dwg
"output[1-7]_3_3866-25tp" загружена: C:\Users\user\Documents\AcadAssistant Smoke\20260717-140439-alpha.3\01_KRT\work\33866-25\output[1-7]_3_3866-25tp.dwg
Файл ссылки "output[1-7]_3_3866-25tp", возможно, изменился с момента последнего сохранения главного чертежа.

Разрешить Вн-ссылки "output[1-7]_3_3866-25up": .\33866-25\output[1-7]_3_3866-25up.dwg
"output[1-7]_3_3866-25up" загружена: C:\Users\user\Documents\AcadAssistant Smoke\20260717-140439-alpha.3\01_KRT\work\33866-25\output[1-7]_3_3866-25up.dwg
Файл ссылки "output[1-7]_3_3866-25up", возможно, изменился с момента последнего сохранения главного чертежа.

Разрешить Вн-ссылки "output[1-7]_3_3866-25pp": .\33866-25\output[1-7]_3_3866-25pp.dwg
"output[1-7]_3_3866-25pp" загружена: C:\Users\user\Documents\AcadAssistant Smoke\20260717-140439-alpha.3\01_KRT\work\33866-25\output[1-7]_3_3866-25pp.dwg
Файл ссылки "output[1-7]_3_3866-25pp", возможно, изменился с момента последнего сохранения главного чертежа.

Разрешить Вн-ссылки "output[1-7]_3_3866-25kl": .\33866-25\output[1-7]_3_3866-25kl.dwg
"output[1-7]_3_3866-25kl" загружена: C:\Users\user\Documents\AcadAssistant Smoke\20260717-140439-alpha.3\01_KRT\work\33866-25\output[1-7]_3_3866-25kl.dwg
Файл ссылки "output[1-7]_3_3866-25kl", возможно, изменился с момента последнего сохранения главного чертежа.

Разрешить Вн-ссылки "output[1-7]_edge001": .\33866-25\output[1-7]_edge001.dwg
"output[1-7]_edge001" загружена: C:\Users\user\Documents\AcadAssistant Smoke\20260717-140439-alpha.3\01_KRT\work\33866-25\output[1-7]_edge001.dwg
Файл ссылки "output[1-7]_edge001", возможно, изменился с момента последнего сохранения главного чертежа.

Разрешить Вн-ссылки "output[1-7]_edge002": .\33866-25\output[1-7]_edge002.dwg
"output[1-7]_edge002" загружена: C:\Users\user\Documents\AcadAssistant Smoke\20260717-140439-alpha.3\01_KRT\work\33866-25\output[1-7]_edge002.dwg
Файл ссылки "output[1-7]_edge002", возможно, изменился с момента последнего сохранения главного чертежа.

Разрешить Вн-ссылки "output[1-7]_edge003": .\33866-25\output[1-7]_edge003.dwg
"output[1-7]_edge003" загружена: C:\Users\user\Documents\AcadAssistant Smoke\20260717-140439-alpha.3\01_KRT\work\33866-25\output[1-7]_edge003.dwg
Файл ссылки "output[1-7]_edge003", возможно, изменился с момента последнего сохранения главного чертежа.

Разрешить Вн-ссылки "output[1-7]_edge004": .\33866-25\output[1-7]_edge004.dwg
"output[1-7]_edge004" загружена: C:\Users\user\Documents\AcadAssistant Smoke\20260717-140439-alpha.3\01_KRT\work\33866-25\output[1-7]_edge004.dwg
Файл ссылки "output[1-7]_edge004", возможно, изменился с момента последнего сохранения главного чертежа.

Разрешить Вн-ссылки "output[1-7]_edge005": .\33866-25\output[1-7]_edge005.dwg
"output[1-7]_edge005" загружена: C:\Users\user\Documents\AcadAssistant Smoke\20260717-140439-alpha.3\01_KRT\work\33866-25\output[1-7]_edge005.dwg
Файл ссылки "output[1-7]_edge005", возможно, изменился с момента последнего сохранения главного чертежа.

Разрешить Вн-ссылки "output[1-7]_edge006": .\33866-25\output[1-7]_edge006.dwg
"output[1-7]_edge006" загружена: C:\Users\user\Documents\AcadAssistant Smoke\20260717-140439-alpha.3\01_KRT\work\33866-25\output[1-7]_edge006.dwg
Файл ссылки "output[1-7]_edge006", возможно, изменился с момента последнего сохранения главного чертежа.

Разрешить Вн-ссылки "output[1-7]_edge007": .\33866-25\output[1-7]_edge007.dwg
"output[1-7]_edge007" загружена: C:\Users\user\Documents\AcadAssistant Smoke\20260717-140439-alpha.3\01_KRT\work\33866-25\output[1-7]_edge007.dwg
Файл ссылки "output[1-7]_edge007", возможно, изменился с момента последнего сохранения главного чертежа.

Разрешить Вн-ссылки "ПОСАДКА ОБЩАЯ": .\ПОДГРУЗКИ ОБЩИЕ\ПОСАДКА ОБЩАЯ.dwg
"ПОСАДКА ОБЩАЯ" загружена: C:\Users\user\Documents\AcadAssistant Smoke\20260717-140439-alpha.3\01_KRT\work\ПОДГРУЗКИ ОБЩИЕ\ПОСАДКА ОБЩАЯ.dwg
Файл ссылки "ПОСАДКА ОБЩАЯ", возможно, изменился с момента последнего сохранения главного чертежа.

Разрешить Вн-ссылки "6.2.2_Водопровод_СОХРАННОСТЬ": .\СЕТИ_СОХРАННОСТЬ\6.2.2_Водопровод_СОХРАННОСТЬ.dwg
"6.2.2_Водопровод_СОХРАННОСТЬ" загружена: C:\Users\user\Documents\AcadAssistant Smoke\20260717-140439-alpha.3\01_KRT\work\СЕТИ_СОХРАННОСТЬ\6.2.2_Водопровод_СОХРАННОСТЬ.dwg
Файл ссылки "6.2.2_Водопровод_СОХРАННОСТЬ", возможно, изменился с момента последнего сохранения главного чертежа.

Разрешить Вн-ссылки "6.1.1_СЕТИ РОССЕТИ_кресты": .\СЕТИ ВЫНОС+ДЕМОНТАЖ\6.1.1_СЕТИ РОССЕТИ_кресты.dwg
"6.1.1_СЕТИ РОССЕТИ_кресты" загружена: C:\Users\user\Documents\AcadAssistant Smoke\20260717-140439-alpha.3\01_KRT\work\СЕТИ ВЫНОС+ДЕМОНТАЖ\6.1.1_СЕТИ РОССЕТИ_кресты.dwg
Файл ссылки "6.1.1_СЕТИ РОССЕТИ_кресты", возможно, изменился с момента последнего сохранения главного чертежа.

Разрешить Вн-ссылки "6.1.1_СЕТИ НО_кресты": .\СЕТИ ВЫНОС+ДЕМОНТАЖ\6.1.1_СЕТИ НО_кресты.dwg
"6.1.1_СЕТИ НО_кресты" загружена: C:\Users\user\Documents\AcadAssistant Smoke\20260717-140439-alpha.3\01_KRT\work\СЕТИ ВЫНОС+ДЕМОНТАЖ\6.1.1_СЕТИ НО_кресты.dwg
Файл ссылки "6.1.1_СЕТИ НО_кресты", возможно, изменился с момента последнего сохранения главного чертежа.

Разрешить Вн-ссылки "6.2.2_КАБЕЛИ_СОХРАННОСТЬ": .\СЕТИ_СОХРАННОСТЬ\6.2.2_КАБЕЛИ_СОХРАННОСТЬ.dwg
"6.2.2_КАБЕЛИ_СОХРАННОСТЬ" загружена: C:\Users\user\Documents\AcadAssistant Smoke\20260717-140439-alpha.3\01_KRT\work\СЕТИ_СОХРАННОСТЬ\6.2.2_КАБЕЛИ_СОХРАННОСТЬ.dwg
Файл ссылки "6.2.2_КАБЕЛИ_СОХРАННОСТЬ", возможно, изменился с момента последнего сохранения главного чертежа.

Разрешить Вн-ссылки "6.2.2_ТС_СОХРАННОСТЬ": .\СЕТИ_СОХРАННОСТЬ\6.2.2_ТС_СОХРАННОСТЬ.dwg
"6.2.2_ТС_СОХРАННОСТЬ" загружена: C:\Users\user\Documents\AcadAssistant Smoke\20260717-140439-alpha.3\01_KRT\work\СЕТИ_СОХРАННОСТЬ\6.2.2_ТС_СОХРАННОСТЬ.dwg
Файл ссылки "6.2.2_ТС_СОХРАННОСТЬ", возможно, изменился с момента последнего сохранения главного чертежа.

Разрешить Вн-ссылки "6.1.1_СЕТИ ГАЗА_кресты": .\СЕТИ ВЫНОС+ДЕМОНТАЖ\6.1.1_СЕТИ ГАЗА_кресты.dwg
"6.1.1_СЕТИ ГАЗА_кресты" загружена: C:\Users\user\Documents\AcadAssistant Smoke\20260717-140439-alpha.3\01_KRT\work\СЕТИ ВЫНОС+ДЕМОНТАЖ\6.1.1_СЕТИ ГАЗА_кресты.dwg
Файл ссылки "6.1.1_СЕТИ ГАЗА_кресты", возможно, изменился с момента последнего сохранения главного чертежа.

Разрешить Вн-ссылки "6.1.2_СЕТИ РОССЕТИ_кресты": .\СЕТИ ВЫНОС+ДЕМОНТАЖ\6.1.2_СЕТИ РОССЕТИ_кресты.dwg
"6.1.2_СЕТИ РОССЕТИ_кресты" загружена: C:\Users\user\Documents\AcadAssistant Smoke\20260717-140439-alpha.3\01_KRT\work\СЕТИ ВЫНОС+ДЕМОНТАЖ\6.1.2_СЕТИ РОССЕТИ_кресты.dwg
Файл ссылки "6.1.2_СЕТИ РОССЕТИ_кресты", возможно, изменился с момента последнего сохранения главного чертежа.

Разрешить Вн-ссылки "1.4_СУЩЕСТВУЮЩИЕ ЗДАНИЯ": .\ПОДГРУЗКИ ОБЩИЕ\1.4_СУЩЕСТВУЮЩИЕ ЗДАНИЯ.dwg
"1.4_СУЩЕСТВУЮЩИЕ ЗДАНИЯ" загружена: C:\Users\user\Documents\AcadAssistant Smoke\20260717-140439-alpha.3\01_KRT\work\ПОДГРУЗКИ ОБЩИЕ\1.4_СУЩЕСТВУЮЩИЕ ЗДАНИЯ.dwg
Файл ссылки "1.4_СУЩЕСТВУЮЩИЕ ЗДАНИЯ", возможно, изменился с момента последнего сохранения главного чертежа.

Разрешить Вн-ссылки "6_СЕТИ СВЯЗИ_кресты": .\СЕТИ ВЫНОС+ДЕМОНТАЖ\6_СЕТИ СВЯЗИ_кресты.dwg
"6_СЕТИ СВЯЗИ_кресты" загружена: C:\Users\user\Documents\AcadAssistant Smoke\20260717-140439-alpha.3\01_KRT\work\СЕТИ ВЫНОС+ДЕМОНТАЖ\6_СЕТИ СВЯЗИ_кресты.dwg
Файл ссылки "6_СЕТИ СВЯЗИ_кресты", возможно, изменился с момента последнего сохранения главного чертежа.

Разрешить Вн-ссылки "6_СЕТИ ЭС_кресты": .\СЕТИ ВЫНОС+ДЕМОНТАЖ\6_СЕТИ ЭС_кресты.dwg
"6_СЕТИ ЭС_кресты" загружена: C:\Users\user\Documents\AcadAssistant Smoke\20260717-140439-alpha.3\01_KRT\work\СЕТИ ВЫНОС+ДЕМОНТАЖ\6_СЕТИ ЭС_кресты.dwg
Файл ссылки "6_СЕТИ ЭС_кресты", возможно, изменился с момента последнего сохранения главного чертежа.

Разрешить Вн-ссылки "6_Канализация_кресты": .\СЕТИ ВЫНОС+ДЕМОНТАЖ\6_Канализация_кресты.dwg
"6_Канализация_кресты" загружена: C:\Users\user\Documents\AcadAssistant Smoke\20260717-140439-alpha.3\01_KRT\work\СЕТИ ВЫНОС+ДЕМОНТАЖ\6_Канализация_кресты.dwg
Файл ссылки "6_Канализация_кресты", возможно, изменился с момента последнего сохранения главного чертежа.

Разрешить Вн-ссылки "6_Водосток_кресты": .\СЕТИ ВЫНОС+ДЕМОНТАЖ\6_Водосток_кресты.dwg
"6_Водосток_кресты" загружена: C:\Users\user\Documents\AcadAssistant Smoke\20260717-140439-alpha.3\01_KRT\work\СЕТИ ВЫНОС+ДЕМОНТАЖ\6_Водосток_кресты.dwg
Файл ссылки "6_Водосток_кресты", возможно, изменился с момента последнего сохранения главного чертежа.

Разрешить Вн-ссылки "6_Водопровод_кресты": .\СЕТИ ВЫНОС+ДЕМОНТАЖ\6_Водопровод_кресты.dwg
"6_Водопровод_кресты" загружена: C:\Users\user\Documents\AcadAssistant Smoke\20260717-140439-alpha.3\01_KRT\work\СЕТИ ВЫНОС+ДЕМОНТАЖ\6_Водопровод_кресты.dwg
Файл ссылки "6_Водопровод_кресты", возможно, изменился с момента последнего сохранения главного чертежа.

Разрешить Вн-ссылки "6_СЕТИ МТС (теплотрасса)_кресты": .\СЕТИ ВЫНОС+ДЕМОНТАЖ\6_СЕТИ МТС (теплотрасса)_кресты.dwg
"6_СЕТИ МТС (теплотрасса)_кресты" загружена: C:\Users\user\Documents\AcadAssistant Smoke\20260717-140439-alpha.3\01_KRT\work\СЕТИ ВЫНОС+ДЕМОНТАЖ\6_СЕТИ МТС (теплотрасса)_кресты.dwg
Файл ссылки "6_СЕТИ МТС (теплотрасса)_кресты", возможно, изменился с момента последнего сохранения главного чертежа.

Разрешить Вн-ссылки "6_СОХРАННОСТЬ ЗДАНИЙ": .\ПОДГРУЗКИ ОБЩИЕ\6_СОХРАННОСТЬ ЗДАНИЙ.dwg
"6_СОХРАННОСТЬ ЗДАНИЙ" загружена: C:\Users\user\Documents\AcadAssistant Smoke\20260717-140439-alpha.3\01_KRT\work\ПОДГРУЗКИ ОБЩИЕ\6_СОХРАННОСТЬ ЗДАНИЙ.dwg
Файл ссылки "6_СОХРАННОСТЬ ЗДАНИЙ", возможно, изменился с момента последнего сохранения главного чертежа.

Разрешить Вн-ссылки "6.2.2_Канализация_СОХРАННОСТЬ": .\СЕТИ_СОХРАННОСТЬ\6.2.2_Канализация_СОХРАННОСТЬ.dwg
"6.2.2_Канализация_СОХРАННОСТЬ" загружена: C:\Users\user\Documents\AcadAssistant Smoke\20260717-140439-alpha.3\01_KRT\work\СЕТИ_СОХРАННОСТЬ\6.2.2_Канализация_СОХРАННОСТЬ.dwg
Файл ссылки "6.2.2_Канализация_СОХРАННОСТЬ", возможно, изменился с момента последнего сохранения главного чертежа.

Разрешить Вн-ссылки "6.2_СНОСИМОЕ ЗДАНИЕ": .\ПОДГРУЗКИ ОБЩИЕ\6.2_СНОСИМОЕ ЗДАНИЕ.dwg
"6.2_СНОСИМОЕ ЗДАНИЕ" загружена: C:\Users\user\Documents\AcadAssistant Smoke\20260717-140439-alpha.3\01_KRT\work\ПОДГРУЗКИ ОБЩИЕ\6.2_СНОСИМОЕ ЗДАНИЕ.dwg
Файл ссылки "6.2_СНОСИМОЕ ЗДАНИЕ", возможно, изменился с момента последнего сохранения главного чертежа.

Разрешить Вн-ссылки "ВЕРТИКАЛКА ОБЩАЯ": .\ПОДГРУЗКИ ОБЩИЕ\ВЕРТИКАЛКА ОБЩАЯ.dwg
"ВЕРТИКАЛКА ОБЩАЯ" загружена: C:\Users\user\Documents\AcadAssistant Smoke\20260717-140439-alpha.3\01_KRT\work\ПОДГРУЗКИ ОБЩИЕ\ВЕРТИКАЛКА ОБЩАЯ.dwg
Файл ссылки "ВЕРТИКАЛКА ОБЩАЯ", возможно, изменился с момента последнего сохранения главного чертежа.

Разрешить Вн-ссылки "6_Ввод Водопровод": .\СЕТИ ПОДКЛЮЧЕНИЕ\6_Ввод Водопровод.dwg
"6_Ввод Водопровод" загружена: C:\Users\user\Documents\AcadAssistant Smoke\20260717-140439-alpha.3\01_KRT\work\СЕТИ ПОДКЛЮЧЕНИЕ\6_Ввод Водопровод.dwg
Файл ссылки "6_Ввод Водопровод", возможно, изменился с момента последнего сохранения главного чертежа.

Разрешить Вн-ссылки "6_Ввод теплосети": .\СЕТИ ПОДКЛЮЧЕНИЕ\6_Ввод теплосети.dwg
"6_Ввод теплосети" загружена: C:\Users\user\Documents\AcadAssistant Smoke\20260717-140439-alpha.3\01_KRT\work\СЕТИ ПОДКЛЮЧЕНИЕ\6_Ввод теплосети.dwg
Файл ссылки "6_Ввод теплосети", возможно, изменился с момента последнего сохранения главного чертежа.

Разрешить Вн-ссылки "6_ВЫПУСКА ВОДОСТОК": .\СЕТИ ПОДКЛЮЧЕНИЕ\6_ВЫПУСКА ВОДОСТОК.dwg
"6_ВЫПУСКА ВОДОСТОК" загружена: C:\Users\user\Documents\AcadAssistant Smoke\20260717-140439-alpha.3\01_KRT\work\СЕТИ ПОДКЛЮЧЕНИЕ\6_ВЫПУСКА ВОДОСТОК.dwg
Файл ссылки "6_ВЫПУСКА ВОДОСТОК", возможно, изменился с момента последнего сохранения главного чертежа.

Разрешить Вн-ссылки "6_ВЫПУСКА КАНАЛИЗАЦИИ": .\СЕТИ ПОДКЛЮЧЕНИЕ\6_ВЫПУСКА КАНАЛИЗАЦИИ.dwg
"6_ВЫПУСКА КАНАЛИЗАЦИИ" загружена: C:\Users\user\Documents\AcadAssistant Smoke\20260717-140439-alpha.3\01_KRT\work\СЕТИ ПОДКЛЮЧЕНИЕ\6_ВЫПУСКА КАНАЛИЗАЦИИ.dwg
Файл ссылки "6_ВЫПУСКА КАНАЛИЗАЦИИ", возможно, изменился с момента последнего сохранения главного чертежа.

Разрешить Вн-ссылки "!ГИП_ДК_ТРАССА": .\СЕТИ ГОРИНЖ\!ГИП_ДК_ТРАССА.dwg
"!ГИП_ДК_ТРАССА" загружена: C:\Users\user\Documents\AcadAssistant Smoke\20260717-140439-alpha.3\01_KRT\work\СЕТИ ГОРИНЖ\!ГИП_ДК_ТРАССА.dwg
Файл ссылки "!ГИП_ДК_ТРАССА", возможно, изменился с момента последнего сохранения главного чертежа.

Разрешить Вн-ссылки "!ГИП_НО_ТРАССА": .\СЕТИ ГОРИНЖ\!ГИП_НО_ТРАССА.dwg
"!ГИП_НО_ТРАССА" загружена: C:\Users\user\Documents\AcadAssistant Smoke\20260717-140439-alpha.3\01_KRT\work\СЕТИ ГОРИНЖ\!ГИП_НО_ТРАССА.dwg
Файл ссылки "!ГИП_НО_ТРАССА", возможно, изменился с момента последнего сохранения главного чертежа.

Разрешить Вн-ссылки "6_СГП_демонтаж_Водопровод": .\СТРОЙГЕНПЛАН\6_СГП_демонтаж_Водопровод.dwg
"6_СГП_демонтаж_Водопровод" загружена: C:\Users\user\Documents\AcadAssistant Smoke\20260717-140439-alpha.3\01_KRT\work\СТРОЙГЕНПЛАН\6_СГП_демонтаж_Водопровод.dwg
Файл ссылки "6_СГП_демонтаж_Водопровод", возможно, изменился с момента последнего сохранения главного чертежа.

Разрешить Вн-ссылки "6_КОТЛОВАН_ДОМА": .\ПОДГРУЗКИ ОБЩИЕ\6_КОТЛОВАН_ДОМА.dwg
"6_КОТЛОВАН_ДОМА" загружена: C:\Users\user\Documents\AcadAssistant Smoke\20260717-140439-alpha.3\01_KRT\work\ПОДГРУЗКИ ОБЩИЕ\6_КОТЛОВАН_ДОМА.dwg
Файл ссылки "6_КОТЛОВАН_ДОМА", возможно, изменился с момента последнего сохранения главного чертежа.

Разрешить Вн-ссылки "6_НО_наружное освещение": .\СЕТИ ПОДКЛЮЧЕНИЕ\6_НО_наружное освещение.dwg
"6_НО_наружное освещение" загружена: C:\Users\user\Documents\AcadAssistant Smoke\20260717-140439-alpha.3\01_KRT\work\СЕТИ ПОДКЛЮЧЕНИЕ\6_НО_наружное освещение.dwg
Файл ссылки "6_НО_наружное освещение", возможно, изменился с момента последнего сохранения главного чертежа.

Разрешить Вн-ссылки "6_СНОСИМОЕ ЗДАНИЕ": .\ПОДГРУЗКИ ОБЩИЕ\6_СНОСИМОЕ ЗДАНИЕ.dwg
"6_СНОСИМОЕ ЗДАНИЕ" загружена: C:\Users\user\Documents\AcadAssistant Smoke\20260717-140439-alpha.3\01_KRT\work\ПОДГРУЗКИ ОБЩИЕ\6_СНОСИМОЕ ЗДАНИЕ.dwg
Файл ссылки "6_СНОСИМОЕ ЗДАНИЕ", возможно, изменился с момента последнего сохранения главного чертежа.

Разрешить Вн-ссылки "6_ПОСАДКА ЧИСТАЯ": .\ПОДГРУЗКИ ОБЩИЕ\6_ПОСАДКА ЧИСТАЯ.dwg
"6_ПОСАДКА ЧИСТАЯ" загружена: C:\Users\user\Documents\AcadAssistant Smoke\20260717-140439-alpha.3\01_KRT\work\ПОДГРУЗКИ ОБЩИЕ\6_ПОСАДКА ЧИСТАЯ.dwg
Файл ссылки "6_ПОСАДКА ЧИСТАЯ", возможно, изменился с момента последнего сохранения главного чертежа.

Разрешить Вн-ссылки "6_ТС_ЛОГИСТИК": .\СЕТИ ЛОГИСТИК-ГРУПП\6_ТС_ЛОГИСТИК.dwg
"6_ТС_ЛОГИСТИК" загружена: C:\Users\user\Documents\AcadAssistant Smoke\20260717-140439-alpha.3\01_KRT\work\СЕТИ ЛОГИСТИК-ГРУПП\6_ТС_ЛОГИСТИК.dwg
Файл ссылки "6_ТС_ЛОГИСТИК", возможно, изменился с момента последнего сохранения главного чертежа.

Разрешить Вн-ссылки "6_ВОДА_ЛОГИСТИК": .\СЕТИ ЛОГИСТИК-ГРУПП\6_ВОДА_ЛОГИСТИК.dwg
"6_ВОДА_ЛОГИСТИК" загружена: C:\Users\user\Documents\AcadAssistant Smoke\20260717-140439-alpha.3\01_KRT\work\СЕТИ ЛОГИСТИК-ГРУПП\6_ВОДА_ЛОГИСТИК.dwg
Файл ссылки "6_ВОДА_ЛОГИСТИК", возможно, изменился с момента последнего сохранения главного чертежа.

Разрешить Вн-ссылки "6_ТС_ЛОГИСТИК_ВАР 2": .\СЕТИ ЛОГИСТИК-ГРУПП\6_ТС_ЛОГИСТИК_ВАР 2.dwg
"6_ТС_ЛОГИСТИК_ВАР 2" загружена: C:\Users\user\Documents\AcadAssistant Smoke\20260717-140439-alpha.3\01_KRT\work\СЕТИ ЛОГИСТИК-ГРУПП\6_ТС_ЛОГИСТИК_ВАР 2.dwg
Файл ссылки "6_ТС_ЛОГИСТИК_ВАР 2", возможно, изменился с момента последнего сохранения главного чертежа.

Разрешить Вн-ссылки "6_ТС_ЛОГИСТИК_ВАР 1": .\СЕТИ ЛОГИСТИК-ГРУПП\6_ТС_ЛОГИСТИК_ВАР 1.dwg
"6_ТС_ЛОГИСТИК_ВАР 1" загружена: C:\Users\user\Documents\AcadAssistant Smoke\20260717-140439-alpha.3\01_KRT\work\СЕТИ ЛОГИСТИК-ГРУПП\6_ТС_ЛОГИСТИК_ВАР 1.dwg
Файл ссылки "6_ТС_ЛОГИСТИК_ВАР 1", возможно, изменился с момента последнего сохранения главного чертежа.
Выполняется регенерация модели.



Утилиты меню AutoCAD загружены.*Прервано*
 
Команда: *Прервано*
_RIBBON
*Прервано*
COMMANDLINE


Файл Autodesk DWG. Это файл формата TrustedDWG, сохраненный в приложении Autodesk или в приложении, лицензированном корпорацией Autodesk.

Команда: 

Команда: 
Команда: HELLOAI

AcadAssistant loaded. Palette command: AIPALETTE.
Команда: AASELFTEST

Самотест AcadAssistant — итог
Чертёж: 2026.01.25_СПС.dwg

[ OK ] Перезагрузка правил — 0.0 с — Rules diagnostics  Path: C:\Users\user\AppData\Roaming\Autodesk\ApplicationPlugins\AcadAssistant.bundle\Contents\Windows…
[ПРОП] Анализ слоёв — 0.0 с — команде нужна выделенная область — проверяется вручную
[ OK ] Качество слоёв — 26.6 с — Отчет качества слоев    Всего слоев: 609  Распознано: 609  Не распознано: 0  Compatible multi-label: 264  True conflicts…
[ OK ] Отчёт по слоям — 0.0 с — Отчет качества слоев    Всего слоев: 609  Распознано: 609  Не распознано: 0  Compatible multi-label: 264  True conflicts…
[ OK ] Ошибки слоёв — 27.0 с — Проблемы слоев    Неизвестные слои: 0  Группы похожих неизвестных: 0  Конфликты: 0  Подозрительные: 55    Подозрительные…
[ OK ] Гео-аудит — 0.2 с — Гео-аудит  DWG: C:\Users\user\AppData\Local\Temp\AcadAssistant\selftest\2026-07-17_143402\2026.01.25_СПС.dwg    2026.01.…
[ OK ] Гео неизвестное — 0.2 с — Гео неизвестное  DWG: C:\Users\user\AppData\Local\Temp\AcadAssistant\selftest\2026-07-17_143402\2026.01.25_СПС.dwg  Ниже…
[ OK ] Кандидаты в правила — 0.0 с
[ OK ] Диагностика слоёв — 0.0 с
[ OK ] Экспорт Markdown — 0.0 с — report.md
[ OK ] Экспорт Excel — 0.0 с — report.xlsx
[ OK ] Дамп слоёв — 0.0 с — layers-dump.txt
[ OK ] Режим «CleanView» + возврат — 0.7 с — ApplyMode:CleanView:All: total=609, changed=430, skipped=179, errors=0  Skipped layers:  - 0: protected layer  - 1.4_ВК …
[ OK ] Режим «TextOff» + возврат — 0.3 с — ApplyMode:TextOff:All: total=609, changed=105, skipped=504, errors=0  Skipped layers:  - 0: protected layer  - Defpoints…
[ OK ] Режим «CalloutsOff» + возврат — 0.3 с — ApplyMode:CalloutsOff:All: total=609, changed=21, skipped=588, errors=0  Skipped layers:  - 0: protected layer  - Defpoi…
[ OK ] Режим «SPS» + возврат — 0.5 с — ApplyMode:SPS:All: total=609, changed=605, skipped=4, errors=0  Skipped layers:  - 0: protected layer  - 6_СОХРАННОСТЬ З…
[ OK ] Режим «FireAlarm» + возврат — 0.5 с — ApplyMode:FireAlarm:All: total=609, changed=605, skipped=4, errors=0  Skipped layers:  - 0: protected layer  - 6_СОХРАНН…
[ OK ] Режим «Networks» + возврат — 0.6 с — ApplyMode:Networks:All: total=609, changed=430, skipped=179, errors=0  Skipped layers:  - 0: protected layer  - 1.4_ВК п…
[ OK ] Режим «Preservation» + возврат — 0.5 с — ApplyMode:Preservation:All: total=609, changed=595, skipped=14, errors=0  Skipped layers:  - 0: protected layer  - 6_Вод…
[ OK ] Режим «Demolition» + возврат — 0.6 с — ApplyMode:Demolition:All: total=609, changed=575, skipped=34, errors=0  Skipped layers:  - 0: protected layer  - ПОСАДКА…
[ПРОП] Режим «Restore» + возврат — 0.1 с — применение не изменило состояние слоёв — возврат не требовался
[ OK ] Сценарий «Сводный план сетей» + возврат — 0.8 с — ApplyTaskView:summary-networks: total=609, changed=316, skipped=293, errors=0  Skipped layers:  - 0: protected layer  - …
[ OK ] Сценарий «Котлован + сети на демонтаж» + возврат — 0.8 с — ApplyTaskView:pit-demolition: total=609, changed=421, skipped=188, errors=0  Skipped layers:  - 0: protected layer  - 1.…
[ OK ] Сценарий «Подключение выбранной сети» + возврат — 0.8 с — ApplyTaskView:network-connection: total=609, changed=449, skipped=160, errors=0  Skipped layers:  - 0: protected layer  …
[ OK ] Паспорт: снять — 9.9 с — Паспорт подложки сохранён.  Слоёв: 609  Xref: 47  Файл: C:\Users\user\AppData\Local\Temp\AcadAssistant\selftest\2026-07-…
[ OK ] Паспорт: сравнить — 7.8 с — Паспорт: новых слоёв 0, исчезли 0, изменились 0, Xref 0  Файл паспорта: C:\Users\user\AppData\Local\Temp\AcadAssistant\s…
[ OK ] Ручная проверка: снимок — 5.3 с — Ручной разбор начат.  Объектов в снимке: 330910  Снимок: C:\Users\user\AppData\Local\AcadAssistant\manual-sessions\4c927…
[ OK ] Ручная проверка: сравнение — 5.8 с
[ OK ] Разделение слоя: план — 1.1 с — слой: !!!ВК_Посадка_здания
[ OK ] Эталон: профиль + план разбора — 22.1 с — профиль снят, план построен
[ OK ] Удаление пустых слоёв — 0.7 с — PurgeEmptyLayers: total=2, changed=2, skipped=0, errors=0
[ OK ] Чистка слоя 0 — 2.2 с — Снято 9 объект(ов) с слоя 0 на «0_разобрать». Пропущено: блочных 81394, xref 2219.

Итог: 30 из 30 прошло, 2 пропущено
Самый долгий шаг: Ошибки слоёв — 27.0 с
Полный отчёт: C:\Users\user\AppData\Local\AcadAssistant\reports\selftest\2026-07-17_143630_2026.01.25_СПС_selftest.txt

*Прервано*

Команда: AIPALETTE

Команда: AARESTORE

RestorePreviousState: total=609, changed=316, skipped=293, errors=0
Skipped layers:
- 0: no previous state
- 1.4_Существующее здание: no previous state
- 1.4_ВК печать: no previous state
- ГП_3_3866-25-ИГДИ: no previous state
- output[1-7]|Здания: no previous state
- output[1-7]|Канализация самотёчная: no previous state
- output[1-7]|Кабель электрический проектный: no previous state
- output[1-7]|Навесы: no previous state
- output[1-7]|Кабель электрический: no previous state
- output[1-7]|Кабель связи: no previous state
- output[1-7]|Части зданий: no previous state
- output[1-7]|Кабель защиты проектный: no previous state
Команда: 
Команда: *Прервано*

Команда: *Прервано*

Команда: _quit 
Команда: 
