[ AutoCAD - Wed Jul 22 16:42:20 2026  ]----------------------------------------

Открывается файл формата AutoCAD 2018.
Выполняется регенерация модели.


Утилиты меню AutoCAD загружены.
Команда: 

Файл Autodesk DWG. Это файл формата TrustedDWG, сохраненный в приложении Autodesk или в приложении, лицензированном корпорацией Autodesk.

Команда: 

Команда: 
Команда: _APPLOAD
01_OPOR_PORT.lsp успешно загружено.


Команда: 
[OPOR] Загружено. Команды: OPOR, XX, OPORTIN, OPORSLOPE, OPORSLOPEWR, OPORHEIGHTCHECK, OPORWRITELEVEL, OPORAUTOLEVEL, OPORRING, OPORREGCHECK, OPORCHECK, OPORCLEAN, OPORDUMP, OPORTABLES, OPOROLD, OPORSHOW, OPORDEBUG.
check_dump.lsp загружен. Главная команда: DUMPALL
probe_height_check загружен. Команда: HEIGHTDUMP.
probe_write_level загружен. Команда: WRITELEVELDUMP.
probe_auto_level загружен. Команда: AUTOLEVELDUMP.
probe_slope загружен. Команды: SLOPEDUMP, SLOPECOLORS.
probe_tables загружен. Команда: TBLPROBE
probe_marks v2 загружен. Команда: MARKDUMP
probe_lines.lsp загружен. Команда: LINEDUMP
OPOR port загружен. Основная команда: OPOR (или XX).
Команда: 
Команда: OPOR

[OPOR] Проверка OPOR:
Версия: 3.30.1-robust-tin
Слои: OK
Блоки MVP: OK
Размерный стиль ISO-25: OK
Справочно, отсутствующие будущие блоки: 
- нетВыполняется регенерация модели.

Команда: 
[OPOR] Слоёв скрыто: 10
Выберите внешний контур OPOR: 
Команда: 
[OPOR] Проёмов найдено: 2Выполняется регенерация модели.

Команда: 
Начальная точка сетки <Enter = угол у длинного ребра>: 
Направление сетки <Enter = вдоль длинного ребра>: 
Точка вставки итоговой таблицы <Enter = справа от контура>: 

[OPOR] Контур 1 рассчитан: опор=4678, длина лаг=2140.823 м, ошибок высот=0.
Команда: Выполняется регенерация модели.

Команда: 
[OPOR] Слоёв скрыто: 10
Выберите следующий внешний контур OPOR или Enter для завершения: 
Выполняется регенерация модели.

Команда: 
[OPOR] Заголовок чертежа: Разбивка опор Level PRO.
[OPOR] Var завершён: опор=4678, длина лаг=2141 м, лаг=60 шт, ошибок высот=0, областей=50, треугольников=50.
Команда: 

Команда: 
Команда: OPORDUMP

========== OPOR NEW OBJECT DUMP ==========

===== SESSION 20260722_154053-110029359 =====
--- ПО ТИПАМ XDATA ---
    tin-interpolated-mark : 8
    tin-triangle : 50
--- ПО СЛОЯМ ---
    0 : 8
    линии_высот : 50
--- НОВАЯ СЕТКА --- линий: 0  длина: 0 мм = 0 м
    grid-v: 0 линий, 0 м, min - мм
    grid-p: 0 линий, 0 м, min - мм
--- НОВЫЕ ОПОРЫ --- всего: 0
--- НОВЫЕ ТАБЛИЦЫ --- всего: 0

===== SESSION 20260722_16422901-113725343 =====
--- ПО ТИПАМ XDATA ---
    drawing-title : 1
    grid-edge : 4
    grid-v : 92
    support : 4678
    table-extra-row : 1
    table-params : 1
    table-support : 1
--- ПО СЛОЯМ ---
    контур : 4
    опорыvb : 4678
    сеткаvb : 96
--- НОВАЯ СЕТКА --- линий: 96  длина: 2140822.5 мм = 2140.82 м
    grid-v: 92 линий, 2097.08 м, min 1648.8 мм
    grid-p: 0 линий, 0 м, min - мм
    session grid lag: 2097.08 м
    index ranges: v=(-58 3) p=(-3 179)
    boundary lag candidate: 43.74 м, mode=all
      outer: 31.5 м, holes: 12.24 м
    П5 лаги: рядов=60, поперечных удалено=190
    support split: vertices=36 border=557 nodes=4085
    border filter: raw=564 after-vertices=557
    node filter: raw=4205 after-self=4205 after-vertices=4197 after-border=4085
    крепёж: лаги= x0, плитки= x0 (шаг 0)
    levels: marks=38 polylines=50 vertices=36 missing-marks=0 triangles=50 height-errors=0
--- НОВЫЕ ОПОРЫ --- всего: 4678
    цвет 1 : 662 шт
    цвет 30 : 205 шт
    цвет 92 : 1000 шт
    цвет 131 : 2811 шт
--- НОВЫЕ ТАБЛИЦЫ --- всего: 3
    блок: OPOR_PARAMS_EXTRA_ROW
      LABEL = Кол-во лаг, шт
      VALUE = 60
    блок: OPOR_PARAMS_BOARD
      COVERING = Доска 160\U+00D727\U+00D73000
      AREA = 831
      LAG_TYPE = Frame 40\U+00D749 мм
      LAG_LENGTH = 2141
      STEP_X = 500
      STEP_Y = 400
      FLOOR = 101
    блок: OPOR_SUPPORT_SPEC_PRO
      SUP_PRO_LOW12 = 0
      SUP_PRO_LOW20 = 0
      SUP_PRO_25_35 = 662
      SUP_PRO_35_50 = 1000
      SUP_PRO_50_80 = 2811
      SUP_PRO_80_140 = 205
      SUP_PRO_95_155 = 0
      SUP_PRO_145_240 = 0
      SUP_PRO_160_270 = 0
      SUP_PRO_205_340 = 0
      SUP_PRO_235_400 = 0
      SUP_PRO_315_530 = 0
      SUP_PRO_390_660 = 0
      SUP_TOTAL = 4678
=========================================

Команда: 
Команда: OPORTABLES

========== OPOR TOTAL TABLE BLOCKS ==========
--- TABLE #1 ---
    block: table_totl_1
    handle: 1DB89
    layer: _SG_Support
    session: old/no-xdata
      1 = 
      2 = 
      3 = 
      4 = 
      5 = 
      6 = 
      7 = 
      8 = 
      9 = 
      10 = 
      11 = 
      12 = 
      13 = 
      AREA = 
      ITOG = 
      CHPOL = 0
      DOSKA = 0
      LAG = 0
      PLITKA = 0
      VECTOR = 0
      PERP = 0
      LENGTH = 
      QC = 
      QR = 
--- TABLE #2 ---
    block: table_totl_3D
    handle: 2A2DA
    layer: _SG_Support
    session: old/no-xdata
      1 = 
      2 = 
      3 = 
      4 = 
      5 = 
      6 = 
      7 = 
      8 = 
      9 = 
      10 = 
      11 = 
      AREA = 
      ITOG = 
      CHPOL = 0
      DOSKA = 0
      LAG = 0
      PLITKA = 0
      VECTOR = 0
      PERP = 0
      LENGTH = 
      QC = 
      QR = 
--- TABLE #3 ---
    block: table_totl_PRO
    handle: 2AA14
    layer: _SG_Support
    session: old/no-xdata
      1 = 
      2 = 
      3 = 
      4 = 
      5 = 
      6 = 
      7 = 
      8 = 
      9 = 
      10 = 
      11 = 
      12 = 
      13 = 
      AREA = 
      ITOG = 
      CHPOL = 0
      DOSKA = 0
      LAG = 0
      PLITKA = 0
      VECTOR = 0
      PERP = 0
      LENGTH = 
      QC = 
      QR = 
--- TABLE #4 ---
    block: table_totl_PRO
    handle: 377CE
    layer: 0
    session: old/no-xdata
      1 = 
      2 = 
      3 = 637
      4 = 1401
      5 = 2982
      6 = 136
      7 = 
      8 = 
      9 = 
      10 = 
      11 = 
      12 = 
      13 = 
      AREA = 831
      ITOG = 5156
      CHPOL = 101
      DOSKA = 27
      LAG = 49
      PLITKA = 0
      VECTOR = 500
      PERP = 400
      LENGTH = 2434
      QC = 0
      QR = 0
--- TABLE #5 ---
    block: table_totl_PRO
    handle: 43426
    layer: 0
    session: old/no-xdata
      1 = 
      2 = 
      3 = 650
      4 = 1239
      5 = 2697
      6 = 123
      7 = 
      8 = 1
      9 = 
      10 = 
      11 = 
      12 = 
      13 = 
      AREA = 867
      ITOG = 4710
      CHPOL = 101
      DOSKA = 27
      LAG = 49
      PLITKA = 0
      VECTOR = 500
      PERP = 400
      LENGTH = 2107
      QC = 0
      QR = 0
--- TABLE #6 ---
    block: table_totl_PRO
    handle: 4641F
    layer: 0
    session: old/no-xdata
      1 = 
      2 = 
      3 = 456
      4 = 982
      5 = 2139
      6 = 94
      7 = 
      8 = 
      9 = 
      10 = 
      11 = 
      12 = 
      13 = 
      AREA = 831
      ITOG = 3671
      CHPOL = 101
      DOSKA = 27
      LAG = 49
      PLITKA = 0
      VECTOR = 500
      PERP = 500
      LENGTH = 1696
      QC = 0
      QR = 0
--- TABLE #7 ---
    block: OPOR_SUPPORT_SPEC_PRO
    handle: C8A5A
    layer: контур
    session: 20260722_16422901-113725343
      SUP_PRO_LOW12 = 0
      SUP_PRO_LOW20 = 0
      SUP_PRO_25_35 = 662
      SUP_PRO_35_50 = 1000
      SUP_PRO_50_80 = 2811
      SUP_PRO_80_140 = 205
      SUP_PRO_95_155 = 0
      SUP_PRO_145_240 = 0
      SUP_PRO_160_270 = 0
      SUP_PRO_205_340 = 0
      SUP_PRO_235_400 = 0
      SUP_PRO_315_530 = 0
      SUP_PRO_390_660 = 0
      SUP_TOTAL = 4678
--- TABLE #8 ---
    block: OPOR_PARAMS_BOARD
    handle: C8A6A
    layer: контур
    session: 20260722_16422901-113725343
      COVERING = Доска 160\U+00D727\U+00D73000
      AREA = 831
      LAG_TYPE = Frame 40\U+00D749 мм
      LAG_LENGTH = 2141
      STEP_X = 500
      STEP_Y = 400
      FLOOR = 101
--- TABLE #9 ---
    block: OPOR_PARAMS_EXTRA_ROW
    handle: C8A73
    layer: контур
    session: 20260722_16422901-113725343
      LABEL = Кол-во лаг, шт
      VALUE = 60
============================================

Команда: 
Команда: DUMPALL

========== СНИМОК СОСТОЯНИЯ ==========
--- ОПОРЫ (слой опорыvb) --- ВСЕГО: 18074
    цвет 1 : 2327 шт
    цвет 30 : 549 шт   <-- ОШИБКА высоты (оранжевый)
    цвет 92 : 4608 шт
    цвет 131 : 10590 шт
--- ЛАГИ (LINE на сеткаvb) --- линий: 645  длина: 8491851 мм = 8491.85 м
--- ПЛОЩАДЬ ---
    контур ('контур'): 7804.799 м2
    областиvb: 327.34 м2
    контур - областиvb: 7477.458 м2
--- СЛОИ ПЛАГИНА ---
    контур : вкл , объектов: 14
    опорыvb : вкл , объектов: 18074
    опоры_текстvb : вкл , объектов: 0
    сеткаvb : вкл , объектов: 645
    плиткаvb : вкл , объектов: 0
    областиvb : вкл , объектов: 18
    линии_высот : вкл , объектов: 219
--- ТАБЛИЦА [39 x 3] ---
   |Опоры|||
   |Наименование|Диапазон высот|Цвет|
   |LOW 12|<17|{\C221;221|
   |LOW 20|17-25|{\C2;2|
   |25-35|25-35|{\C1;1|
   |35-50|35-50|{\C92;92|
   |50-80|50-80|{\C131;131|
   |80-140|80-140|{\C30;30|
   |95-155|140-155|{\C160;160|
   |145-240|155-240|{\C60;60|
   |160-270|240-270|{\C134;134|
   |235-340|270-340|42|
   |235-400|340-400|{\C26;26|
   |315-530|400-530|{\C82;82|
   |390-660|530-660|{\C163;163|
   |3D 0-35|<35|{\C1;1|
   |3D 35-50 |35-50|{\C92;92|
   |3D 50-80|50-80|{\C131;131|
   |3D 80-140|80-140|{\C30;30|
   |3D 95-155|140-155|{\C160;160|
   |3D 145-240|155-240|{\C60;60|
   |3D 160-270|240-270|{\C134;134|
   |3D 235-340|270-340|42|
   |3D 235-400|340-400|{\C26;26|
   |3D 315-530|400-530|{\C82;82|
   |3D 390-660|530-660|{\C163;163|
   |PRO LOW12|<17|{\C221;221|
   |PRO LOW20|17-25|{\C2;2|
   |PRO 25-35|25-35|{\C1;1|
   |PRO 35-50|35-50|{\C92;92|
   |PRO 50-80|50-80|{\C131;131|
   |PRO 82-140|80-140|{\C30;30|
   |PRO 95-155|140-155|{\C160;160|
   |PRO 145-240|155-240|{\C60;60|
   |PRO 160-270|240-270|{\C134;134|
   |PRO 235-340|270-340|42|
   |PRO 235-400|340-400|{\C26;26|
   |PRO 315-530|400-530|{\C82;82|
   |PRO 390-660|530-660|{\C163;163|
=====================================

Команда: 
Команда: LINEDUMP

===== LINES on сеткаvb =====
#1  (536716.9,21258.6) -> (531615.9,21258.6)  L=5101.1  цвет=256
#2  (531615.9,25271.5) -> (536716.9,25271.5)  L=5101.1  цвет=256
#3  (478998.5,21258.3) -> (481035.7,21258.3)  L=2037.2  цвет=256
#4  (496743.3,17060.4) -> (528243.1,17060.4)  L=31499.9  цвет=256
#5  (528243.1,27157.8) -> (565904.8,27157.8)  L=37661.7  цвет=256
#6  (477760.5,27157.8) -> (496743.3,27157.8)  L=18982.8  цвет=256
#7  (528243.1,26757.8) -> (565904.8,26757.8)  L=37661.7  цвет=256
#8  (477844.4,26757.8) -> (496743.3,26757.8)  L=18898.9  цвет=256
#9  (528243.1,26357.8) -> (565904.8,26357.8)  L=37661.7  цвет=256
#10  (477928.4,26357.8) -> (496743.3,26357.8)  L=18814.9  цвет=256
#11  (528243.1,25957.8) -> (565904.8,25957.8)  L=37661.7  цвет=256
#12  (478012.3,25957.8) -> (496743.3,25957.8)  L=18731  цвет=256
#13  (528243.1,25557.8) -> (565904.8,25557.8)  L=37661.7  цвет=256
#14  (478096.2,25557.8) -> (496743.3,25557.8)  L=18647  цвет=256
#15  (536716.9,25157.8) -> (565904.8,25157.8)  L=29187.9  цвет=256
#16  (528243.1,25157.8) -> (531615.9,25157.8)  L=3372.8  цвет=256
#17  (478180.2,25157.8) -> (496743.3,25157.8)  L=18563.1  цвет=256
#18  (536716.9,24757.8) -> (565904.8,24757.8)  L=29187.9  цвет=256
#19  (528243.1,24757.8) -> (531615.9,24757.8)  L=3372.8  цвет=256
#20  (478264.1,24757.8) -> (496743.3,24757.8)  L=18479.2  цвет=256
#21  (536716.9,24357.8) -> (565904.8,24357.8)  L=29187.9  цвет=256
#22  (528243.1,24357.8) -> (531615.9,24357.8)  L=3372.8  цвет=256
#23  (478348,24357.8) -> (496743.3,24357.8)  L=18395.2  цвет=256
#24  (536716.9,23957.8) -> (565904.8,23957.8)  L=29187.9  цвет=256
#25  (528243.1,23957.8) -> (531615.9,23957.8)  L=3372.8  цвет=256
#26  (478432,23957.8) -> (496743.3,23957.8)  L=18311.3  цвет=256
#27  (536716.9,23557.8) -> (565904.8,23557.8)  L=29187.9  цвет=256
#28  (528243.1,23557.8) -> (531615.9,23557.8)  L=3372.8  цвет=256
#29  (478515.9,23557.8) -> (496743.3,23557.8)  L=18227.3  цвет=256
#30  (536716.9,23157.8) -> (565904.8,23157.8)  L=29187.9  цвет=256
#31  (528243.1,23157.8) -> (531615.9,23157.8)  L=3372.8  цвет=256
#32  (478599.9,23157.8) -> (496743.3,23157.8)  L=18143.4  цвет=256
#33  (536716.9,22757.8) -> (565904.8,22757.8)  L=29187.9  цвет=256
#34  (528243.1,22757.8) -> (531615.9,22757.8)  L=3372.8  цвет=256
#35  (478683.8,22757.8) -> (496743.3,22757.8)  L=18059.5  цвет=256
#36  (536716.9,22357.8) -> (565904.8,22357.8)  L=29187.9  цвет=256
#37  (528243.1,22357.8) -> (531615.9,22357.8)  L=3372.8  цвет=256
#38  (478767.7,22357.8) -> (496743.3,22357.8)  L=17975.5  цвет=256
#39  (536716.9,21957.8) -> (564087,21957.8)  L=27370.1  цвет=256
#40  (528243.1,21957.8) -> (531615.9,21957.8)  L=3372.8  цвет=256
#41  (478851.7,21957.8) -> (496743.3,21957.8)  L=17891.6  цвет=256
#42  (536716.9,21557.8) -> (562180.8,21557.8)  L=25463.9  цвет=256
#43  (528243.1,21557.8) -> (531615.9,21557.8)  L=3372.8  цвет=256
#44  (478935.6,21557.8) -> (496743.3,21557.8)  L=17807.6  цвет=256
#45  (528243.1,21157.8) -> (560274.6,21157.8)  L=32031.5  цвет=256
#46  (481056.9,21157.8) -> (496743.3,21157.8)  L=15686.3  цвет=256
#47  (528243.1,20757.8) -> (558368.4,20757.8)  L=30125.3  цвет=256
#48  (481141.7,20757.8) -> (496743.3,20757.8)  L=15601.6  цвет=256
#49  (528243.1,20357.8) -> (556462.2,20357.8)  L=28219  цвет=256
#50  (481226.4,20357.8) -> (496743.3,20357.8)  L=15516.9  цвет=256
#51  (528243.1,19957.8) -> (554556,19957.8)  L=26312.8  цвет=256
#52  (481311.1,19957.8) -> (496743.3,19957.8)  L=15432.1  цвет=256
#53  (528243.1,19557.8) -> (552649.7,19557.8)  L=24406.6  цвет=256
#54  (481395.9,19557.8) -> (496743.3,19557.8)  L=15347.4  цвет=256
#55  (528243.1,19157.8) -> (550743.5,19157.8)  L=22500.4  цвет=256
#56  (481480.6,19157.8) -> (496743.3,19157.8)  L=15262.6  цвет=256
#57  (528243.1,18757.8) -> (548837.3,18757.8)  L=20594.2  цвет=256
#58  (481565.4,18757.8) -> (496743.3,18757.8)  L=15177.9  цвет=256
#59  (528243.1,18357.8) -> (546931.1,18357.8)  L=18688  цвет=256
#60  (481650.1,18357.8) -> (496743.3,18357.8)  L=15093.2  цвет=256
#61  (528243.1,17957.8) -> (545024.9,17957.8)  L=16781.7  цвет=256
#62  (481734.8,17957.8) -> (496743.3,17957.8)  L=15008.4  цвет=256
#63  (528243.1,17557.8) -> (543118.7,17557.8)  L=14875.5  цвет=256
#64  (481819.6,17557.8) -> (496743.3,17557.8)  L=14923.7  цвет=256
#65  (528243.1,17157.8) -> (541212.4,17157.8)  L=12969.3  цвет=256
#66  (481904.3,17157.8) -> (496743.3,17157.8)  L=14839  цвет=256
#67  (481989,16757.8) -> (539306.2,16757.8)  L=57317.2  цвет=256
#68  (482073.8,16357.8) -> (537400,16357.8)  L=55326.2  цвет=256
#69  (482158.5,15957.8) -> (535493.8,15957.8)  L=53335.3  цвет=256
#70  (482243.3,15557.8) -> (533587.6,15557.8)  L=51344.3  цвет=256
#71  (482328,15157.8) -> (531681.4,15157.8)  L=49353.4  цвет=256
#72  (482412.7,14757.8) -> (529775.1,14757.8)  L=47362.4  цвет=256
#73  (482497.5,14357.8) -> (527868.9,14357.8)  L=45371.5  цвет=256
#74  (482582.2,13957.8) -> (525962.7,13957.8)  L=43380.5  цвет=256
#75  (482016.4,13557.8) -> (524056.5,13557.8)  L=42040.1  цвет=256
#76  (480698.3,13157.8) -> (522150.3,13157.8)  L=41451.9  цвет=256
#77  (480782.3,12757.8) -> (520244.1,12757.8)  L=39461.8  цвет=256
#78  (480866.2,12357.8) -> (518337.8,12357.8)  L=37471.6  цвет=256
#79  (480950.2,11957.8) -> (516431.6,11957.8)  L=35481.5  цвет=256
#80  (481034.1,11557.8) -> (514525.4,11557.8)  L=33491.3  цвет=256
#81  (481118,11157.8) -> (512619.2,11157.8)  L=31501.2  цвет=256
#82  (481202,10757.8) -> (510713,10757.8)  L=29511  цвет=256
#83  (481285.9,10357.8) -> (508806.8,10357.8)  L=27520.8  цвет=256
#84  (481369.9,9957.8) -> (506900.5,9957.8)  L=25530.7  цвет=256
#85  (481453.8,9557.8) -> (504994.3,9557.8)  L=23540.5  цвет=256
#86  (481537.7,9157.8) -> (503088.1,9157.8)  L=21550.4  цвет=256
#87  (481621.7,8757.8) -> (501181.9,8757.8)  L=19560.2  цвет=256
#88  (481705.6,8357.8) -> (499275.7,8357.8)  L=17570.1  цвет=256
#89  (481789.6,7957.8) -> (497369.5,7957.8)  L=15579.9  цвет=256
#90  (481873.5,7557.8) -> (495463.2,7557.8)  L=13589.7  цвет=256
#91  (481957.4,7157.8) -> (493557,7157.8)  L=11599.6  цвет=256
#92  (482041.4,6757.8) -> (491650.8,6757.8)  L=9609.4  цвет=256
#93  (482125.3,6357.8) -> (489744.6,6357.8)  L=7619.3  цвет=256
#94  (482209.3,5957.8) -> (487838.4,5957.8)  L=5629.1  цвет=256
#95  (482293.2,5557.8) -> (485932.2,5557.8)  L=3639  цвет=256
#96  (482377.1,5157.8) -> (484025.9,5157.8)  L=1648.8  цвет=256
#97  (264714.2,-128741.4) -> (264714.2,-124728.5)  L=4012.8  цвет=256
#98  (269815.3,-124728.5) -> (269815.3,-128741.4)  L=4012.8  цвет=256
#99  (299003.2,-122842.2) -> (299003.2,-127660.7)  L=4818.6  цвет=256
#100  (261341.5,-132939.6) -> (261341.5,-122842.2)  L=10097.4  цвет=256
#101  (229841.6,-122842.2) -> (229841.6,-132939.6)  L=10097.4  цвет=256
#102  (215358.8,-136390.9) -> (215358.8,-144286.2)  L=7895.3  цвет=256
#103  (214858.8,-136495.9) -> (214858.8,-141903.6)  L=5407.7  цвет=256
#104  (214358.8,-136600.8) -> (214358.8,-139520.9)  L=2920.1  цвет=256
#105  (213858.8,-136705.7) -> (213858.8,-137138.2)  L=432.5  цвет=256
#106  (264858.8,-128741.4) -> (264858.8,-134825.6)  L=6084.2  цвет=256
#107  (269358.8,-128741.4) -> (269358.8,-133881.3)  L=5139.9  цвет=256
#108  (268858.8,-128741.4) -> (268858.8,-133986.2)  L=5244.8  цвет=256
#109  (268358.8,-128741.4) -> (268358.8,-134091.1)  L=5349.7  цвет=256
#110  (267858.8,-128741.4) -> (267858.8,-134196)  L=5454.7  цвет=256
#111  (267358.8,-128741.4) -> (267358.8,-134301)  L=5559.6  цвет=256
#112  (266858.8,-128741.4) -> (266858.8,-134405.9)  L=5664.5  цвет=256
#113  (266358.8,-128741.4) -> (266358.8,-134510.8)  L=5769.4  цвет=256
#114  (265858.8,-128741.4) -> (265858.8,-134615.7)  L=5874.3  цвет=256
#115  (265358.8,-128741.4) -> (265358.8,-134720.6)  L=5979.3  цвет=256
#116  (261341.5,-122842.2) -> (299003.2,-122842.2)  L=37661.7  цвет=256
#117  (298858.8,-122842.2) -> (298858.8,-127691)  L=4848.8  цвет=256
#118  (298358.8,-122842.2) -> (298358.8,-127795.9)  L=4953.8  цвет=256
#119  (297858.8,-122842.2) -> (297858.8,-127900.8)  L=5058.7  цвет=256
#120  (297358.8,-122842.2) -> (297358.8,-128005.8)  L=5163.6  цвет=256
#121  (296858.8,-122842.2) -> (296858.8,-128110.7)  L=5268.5  цвет=256
#122  (296358.8,-122842.2) -> (296358.8,-128215.6)  L=5373.4  цвет=256
#123  (295858.8,-122842.2) -> (295858.8,-128320.5)  L=5478.4  цвет=256
#124  (295358.8,-122842.2) -> (295358.8,-128425.4)  L=5583.3  цвет=256
#125  (294858.8,-122842.2) -> (294858.8,-128530.4)  L=5688.2  цвет=256
#126  (294358.8,-122842.2) -> (294358.8,-128635.3)  L=5793.1  цвет=256
#127  (293858.8,-122842.2) -> (293858.8,-128740.2)  L=5898  цвет=256
#128  (293358.8,-122842.2) -> (293358.8,-128845.1)  L=6003  цвет=256
#129  (292858.8,-122842.2) -> (292858.8,-128950)  L=6107.9  цвет=256
#130  (292358.8,-122842.2) -> (292358.8,-129055)  L=6212.8  цвет=256
#131  (291858.8,-122842.2) -> (291858.8,-129159.9)  L=6317.7  цвет=256
#132  (291358.8,-122842.2) -> (291358.8,-129264.8)  L=6422.6  цвет=256
#133  (290858.8,-122842.2) -> (290858.8,-129369.7)  L=6527.6  цвет=256
#134  (290358.8,-122842.2) -> (290358.8,-129474.6)  L=6632.5  цвет=256
#135  (289858.8,-122842.2) -> (289858.8,-129579.6)  L=6737.4  цвет=256
#136  (289358.8,-122842.2) -> (289358.8,-129684.5)  L=6842.3  цвет=256
#137  (288858.8,-122842.2) -> (288858.8,-129789.4)  L=6947.2  цвет=256
#138  (288358.8,-122842.2) -> (288358.8,-129894.3)  L=7052.2  цвет=256
#139  (287858.8,-122842.2) -> (287858.8,-129999.2)  L=7157.1  цвет=256
#140  (287358.8,-122842.2) -> (287358.8,-130104.2)  L=7262  цвет=256
#141  (286858.8,-122842.2) -> (286858.8,-130209.1)  L=7366.9  цвет=256
#142  (286358.8,-122842.2) -> (286358.8,-130314)  L=7471.8  цвет=256
#143  (285858.8,-122842.2) -> (285858.8,-130418.9)  L=7576.8  цвет=256
#144  (285358.8,-122842.2) -> (285358.8,-130523.8)  L=7681.7  цвет=256
#145  (284858.8,-122842.2) -> (284858.8,-130628.8)  L=7786.6  цвет=256
#146  (284358.8,-122842.2) -> (284358.8,-130733.7)  L=7891.5  цвет=256
#147  (283858.8,-122842.2) -> (283858.8,-130838.6)  L=7996.4  цвет=256
#148  (283358.8,-122842.2) -> (283358.8,-130943.5)  L=8101.4  цвет=256
#149  (282858.8,-122842.2) -> (282858.8,-131048.4)  L=8206.3  цвет=256
#150  (282358.8,-122842.2) -> (282358.8,-131153.4)  L=8311.2  цвет=256
#151  (281858.8,-122842.2) -> (281858.8,-131258.3)  L=8416.1  цвет=256
#152  (281358.8,-122842.2) -> (281358.8,-131363.2)  L=8521  цвет=256
#153  (280858.8,-122842.2) -> (280858.8,-131468.1)  L=8626  цвет=256
#154  (280358.8,-122842.2) -> (280358.8,-131573)  L=8730.9  цвет=256
#155  (279858.8,-122842.2) -> (279858.8,-131678)  L=8835.8  цвет=256
#156  (279358.8,-122842.2) -> (279358.8,-131782.9)  L=8940.7  цвет=256
#157  (278858.8,-122842.2) -> (278858.8,-131887.8)  L=9045.6  цвет=256
#158  (278358.8,-122842.2) -> (278358.8,-131992.7)  L=9150.6  цвет=256
#159  (277858.8,-122842.2) -> (277858.8,-132097.6)  L=9255.5  цвет=256
#160  (277358.8,-122842.2) -> (277358.8,-132202.6)  L=9360.4  цвет=256
#161  (276858.8,-122842.2) -> (276858.8,-132307.5)  L=9465.3  цвет=256
#162  (276358.8,-122842.2) -> (276358.8,-132412.4)  L=9570.2  цвет=256
#163  (275858.8,-122842.2) -> (275858.8,-132517.3)  L=9675.2  цвет=256
#164  (275358.8,-122842.2) -> (275358.8,-132622.2)  L=9780.1  цвет=256
#165  (274858.8,-122842.2) -> (274858.8,-132727.2)  L=9885  цвет=256
#166  (274358.8,-122842.2) -> (274358.8,-132832.1)  L=9989.9  цвет=256
#167  (273858.8,-122842.2) -> (273858.8,-132937)  L=10094.8  цвет=256
#168  (273358.8,-122842.2) -> (273358.8,-133041.9)  L=10199.8  цвет=256
#169  (272858.8,-122842.2) -> (272858.8,-133146.8)  L=10304.7  цвет=256
#170  (272358.8,-122842.2) -> (272358.8,-133251.8)  L=10409.6  цвет=256
#171  (271858.8,-122842.2) -> (271858.8,-133356.7)  L=10514.5  цвет=256
#172  (271358.8,-122842.2) -> (271358.8,-133461.6)  L=10619.4  цвет=256
#173  (270858.8,-122842.2) -> (270858.8,-133566.5)  L=10724.4  цвет=256
#174  (270358.8,-122842.2) -> (270358.8,-133671.4)  L=10829.3  цвет=256
#175  (269858.8,-122842.2) -> (269858.8,-133776.4)  L=10934.2  цвет=256
#176  (269358.8,-122842.2) -> (269358.8,-124728.5)  L=1886.4  цвет=256
#177  (268858.8,-122842.2) -> (268858.8,-124728.5)  L=1886.4  цвет=256
#178  (268358.8,-122842.2) -> (268358.8,-124728.5)  L=1886.4  цвет=256
#179  (267858.8,-122842.2) -> (267858.8,-124728.5)  L=1886.4  цвет=256
#180  (267358.8,-122842.2) -> (267358.8,-124728.5)  L=1886.4  цвет=256
#181  (266858.8,-122842.2) -> (266858.8,-124728.5)  L=1886.4  цвет=256
#182  (266358.8,-122842.2) -> (266358.8,-124728.5)  L=1886.4  цвет=256
#183  (265858.8,-122842.2) -> (265858.8,-124728.5)  L=1886.4  цвет=256
#184  (265358.8,-122842.2) -> (265358.8,-124728.5)  L=1886.4  цвет=256
#185  (264858.8,-122842.2) -> (264858.8,-124728.5)  L=1886.4  цвет=256
#186  (264358.8,-122842.2) -> (264358.8,-134930.5)  L=12088.3  цвет=256
#187  (263858.8,-122842.2) -> (263858.8,-135035.4)  L=12193.2  цвет=256
#188  (263358.8,-122842.2) -> (263358.8,-135140.3)  L=12298.2  цвет=256
#189  (262858.8,-122842.2) -> (262858.8,-135245.2)  L=12403.1  цвет=256
#190  (262358.8,-122842.2) -> (262358.8,-135350.2)  L=12508  цвет=256
#191  (261858.8,-122842.2) -> (261858.8,-135455.1)  L=12612.9  цвет=256
#192  (261358.8,-122842.2) -> (261358.8,-135560)  L=12717.8  цвет=256
#193  (260858.8,-132939.6) -> (260858.8,-135664.9)  L=2725.3  цвет=256
#194  (260358.8,-132939.6) -> (260358.8,-135769.8)  L=2830.3  цвет=256
#195  (259858.8,-132939.6) -> (259858.8,-135874.8)  L=2935.2  цвет=256
#196  (259358.8,-132939.6) -> (259358.8,-135979.7)  L=3040.1  цвет=256
#197  (258858.8,-132939.6) -> (258858.8,-136084.6)  L=3145  цвет=256
#198  (258358.8,-132939.6) -> (258358.8,-136189.5)  L=3249.9  цвет=256
#199  (257858.8,-132939.6) -> (257858.8,-136294.4)  L=3354.9  цвет=256
#200  (257358.8,-132939.6) -> (257358.8,-136399.4)  L=3459.8  цвет=256
#201  (256858.8,-132939.6) -> (256858.8,-136504.3)  L=3564.7  цвет=256
#202  (256358.8,-132939.6) -> (256358.8,-136609.2)  L=3669.6  цвет=256
#203  (255858.8,-132939.6) -> (255858.8,-136714.1)  L=3774.5  цвет=256
#204  (255358.8,-132939.6) -> (255358.8,-136819)  L=3879.5  цвет=256
#205  (254858.8,-132939.6) -> (254858.8,-136924)  L=3984.4  цвет=256
#206  (254358.8,-132939.6) -> (254358.8,-137028.9)  L=4089.3  цвет=256
#207  (253858.8,-132939.6) -> (253858.8,-137133.8)  L=4194.2  цвет=256
#208  (253358.8,-132939.6) -> (253358.8,-137238.7)  L=4299.1  цвет=256
#209  (252858.8,-132939.6) -> (252858.8,-137343.6)  L=4404.1  цвет=256
#210  (252358.8,-132939.6) -> (252358.8,-137448.6)  L=4509  цвет=256
#211  (251858.8,-132939.6) -> (251858.8,-137553.5)  L=4613.9  цвет=256
#212  (251358.8,-132939.6) -> (251358.8,-137658.4)  L=4718.8  цвет=256
#213  (250858.8,-132939.6) -> (250858.8,-137763.3)  L=4823.7  цвет=256
#214  (250358.8,-132939.6) -> (250358.8,-137868.2)  L=4928.7  цвет=256
#215  (249858.8,-132939.6) -> (249858.8,-137973.2)  L=5033.6  цвет=256
#216  (249358.8,-132939.6) -> (249358.8,-138078.1)  L=5138.5  цвет=256
#217  (248858.8,-132939.6) -> (248858.8,-138183)  L=5243.4  цвет=256
#218  (248358.8,-132939.6) -> (248358.8,-138287.9)  L=5348.3  цвет=256
#219  (247858.8,-132939.6) -> (247858.8,-138392.8)  L=5453.3  цвет=256
#220  (247358.8,-132939.6) -> (247358.8,-138497.8)  L=5558.2  цвет=256
#221  (246858.8,-132939.6) -> (246858.8,-138602.7)  L=5663.1  цвет=256
#222  (246358.8,-132939.6) -> (246358.8,-138707.6)  L=5768  цвет=256
#223  (245858.8,-132939.6) -> (245858.8,-138812.5)  L=5872.9  цвет=256
#224  (245358.8,-132939.6) -> (245358.8,-138917.4)  L=5977.9  цвет=256
#225  (244858.8,-132939.6) -> (244858.8,-139022.4)  L=6082.8  цвет=256
#226  (244358.8,-132939.6) -> (244358.8,-139127.3)  L=6187.7  цвет=256
#227  (243858.8,-132939.6) -> (243858.8,-139232.2)  L=6292.6  цвет=256
#228  (243358.8,-132939.6) -> (243358.8,-139337.1)  L=6397.5  цвет=256
#229  (242858.8,-132939.6) -> (242858.8,-139442)  L=6502.5  цвет=256
#230  (242358.8,-132939.6) -> (242358.8,-139547)  L=6607.4  цвет=256
#231  (241858.8,-132939.6) -> (241858.8,-139651.9)  L=6712.3  цвет=256
#232  (241358.8,-132939.6) -> (241358.8,-139756.8)  L=6817.2  цвет=256
#233  (240858.8,-132939.6) -> (240858.8,-139861.7)  L=6922.1  цвет=256
#234  (240358.8,-132939.6) -> (240358.8,-139966.6)  L=7027.1  цвет=256
#235  (239858.8,-132939.6) -> (239858.8,-140071.6)  L=7132  цвет=256
#236  (239358.8,-132939.6) -> (239358.8,-140176.5)  L=7236.9  цвет=256
#237  (238858.8,-132939.6) -> (238858.8,-140281.4)  L=7341.8  цвет=256
#238  (238358.8,-132939.6) -> (238358.8,-140386.3)  L=7446.7  цвет=256
#239  (237858.8,-132939.6) -> (237858.8,-140491.2)  L=7551.7  цвет=256
#240  (237358.8,-132939.6) -> (237358.8,-140596.2)  L=7656.6  цвет=256
#241  (236858.8,-132939.6) -> (236858.8,-140701.1)  L=7761.5  цвет=256
#242  (236358.8,-132939.6) -> (236358.8,-140806)  L=7866.4  цвет=256
#243  (235858.8,-132939.6) -> (235858.8,-140910.9)  L=7971.3  цвет=256
#244  (235358.8,-132939.6) -> (235358.8,-141015.8)  L=8076.3  цвет=256
#245  (234858.8,-132939.6) -> (234858.8,-141120.8)  L=8181.2  цвет=256
#246  (234358.8,-132939.6) -> (234358.8,-141225.7)  L=8286.1  цвет=256
#247  (233858.8,-132939.6) -> (233858.8,-141330.6)  L=8391  цвет=256
#248  (233358.8,-132939.6) -> (233358.8,-141435.5)  L=8495.9  цвет=256
#249  (232858.8,-132939.6) -> (232858.8,-141540.4)  L=8600.9  цвет=256
#250  (232358.8,-132939.6) -> (232358.8,-141645.4)  L=8705.8  цвет=256
#251  (231858.8,-132939.6) -> (231858.8,-141750.3)  L=8810.7  цвет=256
#252  (231358.8,-132939.6) -> (231358.8,-141855.2)  L=8915.6  цвет=256
#253  (230858.8,-132939.6) -> (230858.8,-141960.1)  L=9020.5  цвет=256
#254  (230358.8,-132939.6) -> (230358.8,-142065)  L=9125.5  цвет=256
#255  (229858.8,-132939.6) -> (229858.8,-142169.9)  L=9230.4  цвет=256
#256  (229358.8,-122842.2) -> (229358.8,-142274.9)  L=19432.7  цвет=256
#257  (228858.8,-122842.2) -> (228858.8,-142379.8)  L=19537.6  цвет=256
#258  (228358.8,-122842.2) -> (228358.8,-142484.7)  L=19642.5  цвет=256
#259  (227858.8,-122842.2) -> (227858.8,-142589.6)  L=19747.5  цвет=256
#260  (227358.8,-122842.2) -> (227358.8,-142694.5)  L=19852.4  цвет=256
#261  (226858.8,-122842.2) -> (226858.8,-142799.5)  L=19957.3  цвет=256
#262  (226358.8,-122842.2) -> (226358.8,-142904.4)  L=20062.2  цвет=256
#263  (225858.8,-122842.2) -> (225858.8,-143009.3)  L=20167.1  цвет=256
#264  (225358.8,-122842.2) -> (225358.8,-143114.2)  L=20272.1  цвет=256
#265  (224858.8,-122842.2) -> (224858.8,-143219.1)  L=20377  цвет=256
#266  (224358.8,-122842.2) -> (224358.8,-143324.1)  L=20481.9  цвет=256
#267  (223858.8,-122842.2) -> (223858.8,-143429)  L=20586.8  цвет=256
#268  (223358.8,-122842.2) -> (223358.8,-143533.9)  L=20691.7  цвет=256
#269  (222858.8,-122842.2) -> (222858.8,-143638.8)  L=20796.7  цвет=256
#270  (222358.8,-122842.2) -> (222358.8,-143743.7)  L=20901.6  цвет=256
#271  (221858.8,-122842.2) -> (221858.8,-143848.7)  L=21006.5  цвет=256
#272  (221358.8,-122842.2) -> (221358.8,-143953.6)  L=21111.4  цвет=256
#273  (220858.8,-122842.2) -> (220858.8,-144058.5)  L=21216.3  цвет=256
#274  (220358.8,-122842.2) -> (220358.8,-144163.4)  L=21321.3  цвет=256
#275  (219858.8,-122842.2) -> (219858.8,-144268.3)  L=21426.2  цвет=256
#276  (219358.8,-122842.2) -> (219358.8,-144373.3)  L=21531.1  цвет=256
#277  (218858.8,-122842.2) -> (218858.8,-144478.2)  L=21636  цвет=256
#278  (218358.8,-122842.2) -> (218358.8,-144583.1)  L=21740.9  цвет=256
#279  (217858.8,-122842.2) -> (217858.8,-144688)  L=21845.9  цвет=256
#280  (217358.8,-122842.2) -> (217358.8,-144792.9)  L=21950.8  цвет=256
#281  (216858.8,-122842.2) -> (216858.8,-144897.9)  L=22055.7  цвет=256
#282  (216358.8,-122842.2) -> (216358.8,-145002.8)  L=22160.6  цвет=256
#283  (215858.8,-122842.2) -> (215858.8,-145107.7)  L=22265.5  цвет=256
#284  (215358.8,-122842.2) -> (215358.8,-134523.4)  L=11681.2  цвет=256
#285  (214858.8,-122842.2) -> (214858.8,-132163.2)  L=9321  цвет=256
#286  (214358.8,-122842.2) -> (214358.8,-129803)  L=6960.8  цвет=256
#287  (213858.8,-122842.2) -> (213858.8,-128741.7)  L=5899.5  цвет=256
#288  (213358.8,-128741.7) -> (213358.8,-122842.2)  L=5899.5  цвет=256
#289  (212858.8,-128741.7) -> (212858.8,-122842.2)  L=5899.5  цвет=256
#290  (212358.8,-128741.7) -> (212358.8,-122842.2)  L=5899.5  цвет=256
#291  (211858.8,-127607.5) -> (211858.8,-122842.2)  L=4765.4  цвет=256
#292  (211358.8,-125224.8) -> (211358.8,-122842.2)  L=2382.7  цвет=256
#293  (210858.8,-122842.2) -> (229841.6,-122842.2)  L=18982.8  цвет=256
#294  (264714.2,-78741.4) -> (264714.2,-74728.5)  L=4012.8  цвет=256
#295  (269815.3,-74728.5) -> (269815.3,-78741.4)  L=4012.8  цвет=256
#296  (299003.2,-72842.2) -> (299003.2,-77660.7)  L=4818.6  цвет=256
#297  (261341.5,-82939.6) -> (261341.5,-72842.2)  L=10097.4  цвет=256
#298  (229841.6,-72842.2) -> (229841.6,-82939.6)  L=10097.4  цвет=256
#299  (215658.8,-86328) -> (215658.8,-95149.7)  L=8821.7  цвет=256
#300  (215258.8,-86411.9) -> (215258.8,-93809.7)  L=7397.8  цвет=256
#301  (214858.8,-86495.9) -> (214858.8,-91903.6)  L=5407.7  цвет=256
#302  (214458.8,-86579.8) -> (214458.8,-89997.4)  L=3417.6  цвет=256
#303  (214058.8,-86663.7) -> (214058.8,-88091.3)  L=1427.5  цвет=256
#304  (269658.8,-78741.4) -> (269658.8,-83818.3)  L=5076.9  цвет=256
#305  (264858.8,-78741.4) -> (264858.8,-84825.6)  L=6084.2  цвет=256
#306  (269258.8,-78741.4) -> (269258.8,-83902.3)  L=5160.9  цвет=256
#307  (268858.8,-78741.4) -> (268858.8,-83986.2)  L=5244.8  цвет=256
#308  (268458.8,-78741.4) -> (268458.8,-84070.1)  L=5328.7  цвет=256
#309  (268058.8,-78741.4) -> (268058.8,-84154.1)  L=5412.7  цвет=256
#310  (267658.8,-78741.4) -> (267658.8,-84238)  L=5496.6  цвет=256
#311  (267258.8,-78741.4) -> (267258.8,-84321.9)  L=5580.6  цвет=256
#312  (266858.8,-78741.4) -> (266858.8,-84405.9)  L=5664.5  цвет=256
#313  (266458.8,-78741.4) -> (266458.8,-84489.8)  L=5748.4  цвет=256
#314  (266058.8,-78741.4) -> (266058.8,-84573.8)  L=5832.4  цвет=256
#315  (265658.8,-78741.4) -> (265658.8,-84657.7)  L=5916.3  цвет=256
#316  (265258.8,-78741.4) -> (265258.8,-84741.6)  L=6000.2  цвет=256
#317  (261341.5,-72842.2) -> (299003.2,-72842.2)  L=37661.7  цвет=256
#318  (298858.8,-72842.2) -> (298858.8,-77691)  L=4848.8  цвет=256
#319  (298458.8,-72842.2) -> (298458.8,-77774.9)  L=4932.8  цвет=256
#320  (298058.8,-72842.2) -> (298058.8,-77858.9)  L=5016.7  цвет=256
#321  (297658.8,-72842.2) -> (297658.8,-77942.8)  L=5100.7  цвет=256
#322  (297258.8,-72842.2) -> (297258.8,-78026.8)  L=5184.6  цвет=256
#323  (296858.8,-72842.2) -> (296858.8,-78110.7)  L=5268.5  цвет=256
#324  (296458.8,-72842.2) -> (296458.8,-78194.6)  L=5352.5  цвет=256
#325  (296058.8,-72842.2) -> (296058.8,-78278.6)  L=5436.4  цвет=256
#326  (295658.8,-72842.2) -> (295658.8,-78362.5)  L=5520.3  цвет=256
#327  (295258.8,-72842.2) -> (295258.8,-78446.4)  L=5604.3  цвет=256
#328  (294858.8,-72842.2) -> (294858.8,-78530.4)  L=5688.2  цвет=256
#329  (294458.8,-72842.2) -> (294458.8,-78614.3)  L=5772.1  цвет=256
#330  (294058.8,-72842.2) -> (294058.8,-78698.2)  L=5856.1  цвет=256
#331  (293658.8,-72842.2) -> (293658.8,-78782.2)  L=5940  цвет=256
#332  (293258.8,-72842.2) -> (293258.8,-78866.1)  L=6024  цвет=256
#333  (292858.8,-72842.2) -> (292858.8,-78950)  L=6107.9  цвет=256
#334  (292458.8,-72842.2) -> (292458.8,-79034)  L=6191.8  цвет=256
#335  (292058.8,-72842.2) -> (292058.8,-79117.9)  L=6275.8  цвет=256
#336  (291658.8,-72842.2) -> (291658.8,-79201.9)  L=6359.7  цвет=256
#337  (291258.8,-72842.2) -> (291258.8,-79285.8)  L=6443.6  цвет=256
#338  (290858.8,-72842.2) -> (290858.8,-79369.7)  L=6527.6  цвет=256
#339  (290458.8,-72842.2) -> (290458.8,-79453.7)  L=6611.5  цвет=256
#340  (290058.8,-72842.2) -> (290058.8,-79537.6)  L=6695.4  цвет=256
#341  (289658.8,-72842.2) -> (289658.8,-79621.5)  L=6779.4  цвет=256
#342  (289258.8,-72842.2) -> (289258.8,-79705.5)  L=6863.3  цвет=256
#343  (288858.8,-72842.2) -> (288858.8,-79789.4)  L=6947.2  цвет=256
#344  (288458.8,-72842.2) -> (288458.8,-79873.3)  L=7031.2  цвет=256
#345  (288058.8,-72842.2) -> (288058.8,-79957.3)  L=7115.1  цвет=256
#346  (287658.8,-72842.2) -> (287658.8,-80041.2)  L=7199.1  цвет=256
#347  (287258.8,-72842.2) -> (287258.8,-80125.1)  L=7283  цвет=256
#348  (286858.8,-72842.2) -> (286858.8,-80209.1)  L=7366.9  цвет=256
#349  (286458.8,-72842.2) -> (286458.8,-80293)  L=7450.9  цвет=256
#350  (286058.8,-72842.2) -> (286058.8,-80377)  L=7534.8  цвет=256
#351  (285658.8,-72842.2) -> (285658.8,-80460.9)  L=7618.7  цвет=256
#352  (285258.8,-72842.2) -> (285258.8,-80544.8)  L=7702.7  цвет=256
#353  (284858.8,-72842.2) -> (284858.8,-80628.8)  L=7786.6  цвет=256
#354  (284458.8,-72842.2) -> (284458.8,-80712.7)  L=7870.5  цвет=256
#355  (284058.8,-72842.2) -> (284058.8,-80796.6)  L=7954.5  цвет=256
#356  (283658.8,-72842.2) -> (283658.8,-80880.6)  L=8038.4  цвет=256
#357  (283258.8,-72842.2) -> (283258.8,-80964.5)  L=8122.3  цвет=256
#358  (282858.8,-72842.2) -> (282858.8,-81048.4)  L=8206.3  цвет=256
#359  (282458.8,-72842.2) -> (282458.8,-81132.4)  L=8290.2  цвет=256
#360  (282058.8,-72842.2) -> (282058.8,-81216.3)  L=8374.2  цвет=256
#361  (281658.8,-72842.2) -> (281658.8,-81300.3)  L=8458.1  цвет=256
#362  (281258.8,-72842.2) -> (281258.8,-81384.2)  L=8542  цвет=256
#363  (280858.8,-72842.2) -> (280858.8,-81468.1)  L=8626  цвет=256
#364  (280458.8,-72842.2) -> (280458.8,-81552.1)  L=8709.9  цвет=256
#365  (280058.8,-72842.2) -> (280058.8,-81636)  L=8793.8  цвет=256
#366  (279658.8,-72842.2) -> (279658.8,-81719.9)  L=8877.8  цвет=256
#367  (279258.8,-72842.2) -> (279258.8,-81803.9)  L=8961.7  цвет=256
#368  (278858.8,-72842.2) -> (278858.8,-81887.8)  L=9045.6  цвет=256
#369  (278458.8,-72842.2) -> (278458.8,-81971.7)  L=9129.6  цвет=256
#370  (278058.8,-72842.2) -> (278058.8,-82055.7)  L=9213.5  цвет=256
#371  (277658.8,-72842.2) -> (277658.8,-82139.6)  L=9297.5  цвет=256
#372  (277258.8,-72842.2) -> (277258.8,-82223.5)  L=9381.4  цвет=256
#373  (276858.8,-72842.2) -> (276858.8,-82307.5)  L=9465.3  цвет=256
#374  (276458.8,-72842.2) -> (276458.8,-82391.4)  L=9549.3  цвет=256
#375  (276058.8,-72842.2) -> (276058.8,-82475.4)  L=9633.2  цвет=256
#376  (275658.8,-72842.2) -> (275658.8,-82559.3)  L=9717.1  цвет=256
#377  (275258.8,-72842.2) -> (275258.8,-82643.2)  L=9801.1  цвет=256
#378  (274858.8,-72842.2) -> (274858.8,-82727.2)  L=9885  цвет=256
#379  (274458.8,-72842.2) -> (274458.8,-82811.1)  L=9968.9  цвет=256
#380  (274058.8,-72842.2) -> (274058.8,-82895)  L=10052.9  цвет=256
#381  (273658.8,-72842.2) -> (273658.8,-82979)  L=10136.8  цвет=256
#382  (273258.8,-72842.2) -> (273258.8,-83062.9)  L=10220.7  цвет=256
#383  (272858.8,-72842.2) -> (272858.8,-83146.8)  L=10304.7  цвет=256
#384  (272458.8,-72842.2) -> (272458.8,-83230.8)  L=10388.6  цвет=256
#385  (272058.8,-72842.2) -> (272058.8,-83314.7)  L=10472.6  цвет=256
#386  (271658.8,-72842.2) -> (271658.8,-83398.6)  L=10556.5  цвет=256
#387  (271258.8,-72842.2) -> (271258.8,-83482.6)  L=10640.4  цвет=256
#388  (270858.8,-72842.2) -> (270858.8,-83566.5)  L=10724.4  цвет=256
#389  (270458.8,-72842.2) -> (270458.8,-83650.5)  L=10808.3  цвет=256
#390  (270058.8,-72842.2) -> (270058.8,-83734.4)  L=10892.2  цвет=256
#391  (269658.8,-72842.2) -> (269658.8,-74728.5)  L=1886.4  цвет=256
#392  (269258.8,-72842.2) -> (269258.8,-74728.5)  L=1886.4  цвет=256
#393  (268858.8,-72842.2) -> (268858.8,-74728.5)  L=1886.4  цвет=256
#394  (268458.8,-72842.2) -> (268458.8,-74728.5)  L=1886.4  цвет=256
#395  (268058.8,-72842.2) -> (268058.8,-74728.5)  L=1886.4  цвет=256
#396  (267658.8,-72842.2) -> (267658.8,-74728.5)  L=1886.4  цвет=256
#397  (267258.8,-72842.2) -> (267258.8,-74728.5)  L=1886.4  цвет=256
#398  (266858.8,-72842.2) -> (266858.8,-74728.5)  L=1886.4  цвет=256
#399  (266458.8,-72842.2) -> (266458.8,-74728.5)  L=1886.4  цвет=256
#400  (266058.8,-72842.2) -> (266058.8,-74728.5)  L=1886.4  цвет=256
#401  (265658.8,-72842.2) -> (265658.8,-74728.5)  L=1886.4  цвет=256
#402  (265258.8,-72842.2) -> (265258.8,-74728.5)  L=1886.4  цвет=256
#403  (264858.8,-72842.2) -> (264858.8,-74728.5)  L=1886.4  цвет=256
#404  (264458.8,-72842.2) -> (264458.8,-84909.5)  L=12067.3  цвет=256
#405  (264058.8,-72842.2) -> (264058.8,-84993.4)  L=12151.3  цвет=256
#406  (263658.8,-72842.2) -> (263658.8,-85077.4)  L=12235.2  цвет=256
#407  (263258.8,-72842.2) -> (263258.8,-85161.3)  L=12319.1  цвет=256
#408  (262858.8,-72842.2) -> (262858.8,-85245.2)  L=12403.1  цвет=256
#409  (262458.8,-72842.2) -> (262458.8,-85329.2)  L=12487  цвет=256
#410  (262058.8,-72842.2) -> (262058.8,-85413.1)  L=12571  цвет=256
#411  (261658.8,-72842.2) -> (261658.8,-85497)  L=12654.9  цвет=256
#412  (261258.8,-82939.6) -> (261258.8,-85581)  L=2641.4  цвет=256
#413  (260858.8,-82939.6) -> (260858.8,-85664.9)  L=2725.3  цвет=256
#414  (260458.8,-82939.6) -> (260458.8,-85748.9)  L=2809.3  цвет=256
#415  (260058.8,-82939.6) -> (260058.8,-85832.8)  L=2893.2  цвет=256
#416  (259658.8,-82939.6) -> (259658.8,-85916.7)  L=2977.2  цвет=256
#417  (259258.8,-82939.6) -> (259258.8,-86000.7)  L=3061.1  цвет=256
#418  (258858.8,-82939.6) -> (258858.8,-86084.6)  L=3145  цвет=256
#419  (258458.8,-82939.6) -> (258458.8,-86168.5)  L=3229  цвет=256
#420  (258058.8,-82939.6) -> (258058.8,-86252.5)  L=3312.9  цвет=256
#421  (257658.8,-82939.6) -> (257658.8,-86336.4)  L=3396.8  цвет=256
#422  (257258.8,-82939.6) -> (257258.8,-86420.3)  L=3480.8  цвет=256
#423  (256858.8,-82939.6) -> (256858.8,-86504.3)  L=3564.7  цвет=256
#424  (256458.8,-82939.6) -> (256458.8,-86588.2)  L=3648.6  цвет=256
#425  (256058.8,-82939.6) -> (256058.8,-86672.1)  L=3732.6  цвет=256
#426  (255658.8,-82939.6) -> (255658.8,-86756.1)  L=3816.5  цвет=256
#427  (255258.8,-82939.6) -> (255258.8,-86840)  L=3900.4  цвет=256
#428  (254858.8,-82939.6) -> (254858.8,-86924)  L=3984.4  цвет=256
#429  (254458.8,-82939.6) -> (254458.8,-87007.9)  L=4068.3  цвет=256
#430  (254058.8,-82939.6) -> (254058.8,-87091.8)  L=4152.3  цвет=256
#431  (253658.8,-82939.6) -> (253658.8,-87175.8)  L=4236.2  цвет=256
#432  (253258.8,-82939.6) -> (253258.8,-87259.7)  L=4320.1  цвет=256
#433  (252858.8,-82939.6) -> (252858.8,-87343.6)  L=4404.1  цвет=256
#434  (252458.8,-82939.6) -> (252458.8,-87427.6)  L=4488  цвет=256
#435  (252058.8,-82939.6) -> (252058.8,-87511.5)  L=4571.9  цвет=256
#436  (251658.8,-82939.6) -> (251658.8,-87595.4)  L=4655.9  цвет=256
#437  (251258.8,-82939.6) -> (251258.8,-87679.4)  L=4739.8  цвет=256
#438  (250858.8,-82939.6) -> (250858.8,-87763.3)  L=4823.7  цвет=256
#439  (250458.8,-82939.6) -> (250458.8,-87847.3)  L=4907.7  цвет=256
#440  (250058.8,-82939.6) -> (250058.8,-87931.2)  L=4991.6  цвет=256
#441  (249658.8,-82939.6) -> (249658.8,-88015.1)  L=5075.5  цвет=256
#442  (249258.8,-82939.6) -> (249258.8,-88099.1)  L=5159.5  цвет=256
#443  (248858.8,-82939.6) -> (248858.8,-88183)  L=5243.4  цвет=256
#444  (248458.8,-82939.6) -> (248458.8,-88266.9)  L=5327.4  цвет=256
#445  (248058.8,-82939.6) -> (248058.8,-88350.9)  L=5411.3  цвет=256
#446  (247658.8,-82939.6) -> (247658.8,-88434.8)  L=5495.2  цвет=256
#447  (247258.8,-82939.6) -> (247258.8,-88518.7)  L=5579.2  цвет=256
#448  (246858.8,-82939.6) -> (246858.8,-88602.7)  L=5663.1  цвет=256
#449  (246458.8,-82939.6) -> (246458.8,-88686.6)  L=5747  цвет=256
#450  (246058.8,-82939.6) -> (246058.8,-88770.5)  L=5831  цвет=256
#451  (245658.8,-82939.6) -> (245658.8,-88854.5)  L=5914.9  цвет=256
#452  (245258.8,-82939.6) -> (245258.8,-88938.4)  L=5998.8  цвет=256
#453  (244858.8,-82939.6) -> (244858.8,-89022.4)  L=6082.8  цвет=256
#454  (244458.8,-82939.6) -> (244458.8,-89106.3)  L=6166.7  цвет=256
#455  (244058.8,-82939.6) -> (244058.8,-89190.2)  L=6250.7  цвет=256
#456  (243658.8,-82939.6) -> (243658.8,-89274.2)  L=6334.6  цвет=256
#457  (243258.8,-82939.6) -> (243258.8,-89358.1)  L=6418.5  цвет=256
#458  (242858.8,-82939.6) -> (242858.8,-89442)  L=6502.5  цвет=256
#459  (242458.8,-82939.6) -> (242458.8,-89526)  L=6586.4  цвет=256
#460  (242058.8,-82939.6) -> (242058.8,-89609.9)  L=6670.3  цвет=256
#461  (241658.8,-82939.6) -> (241658.8,-89693.8)  L=6754.3  цвет=256
#462  (241258.8,-82939.6) -> (241258.8,-89777.8)  L=6838.2  цвет=256
#463  (240858.8,-82939.6) -> (240858.8,-89861.7)  L=6922.1  цвет=256
#464  (240458.8,-82939.6) -> (240458.8,-89945.6)  L=7006.1  цвет=256
#465  (240058.8,-82939.6) -> (240058.8,-90029.6)  L=7090  цвет=256
#466  (239658.8,-82939.6) -> (239658.8,-90113.5)  L=7173.9  цвет=256
#467  (239258.8,-82939.6) -> (239258.8,-90197.5)  L=7257.9  цвет=256
#468  (238858.8,-82939.6) -> (238858.8,-90281.4)  L=7341.8  цвет=256
#469  (238458.8,-82939.6) -> (238458.8,-90365.3)  L=7425.8  цвет=256
#470  (238058.8,-82939.6) -> (238058.8,-90449.3)  L=7509.7  цвет=256
#471  (237658.8,-82939.6) -> (237658.8,-90533.2)  L=7593.6  цвет=256
#472  (237258.8,-82939.6) -> (237258.8,-90617.1)  L=7677.6  цвет=256
#473  (236858.8,-82939.6) -> (236858.8,-90701.1)  L=7761.5  цвет=256
#474  (236458.8,-82939.6) -> (236458.8,-90785)  L=7845.4  цвет=256
#475  (236058.8,-82939.6) -> (236058.8,-90868.9)  L=7929.4  цвет=256
#476  (235658.8,-82939.6) -> (235658.8,-90952.9)  L=8013.3  цвет=256
#477  (235258.8,-82939.6) -> (235258.8,-91036.8)  L=8097.2  цвет=256
#478  (234858.8,-82939.6) -> (234858.8,-91120.8)  L=8181.2  цвет=256
#479  (234458.8,-82939.6) -> (234458.8,-91204.7)  L=8265.1  цвет=256
#480  (234058.8,-82939.6) -> (234058.8,-91288.6)  L=8349  цвет=256
#481  (233658.8,-82939.6) -> (233658.8,-91372.6)  L=8433  цвет=256
#482  (233258.8,-82939.6) -> (233258.8,-91456.5)  L=8516.9  цвет=256
#483  (232858.8,-82939.6) -> (232858.8,-91540.4)  L=8600.9  цвет=256
#484  (232458.8,-82939.6) -> (232458.8,-91624.4)  L=8684.8  цвет=256
#485  (232058.8,-82939.6) -> (232058.8,-91708.3)  L=8768.7  цвет=256
#486  (231658.8,-82939.6) -> (231658.8,-91792.2)  L=8852.7  цвет=256
#487  (231258.8,-82939.6) -> (231258.8,-91876.2)  L=8936.6  цвет=256
#488  (230858.8,-82939.6) -> (230858.8,-91960.1)  L=9020.5  цвет=256
#489  (230458.8,-82939.6) -> (230458.8,-92044)  L=9104.5  цвет=256
#490  (230058.8,-82939.6) -> (230058.8,-92128)  L=9188.4  цвет=256
#491  (229658.8,-72842.2) -> (229658.8,-92211.9)  L=19369.8  цвет=256
#492  (229258.8,-72842.2) -> (229258.8,-92295.9)  L=19453.7  цвет=256
#493  (228858.8,-72842.2) -> (228858.8,-92379.8)  L=19537.6  цвет=256
#494  (228458.8,-72842.2) -> (228458.8,-92463.7)  L=19621.6  цвет=256
#495  (228058.8,-72842.2) -> (228058.8,-92547.7)  L=19705.5  цвет=256
#496  (227658.8,-72842.2) -> (227658.8,-92631.6)  L=19789.4  цвет=256
#497  (227258.8,-72842.2) -> (227258.8,-92715.5)  L=19873.4  цвет=256
#498  (226858.8,-72842.2) -> (226858.8,-92799.5)  L=19957.3  цвет=256
#499  (226458.8,-72842.2) -> (226458.8,-92883.4)  L=20041.2  цвет=256
#500  (226058.8,-72842.2) -> (226058.8,-92967.3)  L=20125.2  цвет=256
#501  (225658.8,-72842.2) -> (225658.8,-93051.3)  L=20209.1  цвет=256
#502  (225258.8,-72842.2) -> (225258.8,-93135.2)  L=20293.1  цвет=256
#503  (224858.8,-72842.2) -> (224858.8,-93219.1)  L=20377  цвет=256
#504  (224458.8,-72842.2) -> (224458.8,-93303.1)  L=20460.9  цвет=256
#505  (224058.8,-72842.2) -> (224058.8,-93387)  L=20544.9  цвет=256
#506  (223658.8,-72842.2) -> (223658.8,-93471)  L=20628.8  цвет=256
#507  (223258.8,-72842.2) -> (223258.8,-93554.9)  L=20712.7  цвет=256
#508  (222858.8,-72842.2) -> (222858.8,-93638.8)  L=20796.7  цвет=256
#509  (222458.8,-72842.2) -> (222458.8,-93722.8)  L=20880.6  цвет=256
#510  (222058.8,-72842.2) -> (222058.8,-93806.7)  L=20964.5  цвет=256
#511  (221658.8,-72842.2) -> (221658.8,-93890.6)  L=21048.5  цвет=256
#512  (221258.8,-72842.2) -> (221258.8,-93974.6)  L=21132.4  цвет=256
#513  (220858.8,-72842.2) -> (220858.8,-94058.5)  L=21216.3  цвет=256
#514  (220458.8,-72842.2) -> (220458.8,-94142.4)  L=21300.3  цвет=256
#515  (220058.8,-72842.2) -> (220058.8,-94226.4)  L=21384.2  цвет=256
#516  (219658.8,-72842.2) -> (219658.8,-94310.3)  L=21468.2  цвет=256
#517  (219258.8,-72842.2) -> (219258.8,-94394.3)  L=21552.1  цвет=256
#518  (218858.8,-72842.2) -> (218858.8,-94478.2)  L=21636  цвет=256
#519  (218458.8,-72842.2) -> (218458.8,-94562.1)  L=21720  цвет=256
#520  (218058.8,-72842.2) -> (218058.8,-94646.1)  L=21803.9  цвет=256
#521  (217658.8,-72842.2) -> (217658.8,-94730)  L=21887.8  цвет=256
#522  (217258.8,-72842.2) -> (217258.8,-94813.9)  L=21971.8  цвет=256
#523  (216858.8,-72842.2) -> (216858.8,-94897.9)  L=22055.7  цвет=256
#524  (216458.8,-72842.2) -> (216458.8,-94981.8)  L=22139.6  цвет=256
#525  (216058.8,-72842.2) -> (216058.8,-95065.7)  L=22223.6  цвет=256
#526  (215658.8,-72842.2) -> (215658.8,-85939.5)  L=13097.4  цвет=256
#527  (215258.8,-72842.2) -> (215258.8,-84051.4)  L=11209.2  цвет=256
#528  (214858.8,-72842.2) -> (214858.8,-82163.2)  L=9321  цвет=256
#529  (214458.8,-72842.2) -> (214458.8,-80275)  L=7432.8  цвет=256
#530  (214058.8,-72842.2) -> (214058.8,-78741.7)  L=5899.5  цвет=256
#531  (213658.8,-72842.2) -> (213658.8,-78741.7)  L=5899.5  цвет=256
#532  (213258.8,-78741.7) -> (213258.8,-72842.2)  L=5899.5  цвет=256
#533  (212858.8,-78741.7) -> (212858.8,-72842.2)  L=5899.5  цвет=256
#534  (212458.8,-78741.7) -> (212458.8,-72842.2)  L=5899.5  цвет=256
#535  (212058.8,-78560.6) -> (212058.8,-72842.2)  L=5718.4  цвет=256
#536  (211658.8,-76654.4) -> (211658.8,-72842.2)  L=3812.3  цвет=256
#537  (211258.8,-74748.3) -> (211258.8,-72842.2)  L=1906.1  цвет=256
#538  (210858.8,-72842.2) -> (229841.6,-72842.2)  L=18982.8  цвет=256
#539  (261341.5,-24242.2) -> (299003.2,-24242.2)  L=37661.7  цвет=256
#540  (211152.6,-24242.2) -> (229841.6,-24242.2)  L=18689  цвет=256
#541  (269815.3,-27042.2) -> (299003.2,-27042.2)  L=29187.9  цвет=256
#542  (261341.5,-27042.2) -> (264714.2,-27042.2)  L=3372.8  цвет=256
#543  (211740.2,-27042.2) -> (229841.6,-27042.2)  L=18101.4  цвет=256
#544  (261341.5,-30242.2) -> (286701.2,-30242.2)  L=25359.7  цвет=256
#545  (214451.8,-30242.2) -> (229841.6,-30242.2)  L=15389.7  цвет=256
#546  (215045,-33042.2) -> (273357.7,-33042.2)  L=58312.7  цвет=256
#547  (215722.9,-36242.2) -> (258107.9,-36242.2)  L=42385  цвет=256
#548  (214258.3,-39042.2) -> (244764.4,-39042.2)  L=30506.1  цвет=256
#549  (214929.9,-42242.2) -> (229514.7,-42242.2)  L=14584.8  цвет=256
#550  (212096.8,-28741.7) -> (214134,-28741.7)  L=2037.2  цвет=256
#551  (269815.3,-28741.4) -> (264714.2,-28741.4)  L=5101.1  цвет=256
#552  (264714.2,-24728.5) -> (269815.3,-24728.5)  L=5101.1  цвет=256
#553  (229841.6,-32939.6) -> (261341.5,-32939.6)  L=31499.9  цвет=256
#554  (269815.3,-24842.2) -> (299003.2,-24842.2)  L=29187.9  цвет=256
#555  (269815.3,-28442.2) -> (295279.2,-28442.2)  L=25463.9  цвет=256
#556  (269815.3,-28042.2) -> (297185.4,-28042.2)  L=27370.1  цвет=256
#557  (269815.3,-27642.2) -> (299003.2,-27642.2)  L=29187.9  цвет=256
#558  (269815.3,-27242.2) -> (299003.2,-27242.2)  L=29187.9  цвет=256
#559  (269815.3,-26842.2) -> (299003.2,-26842.2)  L=29187.9  цвет=256
#560  (269815.3,-26442.2) -> (299003.2,-26442.2)  L=29187.9  цвет=256
#561  (269815.3,-26042.2) -> (299003.2,-26042.2)  L=29187.9  цвет=256
#562  (269815.3,-25642.2) -> (299003.2,-25642.2)  L=29187.9  цвет=256
#563  (269815.3,-25242.2) -> (299003.2,-25242.2)  L=29187.9  цвет=256
#564  (261341.5,-32842.2) -> (274310.8,-32842.2)  L=12969.3  цвет=256
#565  (261341.5,-32442.2) -> (276217,-32442.2)  L=14875.5  цвет=256
#566  (261341.5,-32042.2) -> (278123.2,-32042.2)  L=16781.7  цвет=256
#567  (261341.5,-31642.2) -> (280029.4,-31642.2)  L=18688  цвет=256
#568  (261341.5,-31242.2) -> (281935.6,-31242.2)  L=20594.2  цвет=256
#569  (261341.5,-30842.2) -> (283841.9,-30842.2)  L=22500.4  цвет=256
#570  (261341.5,-30442.2) -> (285748.1,-30442.2)  L=24406.6  цвет=256
#571  (261341.5,-30042.2) -> (287654.3,-30042.2)  L=26312.8  цвет=256
#572  (261341.5,-29642.2) -> (289560.5,-29642.2)  L=28219  цвет=256
#573  (261341.5,-29242.2) -> (291466.7,-29242.2)  L=30125.3  цвет=256
#574  (261341.5,-28842.2) -> (293372.9,-28842.2)  L=32031.5  цвет=256
#575  (261341.5,-28442.2) -> (264714.2,-28442.2)  L=3372.8  цвет=256
#576  (261341.5,-28042.2) -> (264714.2,-28042.2)  L=3372.8  цвет=256
#577  (261341.5,-27642.2) -> (264714.2,-27642.2)  L=3372.8  цвет=256
#578  (261341.5,-27242.2) -> (264714.2,-27242.2)  L=3372.8  цвет=256
#579  (261341.5,-26842.2) -> (264714.2,-26842.2)  L=3372.8  цвет=256
#580  (261341.5,-26442.2) -> (264714.2,-26442.2)  L=3372.8  цвет=256
#581  (261341.5,-26042.2) -> (264714.2,-26042.2)  L=3372.8  цвет=256
#582  (261341.5,-25642.2) -> (264714.2,-25642.2)  L=3372.8  цвет=256
#583  (261341.5,-25242.2) -> (264714.2,-25242.2)  L=3372.8  цвет=256
#584  (261341.5,-24842.2) -> (264714.2,-24842.2)  L=3372.8  цвет=256
#585  (261341.5,-24442.2) -> (299003.2,-24442.2)  L=37661.7  цвет=256
#586  (261341.5,-24042.2) -> (299003.2,-24042.2)  L=37661.7  цвет=256
#587  (261341.5,-23642.2) -> (299003.2,-23642.2)  L=37661.7  цвет=256
#588  (261341.5,-23242.2) -> (299003.2,-23242.2)  L=37661.7  цвет=256
#589  (261341.5,-22842.2) -> (299003.2,-22842.2)  L=37661.7  цвет=256
#590  (215475.5,-44842.2) -> (217124.3,-44842.2)  L=1648.8  цвет=256
#591  (215391.5,-44442.2) -> (219030.5,-44442.2)  L=3639  цвет=256
#592  (215307.6,-44042.2) -> (220936.7,-44042.2)  L=5629.1  цвет=256
#593  (215223.6,-43642.2) -> (222842.9,-43642.2)  L=7619.3  цвет=256
#594  (215139.7,-43242.2) -> (224749.1,-43242.2)  L=9609.4  цвет=256
#595  (215055.8,-42842.2) -> (226655.4,-42842.2)  L=11599.6  цвет=256
#596  (214971.8,-42442.2) -> (228561.6,-42442.2)  L=13589.7  цвет=256
#597  (214887.9,-42042.2) -> (230467.8,-42042.2)  L=15579.9  цвет=256
#598  (214803.9,-41642.2) -> (232374,-41642.2)  L=17570.1  цвет=256
#599  (214720,-41242.2) -> (234280.2,-41242.2)  L=19560.2  цвет=256
#600  (214636.1,-40842.2) -> (236186.4,-40842.2)  L=21550.4  цвет=256
#601  (214552.1,-40442.2) -> (238092.7,-40442.2)  L=23540.5  цвет=256
#602  (214468.2,-40042.2) -> (239998.9,-40042.2)  L=25530.7  цвет=256
#603  (214384.3,-39642.2) -> (241905.1,-39642.2)  L=27520.8  цвет=256
#604  (214300.3,-39242.2) -> (243811.3,-39242.2)  L=29511  цвет=256
#605  (214216.4,-38842.2) -> (245717.5,-38842.2)  L=31501.2  цвет=256
#606  (214132.4,-38442.2) -> (247623.7,-38442.2)  L=33491.3  цвет=256
#607  (214048.5,-38042.2) -> (249530,-38042.2)  L=35481.5  цвет=256
#608  (213964.6,-37642.2) -> (251436.2,-37642.2)  L=37471.6  цвет=256
#609  (213880.6,-37242.2) -> (253342.4,-37242.2)  L=39461.8  цвет=256
#610  (213796.7,-36842.2) -> (255248.6,-36842.2)  L=41451.9  цвет=256
#611  (215114.7,-36442.2) -> (257154.8,-36442.2)  L=42040.1  цвет=256
#612  (215680.5,-36042.2) -> (259061,-36042.2)  L=43380.5  цвет=256
#613  (215595.8,-35642.2) -> (260967.3,-35642.2)  L=45371.5  цвет=256
#614  (215511.1,-35242.2) -> (262873.5,-35242.2)  L=47362.4  цвет=256
#615  (215426.3,-34842.2) -> (264779.7,-34842.2)  L=49353.4  цвет=256
#616  (215341.6,-34442.2) -> (266685.9,-34442.2)  L=51344.3  цвет=256
#617  (215256.9,-34042.2) -> (268592.1,-34042.2)  L=53335.3  цвет=256
#618  (215172.1,-33642.2) -> (270498.3,-33642.2)  L=55326.2  цвет=256
#619  (215087.4,-33242.2) -> (272404.6,-33242.2)  L=57317.2  цвет=256
#620  (215002.6,-32842.2) -> (229841.6,-32842.2)  L=14839  цвет=256
#621  (214917.9,-32442.2) -> (229841.6,-32442.2)  L=14923.7  цвет=256
#622  (214833.2,-32042.2) -> (229841.6,-32042.2)  L=15008.4  цвет=256
#623  (214748.4,-31642.2) -> (229841.6,-31642.2)  L=15093.2  цвет=256
#624  (214663.7,-31242.2) -> (229841.6,-31242.2)  L=15177.9  цвет=256
#625  (214579,-30842.2) -> (229841.6,-30842.2)  L=15262.6  цвет=256
#626  (214494.2,-30442.2) -> (229841.6,-30442.2)  L=15347.4  цвет=256
#627  (214409.5,-30042.2) -> (229841.6,-30042.2)  L=15432.1  цвет=256
#628  (214324.7,-29642.2) -> (229841.6,-29642.2)  L=15516.9  цвет=256
#629  (214240,-29242.2) -> (229841.6,-29242.2)  L=15601.6  цвет=256
#630  (214155.3,-28842.2) -> (229841.6,-28842.2)  L=15686.3  цвет=256
#631  (212034,-28442.2) -> (229841.6,-28442.2)  L=17807.6  цвет=256
#632  (211950,-28042.2) -> (229841.6,-28042.2)  L=17891.6  цвет=256
#633  (211866.1,-27642.2) -> (229841.6,-27642.2)  L=17975.5  цвет=256
#634  (211782.1,-27242.2) -> (229841.6,-27242.2)  L=18059.5  цвет=256
#635  (211698.2,-26842.2) -> (229841.6,-26842.2)  L=18143.4  цвет=256
#636  (211614.3,-26442.2) -> (229841.6,-26442.2)  L=18227.3  цвет=256
#637  (211530.3,-26042.2) -> (229841.6,-26042.2)  L=18311.3  цвет=256
#638  (211446.4,-25642.2) -> (229841.6,-25642.2)  L=18395.2  цвет=256
#639  (211362.4,-25242.2) -> (229841.6,-25242.2)  L=18479.2  цвет=256
#640  (211278.5,-24842.2) -> (229841.6,-24842.2)  L=18563.1  цвет=256
#641  (211194.6,-24442.2) -> (229841.6,-24442.2)  L=18647  цвет=256
#642  (211110.6,-24042.2) -> (229841.6,-24042.2)  L=18731  цвет=256
#643  (211026.7,-23642.2) -> (229841.6,-23642.2)  L=18814.9  цвет=256
#644  (210942.7,-23242.2) -> (229841.6,-23242.2)  L=18898.9  цвет=256
#645  (210858.8,-22842.2) -> (229841.6,-22842.2)  L=18982.8  цвет=256
всего: 645
============================

Команда: 
Команда: 
Команда: *Прервано*

Команда: *Прервано*

Команда:  
Команда: 
