[ AutoCAD - Wed Jul 22 16:23:47 2026  ]----------------------------------------

Открывается файл формата AutoCAD 2018.
Выполняется регенерация модели.

Загружаются DLL-файлы для работы с моделями.


Утилиты меню AutoCAD загружены.*Прервано*

Команда: 

Файл Autodesk DWG. Это файл формата TrustedDWG, сохраненный в приложении Autodesk или в приложении, лицензированном корпорацией Autodesk.

Команда: 

Команда: 
Команда: Задайте противоположный угол или [Линия/РМн-угол/СМн-угол]: 
Команда: _.erase найдено: 66

Команда: Задайте противоположный угол или [Линия/РМн-угол/СМн-угол]: 
Команда: 
Команда: 
Команда: _copy найдено: 91

Текущая настройка:  Режим копирования  = Несколько
Базовая точка или [Смещение/реЖим] <Смещение>: 
Вторая точка или [Массив] <использовать для смещения первую точку>: 
Укажите вторую точку или [Массив/Выход/Отменить] <Выход>: *Прервано*

Команда: _APPLOAD

Команда: 
Команда: 
Команда: _qnew 
Команда: 
Команда: _APPLOAD
02_VBA_ORIGINAL.lsp успешно загружено.


Команда: 
check_dump.lsp загружен. Главная команда: DUMPALL
probe_height_check загружен. Команда: HEIGHTDUMP.
probe_write_level загружен. Команда: WRITELEVELDUMP.
probe_auto_level загружен. Команда: AUTOLEVELDUMP.
probe_slope загружен. Команды: SLOPEDUMP, SLOPECOLORS.
probe_tables загружен. Команда: TBLPROBE
probe_marks v2 загружен. Команда: MARKDUMP
probe_lines.lsp загружен. Команда: LINEDUMP
Оригинальный VBA OPOR загружен. Основная команда: XX.
Команда: 
Команда: XX
Инициализация системы VBA...
Команда: 
Команда: 
Укажите внешний контур
Команда: 
Команда: 
Команда: 
Команда: 
Команда: 
Укажите начальную точку
Команда: Задайте направление, указав 2 точки Вторая точка: 
Команда: 
Команда: 
Команда: 
Команда: Выполняется регенерация модели.

Команда: 
Команда: Выполняется регенерация модели.

Укажите точку верхнего левого угла таблицы: 
Команда: 
Команда: Выполняется регенерация модели.

Команда: 
Команда: 
Команда: Выполняется регенерация модели.

Команда: 
Команда: 
Команда: 
Команда: 
Команда: Выполняется регенерация модели.

Команда: 
Укажите внешний контур

Команда: 
Команда: 
Команда: *Прервано*

Команда: 
Команда: *Прервано*

Команда: _APPLOAD
01_OPOR_PORT.lsp успешно загружено.


Команда: 
[OPOR] Загружено. Команды: OPOR, XX, OPORTIN, OPORSLOPE, OPORSLOPEWR, OPORHEIGHTCHECK, OPORWRITELEVEL, OPORAUTOLEVEL, OPORRING, OPORREGCHECK, OPORCHECK, OPORCLEAN, OPORDUMP, OPORTABLES, OPOROLD, OPORSHOW, OPORDEBUG.
check_dump.lsp загружен. Главная команда: DUMPALL
probe_height_check загружен. Команда: HEIGHTDUMP.
probe_write_level загружен. Команда: WRITELEVELDUMP.
probe_auto_level загружен. Команда: AUTOLEVELDUMP.
probe_slope загружен. Команды: SLOPEDUMP, SLOPECOLORS.
probe_tables загружен. Команда: TBLPROBE
probe_marks v2 загружен. Команда: MARKDUMP
probe_lines.lsp загружен. Команда: LINEDUMP
OPOR port загружен. Основная команда: OPOR (или XX).
Команда: 
Команда: OPOR

[OPOR] Проверка OPOR:
Версия: 3.30.1-robust-tin
Слои: OK
Блоки MVP: OK
Размерный стиль ISO-25: OK
Справочно, отсутствующие будущие блоки: 
- нетВыполняется регенерация модели.

Команда: 
[OPOR] Слоёв скрыто: 10
Выберите внешний контур OPOR: 
Команда: 
[OPOR] Проёмов найдено: 2Выполняется регенерация модели.

Команда: 
Начальная точка сетки <Enter = угол у длинного ребра>: 
Направление сетки <Enter = вдоль длинного ребра>: 
Точка вставки итоговой таблицы <Enter = справа от контура>: 
[OPOR] Контур 1 рассчитан: опор=4678, длина лаг=2140.823 м, ошибок высот=662.
Команда: Выполняется регенерация модели.

Команда: 
[OPOR] Слоёв скрыто: 10
Выберите следующий внешний контур OPOR или Enter для завершения: 
Выполняется регенерация модели.

Команда: 
[OPOR] Заголовок чертежа: Разбивка опор Level 3D.
[OPOR] Var завершён: опор=4678, длина лаг=2141 м, лаг=60 шт, ошибок высот=662, областей=50, треугольников=50.
Команда: 

Команда: 
Команда: OPORDUMP

========== OPOR NEW OBJECT DUMP ==========

===== SESSION 20260722_154053-110029359 =====
--- ПО ТИПАМ XDATA ---
    tin-interpolated-mark : 16
    tin-triangle : 100
--- ПО СЛОЯМ ---
    0 : 16
    линии_высот : 100
--- НОВАЯ СЕТКА --- линий: 0  длина: 0 мм = 0 м
    grid-v: 0 линий, 0 м, min - мм
    grid-p: 0 линий, 0 м, min - мм
--- НОВЫЕ ОПОРЫ --- всего: 0
--- НОВЫЕ ТАБЛИЦЫ --- всего: 0

===== SESSION 20260722_163413-113230000 =====
--- ПО ТИПАМ XDATA ---
    drawing-title : 1
    grid-edge : 4
    grid-v : 92
    support : 4678
    table-extra-row : 1
    table-params : 1
    table-support : 1
--- ПО СЛОЯМ ---
    контур : 4
    опорыvb : 4678
    сеткаvb : 96
--- НОВАЯ СЕТКА --- линий: 96  длина: 2140822.5 мм = 2140.82 м
    grid-v: 92 линий, 2097.08 м, min 1648.8 мм
    grid-p: 0 линий, 0 м, min - мм
    session grid lag: 2097.08 м
    index ranges: v=(-58 3) p=(-3 179)
    boundary lag candidate: 43.74 м, mode=all
      outer: 31.5 м, holes: 12.24 м
    П5 лаги: рядов=60, поперечных удалено=190
    support split: vertices=36 border=557 nodes=4085
    border filter: raw=564 after-vertices=557
    node filter: raw=4205 after-self=4205 after-vertices=4197 after-border=4085
    крепёж: лаги= x0, плитки= x0 (шаг 0)
    levels: marks=38 polylines=50 vertices=36 missing-marks=0 triangles=50 height-errors=662
--- НОВЫЕ ОПОРЫ --- всего: 4678
    цвет 30 : 867 шт
    цвет 92 : 1000 шт
    цвет 131 : 2811 шт
--- НОВЫЕ ТАБЛИЦЫ --- всего: 3
    блок: OPOR_PARAMS_EXTRA_ROW
      LABEL = Кол-во лаг, шт
      VALUE = 60
    блок: OPOR_PARAMS_BOARD
      COVERING = Доска 160\U+00D727\U+00D73000
      AREA = 831
      LAG_TYPE = Frame 40\U+00D749 мм
      LAG_LENGTH = 2141
      STEP_X = 500
      STEP_Y = 400
      FLOOR = 101
    блок: OPOR_SUPPORT_SPEC_3D
      SUP_3D_35_50 = 1000
      SUP_3D_50_80 = 2811
      SUP_3D_80_140 = 205
      SUP_3D_95_155 = 0
      SUP_3D_145_240 = 0
      SUP_3D_160_270 = 0
      SUP_3D_205_340 = 0
      SUP_3D_235_400 = 0
      SUP_3D_315_530 = 0
      SUP_3D_390_660 = 0
      SUP_TOTAL = 4016
=========================================

Команда: 
Команда: OPORTABLES

========== OPOR TOTAL TABLE BLOCKS ==========
--- TABLE #1 ---
    block: table_totl_1
    handle: 1DB89
    layer: _SG_Support
    session: old/no-xdata
      1 = 
      2 = 
      3 = 
      4 = 
      5 = 
      6 = 
      7 = 
      8 = 
      9 = 
      10 = 
      11 = 
      12 = 
      13 = 
      AREA = 
      ITOG = 
      CHPOL = 0
      DOSKA = 0
      LAG = 0
      PLITKA = 0
      VECTOR = 0
      PERP = 0
      LENGTH = 
      QC = 
      QR = 
--- TABLE #2 ---
    block: table_totl_3D
    handle: 2A2DA
    layer: _SG_Support
    session: old/no-xdata
      1 = 
      2 = 
      3 = 
      4 = 
      5 = 
      6 = 
      7 = 
      8 = 
      9 = 
      10 = 
      11 = 
      AREA = 
      ITOG = 
      CHPOL = 0
      DOSKA = 0
      LAG = 0
      PLITKA = 0
      VECTOR = 0
      PERP = 0
      LENGTH = 
      QC = 
      QR = 
--- TABLE #3 ---
    block: table_totl_PRO
    handle: 2AA14
    layer: _SG_Support
    session: old/no-xdata
      1 = 
      2 = 
      3 = 
      4 = 
      5 = 
      6 = 
      7 = 
      8 = 
      9 = 
      10 = 
      11 = 
      12 = 
      13 = 
      AREA = 
      ITOG = 
      CHPOL = 0
      DOSKA = 0
      LAG = 0
      PLITKA = 0
      VECTOR = 0
      PERP = 0
      LENGTH = 
      QC = 
      QR = 
--- TABLE #4 ---
    block: table_totl_PRO
    handle: 377CE
    layer: 0
    session: old/no-xdata
      1 = 
      2 = 
      3 = 637
      4 = 1401
      5 = 2982
      6 = 136
      7 = 
      8 = 
      9 = 
      10 = 
      11 = 
      12 = 
      13 = 
      AREA = 831
      ITOG = 5156
      CHPOL = 101
      DOSKA = 27
      LAG = 49
      PLITKA = 0
      VECTOR = 500
      PERP = 400
      LENGTH = 2434
      QC = 0
      QR = 0
--- TABLE #5 ---
    block: table_totl_PRO
    handle: 43426
    layer: 0
    session: old/no-xdata
      1 = 
      2 = 
      3 = 650
      4 = 1239
      5 = 2697
      6 = 123
      7 = 
      8 = 1
      9 = 
      10 = 
      11 = 
      12 = 
      13 = 
      AREA = 867
      ITOG = 4710
      CHPOL = 101
      DOSKA = 27
      LAG = 49
      PLITKA = 0
      VECTOR = 500
      PERP = 400
      LENGTH = 2107
      QC = 0
      QR = 0
--- TABLE #6 ---
    block: table_totl_PRO
    handle: 4641F
    layer: 0
    session: old/no-xdata
      1 = 
      2 = 
      3 = 456
      4 = 982
      5 = 2139
      6 = 94
      7 = 
      8 = 
      9 = 
      10 = 
      11 = 
      12 = 
      13 = 
      AREA = 831
      ITOG = 3671
      CHPOL = 101
      DOSKA = 27
      LAG = 49
      PLITKA = 0
      VECTOR = 500
      PERP = 500
      LENGTH = 1696
      QC = 0
      QR = 0
--- TABLE #7 ---
    block: table_totl_PRO
    handle: C1D20
    layer: контур
    session: old/no-xdata
      1 = 
      2 = 
      3 = 662
      4 = 1000
      5 = 2811
      6 = 205
      7 = 
      8 = 
      9 = 
      10 = 
      11 = 
      12 = 
      13 = 
      AREA = 867
      ITOG = 4678
      CHPOL = 101
      DOSKA = 27
      LAG = 49
      PLITKA = 0
      VECTOR = 500
      PERP = 400
      LENGTH = 2141
      QC = 0
      QR = 0
--- TABLE #8 ---
    block: OPOR_SUPPORT_SPEC_3D
    handle: CC471
    layer: контур
    session: 20260722_163413-113230000
      SUP_3D_35_50 = 1000
      SUP_3D_50_80 = 2811
      SUP_3D_80_140 = 205
      SUP_3D_95_155 = 0
      SUP_3D_145_240 = 0
      SUP_3D_160_270 = 0
      SUP_3D_205_340 = 0
      SUP_3D_235_400 = 0
      SUP_3D_315_530 = 0
      SUP_3D_390_660 = 0
      SUP_TOTAL = 4016
--- TABLE #9 ---
    block: OPOR_PARAMS_BOARD
    handle: CC47E
    layer: контур
    session: 20260722_163413-113230000
      COVERING = Доска 160\U+00D727\U+00D73000
      AREA = 831
      LAG_TYPE = Frame 40\U+00D749 мм
      LAG_LENGTH = 2141
      STEP_X = 500
      STEP_Y = 400
      FLOOR = 101
--- TABLE #10 ---
    block: OPOR_PARAMS_EXTRA_ROW
    handle: CC487
    layer: контур
    session: 20260722_163413-113230000
      LABEL = Кол-во лаг, шт
      VALUE = 60
============================================

Команда: 
Команда: OPORCLEAN

Очистка OPOR [Session/All] <All>: S

[OPOR] Удалено объектов: 4778

Команда: 
Команда: OPOR

[OPOR] Проверка OPOR:
Версия: 3.30.1-robust-tin
Слои: OK
Блоки MVP: OK
Размерный стиль ISO-25: OK
Справочно, отсутствующие будущие блоки: 
- нетВыполняется регенерация модели.

Команда: 
[OPOR] Слоёв скрыто: 10
Выберите внешний контур OPOR: 
Команда: 
[OPOR] Проёмов найдено: 2Выполняется регенерация модели.

Команда: 
Начальная точка сетки <Enter = угол у длинного ребра>: 
Направление сетки <Enter = вдоль длинного ребра>: 
Точка вставки итоговой таблицы <Enter = справа от контура>: 

[OPOR] Контур 1 рассчитан: опор=4678, длина лаг=2140.823 м, ошибок высот=0.
Команда: Выполняется регенерация модели.

Команда: 
[OPOR] Слоёв скрыто: 10
Выберите следующий внешний контур OPOR или Enter для завершения: 
Выполняется регенерация модели.

Команда: 
[OPOR] Заголовок чертежа: Разбивка опор Level PRO.
[OPOR] Var завершён: опор=4678, длина лаг=2141 м, лаг=60 шт, ошибок высот=0, областей=50, треугольников=50.
Команда: 

Команда: 
Команда: 
Команда: *Прервано*

Команда: *Прервано*

Команда:  
Команда: 
