[ AutoCAD - Wed Jul 22 16:38:58 2026  ]----------------------------------------

Открывается файл формата AutoCAD 2018.
Выполняется регенерация модели.


Утилиты меню AutoCAD загружены.
Команда: 

Файл Autodesk DWG. Это файл формата TrustedDWG, сохраненный в приложении Autodesk или в приложении, лицензированном корпорацией Autodesk.

Команда: 

Команда: 
Команда: _APPLOAD
02_VBA_ORIGINAL.lsp успешно загружено.


Команда: 
check_dump.lsp загружен. Главная команда: DUMPALL
probe_height_check загружен. Команда: HEIGHTDUMP.
probe_write_level загружен. Команда: WRITELEVELDUMP.
probe_auto_level загружен. Команда: AUTOLEVELDUMP.
probe_slope загружен. Команды: SLOPEDUMP, SLOPECOLORS.
probe_tables загружен. Команда: TBLPROBE
probe_marks v2 загружен. Команда: MARKDUMP
probe_lines.lsp загружен. Команда: LINEDUMP
Оригинальный VBA OPOR загружен. Основная команда: XX.
Команда: 
Команда: XX

Команда: 
Команда: 
Укажите внешний контур
Команда: 
Команда: 
Команда: 
Команда: 
Команда: 
Укажите начальную точку
Команда: Задайте направление, указав 2 точки Вторая точка: 
Команда: 
Команда: 
Команда: 
Команда: Выполняется регенерация модели.

Команда: 
Команда: Выполняется регенерация модели.

Укажите точку верхнего левого угла таблицы: 
Команда: 
Команда: Выполняется регенерация модели.

Команда: 
Команда: 
Команда: Выполняется регенерация модели.

Команда: 
Команда: 
Команда: 
Команда: 
Команда: Выполняется регенерация модели.

Команда: 
Укажите внешний контур

Команда: 
Команда: _APPLOAD
03_TEST_TOOLS.lsp успешно загружено.


Команда: 
[ETS] make_etalons загружен. Команды: ETS1 (контур), ETS3 (+проём), ETS2 (+высоты). Порядок: ETS1 -> ETS3 -> ETS2, с _SAVEAS между шагами.
[ETS7] make_slope_etalons загружен. Команда: ETS7.
[ETS8] make_height_check_etalons загружен. Команда: ETS8.
[ETS9] make_write_level_etalons загружен. Команда: ETS9.
[ETS10] make_auto_level_etalons загружен. Команда: ETS10.
[ETS11] make_ring_etalons загружен. Команда: ETS11.
[ETS12] make_regcheck_etalons загружен. Команда: ETS12.
[ETS13] make_multicontour_etalons загружен. Команда: ETS13.
[ETS14] make_multicontour_var_etalons загружен. Команда: ETS14.
[ETS15] make_tin_etalons загружен. Команды: ETS15, ETS15MANUAL.
[ETS16] make_tin_robust_etalons загружен. Команды: ETS16, ETS16MANUAL, ETS16CLEARMANUAL, ETS16MISSING, ETS16CONFLICT.
check_dump.lsp загружен. Главная команда: DUMPALL
probe_height_check загружен. Команда: HEIGHTDUMP.
probe_write_level загружен. Команда: WRITELEVELDUMP.
probe_auto_level загружен. Команда: AUTOLEVELDUMP.
probe_ring загружен. Команда: RINGDUMP.
probe_slope загружен. Команды: SLOPEDUMP, SLOPECOLORS.
probe_tables загружен. Команда: TBLPROBE
probe_total_tables загружен. Команда: TOTALDUMP.
probe_marks v2 загружен. Команда: MARKDUMP
probe_lines.lsp загружен. Команда: LINEDUMP
probe_tin загружен. Команда: TINDUMP.
Тестовые инструменты загружены: ETS1/ETS2/ETS3/ETS7/ETS8/ETS9/ETS10/ETS11/ETS12/ETS13/ETS14/ETS15/ETS16 и диагностика.
Команда: 
Команда: DUMPALL

========== СНИМОК СОСТОЯНИЯ ==========
--- ОПОРЫ (слой опорыvb) --- ВСЕГО: 18074
    цвет 1 : 2327 шт
    цвет 30 : 549 шт   <-- ОШИБКА высоты (оранжевый)
    цвет 92 : 4608 шт
    цвет 131 : 10590 шт
--- ЛАГИ (LINE на сеткаvb) --- линий: 835  длина: 10155002.2 мм = 10155 м
--- ПЛОЩАДЬ ---
    контур ('контур'): 7804.799 м2
    областиvb: 327.34 м2
    контур - областиvb: 7477.458 м2
--- СЛОИ ПЛАГИНА ---
    контур : вкл , объектов: 11
    опорыvb : вкл , объектов: 18074
    опоры_текстvb : ВЫКЛ, объектов: 0
    сеткаvb : вкл , объектов: 835
    плиткаvb : вкл , объектов: 0
    областиvb : вкл , объектов: 18
    линии_высот : вкл , объектов: 219
--- ТАБЛИЦА [39 x 3] ---
   |Опоры|||
   |Наименование|Диапазон высот|Цвет|
   |LOW 12|<17|{\C221;221|
   |LOW 20|17-25|{\C2;2|
   |25-35|25-35|{\C1;1|
   |35-50|35-50|{\C92;92|
   |50-80|50-80|{\C131;131|
   |80-140|80-140|{\C30;30|
   |95-155|140-155|{\C160;160|
   |145-240|155-240|{\C60;60|
   |160-270|240-270|{\C134;134|
   |235-340|270-340|42|
   |235-400|340-400|{\C26;26|
   |315-530|400-530|{\C82;82|
   |390-660|530-660|{\C163;163|
   |3D 0-35|<35|{\C1;1|
   |3D 35-50 |35-50|{\C92;92|
   |3D 50-80|50-80|{\C131;131|
   |3D 80-140|80-140|{\C30;30|
   |3D 95-155|140-155|{\C160;160|
   |3D 145-240|155-240|{\C60;60|
   |3D 160-270|240-270|{\C134;134|
   |3D 235-340|270-340|42|
   |3D 235-400|340-400|{\C26;26|
   |3D 315-530|400-530|{\C82;82|
   |3D 390-660|530-660|{\C163;163|
   |PRO LOW12|<17|{\C221;221|
   |PRO LOW20|17-25|{\C2;2|
   |PRO 25-35|25-35|{\C1;1|
   |PRO 35-50|35-50|{\C92;92|
   |PRO 50-80|50-80|{\C131;131|
   |PRO 82-140|80-140|{\C30;30|
   |PRO 95-155|140-155|{\C160;160|
   |PRO 145-240|155-240|{\C60;60|
   |PRO 160-270|240-270|{\C134;134|
   |PRO 235-340|270-340|42|
   |PRO 235-400|340-400|{\C26;26|
   |PRO 315-530|400-530|{\C82;82|
   |PRO 390-660|530-660|{\C163;163|
=====================================

Команда: 
Команда: LINEDUMP

===== LINES on сеткаvb =====
#1  (478998.5,21258.3) -> (481035.7,21258.3)  L=2037.2  цвет=256
#2  (536716.9,21258.6) -> (531615.9,21258.6)  L=5101.1  цвет=256
#3  (531615.9,25271.5) -> (536716.9,25271.5)  L=5101.1  цвет=256
#4  (496743.3,17060.4) -> (528243.1,17060.4)  L=31499.9  цвет=256
#5  (482260.5,13609.1) -> (482260.5,5713.8)  L=7895.3  цвет=256
#6  (481760.5,13504.1) -> (481760.5,8096.4)  L=5407.7  цвет=256
#7  (481260.5,13399.2) -> (481260.5,10479.1)  L=2920.1  цвет=256
#8  (480760.5,13294.3) -> (480760.5,12861.8)  L=432.5  цвет=256
#9  (536716.9,25157.8) -> (565904.8,25157.8)  L=29187.9  цвет=256
#10  (531760.5,21258.6) -> (531760.5,15174.4)  L=6084.2  цвет=256
#11  (536716.9,21557.8) -> (562180.8,21557.8)  L=25463.9  цвет=256
#12  (536716.9,21957.8) -> (564087,21957.8)  L=27370.1  цвет=256
#13  (536716.9,22357.8) -> (565904.8,22357.8)  L=29187.9  цвет=256
#14  (536716.9,22757.8) -> (565904.8,22757.8)  L=29187.9  цвет=256
#15  (536716.9,23157.8) -> (565904.8,23157.8)  L=29187.9  цвет=256
#16  (536716.9,23557.8) -> (565904.8,23557.8)  L=29187.9  цвет=256
#17  (536716.9,23957.8) -> (565904.8,23957.8)  L=29187.9  цвет=256
#18  (536716.9,24357.8) -> (565904.8,24357.8)  L=29187.9  цвет=256
#19  (536716.9,24757.8) -> (565904.8,24757.8)  L=29187.9  цвет=256
#20  (536260.5,21258.6) -> (536260.5,16118.7)  L=5139.9  цвет=256
#21  (535760.5,21258.6) -> (535760.5,16013.8)  L=5244.8  цвет=256
#22  (535260.5,21258.6) -> (535260.5,15908.9)  L=5349.7  цвет=256
#23  (534760.5,21258.6) -> (534760.5,15804)  L=5454.7  цвет=256
#24  (534260.5,21258.6) -> (534260.5,15699)  L=5559.6  цвет=256
#25  (533760.5,21258.6) -> (533760.5,15594.1)  L=5664.5  цвет=256
#26  (533260.5,21258.6) -> (533260.5,15489.2)  L=5769.4  цвет=256
#27  (532760.5,21258.6) -> (532760.5,15384.3)  L=5874.3  цвет=256
#28  (532260.5,21258.6) -> (532260.5,15279.4)  L=5979.3  цвет=256
#29  (528243.1,17157.8) -> (541212.4,17157.8)  L=12969.3  цвет=256
#30  (528243.1,17557.8) -> (543118.7,17557.8)  L=14875.5  цвет=256
#31  (528243.1,17957.8) -> (545024.9,17957.8)  L=16781.7  цвет=256
#32  (528243.1,18357.8) -> (546931.1,18357.8)  L=18688  цвет=256
#33  (528243.1,18757.8) -> (548837.3,18757.8)  L=20594.2  цвет=256
#34  (528243.1,19157.8) -> (550743.5,19157.8)  L=22500.4  цвет=256
#35  (528243.1,19557.8) -> (552649.7,19557.8)  L=24406.6  цвет=256
#36  (528243.1,19957.8) -> (554556,19957.8)  L=26312.8  цвет=256
#37  (528243.1,20357.8) -> (556462.2,20357.8)  L=28219  цвет=256
#38  (528243.1,20757.8) -> (558368.4,20757.8)  L=30125.3  цвет=256
#39  (528243.1,21157.8) -> (560274.6,21157.8)  L=32031.5  цвет=256
#40  (528243.1,21557.8) -> (531615.9,21557.8)  L=3372.8  цвет=256
#41  (528243.1,21957.8) -> (531615.9,21957.8)  L=3372.8  цвет=256
#42  (528243.1,22357.8) -> (531615.9,22357.8)  L=3372.8  цвет=256
#43  (528243.1,22757.8) -> (531615.9,22757.8)  L=3372.8  цвет=256
#44  (528243.1,23157.8) -> (531615.9,23157.8)  L=3372.8  цвет=256
#45  (528243.1,23557.8) -> (531615.9,23557.8)  L=3372.8  цвет=256
#46  (528243.1,23957.8) -> (531615.9,23957.8)  L=3372.8  цвет=256
#47  (528243.1,24357.8) -> (531615.9,24357.8)  L=3372.8  цвет=256
#48  (528243.1,24757.8) -> (531615.9,24757.8)  L=3372.8  цвет=256
#49  (528243.1,25157.8) -> (531615.9,25157.8)  L=3372.8  цвет=256
#50  (528243.1,25557.8) -> (565904.8,25557.8)  L=37661.7  цвет=256
#51  (528243.1,25957.8) -> (565904.8,25957.8)  L=37661.7  цвет=256
#52  (528243.1,26357.8) -> (565904.8,26357.8)  L=37661.7  цвет=256
#53  (528243.1,26757.8) -> (565904.8,26757.8)  L=37661.7  цвет=256
#54  (528243.1,27157.8) -> (565904.8,27157.8)  L=37661.7  цвет=256
#55  (482377.1,5157.8) -> (484025.9,5157.8)  L=1648.8  цвет=256
#56  (482293.2,5557.8) -> (485932.2,5557.8)  L=3639  цвет=256
#57  (482209.3,5957.8) -> (487838.4,5957.8)  L=5629.1  цвет=256
#58  (482125.3,6357.8) -> (489744.6,6357.8)  L=7619.3  цвет=256
#59  (482041.4,6757.8) -> (491650.8,6757.8)  L=9609.4  цвет=256
#60  (481957.4,7157.8) -> (493557,7157.8)  L=11599.6  цвет=256
#61  (481873.5,7557.8) -> (495463.2,7557.8)  L=13589.7  цвет=256
#62  (481789.6,7957.8) -> (497369.5,7957.8)  L=15579.9  цвет=256
#63  (481705.6,8357.8) -> (499275.7,8357.8)  L=17570.1  цвет=256
#64  (481621.7,8757.8) -> (501181.9,8757.8)  L=19560.2  цвет=256
#65  (481537.7,9157.8) -> (503088.1,9157.8)  L=21550.4  цвет=256
#66  (481453.8,9557.8) -> (504994.3,9557.8)  L=23540.5  цвет=256
#67  (481369.9,9957.8) -> (506900.5,9957.8)  L=25530.7  цвет=256
#68  (481285.9,10357.8) -> (508806.8,10357.8)  L=27520.8  цвет=256
#69  (481202,10757.8) -> (510713,10757.8)  L=29511  цвет=256
#70  (481118,11157.8) -> (512619.2,11157.8)  L=31501.2  цвет=256
#71  (481034.1,11557.8) -> (514525.4,11557.8)  L=33491.3  цвет=256
#72  (480950.2,11957.8) -> (516431.6,11957.8)  L=35481.5  цвет=256
#73  (480866.2,12357.8) -> (518337.8,12357.8)  L=37471.6  цвет=256
#74  (480782.3,12757.8) -> (520244.1,12757.8)  L=39461.8  цвет=256
#75  (480698.3,13157.8) -> (522150.3,13157.8)  L=41451.9  цвет=256
#76  (482016.4,13557.8) -> (524056.5,13557.8)  L=42040.1  цвет=256
#77  (482582.2,13957.8) -> (525962.7,13957.8)  L=43380.5  цвет=256
#78  (482497.5,14357.8) -> (527868.9,14357.8)  L=45371.5  цвет=256
#79  (482412.7,14757.8) -> (529775.1,14757.8)  L=47362.4  цвет=256
#80  (482328,15157.8) -> (531681.4,15157.8)  L=49353.4  цвет=256
#81  (482243.3,15557.8) -> (533587.6,15557.8)  L=51344.3  цвет=256
#82  (482158.5,15957.8) -> (535493.8,15957.8)  L=53335.3  цвет=256
#83  (482073.8,16357.8) -> (537400,16357.8)  L=55326.2  цвет=256
#84  (481989,16757.8) -> (539306.2,16757.8)  L=57317.2  цвет=256
#85  (481904.3,17157.8) -> (496743.3,17157.8)  L=14839  цвет=256
#86  (481819.6,17557.8) -> (496743.3,17557.8)  L=14923.7  цвет=256
#87  (481734.8,17957.8) -> (496743.3,17957.8)  L=15008.4  цвет=256
#88  (481650.1,18357.8) -> (496743.3,18357.8)  L=15093.2  цвет=256
#89  (481565.4,18757.8) -> (496743.3,18757.8)  L=15177.9  цвет=256
#90  (481480.6,19157.8) -> (496743.3,19157.8)  L=15262.6  цвет=256
#91  (481395.9,19557.8) -> (496743.3,19557.8)  L=15347.4  цвет=256
#92  (481311.1,19957.8) -> (496743.3,19957.8)  L=15432.1  цвет=256
#93  (481226.4,20357.8) -> (496743.3,20357.8)  L=15516.9  цвет=256
#94  (481141.7,20757.8) -> (496743.3,20757.8)  L=15601.6  цвет=256
#95  (481056.9,21157.8) -> (496743.3,21157.8)  L=15686.3  цвет=256
#96  (478935.6,21557.8) -> (496743.3,21557.8)  L=17807.6  цвет=256
#97  (478851.7,21957.8) -> (496743.3,21957.8)  L=17891.6  цвет=256
#98  (478767.7,22357.8) -> (496743.3,22357.8)  L=17975.5  цвет=256
#99  (478683.8,22757.8) -> (496743.3,22757.8)  L=18059.5  цвет=256
#100  (478599.9,23157.8) -> (496743.3,23157.8)  L=18143.4  цвет=256
#101  (478515.9,23557.8) -> (496743.3,23557.8)  L=18227.3  цвет=256
#102  (478432,23957.8) -> (496743.3,23957.8)  L=18311.3  цвет=256
#103  (478348,24357.8) -> (496743.3,24357.8)  L=18395.2  цвет=256
#104  (478264.1,24757.8) -> (496743.3,24757.8)  L=18479.2  цвет=256
#105  (478180.2,25157.8) -> (496743.3,25157.8)  L=18563.1  цвет=256
#106  (478096.2,25557.8) -> (496743.3,25557.8)  L=18647  цвет=256
#107  (478012.3,25957.8) -> (496743.3,25957.8)  L=18731  цвет=256
#108  (477928.4,26357.8) -> (496743.3,26357.8)  L=18814.9  цвет=256
#109  (477844.4,26757.8) -> (496743.3,26757.8)  L=18898.9  цвет=256
#110  (565760.5,27157.8) -> (565760.5,22309)  L=4848.8  цвет=256
#111  (565260.5,27157.8) -> (565260.5,22204.1)  L=4953.8  цвет=256
#112  (564760.5,27157.8) -> (564760.5,22099.2)  L=5058.7  цвет=256
#113  (564260.5,27157.8) -> (564260.5,21994.2)  L=5163.6  цвет=256
#114  (563760.5,27157.8) -> (563760.5,21889.3)  L=5268.5  цвет=256
#115  (563260.5,27157.8) -> (563260.5,21784.4)  L=5373.4  цвет=256
#116  (562760.5,27157.8) -> (562760.5,21679.5)  L=5478.4  цвет=256
#117  (562260.5,27157.8) -> (562260.5,21574.6)  L=5583.3  цвет=256
#118  (561760.5,27157.8) -> (561760.5,21469.6)  L=5688.2  цвет=256
#119  (561260.5,27157.8) -> (561260.5,21364.7)  L=5793.1  цвет=256
#120  (560760.5,27157.8) -> (560760.5,21259.8)  L=5898  цвет=256
#121  (560260.5,27157.8) -> (560260.5,21154.9)  L=6003  цвет=256
#122  (559760.5,27157.8) -> (559760.5,21050)  L=6107.9  цвет=256
#123  (559260.5,27157.8) -> (559260.5,20945)  L=6212.8  цвет=256
#124  (558760.5,27157.8) -> (558760.5,20840.1)  L=6317.7  цвет=256
#125  (558260.5,27157.8) -> (558260.5,20735.2)  L=6422.6  цвет=256
#126  (557760.5,27157.8) -> (557760.5,20630.3)  L=6527.6  цвет=256
#127  (557260.5,27157.8) -> (557260.5,20525.4)  L=6632.5  цвет=256
#128  (556760.5,27157.8) -> (556760.5,20420.4)  L=6737.4  цвет=256
#129  (556260.5,27157.8) -> (556260.5,20315.5)  L=6842.3  цвет=256
#130  (555760.5,27157.8) -> (555760.5,20210.6)  L=6947.2  цвет=256
#131  (555260.5,27157.8) -> (555260.5,20105.7)  L=7052.2  цвет=256
#132  (554760.5,27157.8) -> (554760.5,20000.8)  L=7157.1  цвет=256
#133  (554260.5,27157.8) -> (554260.5,19895.8)  L=7262  цвет=256
#134  (553760.5,27157.8) -> (553760.5,19790.9)  L=7366.9  цвет=256
#135  (553260.5,27157.8) -> (553260.5,19686)  L=7471.8  цвет=256
#136  (552760.5,27157.8) -> (552760.5,19581.1)  L=7576.8  цвет=256
#137  (552260.5,27157.8) -> (552260.5,19476.2)  L=7681.7  цвет=256
#138  (551760.5,27157.8) -> (551760.5,19371.2)  L=7786.6  цвет=256
#139  (551260.5,27157.8) -> (551260.5,19266.3)  L=7891.5  цвет=256
#140  (550760.5,27157.8) -> (550760.5,19161.4)  L=7996.4  цвет=256
#141  (550260.5,27157.8) -> (550260.5,19056.5)  L=8101.4  цвет=256
#142  (549760.5,27157.8) -> (549760.5,18951.6)  L=8206.3  цвет=256
#143  (549260.5,27157.8) -> (549260.5,18846.6)  L=8311.2  цвет=256
#144  (548760.5,27157.8) -> (548760.5,18741.7)  L=8416.1  цвет=256
#145  (548260.5,27157.8) -> (548260.5,18636.8)  L=8521  цвет=256
#146  (547760.5,27157.8) -> (547760.5,18531.9)  L=8626  цвет=256
#147  (547260.5,27157.8) -> (547260.5,18427)  L=8730.9  цвет=256
#148  (546760.5,27157.8) -> (546760.5,18322)  L=8835.8  цвет=256
#149  (546260.5,27157.8) -> (546260.5,18217.1)  L=8940.7  цвет=256
#150  (545760.5,27157.8) -> (545760.5,18112.2)  L=9045.6  цвет=256
#151  (545260.5,27157.8) -> (545260.5,18007.3)  L=9150.6  цвет=256
#152  (544760.5,27157.8) -> (544760.5,17902.4)  L=9255.5  цвет=256
#153  (544260.5,27157.8) -> (544260.5,17797.4)  L=9360.4  цвет=256
#154  (543760.5,27157.8) -> (543760.5,17692.5)  L=9465.3  цвет=256
#155  (543260.5,27157.8) -> (543260.5,17587.6)  L=9570.2  цвет=256
#156  (542760.5,27157.8) -> (542760.5,17482.7)  L=9675.2  цвет=256
#157  (542260.5,27157.8) -> (542260.5,17377.8)  L=9780.1  цвет=256
#158  (541760.5,27157.8) -> (541760.5,17272.8)  L=9885  цвет=256
#159  (541260.5,27157.8) -> (541260.5,17167.9)  L=9989.9  цвет=256
#160  (540760.5,27157.8) -> (540760.5,17063)  L=10094.8  цвет=256
#161  (540260.5,27157.8) -> (540260.5,16958.1)  L=10199.8  цвет=256
#162  (539760.5,27157.8) -> (539760.5,16853.2)  L=10304.7  цвет=256
#163  (539260.5,27157.8) -> (539260.5,16748.2)  L=10409.6  цвет=256
#164  (538760.5,27157.8) -> (538760.5,16643.3)  L=10514.5  цвет=256
#165  (538260.5,27157.8) -> (538260.5,16538.4)  L=10619.4  цвет=256
#166  (537760.5,27157.8) -> (537760.5,16433.5)  L=10724.4  цвет=256
#167  (537260.5,27157.8) -> (537260.5,16328.6)  L=10829.3  цвет=256
#168  (536760.5,27157.8) -> (536760.5,16223.6)  L=10934.2  цвет=256
#169  (536260.5,27157.8) -> (536260.5,25271.5)  L=1886.4  цвет=256
#170  (535760.5,27157.8) -> (535760.5,25271.5)  L=1886.4  цвет=256
#171  (535260.5,27157.8) -> (535260.5,25271.5)  L=1886.4  цвет=256
#172  (534760.5,27157.8) -> (534760.5,25271.5)  L=1886.4  цвет=256
#173  (534260.5,27157.8) -> (534260.5,25271.5)  L=1886.4  цвет=256
#174  (533760.5,27157.8) -> (533760.5,25271.5)  L=1886.4  цвет=256
#175  (533260.5,27157.8) -> (533260.5,25271.5)  L=1886.4  цвет=256
#176  (532760.5,27157.8) -> (532760.5,25271.5)  L=1886.4  цвет=256
#177  (532260.5,27157.8) -> (532260.5,25271.5)  L=1886.4  цвет=256
#178  (531760.5,27157.8) -> (531760.5,25271.5)  L=1886.4  цвет=256
#179  (531260.5,27157.8) -> (531260.5,15069.5)  L=12088.3  цвет=256
#180  (530760.5,27157.8) -> (530760.5,14964.6)  L=12193.2  цвет=256
#181  (530260.5,27157.8) -> (530260.5,14859.7)  L=12298.2  цвет=256
#182  (529760.5,27157.8) -> (529760.5,14754.8)  L=12403.1  цвет=256
#183  (529260.5,27157.8) -> (529260.5,14649.8)  L=12508  цвет=256
#184  (528760.5,27157.8) -> (528760.5,14544.9)  L=12612.9  цвет=256
#185  (528260.5,27157.8) -> (528260.5,14440)  L=12717.8  цвет=256
#186  (527760.5,17060.4) -> (527760.5,14335.1)  L=2725.3  цвет=256
#187  (527260.5,17060.4) -> (527260.5,14230.2)  L=2830.3  цвет=256
#188  (526760.5,17060.4) -> (526760.5,14125.2)  L=2935.2  цвет=256
#189  (526260.5,17060.4) -> (526260.5,14020.3)  L=3040.1  цвет=256
#190  (525760.5,17060.4) -> (525760.5,13915.4)  L=3145  цвет=256
#191  (525260.5,17060.4) -> (525260.5,13810.5)  L=3249.9  цвет=256
#192  (524760.5,17060.4) -> (524760.5,13705.6)  L=3354.9  цвет=256
#193  (524260.5,17060.4) -> (524260.5,13600.6)  L=3459.8  цвет=256
#194  (523760.5,17060.4) -> (523760.5,13495.7)  L=3564.7  цвет=256
#195  (523260.5,17060.4) -> (523260.5,13390.8)  L=3669.6  цвет=256
#196  (522760.5,17060.4) -> (522760.5,13285.9)  L=3774.5  цвет=256
#197  (522260.5,17060.4) -> (522260.5,13181)  L=3879.5  цвет=256
#198  (521760.5,17060.4) -> (521760.5,13076)  L=3984.4  цвет=256
#199  (521260.5,17060.4) -> (521260.5,12971.1)  L=4089.3  цвет=256
#200  (520760.5,17060.4) -> (520760.5,12866.2)  L=4194.2  цвет=256
#201  (520260.5,17060.4) -> (520260.5,12761.3)  L=4299.1  цвет=256
#202  (519760.5,17060.4) -> (519760.5,12656.4)  L=4404.1  цвет=256
#203  (519260.5,17060.4) -> (519260.5,12551.4)  L=4509  цвет=256
#204  (518760.5,17060.4) -> (518760.5,12446.5)  L=4613.9  цвет=256
#205  (518260.5,17060.4) -> (518260.5,12341.6)  L=4718.8  цвет=256
#206  (517760.5,17060.4) -> (517760.5,12236.7)  L=4823.7  цвет=256
#207  (517260.5,17060.4) -> (517260.5,12131.8)  L=4928.7  цвет=256
#208  (516760.5,17060.4) -> (516760.5,12026.8)  L=5033.6  цвет=256
#209  (516260.5,17060.4) -> (516260.5,11921.9)  L=5138.5  цвет=256
#210  (515760.5,17060.4) -> (515760.5,11817)  L=5243.4  цвет=256
#211  (515260.5,17060.4) -> (515260.5,11712.1)  L=5348.3  цвет=256
#212  (514760.5,17060.4) -> (514760.5,11607.2)  L=5453.3  цвет=256
#213  (514260.5,17060.4) -> (514260.5,11502.2)  L=5558.2  цвет=256
#214  (513760.5,17060.4) -> (513760.5,11397.3)  L=5663.1  цвет=256
#215  (513260.5,17060.4) -> (513260.5,11292.4)  L=5768  цвет=256
#216  (512760.5,17060.4) -> (512760.5,11187.5)  L=5872.9  цвет=256
#217  (512260.5,17060.4) -> (512260.5,11082.6)  L=5977.9  цвет=256
#218  (511760.5,17060.4) -> (511760.5,10977.6)  L=6082.8  цвет=256
#219  (511260.5,17060.4) -> (511260.5,10872.7)  L=6187.7  цвет=256
#220  (510760.5,17060.4) -> (510760.5,10767.8)  L=6292.6  цвет=256
#221  (510260.5,17060.4) -> (510260.5,10662.9)  L=6397.5  цвет=256
#222  (509760.5,17060.4) -> (509760.5,10558)  L=6502.5  цвет=256
#223  (509260.5,17060.4) -> (509260.5,10453)  L=6607.4  цвет=256
#224  (508760.5,17060.4) -> (508760.5,10348.1)  L=6712.3  цвет=256
#225  (508260.5,17060.4) -> (508260.5,10243.2)  L=6817.2  цвет=256
#226  (507760.5,17060.4) -> (507760.5,10138.3)  L=6922.1  цвет=256
#227  (507260.5,17060.4) -> (507260.5,10033.4)  L=7027.1  цвет=256
#228  (506760.5,17060.4) -> (506760.5,9928.4)  L=7132  цвет=256
#229  (506260.5,17060.4) -> (506260.5,9823.5)  L=7236.9  цвет=256
#230  (505760.5,17060.4) -> (505760.5,9718.6)  L=7341.8  цвет=256
#231  (505260.5,17060.4) -> (505260.5,9613.7)  L=7446.7  цвет=256
#232  (504760.5,17060.4) -> (504760.5,9508.8)  L=7551.7  цвет=256
#233  (504260.5,17060.4) -> (504260.5,9403.8)  L=7656.6  цвет=256
#234  (503760.5,17060.4) -> (503760.5,9298.9)  L=7761.5  цвет=256
#235  (503260.5,17060.4) -> (503260.5,9194)  L=7866.4  цвет=256
#236  (502760.5,17060.4) -> (502760.5,9089.1)  L=7971.3  цвет=256
#237  (502260.5,17060.4) -> (502260.5,8984.2)  L=8076.3  цвет=256
#238  (501760.5,17060.4) -> (501760.5,8879.2)  L=8181.2  цвет=256
#239  (501260.5,17060.4) -> (501260.5,8774.3)  L=8286.1  цвет=256
#240  (500760.5,17060.4) -> (500760.5,8669.4)  L=8391  цвет=256
#241  (500260.5,17060.4) -> (500260.5,8564.5)  L=8495.9  цвет=256
#242  (499760.5,17060.4) -> (499760.5,8459.6)  L=8600.9  цвет=256
#243  (499260.5,17060.4) -> (499260.5,8354.6)  L=8705.8  цвет=256
#244  (498760.5,17060.4) -> (498760.5,8249.7)  L=8810.7  цвет=256
#245  (498260.5,17060.4) -> (498260.5,8144.8)  L=8915.6  цвет=256
#246  (497760.5,17060.4) -> (497760.5,8039.9)  L=9020.5  цвет=256
#247  (497260.5,17060.4) -> (497260.5,7935)  L=9125.5  цвет=256
#248  (496760.5,17060.4) -> (496760.5,7830.1)  L=9230.4  цвет=256
#249  (496260.5,27157.8) -> (496260.5,7725.1)  L=19432.7  цвет=256
#250  (495760.5,27157.8) -> (495760.5,7620.2)  L=19537.6  цвет=256
#251  (495260.5,27157.8) -> (495260.5,7515.3)  L=19642.5  цвет=256
#252  (494760.5,27157.8) -> (494760.5,7410.4)  L=19747.5  цвет=256
#253  (494260.5,27157.8) -> (494260.5,7305.5)  L=19852.4  цвет=256
#254  (493760.5,27157.8) -> (493760.5,7200.5)  L=19957.3  цвет=256
#255  (493260.5,27157.8) -> (493260.5,7095.6)  L=20062.2  цвет=256
#256  (492760.5,27157.8) -> (492760.5,6990.7)  L=20167.1  цвет=256
#257  (492260.5,27157.8) -> (492260.5,6885.8)  L=20272.1  цвет=256
#258  (491760.5,27157.8) -> (491760.5,6780.9)  L=20377  цвет=256
#259  (491260.5,27157.8) -> (491260.5,6675.9)  L=20481.9  цвет=256
#260  (490760.5,27157.8) -> (490760.5,6571)  L=20586.8  цвет=256
#261  (490260.5,27157.8) -> (490260.5,6466.1)  L=20691.7  цвет=256
#262  (489760.5,27157.8) -> (489760.5,6361.2)  L=20796.7  цвет=256
#263  (489260.5,27157.8) -> (489260.5,6256.3)  L=20901.6  цвет=256
#264  (488760.5,27157.8) -> (488760.5,6151.3)  L=21006.5  цвет=256
#265  (488260.5,27157.8) -> (488260.5,6046.4)  L=21111.4  цвет=256
#266  (487760.5,27157.8) -> (487760.5,5941.5)  L=21216.3  цвет=256
#267  (487260.5,27157.8) -> (487260.5,5836.6)  L=21321.3  цвет=256
#268  (486760.5,27157.8) -> (486760.5,5731.7)  L=21426.2  цвет=256
#269  (486260.5,27157.8) -> (486260.5,5626.7)  L=21531.1  цвет=256
#270  (485760.5,27157.8) -> (485760.5,5521.8)  L=21636  цвет=256
#271  (485260.5,27157.8) -> (485260.5,5416.9)  L=21740.9  цвет=256
#272  (484760.5,27157.8) -> (484760.5,5312)  L=21845.9  цвет=256
#273  (484260.5,27157.8) -> (484260.5,5207.1)  L=21950.8  цвет=256
#274  (483760.5,27157.8) -> (483760.5,5102.1)  L=22055.7  цвет=256
#275  (483260.5,27157.8) -> (483260.5,4997.2)  L=22160.6  цвет=256
#276  (482760.5,27157.8) -> (482760.5,4892.3)  L=22265.5  цвет=256
#277  (482260.5,27157.8) -> (482260.5,15476.6)  L=11681.2  цвет=256
#278  (481760.5,27157.8) -> (481760.5,17836.8)  L=9321  цвет=256
#279  (481260.5,27157.8) -> (481260.5,20197)  L=6960.8  цвет=256
#280  (480760.5,27157.8) -> (480760.5,21258.3)  L=5899.5  цвет=256
#281  (480260.5,21258.3) -> (480260.5,27157.8)  L=5899.5  цвет=256
#282  (479760.5,21258.3) -> (479760.5,27157.8)  L=5899.5  цвет=256
#283  (479260.5,21258.3) -> (479260.5,27157.8)  L=5899.5  цвет=256
#284  (478760.5,22392.5) -> (478760.5,27157.8)  L=4765.4  цвет=256
#285  (478260.5,24775.2) -> (478260.5,27157.8)  L=2382.7  цвет=256
#286  (477760.5,27157.8) -> (496743.3,27157.8)  L=18982.8  цвет=256
#287  (264714.2,-128741.4) -> (264714.2,-124728.5)  L=4012.8  цвет=256
#288  (269815.3,-124728.5) -> (269815.3,-128741.4)  L=4012.8  цвет=256
#289  (299003.2,-122842.2) -> (299003.2,-127660.7)  L=4818.6  цвет=256
#290  (261341.5,-132939.6) -> (261341.5,-122842.2)  L=10097.4  цвет=256
#291  (229841.6,-122842.2) -> (229841.6,-132939.6)  L=10097.4  цвет=256
#292  (215358.8,-136390.9) -> (215358.8,-144286.2)  L=7895.3  цвет=256
#293  (214858.8,-136495.9) -> (214858.8,-141903.6)  L=5407.7  цвет=256
#294  (214358.8,-136600.8) -> (214358.8,-139520.9)  L=2920.1  цвет=256
#295  (213858.8,-136705.7) -> (213858.8,-137138.2)  L=432.5  цвет=256
#296  (264858.8,-128741.4) -> (264858.8,-134825.6)  L=6084.2  цвет=256
#297  (269358.8,-128741.4) -> (269358.8,-133881.3)  L=5139.9  цвет=256
#298  (268858.8,-128741.4) -> (268858.8,-133986.2)  L=5244.8  цвет=256
#299  (268358.8,-128741.4) -> (268358.8,-134091.1)  L=5349.7  цвет=256
#300  (267858.8,-128741.4) -> (267858.8,-134196)  L=5454.7  цвет=256
#301  (267358.8,-128741.4) -> (267358.8,-134301)  L=5559.6  цвет=256
#302  (266858.8,-128741.4) -> (266858.8,-134405.9)  L=5664.5  цвет=256
#303  (266358.8,-128741.4) -> (266358.8,-134510.8)  L=5769.4  цвет=256
#304  (265858.8,-128741.4) -> (265858.8,-134615.7)  L=5874.3  цвет=256
#305  (265358.8,-128741.4) -> (265358.8,-134720.6)  L=5979.3  цвет=256
#306  (261341.5,-122842.2) -> (299003.2,-122842.2)  L=37661.7  цвет=256
#307  (298858.8,-122842.2) -> (298858.8,-127691)  L=4848.8  цвет=256
#308  (298358.8,-122842.2) -> (298358.8,-127795.9)  L=4953.8  цвет=256
#309  (297858.8,-122842.2) -> (297858.8,-127900.8)  L=5058.7  цвет=256
#310  (297358.8,-122842.2) -> (297358.8,-128005.8)  L=5163.6  цвет=256
#311  (296858.8,-122842.2) -> (296858.8,-128110.7)  L=5268.5  цвет=256
#312  (296358.8,-122842.2) -> (296358.8,-128215.6)  L=5373.4  цвет=256
#313  (295858.8,-122842.2) -> (295858.8,-128320.5)  L=5478.4  цвет=256
#314  (295358.8,-122842.2) -> (295358.8,-128425.4)  L=5583.3  цвет=256
#315  (294858.8,-122842.2) -> (294858.8,-128530.4)  L=5688.2  цвет=256
#316  (294358.8,-122842.2) -> (294358.8,-128635.3)  L=5793.1  цвет=256
#317  (293858.8,-122842.2) -> (293858.8,-128740.2)  L=5898  цвет=256
#318  (293358.8,-122842.2) -> (293358.8,-128845.1)  L=6003  цвет=256
#319  (292858.8,-122842.2) -> (292858.8,-128950)  L=6107.9  цвет=256
#320  (292358.8,-122842.2) -> (292358.8,-129055)  L=6212.8  цвет=256
#321  (291858.8,-122842.2) -> (291858.8,-129159.9)  L=6317.7  цвет=256
#322  (291358.8,-122842.2) -> (291358.8,-129264.8)  L=6422.6  цвет=256
#323  (290858.8,-122842.2) -> (290858.8,-129369.7)  L=6527.6  цвет=256
#324  (290358.8,-122842.2) -> (290358.8,-129474.6)  L=6632.5  цвет=256
#325  (289858.8,-122842.2) -> (289858.8,-129579.6)  L=6737.4  цвет=256
#326  (289358.8,-122842.2) -> (289358.8,-129684.5)  L=6842.3  цвет=256
#327  (288858.8,-122842.2) -> (288858.8,-129789.4)  L=6947.2  цвет=256
#328  (288358.8,-122842.2) -> (288358.8,-129894.3)  L=7052.2  цвет=256
#329  (287858.8,-122842.2) -> (287858.8,-129999.2)  L=7157.1  цвет=256
#330  (287358.8,-122842.2) -> (287358.8,-130104.2)  L=7262  цвет=256
#331  (286858.8,-122842.2) -> (286858.8,-130209.1)  L=7366.9  цвет=256
#332  (286358.8,-122842.2) -> (286358.8,-130314)  L=7471.8  цвет=256
#333  (285858.8,-122842.2) -> (285858.8,-130418.9)  L=7576.8  цвет=256
#334  (285358.8,-122842.2) -> (285358.8,-130523.8)  L=7681.7  цвет=256
#335  (284858.8,-122842.2) -> (284858.8,-130628.8)  L=7786.6  цвет=256
#336  (284358.8,-122842.2) -> (284358.8,-130733.7)  L=7891.5  цвет=256
#337  (283858.8,-122842.2) -> (283858.8,-130838.6)  L=7996.4  цвет=256
#338  (283358.8,-122842.2) -> (283358.8,-130943.5)  L=8101.4  цвет=256
#339  (282858.8,-122842.2) -> (282858.8,-131048.4)  L=8206.3  цвет=256
#340  (282358.8,-122842.2) -> (282358.8,-131153.4)  L=8311.2  цвет=256
#341  (281858.8,-122842.2) -> (281858.8,-131258.3)  L=8416.1  цвет=256
#342  (281358.8,-122842.2) -> (281358.8,-131363.2)  L=8521  цвет=256
#343  (280858.8,-122842.2) -> (280858.8,-131468.1)  L=8626  цвет=256
#344  (280358.8,-122842.2) -> (280358.8,-131573)  L=8730.9  цвет=256
#345  (279858.8,-122842.2) -> (279858.8,-131678)  L=8835.8  цвет=256
#346  (279358.8,-122842.2) -> (279358.8,-131782.9)  L=8940.7  цвет=256
#347  (278858.8,-122842.2) -> (278858.8,-131887.8)  L=9045.6  цвет=256
#348  (278358.8,-122842.2) -> (278358.8,-131992.7)  L=9150.6  цвет=256
#349  (277858.8,-122842.2) -> (277858.8,-132097.6)  L=9255.5  цвет=256
#350  (277358.8,-122842.2) -> (277358.8,-132202.6)  L=9360.4  цвет=256
#351  (276858.8,-122842.2) -> (276858.8,-132307.5)  L=9465.3  цвет=256
#352  (276358.8,-122842.2) -> (276358.8,-132412.4)  L=9570.2  цвет=256
#353  (275858.8,-122842.2) -> (275858.8,-132517.3)  L=9675.2  цвет=256
#354  (275358.8,-122842.2) -> (275358.8,-132622.2)  L=9780.1  цвет=256
#355  (274858.8,-122842.2) -> (274858.8,-132727.2)  L=9885  цвет=256
#356  (274358.8,-122842.2) -> (274358.8,-132832.1)  L=9989.9  цвет=256
#357  (273858.8,-122842.2) -> (273858.8,-132937)  L=10094.8  цвет=256
#358  (273358.8,-122842.2) -> (273358.8,-133041.9)  L=10199.8  цвет=256
#359  (272858.8,-122842.2) -> (272858.8,-133146.8)  L=10304.7  цвет=256
#360  (272358.8,-122842.2) -> (272358.8,-133251.8)  L=10409.6  цвет=256
#361  (271858.8,-122842.2) -> (271858.8,-133356.7)  L=10514.5  цвет=256
#362  (271358.8,-122842.2) -> (271358.8,-133461.6)  L=10619.4  цвет=256
#363  (270858.8,-122842.2) -> (270858.8,-133566.5)  L=10724.4  цвет=256
#364  (270358.8,-122842.2) -> (270358.8,-133671.4)  L=10829.3  цвет=256
#365  (269858.8,-122842.2) -> (269858.8,-133776.4)  L=10934.2  цвет=256
#366  (269358.8,-122842.2) -> (269358.8,-124728.5)  L=1886.4  цвет=256
#367  (268858.8,-122842.2) -> (268858.8,-124728.5)  L=1886.4  цвет=256
#368  (268358.8,-122842.2) -> (268358.8,-124728.5)  L=1886.4  цвет=256
#369  (267858.8,-122842.2) -> (267858.8,-124728.5)  L=1886.4  цвет=256
#370  (267358.8,-122842.2) -> (267358.8,-124728.5)  L=1886.4  цвет=256
#371  (266858.8,-122842.2) -> (266858.8,-124728.5)  L=1886.4  цвет=256
#372  (266358.8,-122842.2) -> (266358.8,-124728.5)  L=1886.4  цвет=256
#373  (265858.8,-122842.2) -> (265858.8,-124728.5)  L=1886.4  цвет=256
#374  (265358.8,-122842.2) -> (265358.8,-124728.5)  L=1886.4  цвет=256
#375  (264858.8,-122842.2) -> (264858.8,-124728.5)  L=1886.4  цвет=256
#376  (264358.8,-122842.2) -> (264358.8,-134930.5)  L=12088.3  цвет=256
#377  (263858.8,-122842.2) -> (263858.8,-135035.4)  L=12193.2  цвет=256
#378  (263358.8,-122842.2) -> (263358.8,-135140.3)  L=12298.2  цвет=256
#379  (262858.8,-122842.2) -> (262858.8,-135245.2)  L=12403.1  цвет=256
#380  (262358.8,-122842.2) -> (262358.8,-135350.2)  L=12508  цвет=256
#381  (261858.8,-122842.2) -> (261858.8,-135455.1)  L=12612.9  цвет=256
#382  (261358.8,-122842.2) -> (261358.8,-135560)  L=12717.8  цвет=256
#383  (260858.8,-132939.6) -> (260858.8,-135664.9)  L=2725.3  цвет=256
#384  (260358.8,-132939.6) -> (260358.8,-135769.8)  L=2830.3  цвет=256
#385  (259858.8,-132939.6) -> (259858.8,-135874.8)  L=2935.2  цвет=256
#386  (259358.8,-132939.6) -> (259358.8,-135979.7)  L=3040.1  цвет=256
#387  (258858.8,-132939.6) -> (258858.8,-136084.6)  L=3145  цвет=256
#388  (258358.8,-132939.6) -> (258358.8,-136189.5)  L=3249.9  цвет=256
#389  (257858.8,-132939.6) -> (257858.8,-136294.4)  L=3354.9  цвет=256
#390  (257358.8,-132939.6) -> (257358.8,-136399.4)  L=3459.8  цвет=256
#391  (256858.8,-132939.6) -> (256858.8,-136504.3)  L=3564.7  цвет=256
#392  (256358.8,-132939.6) -> (256358.8,-136609.2)  L=3669.6  цвет=256
#393  (255858.8,-132939.6) -> (255858.8,-136714.1)  L=3774.5  цвет=256
#394  (255358.8,-132939.6) -> (255358.8,-136819)  L=3879.5  цвет=256
#395  (254858.8,-132939.6) -> (254858.8,-136924)  L=3984.4  цвет=256
#396  (254358.8,-132939.6) -> (254358.8,-137028.9)  L=4089.3  цвет=256
#397  (253858.8,-132939.6) -> (253858.8,-137133.8)  L=4194.2  цвет=256
#398  (253358.8,-132939.6) -> (253358.8,-137238.7)  L=4299.1  цвет=256
#399  (252858.8,-132939.6) -> (252858.8,-137343.6)  L=4404.1  цвет=256
#400  (252358.8,-132939.6) -> (252358.8,-137448.6)  L=4509  цвет=256
#401  (251858.8,-132939.6) -> (251858.8,-137553.5)  L=4613.9  цвет=256
#402  (251358.8,-132939.6) -> (251358.8,-137658.4)  L=4718.8  цвет=256
#403  (250858.8,-132939.6) -> (250858.8,-137763.3)  L=4823.7  цвет=256
#404  (250358.8,-132939.6) -> (250358.8,-137868.2)  L=4928.7  цвет=256
#405  (249858.8,-132939.6) -> (249858.8,-137973.2)  L=5033.6  цвет=256
#406  (249358.8,-132939.6) -> (249358.8,-138078.1)  L=5138.5  цвет=256
#407  (248858.8,-132939.6) -> (248858.8,-138183)  L=5243.4  цвет=256
#408  (248358.8,-132939.6) -> (248358.8,-138287.9)  L=5348.3  цвет=256
#409  (247858.8,-132939.6) -> (247858.8,-138392.8)  L=5453.3  цвет=256
#410  (247358.8,-132939.6) -> (247358.8,-138497.8)  L=5558.2  цвет=256
#411  (246858.8,-132939.6) -> (246858.8,-138602.7)  L=5663.1  цвет=256
#412  (246358.8,-132939.6) -> (246358.8,-138707.6)  L=5768  цвет=256
#413  (245858.8,-132939.6) -> (245858.8,-138812.5)  L=5872.9  цвет=256
#414  (245358.8,-132939.6) -> (245358.8,-138917.4)  L=5977.9  цвет=256
#415  (244858.8,-132939.6) -> (244858.8,-139022.4)  L=6082.8  цвет=256
#416  (244358.8,-132939.6) -> (244358.8,-139127.3)  L=6187.7  цвет=256
#417  (243858.8,-132939.6) -> (243858.8,-139232.2)  L=6292.6  цвет=256
#418  (243358.8,-132939.6) -> (243358.8,-139337.1)  L=6397.5  цвет=256
#419  (242858.8,-132939.6) -> (242858.8,-139442)  L=6502.5  цвет=256
#420  (242358.8,-132939.6) -> (242358.8,-139547)  L=6607.4  цвет=256
#421  (241858.8,-132939.6) -> (241858.8,-139651.9)  L=6712.3  цвет=256
#422  (241358.8,-132939.6) -> (241358.8,-139756.8)  L=6817.2  цвет=256
#423  (240858.8,-132939.6) -> (240858.8,-139861.7)  L=6922.1  цвет=256
#424  (240358.8,-132939.6) -> (240358.8,-139966.6)  L=7027.1  цвет=256
#425  (239858.8,-132939.6) -> (239858.8,-140071.6)  L=7132  цвет=256
#426  (239358.8,-132939.6) -> (239358.8,-140176.5)  L=7236.9  цвет=256
#427  (238858.8,-132939.6) -> (238858.8,-140281.4)  L=7341.8  цвет=256
#428  (238358.8,-132939.6) -> (238358.8,-140386.3)  L=7446.7  цвет=256
#429  (237858.8,-132939.6) -> (237858.8,-140491.2)  L=7551.7  цвет=256
#430  (237358.8,-132939.6) -> (237358.8,-140596.2)  L=7656.6  цвет=256
#431  (236858.8,-132939.6) -> (236858.8,-140701.1)  L=7761.5  цвет=256
#432  (236358.8,-132939.6) -> (236358.8,-140806)  L=7866.4  цвет=256
#433  (235858.8,-132939.6) -> (235858.8,-140910.9)  L=7971.3  цвет=256
#434  (235358.8,-132939.6) -> (235358.8,-141015.8)  L=8076.3  цвет=256
#435  (234858.8,-132939.6) -> (234858.8,-141120.8)  L=8181.2  цвет=256
#436  (234358.8,-132939.6) -> (234358.8,-141225.7)  L=8286.1  цвет=256
#437  (233858.8,-132939.6) -> (233858.8,-141330.6)  L=8391  цвет=256
#438  (233358.8,-132939.6) -> (233358.8,-141435.5)  L=8495.9  цвет=256
#439  (232858.8,-132939.6) -> (232858.8,-141540.4)  L=8600.9  цвет=256
#440  (232358.8,-132939.6) -> (232358.8,-141645.4)  L=8705.8  цвет=256
#441  (231858.8,-132939.6) -> (231858.8,-141750.3)  L=8810.7  цвет=256
#442  (231358.8,-132939.6) -> (231358.8,-141855.2)  L=8915.6  цвет=256
#443  (230858.8,-132939.6) -> (230858.8,-141960.1)  L=9020.5  цвет=256
#444  (230358.8,-132939.6) -> (230358.8,-142065)  L=9125.5  цвет=256
#445  (229858.8,-132939.6) -> (229858.8,-142169.9)  L=9230.4  цвет=256
#446  (229358.8,-122842.2) -> (229358.8,-142274.9)  L=19432.7  цвет=256
#447  (228858.8,-122842.2) -> (228858.8,-142379.8)  L=19537.6  цвет=256
#448  (228358.8,-122842.2) -> (228358.8,-142484.7)  L=19642.5  цвет=256
#449  (227858.8,-122842.2) -> (227858.8,-142589.6)  L=19747.5  цвет=256
#450  (227358.8,-122842.2) -> (227358.8,-142694.5)  L=19852.4  цвет=256
#451  (226858.8,-122842.2) -> (226858.8,-142799.5)  L=19957.3  цвет=256
#452  (226358.8,-122842.2) -> (226358.8,-142904.4)  L=20062.2  цвет=256
#453  (225858.8,-122842.2) -> (225858.8,-143009.3)  L=20167.1  цвет=256
#454  (225358.8,-122842.2) -> (225358.8,-143114.2)  L=20272.1  цвет=256
#455  (224858.8,-122842.2) -> (224858.8,-143219.1)  L=20377  цвет=256
#456  (224358.8,-122842.2) -> (224358.8,-143324.1)  L=20481.9  цвет=256
#457  (223858.8,-122842.2) -> (223858.8,-143429)  L=20586.8  цвет=256
#458  (223358.8,-122842.2) -> (223358.8,-143533.9)  L=20691.7  цвет=256
#459  (222858.8,-122842.2) -> (222858.8,-143638.8)  L=20796.7  цвет=256
#460  (222358.8,-122842.2) -> (222358.8,-143743.7)  L=20901.6  цвет=256
#461  (221858.8,-122842.2) -> (221858.8,-143848.7)  L=21006.5  цвет=256
#462  (221358.8,-122842.2) -> (221358.8,-143953.6)  L=21111.4  цвет=256
#463  (220858.8,-122842.2) -> (220858.8,-144058.5)  L=21216.3  цвет=256
#464  (220358.8,-122842.2) -> (220358.8,-144163.4)  L=21321.3  цвет=256
#465  (219858.8,-122842.2) -> (219858.8,-144268.3)  L=21426.2  цвет=256
#466  (219358.8,-122842.2) -> (219358.8,-144373.3)  L=21531.1  цвет=256
#467  (218858.8,-122842.2) -> (218858.8,-144478.2)  L=21636  цвет=256
#468  (218358.8,-122842.2) -> (218358.8,-144583.1)  L=21740.9  цвет=256
#469  (217858.8,-122842.2) -> (217858.8,-144688)  L=21845.9  цвет=256
#470  (217358.8,-122842.2) -> (217358.8,-144792.9)  L=21950.8  цвет=256
#471  (216858.8,-122842.2) -> (216858.8,-144897.9)  L=22055.7  цвет=256
#472  (216358.8,-122842.2) -> (216358.8,-145002.8)  L=22160.6  цвет=256
#473  (215858.8,-122842.2) -> (215858.8,-145107.7)  L=22265.5  цвет=256
#474  (215358.8,-122842.2) -> (215358.8,-134523.4)  L=11681.2  цвет=256
#475  (214858.8,-122842.2) -> (214858.8,-132163.2)  L=9321  цвет=256
#476  (214358.8,-122842.2) -> (214358.8,-129803)  L=6960.8  цвет=256
#477  (213858.8,-122842.2) -> (213858.8,-128741.7)  L=5899.5  цвет=256
#478  (213358.8,-128741.7) -> (213358.8,-122842.2)  L=5899.5  цвет=256
#479  (212858.8,-128741.7) -> (212858.8,-122842.2)  L=5899.5  цвет=256
#480  (212358.8,-128741.7) -> (212358.8,-122842.2)  L=5899.5  цвет=256
#481  (211858.8,-127607.5) -> (211858.8,-122842.2)  L=4765.4  цвет=256
#482  (211358.8,-125224.8) -> (211358.8,-122842.2)  L=2382.7  цвет=256
#483  (210858.8,-122842.2) -> (229841.6,-122842.2)  L=18982.8  цвет=256
#484  (264714.2,-78741.4) -> (264714.2,-74728.5)  L=4012.8  цвет=256
#485  (269815.3,-74728.5) -> (269815.3,-78741.4)  L=4012.8  цвет=256
#486  (299003.2,-72842.2) -> (299003.2,-77660.7)  L=4818.6  цвет=256
#487  (261341.5,-82939.6) -> (261341.5,-72842.2)  L=10097.4  цвет=256
#488  (229841.6,-72842.2) -> (229841.6,-82939.6)  L=10097.4  цвет=256
#489  (215658.8,-86328) -> (215658.8,-95149.7)  L=8821.7  цвет=256
#490  (215258.8,-86411.9) -> (215258.8,-93809.7)  L=7397.8  цвет=256
#491  (214858.8,-86495.9) -> (214858.8,-91903.6)  L=5407.7  цвет=256
#492  (214458.8,-86579.8) -> (214458.8,-89997.4)  L=3417.6  цвет=256
#493  (214058.8,-86663.7) -> (214058.8,-88091.3)  L=1427.5  цвет=256
#494  (269658.8,-78741.4) -> (269658.8,-83818.3)  L=5076.9  цвет=256
#495  (264858.8,-78741.4) -> (264858.8,-84825.6)  L=6084.2  цвет=256
#496  (269258.8,-78741.4) -> (269258.8,-83902.3)  L=5160.9  цвет=256
#497  (268858.8,-78741.4) -> (268858.8,-83986.2)  L=5244.8  цвет=256
#498  (268458.8,-78741.4) -> (268458.8,-84070.1)  L=5328.7  цвет=256
#499  (268058.8,-78741.4) -> (268058.8,-84154.1)  L=5412.7  цвет=256
#500  (267658.8,-78741.4) -> (267658.8,-84238)  L=5496.6  цвет=256
#501  (267258.8,-78741.4) -> (267258.8,-84321.9)  L=5580.6  цвет=256
#502  (266858.8,-78741.4) -> (266858.8,-84405.9)  L=5664.5  цвет=256
#503  (266458.8,-78741.4) -> (266458.8,-84489.8)  L=5748.4  цвет=256
#504  (266058.8,-78741.4) -> (266058.8,-84573.8)  L=5832.4  цвет=256
#505  (265658.8,-78741.4) -> (265658.8,-84657.7)  L=5916.3  цвет=256
#506  (265258.8,-78741.4) -> (265258.8,-84741.6)  L=6000.2  цвет=256
#507  (261341.5,-72842.2) -> (299003.2,-72842.2)  L=37661.7  цвет=256
#508  (298858.8,-72842.2) -> (298858.8,-77691)  L=4848.8  цвет=256
#509  (298458.8,-72842.2) -> (298458.8,-77774.9)  L=4932.8  цвет=256
#510  (298058.8,-72842.2) -> (298058.8,-77858.9)  L=5016.7  цвет=256
#511  (297658.8,-72842.2) -> (297658.8,-77942.8)  L=5100.7  цвет=256
#512  (297258.8,-72842.2) -> (297258.8,-78026.8)  L=5184.6  цвет=256
#513  (296858.8,-72842.2) -> (296858.8,-78110.7)  L=5268.5  цвет=256
#514  (296458.8,-72842.2) -> (296458.8,-78194.6)  L=5352.5  цвет=256
#515  (296058.8,-72842.2) -> (296058.8,-78278.6)  L=5436.4  цвет=256
#516  (295658.8,-72842.2) -> (295658.8,-78362.5)  L=5520.3  цвет=256
#517  (295258.8,-72842.2) -> (295258.8,-78446.4)  L=5604.3  цвет=256
#518  (294858.8,-72842.2) -> (294858.8,-78530.4)  L=5688.2  цвет=256
#519  (294458.8,-72842.2) -> (294458.8,-78614.3)  L=5772.1  цвет=256
#520  (294058.8,-72842.2) -> (294058.8,-78698.2)  L=5856.1  цвет=256
#521  (293658.8,-72842.2) -> (293658.8,-78782.2)  L=5940  цвет=256
#522  (293258.8,-72842.2) -> (293258.8,-78866.1)  L=6024  цвет=256
#523  (292858.8,-72842.2) -> (292858.8,-78950)  L=6107.9  цвет=256
#524  (292458.8,-72842.2) -> (292458.8,-79034)  L=6191.8  цвет=256
#525  (292058.8,-72842.2) -> (292058.8,-79117.9)  L=6275.8  цвет=256
#526  (291658.8,-72842.2) -> (291658.8,-79201.9)  L=6359.7  цвет=256
#527  (291258.8,-72842.2) -> (291258.8,-79285.8)  L=6443.6  цвет=256
#528  (290858.8,-72842.2) -> (290858.8,-79369.7)  L=6527.6  цвет=256
#529  (290458.8,-72842.2) -> (290458.8,-79453.7)  L=6611.5  цвет=256
#530  (290058.8,-72842.2) -> (290058.8,-79537.6)  L=6695.4  цвет=256
#531  (289658.8,-72842.2) -> (289658.8,-79621.5)  L=6779.4  цвет=256
#532  (289258.8,-72842.2) -> (289258.8,-79705.5)  L=6863.3  цвет=256
#533  (288858.8,-72842.2) -> (288858.8,-79789.4)  L=6947.2  цвет=256
#534  (288458.8,-72842.2) -> (288458.8,-79873.3)  L=7031.2  цвет=256
#535  (288058.8,-72842.2) -> (288058.8,-79957.3)  L=7115.1  цвет=256
#536  (287658.8,-72842.2) -> (287658.8,-80041.2)  L=7199.1  цвет=256
#537  (287258.8,-72842.2) -> (287258.8,-80125.1)  L=7283  цвет=256
#538  (286858.8,-72842.2) -> (286858.8,-80209.1)  L=7366.9  цвет=256
#539  (286458.8,-72842.2) -> (286458.8,-80293)  L=7450.9  цвет=256
#540  (286058.8,-72842.2) -> (286058.8,-80377)  L=7534.8  цвет=256
#541  (285658.8,-72842.2) -> (285658.8,-80460.9)  L=7618.7  цвет=256
#542  (285258.8,-72842.2) -> (285258.8,-80544.8)  L=7702.7  цвет=256
#543  (284858.8,-72842.2) -> (284858.8,-80628.8)  L=7786.6  цвет=256
#544  (284458.8,-72842.2) -> (284458.8,-80712.7)  L=7870.5  цвет=256
#545  (284058.8,-72842.2) -> (284058.8,-80796.6)  L=7954.5  цвет=256
#546  (283658.8,-72842.2) -> (283658.8,-80880.6)  L=8038.4  цвет=256
#547  (283258.8,-72842.2) -> (283258.8,-80964.5)  L=8122.3  цвет=256
#548  (282858.8,-72842.2) -> (282858.8,-81048.4)  L=8206.3  цвет=256
#549  (282458.8,-72842.2) -> (282458.8,-81132.4)  L=8290.2  цвет=256
#550  (282058.8,-72842.2) -> (282058.8,-81216.3)  L=8374.2  цвет=256
#551  (281658.8,-72842.2) -> (281658.8,-81300.3)  L=8458.1  цвет=256
#552  (281258.8,-72842.2) -> (281258.8,-81384.2)  L=8542  цвет=256
#553  (280858.8,-72842.2) -> (280858.8,-81468.1)  L=8626  цвет=256
#554  (280458.8,-72842.2) -> (280458.8,-81552.1)  L=8709.9  цвет=256
#555  (280058.8,-72842.2) -> (280058.8,-81636)  L=8793.8  цвет=256
#556  (279658.8,-72842.2) -> (279658.8,-81719.9)  L=8877.8  цвет=256
#557  (279258.8,-72842.2) -> (279258.8,-81803.9)  L=8961.7  цвет=256
#558  (278858.8,-72842.2) -> (278858.8,-81887.8)  L=9045.6  цвет=256
#559  (278458.8,-72842.2) -> (278458.8,-81971.7)  L=9129.6  цвет=256
#560  (278058.8,-72842.2) -> (278058.8,-82055.7)  L=9213.5  цвет=256
#561  (277658.8,-72842.2) -> (277658.8,-82139.6)  L=9297.5  цвет=256
#562  (277258.8,-72842.2) -> (277258.8,-82223.5)  L=9381.4  цвет=256
#563  (276858.8,-72842.2) -> (276858.8,-82307.5)  L=9465.3  цвет=256
#564  (276458.8,-72842.2) -> (276458.8,-82391.4)  L=9549.3  цвет=256
#565  (276058.8,-72842.2) -> (276058.8,-82475.4)  L=9633.2  цвет=256
#566  (275658.8,-72842.2) -> (275658.8,-82559.3)  L=9717.1  цвет=256
#567  (275258.8,-72842.2) -> (275258.8,-82643.2)  L=9801.1  цвет=256
#568  (274858.8,-72842.2) -> (274858.8,-82727.2)  L=9885  цвет=256
#569  (274458.8,-72842.2) -> (274458.8,-82811.1)  L=9968.9  цвет=256
#570  (274058.8,-72842.2) -> (274058.8,-82895)  L=10052.9  цвет=256
#571  (273658.8,-72842.2) -> (273658.8,-82979)  L=10136.8  цвет=256
#572  (273258.8,-72842.2) -> (273258.8,-83062.9)  L=10220.7  цвет=256
#573  (272858.8,-72842.2) -> (272858.8,-83146.8)  L=10304.7  цвет=256
#574  (272458.8,-72842.2) -> (272458.8,-83230.8)  L=10388.6  цвет=256
#575  (272058.8,-72842.2) -> (272058.8,-83314.7)  L=10472.6  цвет=256
#576  (271658.8,-72842.2) -> (271658.8,-83398.6)  L=10556.5  цвет=256
#577  (271258.8,-72842.2) -> (271258.8,-83482.6)  L=10640.4  цвет=256
#578  (270858.8,-72842.2) -> (270858.8,-83566.5)  L=10724.4  цвет=256
#579  (270458.8,-72842.2) -> (270458.8,-83650.5)  L=10808.3  цвет=256
#580  (270058.8,-72842.2) -> (270058.8,-83734.4)  L=10892.2  цвет=256
#581  (269658.8,-72842.2) -> (269658.8,-74728.5)  L=1886.4  цвет=256
#582  (269258.8,-72842.2) -> (269258.8,-74728.5)  L=1886.4  цвет=256
#583  (268858.8,-72842.2) -> (268858.8,-74728.5)  L=1886.4  цвет=256
#584  (268458.8,-72842.2) -> (268458.8,-74728.5)  L=1886.4  цвет=256
#585  (268058.8,-72842.2) -> (268058.8,-74728.5)  L=1886.4  цвет=256
#586  (267658.8,-72842.2) -> (267658.8,-74728.5)  L=1886.4  цвет=256
#587  (267258.8,-72842.2) -> (267258.8,-74728.5)  L=1886.4  цвет=256
#588  (266858.8,-72842.2) -> (266858.8,-74728.5)  L=1886.4  цвет=256
#589  (266458.8,-72842.2) -> (266458.8,-74728.5)  L=1886.4  цвет=256
#590  (266058.8,-72842.2) -> (266058.8,-74728.5)  L=1886.4  цвет=256
#591  (265658.8,-72842.2) -> (265658.8,-74728.5)  L=1886.4  цвет=256
#592  (265258.8,-72842.2) -> (265258.8,-74728.5)  L=1886.4  цвет=256
#593  (264858.8,-72842.2) -> (264858.8,-74728.5)  L=1886.4  цвет=256
#594  (264458.8,-72842.2) -> (264458.8,-84909.5)  L=12067.3  цвет=256
#595  (264058.8,-72842.2) -> (264058.8,-84993.4)  L=12151.3  цвет=256
#596  (263658.8,-72842.2) -> (263658.8,-85077.4)  L=12235.2  цвет=256
#597  (263258.8,-72842.2) -> (263258.8,-85161.3)  L=12319.1  цвет=256
#598  (262858.8,-72842.2) -> (262858.8,-85245.2)  L=12403.1  цвет=256
#599  (262458.8,-72842.2) -> (262458.8,-85329.2)  L=12487  цвет=256
#600  (262058.8,-72842.2) -> (262058.8,-85413.1)  L=12571  цвет=256
#601  (261658.8,-72842.2) -> (261658.8,-85497)  L=12654.9  цвет=256
#602  (261258.8,-82939.6) -> (261258.8,-85581)  L=2641.4  цвет=256
#603  (260858.8,-82939.6) -> (260858.8,-85664.9)  L=2725.3  цвет=256
#604  (260458.8,-82939.6) -> (260458.8,-85748.9)  L=2809.3  цвет=256
#605  (260058.8,-82939.6) -> (260058.8,-85832.8)  L=2893.2  цвет=256
#606  (259658.8,-82939.6) -> (259658.8,-85916.7)  L=2977.2  цвет=256
#607  (259258.8,-82939.6) -> (259258.8,-86000.7)  L=3061.1  цвет=256
#608  (258858.8,-82939.6) -> (258858.8,-86084.6)  L=3145  цвет=256
#609  (258458.8,-82939.6) -> (258458.8,-86168.5)  L=3229  цвет=256
#610  (258058.8,-82939.6) -> (258058.8,-86252.5)  L=3312.9  цвет=256
#611  (257658.8,-82939.6) -> (257658.8,-86336.4)  L=3396.8  цвет=256
#612  (257258.8,-82939.6) -> (257258.8,-86420.3)  L=3480.8  цвет=256
#613  (256858.8,-82939.6) -> (256858.8,-86504.3)  L=3564.7  цвет=256
#614  (256458.8,-82939.6) -> (256458.8,-86588.2)  L=3648.6  цвет=256
#615  (256058.8,-82939.6) -> (256058.8,-86672.1)  L=3732.6  цвет=256
#616  (255658.8,-82939.6) -> (255658.8,-86756.1)  L=3816.5  цвет=256
#617  (255258.8,-82939.6) -> (255258.8,-86840)  L=3900.4  цвет=256
#618  (254858.8,-82939.6) -> (254858.8,-86924)  L=3984.4  цвет=256
#619  (254458.8,-82939.6) -> (254458.8,-87007.9)  L=4068.3  цвет=256
#620  (254058.8,-82939.6) -> (254058.8,-87091.8)  L=4152.3  цвет=256
#621  (253658.8,-82939.6) -> (253658.8,-87175.8)  L=4236.2  цвет=256
#622  (253258.8,-82939.6) -> (253258.8,-87259.7)  L=4320.1  цвет=256
#623  (252858.8,-82939.6) -> (252858.8,-87343.6)  L=4404.1  цвет=256
#624  (252458.8,-82939.6) -> (252458.8,-87427.6)  L=4488  цвет=256
#625  (252058.8,-82939.6) -> (252058.8,-87511.5)  L=4571.9  цвет=256
#626  (251658.8,-82939.6) -> (251658.8,-87595.4)  L=4655.9  цвет=256
#627  (251258.8,-82939.6) -> (251258.8,-87679.4)  L=4739.8  цвет=256
#628  (250858.8,-82939.6) -> (250858.8,-87763.3)  L=4823.7  цвет=256
#629  (250458.8,-82939.6) -> (250458.8,-87847.3)  L=4907.7  цвет=256
#630  (250058.8,-82939.6) -> (250058.8,-87931.2)  L=4991.6  цвет=256
#631  (249658.8,-82939.6) -> (249658.8,-88015.1)  L=5075.5  цвет=256
#632  (249258.8,-82939.6) -> (249258.8,-88099.1)  L=5159.5  цвет=256
#633  (248858.8,-82939.6) -> (248858.8,-88183)  L=5243.4  цвет=256
#634  (248458.8,-82939.6) -> (248458.8,-88266.9)  L=5327.4  цвет=256
#635  (248058.8,-82939.6) -> (248058.8,-88350.9)  L=5411.3  цвет=256
#636  (247658.8,-82939.6) -> (247658.8,-88434.8)  L=5495.2  цвет=256
#637  (247258.8,-82939.6) -> (247258.8,-88518.7)  L=5579.2  цвет=256
#638  (246858.8,-82939.6) -> (246858.8,-88602.7)  L=5663.1  цвет=256
#639  (246458.8,-82939.6) -> (246458.8,-88686.6)  L=5747  цвет=256
#640  (246058.8,-82939.6) -> (246058.8,-88770.5)  L=5831  цвет=256
#641  (245658.8,-82939.6) -> (245658.8,-88854.5)  L=5914.9  цвет=256
#642  (245258.8,-82939.6) -> (245258.8,-88938.4)  L=5998.8  цвет=256
#643  (244858.8,-82939.6) -> (244858.8,-89022.4)  L=6082.8  цвет=256
#644  (244458.8,-82939.6) -> (244458.8,-89106.3)  L=6166.7  цвет=256
#645  (244058.8,-82939.6) -> (244058.8,-89190.2)  L=6250.7  цвет=256
#646  (243658.8,-82939.6) -> (243658.8,-89274.2)  L=6334.6  цвет=256
#647  (243258.8,-82939.6) -> (243258.8,-89358.1)  L=6418.5  цвет=256
#648  (242858.8,-82939.6) -> (242858.8,-89442)  L=6502.5  цвет=256
#649  (242458.8,-82939.6) -> (242458.8,-89526)  L=6586.4  цвет=256
#650  (242058.8,-82939.6) -> (242058.8,-89609.9)  L=6670.3  цвет=256
#651  (241658.8,-82939.6) -> (241658.8,-89693.8)  L=6754.3  цвет=256
#652  (241258.8,-82939.6) -> (241258.8,-89777.8)  L=6838.2  цвет=256
#653  (240858.8,-82939.6) -> (240858.8,-89861.7)  L=6922.1  цвет=256
#654  (240458.8,-82939.6) -> (240458.8,-89945.6)  L=7006.1  цвет=256
#655  (240058.8,-82939.6) -> (240058.8,-90029.6)  L=7090  цвет=256
#656  (239658.8,-82939.6) -> (239658.8,-90113.5)  L=7173.9  цвет=256
#657  (239258.8,-82939.6) -> (239258.8,-90197.5)  L=7257.9  цвет=256
#658  (238858.8,-82939.6) -> (238858.8,-90281.4)  L=7341.8  цвет=256
#659  (238458.8,-82939.6) -> (238458.8,-90365.3)  L=7425.8  цвет=256
#660  (238058.8,-82939.6) -> (238058.8,-90449.3)  L=7509.7  цвет=256
#661  (237658.8,-82939.6) -> (237658.8,-90533.2)  L=7593.6  цвет=256
#662  (237258.8,-82939.6) -> (237258.8,-90617.1)  L=7677.6  цвет=256
#663  (236858.8,-82939.6) -> (236858.8,-90701.1)  L=7761.5  цвет=256
#664  (236458.8,-82939.6) -> (236458.8,-90785)  L=7845.4  цвет=256
#665  (236058.8,-82939.6) -> (236058.8,-90868.9)  L=7929.4  цвет=256
#666  (235658.8,-82939.6) -> (235658.8,-90952.9)  L=8013.3  цвет=256
#667  (235258.8,-82939.6) -> (235258.8,-91036.8)  L=8097.2  цвет=256
#668  (234858.8,-82939.6) -> (234858.8,-91120.8)  L=8181.2  цвет=256
#669  (234458.8,-82939.6) -> (234458.8,-91204.7)  L=8265.1  цвет=256
#670  (234058.8,-82939.6) -> (234058.8,-91288.6)  L=8349  цвет=256
#671  (233658.8,-82939.6) -> (233658.8,-91372.6)  L=8433  цвет=256
#672  (233258.8,-82939.6) -> (233258.8,-91456.5)  L=8516.9  цвет=256
#673  (232858.8,-82939.6) -> (232858.8,-91540.4)  L=8600.9  цвет=256
#674  (232458.8,-82939.6) -> (232458.8,-91624.4)  L=8684.8  цвет=256
#675  (232058.8,-82939.6) -> (232058.8,-91708.3)  L=8768.7  цвет=256
#676  (231658.8,-82939.6) -> (231658.8,-91792.2)  L=8852.7  цвет=256
#677  (231258.8,-82939.6) -> (231258.8,-91876.2)  L=8936.6  цвет=256
#678  (230858.8,-82939.6) -> (230858.8,-91960.1)  L=9020.5  цвет=256
#679  (230458.8,-82939.6) -> (230458.8,-92044)  L=9104.5  цвет=256
#680  (230058.8,-82939.6) -> (230058.8,-92128)  L=9188.4  цвет=256
#681  (229658.8,-72842.2) -> (229658.8,-92211.9)  L=19369.8  цвет=256
#682  (229258.8,-72842.2) -> (229258.8,-92295.9)  L=19453.7  цвет=256
#683  (228858.8,-72842.2) -> (228858.8,-92379.8)  L=19537.6  цвет=256
#684  (228458.8,-72842.2) -> (228458.8,-92463.7)  L=19621.6  цвет=256
#685  (228058.8,-72842.2) -> (228058.8,-92547.7)  L=19705.5  цвет=256
#686  (227658.8,-72842.2) -> (227658.8,-92631.6)  L=19789.4  цвет=256
#687  (227258.8,-72842.2) -> (227258.8,-92715.5)  L=19873.4  цвет=256
#688  (226858.8,-72842.2) -> (226858.8,-92799.5)  L=19957.3  цвет=256
#689  (226458.8,-72842.2) -> (226458.8,-92883.4)  L=20041.2  цвет=256
#690  (226058.8,-72842.2) -> (226058.8,-92967.3)  L=20125.2  цвет=256
#691  (225658.8,-72842.2) -> (225658.8,-93051.3)  L=20209.1  цвет=256
#692  (225258.8,-72842.2) -> (225258.8,-93135.2)  L=20293.1  цвет=256
#693  (224858.8,-72842.2) -> (224858.8,-93219.1)  L=20377  цвет=256
#694  (224458.8,-72842.2) -> (224458.8,-93303.1)  L=20460.9  цвет=256
#695  (224058.8,-72842.2) -> (224058.8,-93387)  L=20544.9  цвет=256
#696  (223658.8,-72842.2) -> (223658.8,-93471)  L=20628.8  цвет=256
#697  (223258.8,-72842.2) -> (223258.8,-93554.9)  L=20712.7  цвет=256
#698  (222858.8,-72842.2) -> (222858.8,-93638.8)  L=20796.7  цвет=256
#699  (222458.8,-72842.2) -> (222458.8,-93722.8)  L=20880.6  цвет=256
#700  (222058.8,-72842.2) -> (222058.8,-93806.7)  L=20964.5  цвет=256
#701  (221658.8,-72842.2) -> (221658.8,-93890.6)  L=21048.5  цвет=256
#702  (221258.8,-72842.2) -> (221258.8,-93974.6)  L=21132.4  цвет=256
#703  (220858.8,-72842.2) -> (220858.8,-94058.5)  L=21216.3  цвет=256
#704  (220458.8,-72842.2) -> (220458.8,-94142.4)  L=21300.3  цвет=256
#705  (220058.8,-72842.2) -> (220058.8,-94226.4)  L=21384.2  цвет=256
#706  (219658.8,-72842.2) -> (219658.8,-94310.3)  L=21468.2  цвет=256
#707  (219258.8,-72842.2) -> (219258.8,-94394.3)  L=21552.1  цвет=256
#708  (218858.8,-72842.2) -> (218858.8,-94478.2)  L=21636  цвет=256
#709  (218458.8,-72842.2) -> (218458.8,-94562.1)  L=21720  цвет=256
#710  (218058.8,-72842.2) -> (218058.8,-94646.1)  L=21803.9  цвет=256
#711  (217658.8,-72842.2) -> (217658.8,-94730)  L=21887.8  цвет=256
#712  (217258.8,-72842.2) -> (217258.8,-94813.9)  L=21971.8  цвет=256
#713  (216858.8,-72842.2) -> (216858.8,-94897.9)  L=22055.7  цвет=256
#714  (216458.8,-72842.2) -> (216458.8,-94981.8)  L=22139.6  цвет=256
#715  (216058.8,-72842.2) -> (216058.8,-95065.7)  L=22223.6  цвет=256
#716  (215658.8,-72842.2) -> (215658.8,-85939.5)  L=13097.4  цвет=256
#717  (215258.8,-72842.2) -> (215258.8,-84051.4)  L=11209.2  цвет=256
#718  (214858.8,-72842.2) -> (214858.8,-82163.2)  L=9321  цвет=256
#719  (214458.8,-72842.2) -> (214458.8,-80275)  L=7432.8  цвет=256
#720  (214058.8,-72842.2) -> (214058.8,-78741.7)  L=5899.5  цвет=256
#721  (213658.8,-72842.2) -> (213658.8,-78741.7)  L=5899.5  цвет=256
#722  (213258.8,-78741.7) -> (213258.8,-72842.2)  L=5899.5  цвет=256
#723  (212858.8,-78741.7) -> (212858.8,-72842.2)  L=5899.5  цвет=256
#724  (212458.8,-78741.7) -> (212458.8,-72842.2)  L=5899.5  цвет=256
#725  (212058.8,-78560.6) -> (212058.8,-72842.2)  L=5718.4  цвет=256
#726  (211658.8,-76654.4) -> (211658.8,-72842.2)  L=3812.3  цвет=256
#727  (211258.8,-74748.3) -> (211258.8,-72842.2)  L=1906.1  цвет=256
#728  (210858.8,-72842.2) -> (229841.6,-72842.2)  L=18982.8  цвет=256
#729  (261341.5,-24242.2) -> (299003.2,-24242.2)  L=37661.7  цвет=256
#730  (211152.6,-24242.2) -> (229841.6,-24242.2)  L=18689  цвет=256
#731  (269815.3,-27042.2) -> (299003.2,-27042.2)  L=29187.9  цвет=256
#732  (261341.5,-27042.2) -> (264714.2,-27042.2)  L=3372.8  цвет=256
#733  (211740.2,-27042.2) -> (229841.6,-27042.2)  L=18101.4  цвет=256
#734  (261341.5,-30242.2) -> (286701.2,-30242.2)  L=25359.7  цвет=256
#735  (214451.8,-30242.2) -> (229841.6,-30242.2)  L=15389.7  цвет=256
#736  (215045,-33042.2) -> (273357.7,-33042.2)  L=58312.7  цвет=256
#737  (215722.9,-36242.2) -> (258107.9,-36242.2)  L=42385  цвет=256
#738  (214258.3,-39042.2) -> (244764.4,-39042.2)  L=30506.1  цвет=256
#739  (214929.9,-42242.2) -> (229514.7,-42242.2)  L=14584.8  цвет=256
#740  (212096.8,-28741.7) -> (214134,-28741.7)  L=2037.2  цвет=256
#741  (269815.3,-28741.4) -> (264714.2,-28741.4)  L=5101.1  цвет=256
#742  (264714.2,-24728.5) -> (269815.3,-24728.5)  L=5101.1  цвет=256
#743  (229841.6,-32939.6) -> (261341.5,-32939.6)  L=31499.9  цвет=256
#744  (269815.3,-24842.2) -> (299003.2,-24842.2)  L=29187.9  цвет=256
#745  (269815.3,-28442.2) -> (295279.2,-28442.2)  L=25463.9  цвет=256
#746  (269815.3,-28042.2) -> (297185.4,-28042.2)  L=27370.1  цвет=256
#747  (269815.3,-27642.2) -> (299003.2,-27642.2)  L=29187.9  цвет=256
#748  (269815.3,-27242.2) -> (299003.2,-27242.2)  L=29187.9  цвет=256
#749  (269815.3,-26842.2) -> (299003.2,-26842.2)  L=29187.9  цвет=256
#750  (269815.3,-26442.2) -> (299003.2,-26442.2)  L=29187.9  цвет=256
#751  (269815.3,-26042.2) -> (299003.2,-26042.2)  L=29187.9  цвет=256
#752  (269815.3,-25642.2) -> (299003.2,-25642.2)  L=29187.9  цвет=256
#753  (269815.3,-25242.2) -> (299003.2,-25242.2)  L=29187.9  цвет=256
#754  (261341.5,-32842.2) -> (274310.8,-32842.2)  L=12969.3  цвет=256
#755  (261341.5,-32442.2) -> (276217,-32442.2)  L=14875.5  цвет=256
#756  (261341.5,-32042.2) -> (278123.2,-32042.2)  L=16781.7  цвет=256
#757  (261341.5,-31642.2) -> (280029.4,-31642.2)  L=18688  цвет=256
#758  (261341.5,-31242.2) -> (281935.6,-31242.2)  L=20594.2  цвет=256
#759  (261341.5,-30842.2) -> (283841.9,-30842.2)  L=22500.4  цвет=256
#760  (261341.5,-30442.2) -> (285748.1,-30442.2)  L=24406.6  цвет=256
#761  (261341.5,-30042.2) -> (287654.3,-30042.2)  L=26312.8  цвет=256
#762  (261341.5,-29642.2) -> (289560.5,-29642.2)  L=28219  цвет=256
#763  (261341.5,-29242.2) -> (291466.7,-29242.2)  L=30125.3  цвет=256
#764  (261341.5,-28842.2) -> (293372.9,-28842.2)  L=32031.5  цвет=256
#765  (261341.5,-28442.2) -> (264714.2,-28442.2)  L=3372.8  цвет=256
#766  (261341.5,-28042.2) -> (264714.2,-28042.2)  L=3372.8  цвет=256
#767  (261341.5,-27642.2) -> (264714.2,-27642.2)  L=3372.8  цвет=256
#768  (261341.5,-27242.2) -> (264714.2,-27242.2)  L=3372.8  цвет=256
#769  (261341.5,-26842.2) -> (264714.2,-26842.2)  L=3372.8  цвет=256
#770  (261341.5,-26442.2) -> (264714.2,-26442.2)  L=3372.8  цвет=256
#771  (261341.5,-26042.2) -> (264714.2,-26042.2)  L=3372.8  цвет=256
#772  (261341.5,-25642.2) -> (264714.2,-25642.2)  L=3372.8  цвет=256
#773  (261341.5,-25242.2) -> (264714.2,-25242.2)  L=3372.8  цвет=256
#774  (261341.5,-24842.2) -> (264714.2,-24842.2)  L=3372.8  цвет=256
#775  (261341.5,-24442.2) -> (299003.2,-24442.2)  L=37661.7  цвет=256
#776  (261341.5,-24042.2) -> (299003.2,-24042.2)  L=37661.7  цвет=256
#777  (261341.5,-23642.2) -> (299003.2,-23642.2)  L=37661.7  цвет=256
#778  (261341.5,-23242.2) -> (299003.2,-23242.2)  L=37661.7  цвет=256
#779  (261341.5,-22842.2) -> (299003.2,-22842.2)  L=37661.7  цвет=256
#780  (215475.5,-44842.2) -> (217124.3,-44842.2)  L=1648.8  цвет=256
#781  (215391.5,-44442.2) -> (219030.5,-44442.2)  L=3639  цвет=256
#782  (215307.6,-44042.2) -> (220936.7,-44042.2)  L=5629.1  цвет=256
#783  (215223.6,-43642.2) -> (222842.9,-43642.2)  L=7619.3  цвет=256
#784  (215139.7,-43242.2) -> (224749.1,-43242.2)  L=9609.4  цвет=256
#785  (215055.8,-42842.2) -> (226655.4,-42842.2)  L=11599.6  цвет=256
#786  (214971.8,-42442.2) -> (228561.6,-42442.2)  L=13589.7  цвет=256
#787  (214887.9,-42042.2) -> (230467.8,-42042.2)  L=15579.9  цвет=256
#788  (214803.9,-41642.2) -> (232374,-41642.2)  L=17570.1  цвет=256
#789  (214720,-41242.2) -> (234280.2,-41242.2)  L=19560.2  цвет=256
#790  (214636.1,-40842.2) -> (236186.4,-40842.2)  L=21550.4  цвет=256
#791  (214552.1,-40442.2) -> (238092.7,-40442.2)  L=23540.5  цвет=256
#792  (214468.2,-40042.2) -> (239998.9,-40042.2)  L=25530.7  цвет=256
#793  (214384.3,-39642.2) -> (241905.1,-39642.2)  L=27520.8  цвет=256
#794  (214300.3,-39242.2) -> (243811.3,-39242.2)  L=29511  цвет=256
#795  (214216.4,-38842.2) -> (245717.5,-38842.2)  L=31501.2  цвет=256
#796  (214132.4,-38442.2) -> (247623.7,-38442.2)  L=33491.3  цвет=256
#797  (214048.5,-38042.2) -> (249530,-38042.2)  L=35481.5  цвет=256
#798  (213964.6,-37642.2) -> (251436.2,-37642.2)  L=37471.6  цвет=256
#799  (213880.6,-37242.2) -> (253342.4,-37242.2)  L=39461.8  цвет=256
#800  (213796.7,-36842.2) -> (255248.6,-36842.2)  L=41451.9  цвет=256
#801  (215114.7,-36442.2) -> (257154.8,-36442.2)  L=42040.1  цвет=256
#802  (215680.5,-36042.2) -> (259061,-36042.2)  L=43380.5  цвет=256
#803  (215595.8,-35642.2) -> (260967.3,-35642.2)  L=45371.5  цвет=256
#804  (215511.1,-35242.2) -> (262873.5,-35242.2)  L=47362.4  цвет=256
#805  (215426.3,-34842.2) -> (264779.7,-34842.2)  L=49353.4  цвет=256
#806  (215341.6,-34442.2) -> (266685.9,-34442.2)  L=51344.3  цвет=256
#807  (215256.9,-34042.2) -> (268592.1,-34042.2)  L=53335.3  цвет=256
#808  (215172.1,-33642.2) -> (270498.3,-33642.2)  L=55326.2  цвет=256
#809  (215087.4,-33242.2) -> (272404.6,-33242.2)  L=57317.2  цвет=256
#810  (215002.6,-32842.2) -> (229841.6,-32842.2)  L=14839  цвет=256
#811  (214917.9,-32442.2) -> (229841.6,-32442.2)  L=14923.7  цвет=256
#812  (214833.2,-32042.2) -> (229841.6,-32042.2)  L=15008.4  цвет=256
#813  (214748.4,-31642.2) -> (229841.6,-31642.2)  L=15093.2  цвет=256
#814  (214663.7,-31242.2) -> (229841.6,-31242.2)  L=15177.9  цвет=256
#815  (214579,-30842.2) -> (229841.6,-30842.2)  L=15262.6  цвет=256
#816  (214494.2,-30442.2) -> (229841.6,-30442.2)  L=15347.4  цвет=256
#817  (214409.5,-30042.2) -> (229841.6,-30042.2)  L=15432.1  цвет=256
#818  (214324.7,-29642.2) -> (229841.6,-29642.2)  L=15516.9  цвет=256
#819  (214240,-29242.2) -> (229841.6,-29242.2)  L=15601.6  цвет=256
#820  (214155.3,-28842.2) -> (229841.6,-28842.2)  L=15686.3  цвет=256
#821  (212034,-28442.2) -> (229841.6,-28442.2)  L=17807.6  цвет=256
#822  (211950,-28042.2) -> (229841.6,-28042.2)  L=17891.6  цвет=256
#823  (211866.1,-27642.2) -> (229841.6,-27642.2)  L=17975.5  цвет=256
#824  (211782.1,-27242.2) -> (229841.6,-27242.2)  L=18059.5  цвет=256
#825  (211698.2,-26842.2) -> (229841.6,-26842.2)  L=18143.4  цвет=256
#826  (211614.3,-26442.2) -> (229841.6,-26442.2)  L=18227.3  цвет=256
#827  (211530.3,-26042.2) -> (229841.6,-26042.2)  L=18311.3  цвет=256
#828  (211446.4,-25642.2) -> (229841.6,-25642.2)  L=18395.2  цвет=256
#829  (211362.4,-25242.2) -> (229841.6,-25242.2)  L=18479.2  цвет=256
#830  (211278.5,-24842.2) -> (229841.6,-24842.2)  L=18563.1  цвет=256
#831  (211194.6,-24442.2) -> (229841.6,-24442.2)  L=18647  цвет=256
#832  (211110.6,-24042.2) -> (229841.6,-24042.2)  L=18731  цвет=256
#833  (211026.7,-23642.2) -> (229841.6,-23642.2)  L=18814.9  цвет=256
#834  (210942.7,-23242.2) -> (229841.6,-23242.2)  L=18898.9  цвет=256
#835  (210858.8,-22842.2) -> (229841.6,-22842.2)  L=18982.8  цвет=256
всего: 835
============================

Команда: 
Команда: TOTALDUMP

========== TOTAL TABLE DUMP ==========
--- TABLE #1 ---
    block = table_totl_1
    layer = _SG_Support
    1 = 
    2 = 
    3 = 
    4 = 
    5 = 
    6 = 
    7 = 
    8 = 
    9 = 
    10 = 
    11 = 
    12 = 
    13 = 
    AREA = 
    ITOG = 
    CHPOL = 0
    DOSKA = 0
    LAG = 0
    PLITKA = 0
    VECTOR = 0
    PERP = 0
    LENGTH = 
    QC = 
    QR = 
--- TABLE #2 ---
    block = table_totl_3D
    layer = _SG_Support
    1 = 
    2 = 
    3 = 
    4 = 
    5 = 
    6 = 
    7 = 
    8 = 
    9 = 
    10 = 
    11 = 
    AREA = 
    ITOG = 
    CHPOL = 0
    DOSKA = 0
    LAG = 0
    PLITKA = 0
    VECTOR = 0
    PERP = 0
    LENGTH = 
    QC = 
    QR = 
--- TABLE #3 ---
    block = table_totl_PRO
    layer = _SG_Support
    1 = 
    2 = 
    3 = 
    4 = 
    5 = 
    6 = 
    7 = 
    8 = 
    9 = 
    10 = 
    11 = 
    12 = 
    13 = 
    AREA = 
    ITOG = 
    CHPOL = 0
    DOSKA = 0
    LAG = 0
    PLITKA = 0
    VECTOR = 0
    PERP = 0
    LENGTH = 
    QC = 
    QR = 
--- TABLE #4 ---
    block = table_totl_PRO
    layer = 0
    1 = 
    2 = 
    3 = 637
    4 = 1401
    5 = 2982
    6 = 136
    7 = 
    8 = 
    9 = 
    10 = 
    11 = 
    12 = 
    13 = 
    AREA = 831
    ITOG = 5156
    CHPOL = 101
    DOSKA = 27
    LAG = 49
    PLITKA = 0
    VECTOR = 500
    PERP = 400
    LENGTH = 2434
    QC = 0
    QR = 0
--- TABLE #5 ---
    block = table_totl_PRO
    layer = 0
    1 = 
    2 = 
    3 = 650
    4 = 1239
    5 = 2697
    6 = 123
    7 = 
    8 = 1
    9 = 
    10 = 
    11 = 
    12 = 
    13 = 
    AREA = 867
    ITOG = 4710
    CHPOL = 101
    DOSKA = 27
    LAG = 49
    PLITKA = 0
    VECTOR = 500
    PERP = 400
    LENGTH = 2107
    QC = 0
    QR = 0
--- TABLE #6 ---
    block = table_totl_PRO
    layer = 0
    1 = 
    2 = 
    3 = 456
    4 = 982
    5 = 2139
    6 = 94
    7 = 
    8 = 
    9 = 
    10 = 
    11 = 
    12 = 
    13 = 
    AREA = 831
    ITOG = 3671
    CHPOL = 101
    DOSKA = 27
    LAG = 49
    PLITKA = 0
    VECTOR = 500
    PERP = 500
    LENGTH = 1696
    QC = 0
    QR = 0
--- TABLE #7 ---
    block = table_totl_PRO
    layer = контур
    1 = 
    2 = 
    3 = 662
    4 = 1000
    5 = 2811
    6 = 205
    7 = 
    8 = 
    9 = 
    10 = 
    11 = 
    12 = 
    13 = 
    AREA = 867
    ITOG = 4678
    CHPOL = 101
    DOSKA = 27
    LAG = 49
    PLITKA = 0
    VECTOR = 500
    PERP = 400
    LENGTH = 2141
    QC = 0
    QR = 0
--- COUNT = 7 ---
======================================

Команда: 
Команда: *Прервано*

Команда: *Прервано*

Команда:  
Команда: 
