[ AutoCAD - Wed Jul 15 13:19:59 2026  ]----------------------------------------

Открывается файл формата AutoCAD 2018.
Выполняется регенерация модели.


Утилиты меню AutoCAD загружены.*Прервано*

Команда: 

Файл Autodesk DWG. Это файл формата TrustedDWG, сохраненный в приложении Autodesk или в приложении, лицензированном корпорацией Autodesk.

Команда: 

Команда: 
Команда: _APPLOAD
Успешно загружено файлов: 2.


Команда: 
[OPOR] Загружено. Команды: OPOR, XX, OPORTIN, OPORSLOPE, OPORSLOPEWR, OPORHEIGHTCHECK, OPORWRITELEVEL, OPORAUTOLEVEL, OPORRING, OPORREGCHECK, OPORCHECK, OPORCLEAN, OPORDUMP, OPORTABLES, OPOROLD, OPORSHOW, OPORDEBUG.
check_dump.lsp загружен. Главная команда: DUMPALL
probe_height_check загружен. Команда: HEIGHTDUMP.
probe_write_level загружен. Команда: WRITELEVELDUMP.
probe_auto_level загружен. Команда: AUTOLEVELDUMP.
probe_slope загружен. Команды: SLOPEDUMP, SLOPECOLORS.
probe_tables загружен. Команда: TBLPROBE
probe_marks v2 загружен. Команда: MARKDUMP
probe_lines.lsp загружен. Команда: LINEDUMP
OPOR port загружен. Основная команда: OPOR (или XX).
Команда: 
[ETS] make_etalons загружен. Команды: ETS1 (контур), ETS3 (+проём), ETS2 (+высоты). Порядок: ETS1 -> ETS3 -> ETS2, с _SAVEAS между шагами.
[ETS7] make_slope_etalons загружен. Команда: ETS7.
[ETS8] make_height_check_etalons загружен. Команда: ETS8.
[ETS9] make_write_level_etalons загружен. Команда: ETS9.
[ETS10] make_auto_level_etalons загружен. Команда: ETS10.
[ETS11] make_ring_etalons загружен. Команда: ETS11.
[ETS12] make_regcheck_etalons загружен. Команда: ETS12.
[ETS13] make_multicontour_etalons загружен. Команда: ETS13.
[ETS14] make_multicontour_var_etalons загружен. Команда: ETS14.
[ETS15] make_tin_etalons загружен. Команды: ETS15, ETS15MANUAL.
check_dump.lsp загружен. Главная команда: DUMPALL
probe_height_check загружен. Команда: HEIGHTDUMP.
probe_write_level загружен. Команда: WRITELEVELDUMP.
probe_auto_level загружен. Команда: AUTOLEVELDUMP.
probe_ring загружен. Команда: RINGDUMP.
probe_slope загружен. Команды: SLOPEDUMP, SLOPECOLORS.
probe_tables загружен. Команда: TBLPROBE
probe_total_tables загружен. Команда: TOTALDUMP.
probe_marks v2 загружен. Команда: MARKDUMP
probe_lines.lsp загружен. Команда: LINEDUMP
probe_tin загружен. Команда: TINDUMP.
Тестовые инструменты загружены: ETS1/ETS2/ETS3/ETS7/ETS8/ETS9/ETS10/ETS11/ETS12/ETS13/ETS14/ETS15 и диагностика.
Команда: 
Команда: Задайте противоположный угол или [Линия/РМн-угол/СМн-угол]: 
Команда: 
Команда: 
Команда: _move найдено: 443

Базовая точка или [Смещение] <Смещение>: 
Вторая точка или <считать смещением первую точку>: 
Команда: ETS15

Команда: 
[ETS15] Готово: контур 3000x5000, 5 отметок; центральная отметка красная.
[ETS15] Авто: OPORTIN -> выбрать внешний контур -> TINDUMP; ожидается 4 треугольника.
[ETS15] Затем Var: lev, 600/600, R100, доска, floor=101, доска=27, лага=49, сдвиг=0, vect.

Команда: 
Команда: ETS15MANUAL
; ошибка: неверный тип аргумента: lentityp ((0 . "LWPOLYLINE") (100 . "AcDbEntity") (8 . "контур") (100 . "AcDbPolyline") (90 . 4) (70 . 1) (10 0.0 0.0) (10 3000.0 0.0) (10 3000.0 5000.0) (10 0.0 5000.0))

Команда: 
Команда: TINDUMP

===== TINDUMP =====
TRI=0 XDATA_TIN=0 VERTICES=0
SUPPORTS=0
===== END TINDUMP =====

Команда: 
Команда: OPOR

[OPOR] Проверка OPOR:
Версия: 3.17-tin
Слои: OK
Блоки MVP: OK
Справочно, отсутствующие будущие блоки: 
- нетВыполняется регенерация модели.

Команда: 
[OPOR] Слоёв скрыто: 11
Выберите внешний контур OPOR: *Прервано*
Выполняется регенерация модели.

Команда: 
Команда: 

Команда: 
Команда: Задайте противоположный угол или [Линия/РМн-угол/СМн-угол]: 
Команда: 
Команда: 
Команда: _Laymcur 
Выберите объект, слой которого должен стать текущим: *Прервано*
*Прервано*

Команда: *Прервано*

Команда: OPOR

[OPOR] Проверка OPOR:
Версия: 3.17-tin
Слои: OK
Блоки MVP: OK
Справочно, отсутствующие будущие блоки: 
- нетВыполняется регенерация модели.

Команда: 
[OPOR] Слоёв скрыто: 11
Выберите внешний контур OPOR: 
Команда: 
[OPOR] Проёмов найдено: 0Выполняется регенерация модели.

Команда: 
[OPOR] Var остановлен: проверка отметок не пройдена.
Команда: 

Команда: 
Команда: OPORTIN

Выберите внешний контур OPOR: 
Команда: 
[OPOR] Проёмов найдено: 0
[OPOR] TIN завершён: отметок=5, треугольников=4, вне области=0, заменено=0.
Команда: T

Команда: 
Команда: OPOR

[OPOR] Проверка OPOR:
Версия: 3.17-tin
Слои: OK
Блоки MVP: OK
Справочно, отсутствующие будущие блоки: 
- нетВыполняется регенерация модели.

Команда: 
[OPOR] Слоёв скрыто: 11
Выберите внешний контур OPOR: 
Команда: 
[OPOR] Проёмов найдено: 0Выполняется регенерация модели.

Команда: 
Начальная точка сетки <Enter = угол у длинного ребра>: 0,0

Направление сетки <Enter = вдоль длинного ребра>: @1<0

Точка вставки итоговой таблицы <Enter = справа от контура>: 

[OPOR] Контур 1 рассчитан: опор=61, длина лаг=30 м, ошибок высот=0.
Команда: Выполняется регенерация модели.

Команда: 
[OPOR] Слоёв скрыто: 11
Выберите следующий внешний контур OPOR или Enter для завершения: 
Выполняется регенерация модели.

Команда: 
[OPOR] Var завершён: опор=61, длина лаг=30 м, лаг=10 шт, ошибок высот=0, областей=4, треугольников=4.
Команда: 

Команда: 
Команда: 
Команда: *Прервано*

Команда: TINDUMP

===== TINDUMP =====
TRI=0 XDATA_TIN=0 VERTICES=0
SUPPORTS=61
SUPPORT 1|25=1
SUPPORT 2|17=5
SUPPORT 2|18=3
SUPPORT 2|19=4
SUPPORT 2|20=2
SUPPORT 2|21=3
SUPPORT 2|22=1
SUPPORT 2|23=2
SUPPORT 2|24=1
SUPPORT 221|10=2
SUPPORT 221|11=5
SUPPORT 221|12=2
SUPPORT 221|13=6
SUPPORT 221|14=3
SUPPORT 221|15=8
SUPPORT 221|16=3
SUPPORT 221|5=2
SUPPORT 221|7=3
SUPPORT 221|8=1
SUPPORT 221|9=4
===== END TINDUMP =====

Команда: 
Команда: *Прервано*

Команда: *Прервано*

Команда:  
Команда: 
