[ AutoCAD - Tue Jul 21 17:19:47 2026  ]----------------------------------------

Открывается файл формата AutoCAD 2018.
Подстановка [simplex.shx] вместо [GOST B].
Выполняется регенерация модели.


Утилиты меню AutoCAD загружены.
Команда: 

Файл Autodesk DWG. Это файл формата TrustedDWG, сохраненный в приложении Autodesk или в приложении, лицензированном корпорацией Autodesk.

Команда: 

Команда: 
Команда: _APPLOAD
01_OPOR_PORT.lsp успешно загружено.


Команда: 
[OPOR] Загружено. Команды: OPOR, XX, OPORTIN, OPORSLOPE, OPORSLOPEWR, OPORHEIGHTCHECK, OPORWRITELEVEL, OPORAUTOLEVEL, OPORRING, OPORREGCHECK, OPORCHECK, OPORCLEAN, OPORDUMP, OPORTABLES, OPOROLD, OPORSHOW, OPORDEBUG.
check_dump.lsp загружен. Главная команда: DUMPALL
probe_height_check загружен. Команда: HEIGHTDUMP.
probe_write_level загружен. Команда: WRITELEVELDUMP.
probe_auto_level загружен. Команда: AUTOLEVELDUMP.
probe_slope загружен. Команды: SLOPEDUMP, SLOPECOLORS.
probe_tables загружен. Команда: TBLPROBE
probe_marks v2 загружен. Команда: MARKDUMP
probe_lines.lsp загружен. Команда: LINEDUMP
OPOR port загружен. Основная команда: OPOR (или XX).
Команда: 
Команда: OPOR

[OPOR] Блоки новых таблиц 3D загружены.
[OPOR] Проверка OPOR:
Версия: 3.20-auto-finish-specs
Слои: OK
Блоки MVP: OK
Справочно, отсутствующие будущие блоки: 
- нетВыполняется регенерация модели.

Команда: 
[OPOR] Слоёв скрыто: 20
Выберите внешний контур OPOR: Выполняется регенерация модели.

Команда: 
Команда: 

Команда: 
Команда: *Прервано*

Команда: OPOR

[OPOR] Проверка OPOR:
Версия: 3.20-auto-finish-specs
Слои: OK
Блоки MVP: OK
Справочно, отсутствующие будущие блоки: 
- нетВыполняется регенерация модели.

Команда: 
[OPOR] Слоёв скрыто: 20
Выберите внешний контур OPOR: 
Команда: 
[OPOR] Проёмов найдено: 1Выполняется регенерация модели.

Команда: 
Начальная точка сетки <Enter = угол у длинного ребра>: 
Направление сетки <Enter = вдоль длинного ребра>: 
Точка вставки итоговой таблицы <Enter = справа от контура>: 
[OPOR] Контур 1 рассчитан: опор=68, длина лаг=30 м.
Команда: Выполняется регенерация модели.

Команда: 
[OPOR] Слоёв скрыто: 20
Выберите следующий внешний контур OPOR или Enter для завершения: 
Выполняется регенерация модели.

Команда: 
[OPOR] MVP завершён: опор=68, длина лаг=30 м, лаг=12 шт, плитки: целых=31, обрезанных=13.
Команда: 

Команда: 
Команда: 
Команда: *Прервано*

Команда: OPORTABLES

========== OPOR TOTAL TABLE BLOCKS ==========
--- TABLE #1 ---
    block: table_totl_1
    handle: 60B85
    layer: _SG_Support
    session: old/no-xdata
      1 = 
      2 = 
      3 = 
      4 = 
      5 = 
      6 = 
      7 = 
      8 = 
      9 = 
      10 = 
      11 = 
      12 = 
      13 = 
      AREA = 
      ITOG = 
      CHPOL = 0
      DOSKA = 0
      LAG = 0
      PLITKA = 0
      VECTOR = 0
      PERP = 0
      LENGTH = 
      QC = 
      QR = 
--- TABLE #2 ---
    block: table_totl_3D
    handle: 60BA5
    layer: _SG_Support
    session: old/no-xdata
      1 = 
      2 = 
      3 = 
      4 = 
      5 = 
      6 = 
      7 = 
      8 = 
      9 = 
      10 = 
      11 = 
      AREA = 
      ITOG = 
      CHPOL = 0
      DOSKA = 0
      LAG = 0
      PLITKA = 0
      VECTOR = 0
      PERP = 0
      LENGTH = 
      QC = 
      QR = 
--- TABLE #3 ---
    block: table_totl_PRO
    handle: 60BC4
    layer: _SG_Support
    session: old/no-xdata
      1 = 
      2 = 
      3 = 
      4 = 
      5 = 
      6 = 
      7 = 
      8 = 
      9 = 
      10 = 
      11 = 
      12 = 
      13 = 
      AREA = 
      ITOG = 
      CHPOL = 0
      DOSKA = 0
      LAG = 0
      PLITKA = 0
      VECTOR = 0
      PERP = 0
      LENGTH = 
      QC = 
      QR = 
--- TABLE #4 ---
    block: OPOR_SUPPORT_SPEC_3D
    handle: 6133D
    layer: контур
    session: 20260721_172003-29573718
      SUP_3D_35_50 = 0
      SUP_3D_50_80 = 0
      SUP_3D_80_140 = 0
      SUP_3D_95_155 = 0
      SUP_3D_145_240 = 0
      SUP_3D_160_270 = 0
      SUP_3D_205_340 = 68
      SUP_3D_235_400 = 0
      SUP_3D_315_530 = 0
      SUP_3D_390_660 = 0
      SUP_TOTAL = 68
--- TABLE #5 ---
    block: OPOR_PARAMS_TILE
    handle: 6134A
    layer: контур
    session: 20260721_172003-29573718
      AREA = 14
      COVERING = Плитка 600\U+00D7600\U+00D720
      STEP_SUPPORT = 600
      FLOOR = -
============================================

Команда: 
Команда: 
Команда: 
Команда: *Прервано*

Команда: 
Команда: *Прервано*

Команда: 
Команда: 
Команда: _line 
Первая точка: 
Следующая точка или [оТменить]: 600

Следующая точка или [оТменить]: 600

Следующая точка или [Замкнуть/Отменить]: 
Следующая точка или [Замкнуть/Отменить]: 
Следующая точка или [Замкнуть/Отменить]: *Прервано*

Команда: Задайте противоположный угол или [Линия/РМн-угол/СМн-угол]: 
Команда: 
Команда: 
Команда: _cutclip найдено: 4

Команда: *Прервано*

Команда: *Прервано*

Команда: 
Команда: *Прервано*

Команда: *Прервано*

Команда: 
Команда: 
Команда: _propertiesclose 
Команда: 
Команда: 
Команда: _properties 
Команда: *Прервано*

Команда: *Прервано*

Команда: 
Команда: 
Команда: _propertiesclose 
Команда: *Прервано*

Команда: *Прервано*

Команда: Задайте противоположный угол или [Линия/РМн-угол/СМн-угол]: *Прервано*

Команда: 
Команда: *Прервано*

Команда: *Прервано*

Команда: щзщк
Неизвестная команда "ЩЗЩК".  Для вызова справки нажмите F1.

Команда: *Прервано*

Команда: OPOR

[OPOR] Команда отменена.

Команда: 
Команда: OPOR

Укажите внешний контур: *Прервано*

Команда: 
Команда: 
Команда: *Прервано*

Команда: OPORCLEAN

Очистка OPOR [Session/All] <All>: 

[OPOR] Удалено объектов: 128

Команда: 
Команда: OPOR

Укажите внешний контур: 
Команда: 
Команда: 
Команда: OPOR

Укажите внешний контур: 
Команда: 
[OPOR] +0.000 завершён: областей=1, отметок=4.
Команда: 

Команда: 
Команда: *Прервано*

Команда: 
Команда: Задайте противоположный угол или [Линия/РМн-угол/СМн-угол]: 
Команда: Задайте противоположный угол или [Линия/РМн-угол/СМн-угол]: 
Команда: 
Команда: 
Команда: _cutclip найдено: 4

Команда: Задайте противоположный угол или [Линия/РМн-угол/СМн-угол]: 
Команда: *Прервано*

Команда: *Прервано*

Команда: OPOR

[OPOR] Проверка OPOR:
Версия: 3.20-auto-finish-specs
Слои: OK
Блоки MVP: OK
Справочно, отсутствующие будущие блоки: 
- нетВыполняется регенерация модели.

Команда: 
[OPOR] Слоёв скрыто: 20
Выберите внешний контур OPOR: 
Команда: 
[OPOR] Проёмов найдено: 1Выполняется регенерация модели.

Команда: 
Начальная точка сетки <Enter = угол у длинного ребра>: 
Направление сетки <Enter = вдоль длинного ребра>: 
Точка вставки итоговой таблицы <Enter = справа от контура>: 
[OPOR] Контур 1 рассчитан: опор=68, длина лаг=30 м.
Команда: Выполняется регенерация модели.

Команда: 
[OPOR] Слоёв скрыто: 20
Выберите следующий внешний контур OPOR или Enter для завершения: 
Выполняется регенерация модели.

Команда: 
[OPOR] MVP завершён: опор=68, длина лаг=30 м, лаг=12 шт.
Команда: 

Команда: 
Команда: 
Команда: *Прервано*

Команда: 
Команда: 
Команда: _line 
Первая точка: 
Следующая точка или [оТменить]: *Прервано*

Команда: 
Команда: 
Команда: *Прервано*

Команда: *Прервано*

Команда: *Прервано*

Команда: Задайте противоположный угол или [Линия/РМн-угол/СМн-угол]: 
Команда: *Прервано*

Команда: 
Команда: *Прервано*

Команда: OPORTABLES

========== OPOR TOTAL TABLE BLOCKS ==========
--- TABLE #1 ---
    block: table_totl_1
    handle: 60B85
    layer: _SG_Support
    session: old/no-xdata
      1 = 
      2 = 
      3 = 
      4 = 
      5 = 
      6 = 
      7 = 
      8 = 
      9 = 
      10 = 
      11 = 
      12 = 
      13 = 
      AREA = 
      ITOG = 
      CHPOL = 0
      DOSKA = 0
      LAG = 0
      PLITKA = 0
      VECTOR = 0
      PERP = 0
      LENGTH = 
      QC = 
      QR = 
--- TABLE #2 ---
    block: table_totl_3D
    handle: 60BA5
    layer: _SG_Support
    session: old/no-xdata
      1 = 
      2 = 
      3 = 
      4 = 
      5 = 
      6 = 
      7 = 
      8 = 
      9 = 
      10 = 
      11 = 
      AREA = 
      ITOG = 
      CHPOL = 0
      DOSKA = 0
      LAG = 0
      PLITKA = 0
      VECTOR = 0
      PERP = 0
      LENGTH = 
      QC = 
      QR = 
--- TABLE #3 ---
    block: table_totl_PRO
    handle: 60BC4
    layer: _SG_Support
    session: old/no-xdata
      1 = 
      2 = 
      3 = 
      4 = 
      5 = 
      6 = 
      7 = 
      8 = 
      9 = 
      10 = 
      11 = 
      12 = 
      13 = 
      AREA = 
      ITOG = 
      CHPOL = 0
      DOSKA = 0
      LAG = 0
      PLITKA = 0
      VECTOR = 0
      PERP = 0
      LENGTH = 
      QC = 
      QR = 
--- TABLE #4 ---
    block: OPOR_SUPPORT_SPEC_3D
    handle: 615A8
    layer: контур
    session: 20260721_172511-29881843
      SUP_3D_35_50 = 0
      SUP_3D_50_80 = 0
      SUP_3D_80_140 = 0
      SUP_3D_95_155 = 0
      SUP_3D_145_240 = 0
      SUP_3D_160_270 = 0
      SUP_3D_205_340 = 68
      SUP_3D_235_400 = 0
      SUP_3D_315_530 = 0
      SUP_3D_390_660 = 0
      SUP_TOTAL = 68
--- TABLE #5 ---
    block: OPOR_PARAMS_BOARD
    handle: 615B5
    layer: контур
    session: 20260721_172511-29881843
      COVERING = Доска 160\U+00D727\U+00D73000
      AREA = 14
      LAG_TYPE = Frame 40\U+00D749 мм
      LAG_LENGTH = 30
      STEP_X = 600
      STEP_Y = 600
      FLOOR = -
============================================

Команда: 
Команда: 
Команда: *Прервано*

Команда: *Прервано*

Команда: 
Команда: *Прервано*

Команда: OPORCLEAN

Очистка OPOR [Session/All] <All>: 

[OPOR] Удалено объектов: 84

Команда: 
Команда: OPOR

[OPOR] Проверка OPOR:
Версия: 3.20-auto-finish-specs
Слои: OK
Блоки MVP: OK
Справочно, отсутствующие будущие блоки: 
- нетВыполняется регенерация модели.

Команда: 
[OPOR] Слоёв скрыто: 20
Выберите внешний контур OPOR: 
Команда: 
[OPOR] Проёмов найдено: 1Выполняется регенерация модели.

Команда: 
[OPOR] Ввод параметров отменён.
Команда: 

Команда: 
Команда: *Прервано*

Команда: *Прервано*

Команда:  
Команда: 
