[ AutoCAD - Wed Jul 15 12:43:50 2026  ]----------------------------------------

Открывается файл формата AutoCAD 2018.
Выполняется регенерация модели.


Утилиты меню AutoCAD загружены.*Прервано*

Команда: 

Файл Autodesk DWG. Это файл формата TrustedDWG, сохраненный в приложении Autodesk или в приложении, лицензированном корпорацией Autodesk.

Команда: 

Команда: 
Команда: Задайте противоположный угол или [Линия/РМн-угол/СМн-угол]: 
Команда: 
Команда: 
Команда: _move найдено: 443

Базовая точка или [Смещение] <Смещение>: 
Вторая точка или <считать смещением первую точку>: 
Команда: _APPLOAD
Успешно загружено файлов: 2.


Команда: 
[OPOR] Загружено. Команды: OPOR, XX, OPORSLOPE, OPORSLOPEWR, OPORHEIGHTCHECK, OPORWRITELEVEL, OPORAUTOLEVEL, OPORRING, OPORREGCHECK, OPORCHECK, OPORCLEAN, OPORDUMP, OPORTABLES, OPOROLD, OPORSHOW, OPORDEBUG.
check_dump.lsp загружен. Главная команда: DUMPALL
probe_height_check загружен. Команда: HEIGHTDUMP.
probe_write_level загружен. Команда: WRITELEVELDUMP.
probe_auto_level загружен. Команда: AUTOLEVELDUMP.
probe_slope загружен. Команды: SLOPEDUMP, SLOPECOLORS.
probe_tables загружен. Команда: TBLPROBE
probe_marks v2 загружен. Команда: MARKDUMP
probe_lines.lsp загружен. Команда: LINEDUMP
OPOR port загружен. Основная команда: OPOR (или XX).
Команда: 
[ETS] make_etalons загружен. Команды: ETS1 (контур), ETS3 (+проём), ETS2 (+высоты). Порядок: ETS1 -> ETS3 -> ETS2, с _SAVEAS между шагами.
[ETS7] make_slope_etalons загружен. Команда: ETS7.
[ETS8] make_height_check_etalons загружен. Команда: ETS8.
[ETS9] make_write_level_etalons загружен. Команда: ETS9.
[ETS10] make_auto_level_etalons загружен. Команда: ETS10.
[ETS11] make_ring_etalons загружен. Команда: ETS11.
[ETS12] make_regcheck_etalons загружен. Команда: ETS12.
[ETS13] make_multicontour_etalons загружен. Команда: ETS13.
[ETS14] make_multicontour_var_etalons загружен. Команда: ETS14.
check_dump.lsp загружен. Главная команда: DUMPALL
probe_height_check загружен. Команда: HEIGHTDUMP.
probe_write_level загружен. Команда: WRITELEVELDUMP.
probe_auto_level загружен. Команда: AUTOLEVELDUMP.
probe_ring загружен. Команда: RINGDUMP.
probe_slope загружен. Команды: SLOPEDUMP, SLOPECOLORS.
probe_tables загружен. Команда: TBLPROBE
probe_total_tables загружен. Команда: TOTALDUMP.
probe_marks v2 загружен. Команда: MARKDUMP
probe_lines.lsp загружен. Команда: LINEDUMP
Тестовые инструменты загружены: ETS1/ETS2/ETS3/ETS7/ETS8/ETS9/ETS10/ETS11/ETS12/ETS13/ETS14 и диагностика.
Команда: 
Команда: OPOR

[OPOR] Команда отменена.

Команда: 
Команда: ETS14

Команда: 
[ETS14] Готово: два Var-контура S1, две области высот и 8 отметок.
[ETS14] Var: lev, 600/600, R100, доска, floor=101, доска=27, лага=49, vect.
[ETS14] 1-й: base=0,0; dir=@1<0; table=11000,5000.
[ETS14] 2-й: base=6000,0; dir=@1<0; затем Enter завершает цикл.
[ETS14] Общие инварианты: 120 опор, AREA=30, LENGTH=60, CHPOL=101, одна таблица; распределение строк сравнивается LISP/VBA.

Команда: 
Команда: Задайте противоположный угол или [Линия/РМн-угол/СМн-угол]: 
Команда: 
Команда: 
Команда: _move найдено: 1

Базовая точка или [Смещение] <Смещение>: 
Вторая точка или <считать смещением первую точку>: 
Команда: *Прервано*

Команда: OPOR

[OPOR] Проверка OPOR:
Версия: 3.16-multicontour
Слои: OK
Блоки MVP: OK
Справочно, отсутствующие будущие блоки: 
- нетВыполняется регенерация модели.

Команда: 
[OPOR] Слоёв скрыто: 11
Выберите внешний контур OPOR: 
Команда: 
[OPOR] Проёмов найдено: 0Выполняется регенерация модели.

Команда: 
Начальная точка сетки <Enter = угол у длинного ребра>: 0,0

Направление сетки <Enter = вдоль длинного ребра>: @1<0

Точка вставки итоговой таблицы <Enter = справа от контура>: 11000,5000

[OPOR] Контур 1 рассчитан: опор=60, длина лаг=30 м, ошибок высот=0.
Команда: Выполняется регенерация модели.

Команда: 
[OPOR] Слоёв скрыто: 11
Выберите следующий внешний контур OPOR или Enter для завершения: 
Команда: 
[OPOR] Проёмов найдено: 0Выполняется регенерация модели.

Команда: 
Начальная точка сетки <Enter = угол у длинного ребра>: 6000,0

Направление сетки <Enter = вдоль длинного ребра>: @1<0

[OPOR] Контур 2 рассчитан: опор=60, длина лаг=30 м, ошибок высот=0.
Команда: Выполняется регенерация модели.

Команда: 
[OPOR] Слоёв скрыто: 11
Выберите следующий внешний контур OPOR или Enter для завершения: 
Выполняется регенерация модели.

Команда: 
[OPOR] Var завершён: опор=120, длина лаг=60 м, лаг=20 шт, контуров=2, ошибок высот=0, областей=2, треугольников=4.
Команда: 

Команда: 
Команда: 
Команда: 
Команда: 
Команда: _Laymcur 
Слой контур установлен текущим.

Команда: 
Команда: 
Команда: 
Команда: _Laymcur 
Слой 0 установлен текущим.

Команда: OPORDUMP

========== OPOR NEW OBJECT DUMP ==========

===== SESSION 20260715_12444-14437515 =====
--- ПО ТИПАМ XDATA ---
    grid-edge : 2
    grid-v : 18
    support : 120
    table : 1
--- ПО СЛОЯМ ---
    0 : 1
    опорыvb : 120
    сеткаvb : 20
--- НОВАЯ СЕТКА --- линий: 20  длина: 60000 мм = 60 м
    grid-v: 18 линий, 54 м, min 3000 мм
    grid-p: 0 линий, 0 м, min - мм
    session grid lag: 54 м
    index ranges (последний контур): v=(-3 11) p=(-3 8)
    boundary lag candidate: 6 м, mode=all
      outer: 6 м, holes: 0 м
    П5 лаги: рядов=20, поперечных удалено=12
    support split: vertices=8 border=48 nodes=64
    border filter: raw=60 after-vertices=48
    node filter: raw=108 after-self=108 after-vertices=104 after-border=64
    крепёж: лаги= x0, плитки= x0 (шаг 0)
    levels: marks=9 polylines=2 vertices=8 missing-marks=0 triangles=4 height-errors=0
--- НОВЫЕ ОПОРЫ --- всего: 120
    цвет 1 : 2 шт
    цвет 2 : 42 шт
    цвет 221 : 76 шт
--- НОВЫЕ ТАБЛИЦЫ --- всего: 1
    блок: table_totl_1
      1 = 76
      2 = 42
      3 = 2
      4 = 
      5 = 
      6 = 
      7 = 
      8 = 
      9 = 
      10 = 
      11 = 
      12 = 
      13 = 
      AREA = 30
      ITOG = 120
      CHPOL = 101
      DOSKA = 27
      LAG = 49
      PLITKA = 0
      VECTOR = 600
      PERP = 600
      LENGTH = 60
      QC = 0
      QR = 0
=========================================

Команда: 
Команда: OPORTABLES

========== OPOR TOTAL TABLE BLOCKS ==========
--- TABLE #1 ---
    block: table_totl_1
    handle: 34B42
    layer: 0
    session: 20260715_12444-14437515
      1 = 76
      2 = 42
      3 = 2
      4 = 
      5 = 
      6 = 
      7 = 
      8 = 
      9 = 
      10 = 
      11 = 
      12 = 
      13 = 
      AREA = 30
      ITOG = 120
      CHPOL = 101
      DOSKA = 27
      LAG = 49
      PLITKA = 0
      VECTOR = 600
      PERP = 600
      LENGTH = 60
      QC = 0
      QR = 0
============================================

Команда: 
Команда: *Прервано*

Команда: *Прервано*

Команда:  
Команда: 
