[ AutoCAD - Wed Jul 15 12:36:45 2026  ]----------------------------------------

Открывается файл формата AutoCAD 2018.
Выполняется регенерация модели.


Утилиты меню AutoCAD загружены.
Команда: 

Файл Autodesk DWG. Это файл формата TrustedDWG, сохраненный в приложении Autodesk или в приложении, лицензированном корпорацией Autodesk.

Команда: 

Команда: 
Команда: Задайте противоположный угол или [Линия/РМн-угол/СМн-угол]: 
Команда: 
Команда: 
Команда: _move найдено: 443

Базовая точка или [Смещение] <Смещение>: 
Вторая точка или <считать смещением первую точку>: 
Команда: *Прервано*

Команда: _APPLOAD
Успешно загружено файлов: 2.


Команда: 
check_dump.lsp загружен. Главная команда: DUMPALL
probe_height_check загружен. Команда: HEIGHTDUMP.
probe_write_level загружен. Команда: WRITELEVELDUMP.
probe_auto_level загружен. Команда: AUTOLEVELDUMP.
probe_slope загружен. Команды: SLOPEDUMP, SLOPECOLORS.
probe_tables загружен. Команда: TBLPROBE
probe_marks v2 загружен. Команда: MARKDUMP
probe_lines.lsp загружен. Команда: LINEDUMP
Оригинальный VBA OPOR загружен. Основная команда: XX.
Команда: 
[ETS] make_etalons загружен. Команды: ETS1 (контур), ETS3 (+проём), ETS2 (+высоты). Порядок: ETS1 -> ETS3 -> ETS2, с _SAVEAS между шагами.
[ETS7] make_slope_etalons загружен. Команда: ETS7.
[ETS8] make_height_check_etalons загружен. Команда: ETS8.
[ETS9] make_write_level_etalons загружен. Команда: ETS9.
[ETS10] make_auto_level_etalons загружен. Команда: ETS10.
[ETS11] make_ring_etalons загружен. Команда: ETS11.
[ETS12] make_regcheck_etalons загружен. Команда: ETS12.
[ETS13] make_multicontour_etalons загружен. Команда: ETS13.
check_dump.lsp загружен. Главная команда: DUMPALL
probe_height_check загружен. Команда: HEIGHTDUMP.
probe_write_level загружен. Команда: WRITELEVELDUMP.
probe_auto_level загружен. Команда: AUTOLEVELDUMP.
probe_ring загружен. Команда: RINGDUMP.
probe_slope загружен. Команды: SLOPEDUMP, SLOPECOLORS.
probe_tables загружен. Команда: TBLPROBE
probe_total_tables загружен. Команда: TOTALDUMP.
probe_marks v2 загружен. Команда: MARKDUMP
probe_lines.lsp загружен. Команда: LINEDUMP
Тестовые инструменты загружены: ETS1/ETS2/ETS3/ETS7/ETS8/ETS9/ETS10/ETS11/ETS12/ETS13 и диагностика.
Команда: 
Команда: ETS13

Команда: 
[ETS13] Готово: два контура 3000x5000, второй сдвинут на 6000 мм.
[ETS13] Const 600/600, R100, vect, доска, без крепежа.
[ETS13] 1-й: base=0,0; dir=@1<0; table=11000,5000.
[ETS13] 2-й: base=6000,0; dir=@1<0; затем Enter завершает цикл.
[ETS13] Ожидание: контуров=2, опор=120, лаг=20/60000 мм, AREA=30, LENGTH=60, одна table_totl_1.

Команда: 
Команда: Задайте противоположный угол или [Линия/РМн-угол/СМн-угол]: 
Команда: 
Команда: 
Команда: _move найдено: 1

Базовая точка или [Смещение] <Смещение>: 
Вторая точка или <считать смещением первую точку>: 
Команда: Задайте противоположный угол или [Линия/РМн-угол/СМн-угол]: 
Команда: 
Команда: 
Команда: _Laymcur 
Слой контур установлен текущим.

Команда: Задайте противоположный угол или [Линия/РМн-угол/СМн-угол]: 
Команда: 
Команда: 
Команда: _Laymcur 
Слой 0 установлен текущим.

Команда: *Прервано*

Команда: XX
Инициализация системы VBA...
Команда: 
Укажите внешний контур
Команда: 
Команда: 
Команда: 
Укажите начальную точку0,0

Команда: Задайте направление, указав 2 точки0,0
 Вторая точка: @1,0

Команда: 
Команда: 
Команда: 
Команда: Выполняется регенерация модели.

Команда: 
Команда: Выполняется регенерация модели.

Укажите точку верхнего левого угла таблицы: 11000,5000

Команда: 
Команда: Выполняется регенерация модели.

Команда: Выполняется регенерация модели.

Команда: 
Команда: 
Команда: 
Команда: Выполняется регенерация модели.

Команда: 
Укажите внешний контур
Команда: 
Команда: 
Команда: 
Укажите начальную точку6000,0

Команда: Задайте направление, указав 2 точки0,0
 Вторая точка: _u 
Требуется корректное численное значение угла или две точки.
 Вторая точка: _u 
Требуется корректное численное значение угла или две точки.
 Вторая точка: _u 
Требуется корректное численное значение угла или две точки.
 Вторая точка: *Прервано*

Команда: 
Команда: 
**** Системные переменные не изменены ****
_u (Lisp-выражение) ГРУППА Выполняется регенерация модели.

**** Системная переменная изменена ****
Отслеживаемой системной переменной назначено значение, отличное от предпочтительного. Для просмотра изменений воспользуйтесь командой СИСТПЕРЕММОНИТОР.

Команда: _u ГРУППА (Lisp-выражение) (Lisp-выражение) (Lisp-выражение) (Lisp-выражение) (Lisp-выражение) (Lisp-выражение) (Lisp-выражение) (Lisp-выражение) (Lisp-выражение) (Lisp-выражение) (Lisp-выражение) (Lisp-выражение) (Lisp-выражение) (Lisp-выражение) (Lisp-выражение) (Lisp-выражение) (Lisp-выражение) (Lisp-выражение) Выполняется регенерация модели.

Команда: _u INTELLIZOOM INTELLIPAN INTELLIZOOM INTELLIPAN Выполняется регенерация модели.

Команда: _u СЛОЙУСТЕК ГРУППА 
Команда: _u СВОЙСТВА 
Команда: _u 
Команда: _u СЛОЙУСТЕК ГРУППА 
Команда: _u ПЕРЕНЕСТИ ГРУППА 
Команда: _u 'CLAYER 
Команда: Задайте противоположный угол или [Линия/РМн-угол/СМн-угол]: 
Команда: 
Команда: 
Команда: _move найдено: 1

Базовая точка или [Смещение] <Смещение>: 
Вторая точка или <считать смещением первую точку>: 
Команда: *Прервано*

Команда: Задайте противоположный угол или [Линия/РМн-угол/СМн-угол]: 
Команда: *Прервано*

Команда: *Прервано*

Команда: XX

Команда: 
Укажите внешний контур
Команда: 
Команда: 
Команда: 
Укажите начальную точку0,0

Команда: Задайте направление, указав 2 точки0,0
 Вторая точка: @1,0

Команда: 
Команда: 
Команда: 
Команда: Выполняется регенерация модели.

Команда: 
Команда: Выполняется регенерация модели.

Укажите точку верхнего левого угла таблицы: 11000,5000

Команда: 
Команда: Выполняется регенерация модели.

Команда: Выполняется регенерация модели.

Команда: 
Команда: 
Команда: 
Команда: Выполняется регенерация модели.

Команда: 
Укажите внешний контур
Команда: 
Команда: 
Команда: 
Укажите начальную точку6000,0

Команда: Задайте направление, указав 2 точки0,0
 Вторая точка: @1,0

Команда: 
Команда: 
Команда: 
Команда: Выполняется регенерация модели.

Команда: 
Команда: Выполняется регенерация модели.

Команда: 
Команда: Выполняется регенерация модели.

Команда: Выполняется регенерация модели.

Команда: 
Команда: 
Команда: 
Команда: Выполняется регенерация модели.

Команда: 
Укажите внешний контур

Команда: 
Команда: 
**** Системные переменные не изменены ****
DUMPALL

========== СНИМОК СОСТОЯНИЯ ==========
--- ОПОРЫ (слой опорыvb) --- ВСЕГО: 120
    цвет 221 : 120 шт
--- ЛАГИ (LINE на сеткаvb) --- линий: 32  длина: 120000 мм = 120 м
--- ПЛОЩАДЬ ---
    контур ('контур'): 30 м2
    областиvb: 0 м2
    контур - областиvb: 30 м2
--- СЛОИ ПЛАГИНА ---
    контур : вкл , объектов: 2
    опорыvb : вкл , объектов: 120
    опоры_текстvb : ВЫКЛ, объектов: 0
    сеткаvb : вкл , объектов: 32
    плиткаvb : вкл , объектов: 0
    областиvb : вкл , объектов: 0
    линии_высот : вкл , объектов: 0
--- ТАБЛИЦА [5 x 3] ---
   |Опоры|||
   |Наименование|Диапазон высот|Цвет|
   |LLOW12|<17|221|
   |LLOW20|17-25|2|
   |L0|25-35|1|
=====================================

Команда: 
Команда: TOTALDUMP

========== TOTAL TABLE DUMP ==========
--- TABLE #1 ---
    block = table_totl_1
    layer = 0
    1 = 120
    2 = 
    3 = 
    4 = 
    5 = 
    6 = 
    7 = 
    8 = 
    9 = 
    10 = 
    11 = 
    12 = 
    13 = 
    AREA = 30
    ITOG = 120
    CHPOL = -
    DOSKA = -
    LAG = -
    PLITKA = -
    VECTOR = 600
    PERP = 600
    LENGTH = 60
    QC = 0
    QR = 0
--- COUNT = 1 ---
======================================

Команда: 
Команда: *Прервано*

Команда: *Прервано*

Команда:  
Команда: 
