[ AutoCAD - Tue Jul 21 16:46:23 2026  ]----------------------------------------

Открывается файл формата AutoCAD 2018.
Подстановка [simplex.shx] вместо [GOST B].
Выполняется регенерация модели.


Утилиты меню AutoCAD загружены.
Команда: 

Файл Autodesk DWG. Это файл формата TrustedDWG, сохраненный в приложении Autodesk или в приложении, лицензированном корпорацией Autodesk.

Команда: 

Команда: 
Команда: ПАЛБЛОКИ

Команда: Выполняется регенерация модели.


Точка вставки или [Базовая точка/Масштаб/X/Y/Z/ПОворот]: *Прервано*

Команда: 

Точка вставки или [Базовая точка/Масштаб/X/Y/Z/ПОворот]: *Прервано*

Команда: 

Точка вставки или [Базовая точка/Масштаб/X/Y/Z/ПОворот]: *Прервано*

Команда: _APPLOAD
01_OPOR_PORT.lsp успешно загружено.


Команда: 
[OPOR] Загружено. Команды: OPOR, XX, OPORTIN, OPORSLOPE, OPORSLOPEWR, OPORHEIGHTCHECK, OPORWRITELEVEL, OPORAUTOLEVEL, OPORRING, OPORREGCHECK, OPORCHECK, OPORCLEAN, OPORDUMP, OPORTABLES, OPOROLD, OPORSHOW, OPORDEBUG.
check_dump.lsp загружен. Главная команда: DUMPALL
probe_height_check загружен. Команда: HEIGHTDUMP.
probe_write_level загружен. Команда: WRITELEVELDUMP.
probe_auto_level загружен. Команда: AUTOLEVELDUMP.
probe_slope загружен. Команды: SLOPEDUMP, SLOPECOLORS.
probe_tables загружен. Команда: TBLPROBE
probe_marks v2 загружен. Команда: MARKDUMP
probe_lines.lsp загружен. Команда: LINEDUMP
OPOR port загружен. Основная команда: OPOR (или XX).
Команда: 
Команда: OPOR

[OPOR] Блоки новых таблиц 3D загружены.
[OPOR] Проверка OPOR:
Версия: 3.19-tables-3d
Слои: OK
Блоки MVP: OK
Справочно, отсутствующие будущие блоки: 
- нетВыполняется регенерация модели.

Команда: 
[OPOR] Слоёв скрыто: 20
Выберите внешний контур OPOR: 
Команда: 
[OPOR] Проёмов найдено: 1Выполняется регенерация модели.

Команда: 
Начальная точка сетки <Enter = угол у длинного ребра>: 
Направление сетки <Enter = вдоль длинного ребра>: 
Точка вставки итоговой таблицы <Enter = справа от контура>: 
[OPOR] Контур 1 рассчитан: опор=68, длина лаг=30 м.
Команда: Выполняется регенерация модели.

Команда: 
[OPOR] Слоёв скрыто: 20
Выберите следующий внешний контур OPOR или Enter для завершения: 
Выполняется регенерация модели.

Команда: 
[OPOR] MVP завершён: опор=68, длина лаг=30 м, лаг=12 шт.
Команда: 

Команда: 
Команда: Выполняется регенерация листов.
Выполняется регенерация модели.
Выполняется регенерация листов.
Выполняется регенерация модели.
Выполняется регенерация модели.

Команда: _.erase найдено: 1

Команда: *Прервано*

Команда: *Прервано*

Команда:  
Команда: 
