[ AutoCAD - Wed Jul 15 16:11:29 2026  ]----------------------------------------

Открывается файл формата AutoCAD 2018.
Выполняется регенерация модели.

Загружаются DLL-файлы для работы с моделями.


Утилиты меню AutoCAD загружены.*Прервано*

Команда: 

Файл Autodesk DWG. Это файл формата TrustedDWG, сохраненный в приложении Autodesk или в приложении, лицензированном корпорацией Autodesk.

Команда: 

Команда: 
Команда: Задайте противоположный угол или [Линия/РМн-угол/СМн-угол]: 
Команда: 
Команда: 
Команда: _move найдено: 443

Базовая точка или [Смещение] <Смещение>: 
Вторая точка или <считать смещением первую точку>: 
Команда: _APPLOAD
Успешно загружено файлов: 2.


Команда: 
[OPOR] Загружено. Команды: OPOR, XX, OPORTIN, OPORSLOPE, OPORSLOPEWR, OPORHEIGHTCHECK, OPORWRITELEVEL, OPORAUTOLEVEL, OPORRING, OPORREGCHECK, OPORCHECK, OPORCLEAN, OPORDUMP, OPORTABLES, OPOROLD, OPORSHOW, OPORDEBUG.
check_dump.lsp загружен. Главная команда: DUMPALL
probe_height_check загружен. Команда: HEIGHTDUMP.
probe_write_level загружен. Команда: WRITELEVELDUMP.
probe_auto_level загружен. Команда: AUTOLEVELDUMP.
probe_slope загружен. Команды: SLOPEDUMP, SLOPECOLORS.
probe_tables загружен. Команда: TBLPROBE
probe_marks v2 загружен. Команда: MARKDUMP
probe_lines.lsp загружен. Команда: LINEDUMP
OPOR port загружен. Основная команда: OPOR (или XX).
Команда: 
[ETS] make_etalons загружен. Команды: ETS1 (контур), ETS3 (+проём), ETS2 (+высоты). Порядок: ETS1 -> ETS3 -> ETS2, с _SAVEAS между шагами.
[ETS7] make_slope_etalons загружен. Команда: ETS7.
[ETS8] make_height_check_etalons загружен. Команда: ETS8.
[ETS9] make_write_level_etalons загружен. Команда: ETS9.
[ETS10] make_auto_level_etalons загружен. Команда: ETS10.
[ETS11] make_ring_etalons загружен. Команда: ETS11.
[ETS12] make_regcheck_etalons загружен. Команда: ETS12.
[ETS13] make_multicontour_etalons загружен. Команда: ETS13.
[ETS14] make_multicontour_var_etalons загружен. Команда: ETS14.
[ETS15] make_tin_etalons загружен. Команды: ETS15, ETS15MANUAL.
[ETS16] make_tin_robust_etalons загружен. Команды: ETS16, ETS16MANUAL, ETS16CLEARMANUAL, ETS16MISSING, ETS16CONFLICT.
check_dump.lsp загружен. Главная команда: DUMPALL
probe_height_check загружен. Команда: HEIGHTDUMP.
probe_write_level загружен. Команда: WRITELEVELDUMP.
probe_auto_level загружен. Команда: AUTOLEVELDUMP.
probe_ring загружен. Команда: RINGDUMP.
probe_slope загружен. Команды: SLOPEDUMP, SLOPECOLORS.
probe_tables загружен. Команда: TBLPROBE
probe_total_tables загружен. Команда: TOTALDUMP.
probe_marks v2 загружен. Команда: MARKDUMP
probe_lines.lsp загружен. Команда: LINEDUMP
probe_tin загружен. Команда: TINDUMP.
Тестовые инструменты загружены: ETS1/ETS2/ETS3/ETS7/ETS8/ETS9/ETS10/ETS11/ETS12/ETS13/ETS14/ETS15/ETS16 и диагностика.
Команда: 
Команда: ETS16

Команда: 
[ETS16] Готово: вогнутый контур, один проём, 16 отметок на плоскости.
[ETS16] OPORTIN: ожидается отметок=16, raw=25, constrained TIN=22, вне области=3.
[ETS16] После TIN: TINDUMP -> TRI=22, XDATA_TIN=22, HOLES=1, BAD_CENTROIDS=0.

Команда: 
Команда: Противоположный угол: 
Команда: 
Команда: 
Команда: _move найдено: 1

Базовая точка или [Смещение] <Смещение>: 
Вторая точка или <считать смещением первую точку>: 
Команда: *Прервано*

Команда: Противоположный угол: 
Команда: 
Команда: 
Команда: _move найдено: 1

Базовая точка или [Смещение] <Смещение>: 
Вторая точка или <считать смещением первую точку>: 
Команда: *Прервано*

Команда: Задайте противоположный угол или [Линия/РМн-угол/СМн-угол]: 
Команда: Задайте противоположный угол или [Линия/РМн-угол/СМн-угол]: 
Команда: Задайте противоположный угол или [Линия/РМн-угол/СМн-угол]: 
Команда: Задайте противоположный угол или [Линия/РМн-угол/СМн-угол]: 
Команда: *Прервано*

Команда: OPORTIN

Выберите внешний контур OPOR: 
Команда: 
[OPOR] Проёмов найдено: 1
[OPOR] TIN завершён: отметок=16, треугольников=22, вне области=3, рёбер=10, flips=1, заменено=0.
Команда: T

Команда: 
Команда: TINDUMP

===== TINDUMP =====
TRI=22 XDATA_TIN=22 MANUAL_TRI=0 VERTICES=16 OUTERS=1 HOLES=1 BAD_CENTROIDS=0
TIN 0,0|0,6000|1000,3500
TIN 0,0|1000,1500|1000,3500
TIN 0,0|1000,1500|1000,500
TIN 0,0|1000,500|2000,500
TIN 0,0|2000,500|6000,0
TIN 0,6000|1000,3500|1000,5000
TIN 0,6000|1000,5000|3500,6000
TIN 1000,1500|1000,3500|2000,1500
TIN 1000,3500|1000,5000|2500,5000
TIN 1000,3500|2000,1500|2500,3500
TIN 1000,3500|2500,3500|2500,5000
TIN 1000,5000|2500,5000|3500,6000
TIN 2000,1500|2000,500|3000,1000
TIN 2000,1500|2500,3500|3500,2000
TIN 2000,1500|3000,1000|3500,2000
TIN 2000,500|3000,1000|6000,0
TIN 2500,3500|2500,5000|3500,6000
TIN 2500,3500|3500,2000|3500,6000
TIN 3000,1000|3500,2000|5000,1000
TIN 3000,1000|5000,1000|6000,0
TIN 3500,2000|5000,1000|6000,2000
TIN 5000,1000|6000,0|6000,2000
SUPPORTS=0 IN_HOLES=0
===== END TINDUMP =====

Команда: 
Команда: ETS16MANUAL

[ETS16MANUAL] Добавлена одна ручная область без XData.
[ETS16MANUAL] Повтори OPORTIN: должно стать TRI=23, XDATA_TIN=22, MANUAL_TRI=1.

Команда: 
Команда: OPORTIN

Выберите внешний контур OPOR: 
Команда: 
[OPOR] Проёмов найдено: 1
[OPOR] TIN завершён: отметок=16, треугольников=22, вне области=3, рёбер=10, flips=1, заменено=22.
Команда: T

Команда: 
Команда: 
Команда: *Прервано*

Команда: TINDUMP

===== TINDUMP =====
TRI=23 XDATA_TIN=22 MANUAL_TRI=1 VERTICES=16 OUTERS=1 HOLES=1 BAD_CENTROIDS=0
TIN 0,0|0,6000|1000,3500
TIN 0,0|1000,1500|1000,3500
TIN 0,0|1000,1500|1000,500
TIN 0,0|1000,500|2000,500
TIN 0,0|2000,500|6000,0
TIN 0,6000|1000,3500|1000,5000
TIN 0,6000|1000,5000|2500,5000
TIN 0,6000|1000,5000|3500,6000
TIN 1000,1500|1000,3500|2000,1500
TIN 1000,3500|1000,5000|2500,5000
TIN 1000,3500|2000,1500|2500,3500
TIN 1000,3500|2500,3500|2500,5000
TIN 1000,5000|2500,5000|3500,6000
TIN 2000,1500|2000,500|3000,1000
TIN 2000,1500|2500,3500|3500,2000
TIN 2000,1500|3000,1000|3500,2000
TIN 2000,500|3000,1000|6000,0
TIN 2500,3500|2500,5000|3500,6000
TIN 2500,3500|3500,2000|3500,6000
TIN 3000,1000|3500,2000|5000,1000
TIN 3000,1000|5000,1000|6000,0
TIN 3500,2000|5000,1000|6000,2000
TIN 5000,1000|6000,0|6000,2000
SUPPORTS=0 IN_HOLES=0
===== END TINDUMP =====

Команда: 
Команда: ETS16CLEARMANUAL

[ETS16CLEARMANUAL] Ручная контрольная область удалена.

Команда: 
Команда: OPOR

[OPOR] Проверка OPOR:
Версия: 3.18-tin-constrained
Слои: OK
Блоки MVP: OK
Справочно, отсутствующие будущие блоки: 
- нетВыполняется регенерация модели.

Команда: 
[OPOR] Слоёв скрыто: 11
Выберите внешний контур OPOR: 
Команда: 
[OPOR] Проёмов найдено: 1Выполняется регенерация модели.

Команда: 
Начальная точка сетки <Enter = угол у длинного ребра>: *Прервано*

Команда: nil

Команда: 
Команда: OPOR

[OPOR] Проверка OPOR:
Версия: 3.18-tin-constrained
Слои: OK
Блоки MVP: OK
Справочно, отсутствующие будущие блоки: 
- нетВыполняется регенерация модели.

Команда: 
[OPOR] Слоёв скрыто: 11
Выберите внешний контур OPOR: 
Команда: 
[OPOR] Проёмов найдено: 1Выполняется регенерация модели.

Команда: 
Начальная точка сетки <Enter = угол у длинного ребра>: 0,0

Направление сетки <Enter = вдоль длинного ребра>: @1<0

Точка вставки итоговой таблицы <Enter = справа от контура>: 

[OPOR] Контур 1 рассчитан: опор=113, длина лаг=51 м, ошибок высот=0.
Команда: Выполняется регенерация модели.

Команда: 
[OPOR] Слоёв скрыто: 11
Выберите следующий внешний контур OPOR или Enter для завершения: 
Выполняется регенерация модели.

Команда: 
[OPOR] Var завершён: опор=113, длина лаг=51 м, лаг=14 шт, ошибок высот=0, областей=22, треугольников=22.
Команда: 

Команда: 
Команда: Задайте противоположный угол или [Линия/РМн-угол/СМн-угол]: 
Команда: *Прервано*

Команда: TINDUMP

===== TINDUMP =====
TRI=22 XDATA_TIN=22 MANUAL_TRI=0 VERTICES=16 OUTERS=1 HOLES=1 BAD_CENTROIDS=0
TIN 0,0|0,6000|1000,3500
TIN 0,0|1000,1500|1000,3500
TIN 0,0|1000,1500|1000,500
TIN 0,0|1000,500|2000,500
TIN 0,0|2000,500|6000,0
TIN 0,6000|1000,3500|1000,5000
TIN 0,6000|1000,5000|3500,6000
TIN 1000,1500|1000,3500|2000,1500
TIN 1000,3500|1000,5000|2500,5000
TIN 1000,3500|2000,1500|2500,3500
TIN 1000,3500|2500,3500|2500,5000
TIN 1000,5000|2500,5000|3500,6000
TIN 2000,1500|2000,500|3000,1000
TIN 2000,1500|2500,3500|3500,2000
TIN 2000,1500|3000,1000|3500,2000
TIN 2000,500|3000,1000|6000,0
TIN 2500,3500|2500,5000|3500,6000
TIN 2500,3500|3500,2000|3500,6000
TIN 3000,1000|3500,2000|5000,1000
TIN 3000,1000|5000,1000|6000,0
TIN 3500,2000|5000,1000|6000,2000
TIN 5000,1000|6000,0|6000,2000
SUPPORTS=113 IN_HOLES=0
SUPPORT 1|25=1
SUPPORT 2|17=9
SUPPORT 2|18=9
SUPPORT 2|19=6
SUPPORT 2|20=8
SUPPORT 2|21=4
SUPPORT 2|22=3
SUPPORT 2|23=3
SUPPORT 2|24=2
SUPPORT 221|10=3
SUPPORT 221|11=8
SUPPORT 221|12=9
SUPPORT 221|13=15
SUPPORT 221|14=12
SUPPORT 221|15=9
SUPPORT 221|16=1
SUPPORT 221|6=1
SUPPORT 221|7=2
SUPPORT 221|8=3
SUPPORT 221|9=5
===== END TINDUMP =====

Команда: 
Команда: *Прервано*

Команда: *Прервано*

Команда:  
Команда: 
