[ AutoCAD - Wed Jul 22 11:23:33 2026  ]----------------------------------------

Открывается файл формата AutoCAD 2018.
Выполняется регенерация модели.


Утилиты меню AutoCAD загружены.
Команда: 

Файл Autodesk DWG. Это файл формата TrustedDWG, сохраненный в приложении Autodesk или в приложении, лицензированном корпорацией Autodesk.

Команда: 

Команда: 
Команда: _APPLOAD
01_OPOR_PORT.lsp успешно загружено.


Команда: 
[OPOR] Загружено. Команды: OPOR, XX, OPORTIN, OPORSLOPE, OPORSLOPEWR, OPORHEIGHTCHECK, OPORWRITELEVEL, OPORAUTOLEVEL, OPORRING, OPORREGCHECK, OPORCHECK, OPORCLEAN, OPORDUMP, OPORTABLES, OPOROLD, OPORSHOW, OPORDEBUG.
check_dump.lsp загружен. Главная команда: DUMPALL
probe_height_check загружен. Команда: HEIGHTDUMP.
probe_write_level загружен. Команда: WRITELEVELDUMP.
probe_auto_level загружен. Команда: AUTOLEVELDUMP.
probe_slope загружен. Команды: SLOPEDUMP, SLOPECOLORS.
probe_tables загружен. Команда: TBLPROBE
probe_marks v2 загружен. Команда: MARKDUMP
probe_lines.lsp загружен. Команда: LINEDUMP
OPOR port загружен. Основная команда: OPOR (или XX).
Команда: 
Команда: OPORCLEAN

Очистка OPOR [Session/All] <All>: 

[OPOR] Удалено объектов: 118

Команда: 
Команда: 
OPORCLEAN

Очистка OPOR [Session/All] <All>: *Прервано*
nil

Команда: 
Команда: *Прервано*

Команда: OPOR

[OPOR] Проверка OPOR:
Версия: 3.24-table-extras
Слои: OK
Блоки MVP: OK
Справочно, отсутствующие будущие блоки: 
- нетВыполняется регенерация модели.

Команда: 
[OPOR] Слоёв скрыто: 11
Выберите внешний контур OPOR: 
Команда: 
[OPOR] Проёмов найдено: 0Выполняется регенерация модели.

Команда: 
Начальная точка сетки <Enter = угол у длинного ребра>: 
Направление сетки <Enter = вдоль длинного ребра>: 
Точка вставки итоговой таблицы <Enter = справа от контура>: 
[OPOR] Контур 1 рассчитан: опор=61, длина лаг=30 м, ошибок высот=61.
Команда: Выполняется регенерация модели.

Команда: 
[OPOR] Слоёв скрыто: 11
Выберите следующий внешний контур OPOR или Enter для завершения: 
Выполняется регенерация модели.

Команда: 
[OPOR] Var завершён: опор=61, длина лаг=30 м, лаг=10 шт, ошибок высот=61, областей=4, треугольников=4, крепёж лаги (Level TOP 3D)=61.
Команда: 

Команда: 
Команда: OPORTABLES

========== OPOR TOTAL TABLE BLOCKS ==========
--- TABLE #1 ---
    block: OPOR_SUPPORT_SPEC_3D
    handle: 35904
    layer: контур
    session: 20260722_11235001-94605546
      SUP_3D_35_50 = 0
      SUP_3D_50_80 = 0
      SUP_3D_80_140 = 0
      SUP_3D_95_155 = 0
      SUP_3D_145_240 = 0
      SUP_3D_160_270 = 0
      SUP_3D_205_340 = 0
      SUP_3D_235_400 = 0
      SUP_3D_315_530 = 0
      SUP_3D_390_660 = 0
      SUP_TOTAL = 0
--- TABLE #2 ---
    block: OPOR_PARAMS_BOARD
    handle: 35911
    layer: контур
    session: 20260722_11235001-94605546
      COVERING = Доска 160\U+00D727\U+00D73000
      AREA = 15
      LAG_TYPE = Frame 40\U+00D749 мм
      LAG_LENGTH = 30
      STEP_X = 600
      STEP_Y = 600
      FLOOR = 101
--- TABLE #3 ---
    block: OPOR_PARAMS_EXTRA_ROW
    handle: 35924
    layer: контур
    session: 20260722_11235001-94605546
      LABEL = Кол-во лаг, шт
      VALUE = 10
--- TABLE #4 ---
    block: OPOR_PARAMS_EXTRA_ROW
    handle: 35928
    layer: контур
    session: 20260722_11235001-94605546
      LABEL = Крепёж лаг
      VALUE = Level TOP 3D — 61 шт
============================================

Команда: 
Команда: OPORCLEAN

Очистка OPOR [Session/All] <All>: 

[OPOR] Удалено объектов: 75

Команда: 
Команда: OPOR

[OPOR] Проверка OPOR:
Версия: 3.24-table-extras
Слои: OK
Блоки MVP: OK
Справочно, отсутствующие будущие блоки: 
- нетВыполняется регенерация модели.

Команда: 
[OPOR] Слоёв скрыто: 11
Выберите внешний контур OPOR: 
Команда: 
[OPOR] Проёмов найдено: 0Выполняется регенерация модели.

Команда: 
Начальная точка сетки <Enter = угол у длинного ребра>: 
Направление сетки <Enter = вдоль длинного ребра>: 
Точка вставки итоговой таблицы <Enter = справа от контура>: 
[OPOR] Контур 1 рассчитан: опор=61, длина лаг=30 м, ошибок высот=0.
Команда: Выполняется регенерация модели.

Команда: 
[OPOR] Слоёв скрыто: 11
Выберите следующий внешний контур OPOR или Enter для завершения: 
Выполняется регенерация модели.

Команда: 
[OPOR] Var завершён: опор=61, длина лаг=30 м, лаг=10 шт, ошибок высот=0, областей=4, треугольников=4, плитки: целых=40, обрезанных=5, крепёж плитки (Level Tile)=60.
Команда: 

Команда: 
Команда: OPORTABLES

========== OPOR TOTAL TABLE BLOCKS ==========
--- TABLE #1 ---
    block: OPOR_SUPPORT_SPEC_PRO
    handle: 35C69
    layer: контур
    session: 20260722_112442-94657328
      SUP_PRO_LOW12 = 0
      SUP_PRO_LOW20 = 0
      SUP_PRO_25_35 = 0
      SUP_PRO_35_50 = 0
      SUP_PRO_50_80 = 59
      SUP_PRO_80_140 = 2
      SUP_PRO_95_155 = 0
      SUP_PRO_145_240 = 0
      SUP_PRO_160_270 = 0
      SUP_PRO_205_340 = 0
      SUP_PRO_235_400 = 0
      SUP_PRO_315_530 = 0
      SUP_PRO_390_660 = 0
      SUP_TOTAL = 61
--- TABLE #2 ---
    block: OPOR_PARAMS_TILE
    handle: 35C79
    layer: контур
    session: 20260722_112442-94657328
      AREA = 15
      COVERING = Плитка 600\U+00D7600\U+00D720
      STEP_SUPPORT = 600
      FLOOR = 101
--- TABLE #3 ---
    block: OPOR_PARAMS_EXTRA_ROW
    handle: 35C7F
    layer: контур
    session: 20260722_112442-94657328
      LABEL = Кол-во лаг, шт
      VALUE = 10
--- TABLE #4 ---
    block: OPOR_PARAMS_EXTRA_ROW
    handle: 35C83
    layer: контур
    session: 20260722_112442-94657328
      LABEL = Крепёж покрытия
      VALUE = Level Tile — 60 шт
============================================

Команда: 
Команда: 
Команда: 
Команда: _line 
Первая точка: 
Следующая точка или [оТменить]: *Прервано*

Команда: 
Команда: 
Команда: *Прервано*

Команда: OPORCLEAN

Очистка OPOR [Session/All] <All>: 

[OPOR] Удалено объектов: 120

Команда: 
Команда: OPOR

[OPOR] Проверка OPOR:
Версия: 3.24-table-extras
Слои: OK
Блоки MVP: OK
Справочно, отсутствующие будущие блоки: 
- нетВыполняется регенерация модели.

Команда: 
[OPOR] Слоёв скрыто: 11
Выберите внешний контур OPOR: 
Команда: 
[OPOR] Проёмов найдено: 0Выполняется регенерация модели.

Команда: 
Начальная точка сетки <Enter = угол у длинного ребра>: 
Направление сетки <Enter = вдоль длинного ребра>: 
Точка вставки итоговой таблицы <Enter = справа от контура>: 
[OPOR] Контур 1 рассчитан: опор=61, длина лаг=30 м, ошибок высот=0.
Команда: Выполняется регенерация модели.

Команда: 
[OPOR] Слоёв скрыто: 11
Выберите следующий внешний контур OPOR или Enter для завершения: 
Выполняется регенерация модели.

Команда: 
[OPOR] Var завершён: опор=61, длина лаг=30 м, лаг=10 шт, ошибок высот=0, областей=4, треугольников=4, крепёж лаги (Level TOP 3D)=61, крепёж плитки (Level Tile 3D)=60.
Команда: 

Команда: 
Команда: OPORTABLES

========== OPOR TOTAL TABLE BLOCKS ==========
--- TABLE #1 ---
    block: OPOR_SUPPORT_SPEC_3D
    handle: 35E17
    layer: контур
    session: 20260722_112952-94966843
      SUP_3D_35_50 = 0
      SUP_3D_50_80 = 61
      SUP_3D_80_140 = 0
      SUP_3D_95_155 = 0
      SUP_3D_145_240 = 0
      SUP_3D_160_270 = 0
      SUP_3D_205_340 = 0
      SUP_3D_235_400 = 0
      SUP_3D_315_530 = 0
      SUP_3D_390_660 = 0
      SUP_TOTAL = 61
--- TABLE #2 ---
    block: OPOR_PARAMS_BOARD
    handle: 35E24
    layer: контур
    session: 20260722_112952-94966843
      COVERING = Доска 160\U+00D727\U+00D73000
      AREA = 15
      LAG_TYPE = Frame 40\U+00D749 мм
      LAG_LENGTH = 30
      STEP_X = 600
      STEP_Y = 600
      FLOOR = 151
--- TABLE #3 ---
    block: OPOR_PARAMS_EXTRA_ROW
    handle: 35E2D
    layer: контур
    session: 20260722_112952-94966843
      LABEL = Кол-во лаг, шт
      VALUE = 10
--- TABLE #4 ---
    block: OPOR_PARAMS_EXTRA_ROW
    handle: 35E31
    layer: контур
    session: 20260722_112952-94966843
      LABEL = Крепёж лаг
      VALUE = Level TOP 3D — 61 шт
--- TABLE #5 ---
    block: OPOR_PARAMS_EXTRA_ROW
    handle: 35E35
    layer: контур
    session: 20260722_112952-94966843
      LABEL = Крепёж покрытия
      VALUE = Level Tile 3D — 60 шт
============================================

Команда: 
Команда: *Прервано*

Команда: *Прервано*

Команда:  
Команда: 
