[ AutoCAD - Wed Jul 22 14:27:48 2026  ]----------------------------------------

Открывается файл формата AutoCAD 2018.
Выполняется регенерация модели.


Утилиты меню AutoCAD загружены.
Команда: 

Файл Autodesk DWG. Это файл формата TrustedDWG, сохраненный в приложении Autodesk или в приложении, лицензированном корпорацией Autodesk.

Команда: 

Команда: 
Команда: _APPLOAD
01_OPOR_PORT.lsp успешно загружено.


Команда: 
[OPOR] Загружено. Команды: OPOR, XX, OPORTIN, OPORSLOPE, OPORSLOPEWR, OPORHEIGHTCHECK, OPORWRITELEVEL, OPORAUTOLEVEL, OPORRING, OPORREGCHECK, OPORCHECK, OPORCLEAN, OPORDUMP, OPORTABLES, OPOROLD, OPORSHOW, OPORDEBUG.
check_dump.lsp загружен. Главная команда: DUMPALL
probe_height_check загружен. Команда: HEIGHTDUMP.
probe_write_level загружен. Команда: WRITELEVELDUMP.
probe_auto_level загружен. Команда: AUTOLEVELDUMP.
probe_slope загружен. Команды: SLOPEDUMP, SLOPECOLORS.
probe_tables загружен. Команда: TBLPROBE
probe_marks v2 загружен. Команда: MARKDUMP
probe_lines.lsp загружен. Команда: LINEDUMP
OPOR port загружен. Основная команда: OPOR (или XX).
Команда: 
Команда: OPORCLEAN

Очистка OPOR [Session/All] <All>: 

[OPOR] Удалено объектов: 137

Команда: 
Команда: OPOR

[OPOR] Проверка OPOR:
Версия: 3.28-double-lag-layout
Слои: OK
Блоки MVP: OK
Размерный стиль ISO-25: OK
Справочно, отсутствующие будущие блоки: 
- нетВыполняется регенерация модели.

Команда: 
[OPOR] Слоёв скрыто: 11
Выберите внешний контур OPOR: 
Команда: 
[OPOR] Проёмов найдено: 0Выполняется регенерация модели.

Команда: 
Начальная точка сетки <Enter = угол у длинного ребра>: 
Направление сетки <Enter = вдоль длинного ребра>: 
Точка вставки итоговой таблицы <Enter = справа от контура>: 
[OPOR] Контур 1 рассчитан: опор=101, длина лаг=42 м, ошибок высот=101.
Команда: Выполняется регенерация модели.

Команда: 
[OPOR] Слоёв скрыто: 11
Выберите следующий внешний контур OPOR или Enter для завершения: 
Выполняется регенерация модели.

Команда: 
[OPOR] Заголовок чертежа: Разбивка опор Level 3D.
[OPOR] Var завершён: опор=101, длина лаг=42 м, лаг=14 шт, ошибок высот=101, областей=4, треугольников=4, П9: доска=3000, раскладка=1/2, стык=1500, парных сегментов=6, шахматных опор=18.
Команда: 

Команда: 
Команда: OPORDUMP

========== OPOR NEW OBJECT DUMP ==========

===== SESSION 20260722_142802-105658359 =====
--- ПО ТИПАМ XDATA ---
    drawing-title : 1
    grid-dbl-primary : 3
    grid-dbl-secondary : 3
    grid-v : 8
    support : 101
    table-extra-row : 1
    table-params : 1
    table-support : 1
--- ПО СЛОЯМ ---
    контур : 4
    опорыvb : 101
    сеткаvb : 14
--- НОВАЯ СЕТКА --- линий: 14  длина: 42000 мм = 42 м
    grid-v: 8 линий, 24 м, min 3000 мм
    grid-p: 0 линий, 0 м, min - мм
    session grid lag: 42 м
    index ranges: v=(-3 13) p=(-3 9)
    boundary lag candidate: 0 м, mode=all
      outer: 0 м, holes: 0 м
    П5 лаги: рядов=14, поперечных удалено=7
    П9 сдвоенные лаги: доска=3000, раскладка=сдвиг 1/2, стык через=1500, сегментов пары=6, заменено обычных=3, шахматных опор=18
    support split: vertices=5 border=34 nodes=62
    border filter: raw=42 after-vertices=34
    node filter: raw=95 after-self=95 after-vertices=90 after-border=62
    крепёж: лаги= x0, плитки= x0 (шаг 0)
    levels: marks=5 polylines=4 vertices=5 missing-marks=0 triangles=4 height-errors=101
--- НОВЫЕ ОПОРЫ --- всего: 101
    цвет 30 : 101 шт
--- НОВЫЕ ТАБЛИЦЫ --- всего: 3
    блок: OPOR_PARAMS_EXTRA_ROW
      LABEL = Кол-во лаг, шт
      VALUE = 14
    блок: OPOR_PARAMS_BOARD
      COVERING = Доска 160\U+00D727\U+00D73000
      AREA = 15
      LAG_TYPE = Frame 40\U+00D749 мм
      LAG_LENGTH = 42
      STEP_X = 500
      STEP_Y = 500
      FLOOR = 101
    блок: OPOR_SUPPORT_SPEC_3D
      SUP_3D_35_50 = 0
      SUP_3D_50_80 = 0
      SUP_3D_80_140 = 0
      SUP_3D_95_155 = 0
      SUP_3D_145_240 = 0
      SUP_3D_160_270 = 0
      SUP_3D_205_340 = 0
      SUP_3D_235_400 = 0
      SUP_3D_315_530 = 0
      SUP_3D_390_660 = 0
      SUP_TOTAL = 0
=========================================

Команда: 
Команда: OPORTABLES

========== OPOR TOTAL TABLE BLOCKS ==========
--- TABLE #1 ---
    block: OPOR_SUPPORT_SPEC_3D
    handle: 36690
    layer: контур
    session: 20260722_142802-105658359
      SUP_3D_35_50 = 0
      SUP_3D_50_80 = 0
      SUP_3D_80_140 = 0
      SUP_3D_95_155 = 0
      SUP_3D_145_240 = 0
      SUP_3D_160_270 = 0
      SUP_3D_205_340 = 0
      SUP_3D_235_400 = 0
      SUP_3D_315_530 = 0
      SUP_3D_390_660 = 0
      SUP_TOTAL = 0
--- TABLE #2 ---
    block: OPOR_PARAMS_BOARD
    handle: 3669D
    layer: контур
    session: 20260722_142802-105658359
      COVERING = Доска 160\U+00D727\U+00D73000
      AREA = 15
      LAG_TYPE = Frame 40\U+00D749 мм
      LAG_LENGTH = 42
      STEP_X = 500
      STEP_Y = 500
      FLOOR = 101
--- TABLE #3 ---
    block: OPOR_PARAMS_EXTRA_ROW
    handle: 366A6
    layer: контур
    session: 20260722_142802-105658359
      LABEL = Кол-во лаг, шт
      VALUE = 14
============================================

Команда: 
Команда: OPORCLEAN

Очистка OPOR [Session/All] <All>: 

[OPOR] Удалено объектов: 119

Команда: 
Команда: OPOR

[OPOR] Проверка OPOR:
Версия: 3.28-double-lag-layout
Слои: OK
Блоки MVP: OK
Размерный стиль ISO-25: OK
Справочно, отсутствующие будущие блоки: 
- нетВыполняется регенерация модели.

Команда: 
[OPOR] Слоёв скрыто: 11
Выберите внешний контур OPOR: 
Команда: 
[OPOR] Проёмов найдено: 0Выполняется регенерация модели.

Команда: 
Начальная точка сетки <Enter = угол у длинного ребра>: *Прервано*

Команда: nil

Команда: 
Команда: OPOR

[OPOR] Проверка OPOR:
Версия: 3.28-double-lag-layout
Слои: OK
Блоки MVP: OK
Размерный стиль ISO-25: OK
Справочно, отсутствующие будущие блоки: 
- нетВыполняется регенерация модели.

Команда: 
[OPOR] Слоёв скрыто: 11
Выберите внешний контур OPOR: 
Команда: 
[OPOR] Проёмов найдено: 0Выполняется регенерация модели.

Команда: 
Начальная точка сетки <Enter = угол у длинного ребра>: 
Направление сетки <Enter = вдоль длинного ребра>: 
Точка вставки итоговой таблицы <Enter = справа от контура>: 
[OPOR] Контур 1 рассчитан: опор=101, длина лаг=42 м, ошибок высот=0.
Команда: Выполняется регенерация модели.

Команда: 
[OPOR] Слоёв скрыто: 11
Выберите следующий внешний контур OPOR или Enter для завершения: 
Выполняется регенерация модели.

Команда: 
[OPOR] Заголовок чертежа: Разбивка опор Level PRO.
[OPOR] Var завершён: опор=101, длина лаг=42 м, лаг=14 шт, ошибок высот=0, областей=4, треугольников=4, П9: доска=3000, раскладка=1/2, стык=1500, парных сегментов=6, шахматных опор=18.
Команда: 

Команда: 
Команда: OPORDUMP

========== OPOR NEW OBJECT DUMP ==========

===== SESSION 20260722_143036-105812296 =====
--- ПО ТИПАМ XDATA ---
    drawing-title : 1
    grid-dbl-primary : 3
    grid-dbl-secondary : 3
    grid-v : 8
    support : 101
    table-extra-row : 1
    table-params : 1
    table-support : 1
--- ПО СЛОЯМ ---
    контур : 4
    опорыvb : 101
    сеткаvb : 14
--- НОВАЯ СЕТКА --- линий: 14  длина: 42000 мм = 42 м
    grid-v: 8 линий, 24 м, min 3000 мм
    grid-p: 0 линий, 0 м, min - мм
    session grid lag: 42 м
    index ranges: v=(-3 13) p=(-3 9)
    boundary lag candidate: 0 м, mode=all
      outer: 0 м, holes: 0 м
    П5 лаги: рядов=14, поперечных удалено=7
    П9 сдвоенные лаги: доска=3000, раскладка=сдвиг 1/2, стык через=1500, сегментов пары=6, заменено обычных=3, шахматных опор=18
    support split: vertices=5 border=34 nodes=62
    border filter: raw=42 after-vertices=34
    node filter: raw=95 after-self=95 after-vertices=90 after-border=62
    крепёж: лаги= x0, плитки= x0 (шаг 0)
    levels: marks=5 polylines=4 vertices=5 missing-marks=0 triangles=4 height-errors=0
--- НОВЫЕ ОПОРЫ --- всего: 101
    цвет 1 : 1 шт
    цвет 2 : 34 шт
    цвет 221 : 66 шт
--- НОВЫЕ ТАБЛИЦЫ --- всего: 3
    блок: OPOR_PARAMS_EXTRA_ROW
      LABEL = Кол-во лаг, шт
      VALUE = 14
    блок: OPOR_PARAMS_BOARD
      COVERING = Доска 160\U+00D727\U+00D73000
      AREA = 15
      LAG_TYPE = Frame 40\U+00D749 мм
      LAG_LENGTH = 42
      STEP_X = 500
      STEP_Y = 500
      FLOOR = 101
    блок: OPOR_SUPPORT_SPEC_PRO
      SUP_PRO_LOW12 = 66
      SUP_PRO_LOW20 = 34
      SUP_PRO_25_35 = 1
      SUP_PRO_35_50 = 0
      SUP_PRO_50_80 = 0
      SUP_PRO_80_140 = 0
      SUP_PRO_95_155 = 0
      SUP_PRO_145_240 = 0
      SUP_PRO_160_270 = 0
      SUP_PRO_205_340 = 0
      SUP_PRO_235_400 = 0
      SUP_PRO_315_530 = 0
      SUP_PRO_390_660 = 0
      SUP_TOTAL = 101
=========================================

Команда: 
Команда: OPORTABLES

========== OPOR TOTAL TABLE BLOCKS ==========
--- TABLE #1 ---
    block: OPOR_SUPPORT_SPEC_PRO
    handle: 36956
    layer: контур
    session: 20260722_143036-105812296
      SUP_PRO_LOW12 = 66
      SUP_PRO_LOW20 = 34
      SUP_PRO_25_35 = 1
      SUP_PRO_35_50 = 0
      SUP_PRO_50_80 = 0
      SUP_PRO_80_140 = 0
      SUP_PRO_95_155 = 0
      SUP_PRO_145_240 = 0
      SUP_PRO_160_270 = 0
      SUP_PRO_205_340 = 0
      SUP_PRO_235_400 = 0
      SUP_PRO_315_530 = 0
      SUP_PRO_390_660 = 0
      SUP_TOTAL = 101
--- TABLE #2 ---
    block: OPOR_PARAMS_BOARD
    handle: 36966
    layer: контур
    session: 20260722_143036-105812296
      COVERING = Доска 160\U+00D727\U+00D73000
      AREA = 15
      LAG_TYPE = Frame 40\U+00D749 мм
      LAG_LENGTH = 42
      STEP_X = 500
      STEP_Y = 500
      FLOOR = 101
--- TABLE #3 ---
    block: OPOR_PARAMS_EXTRA_ROW
    handle: 3696F
    layer: контур
    session: 20260722_143036-105812296
      LABEL = Кол-во лаг, шт
      VALUE = 14
============================================

Команда: 
Команда: *Прервано*

Команда: *Прервано*

Команда:  
Команда: 
