[ AutoCAD - Wed Jul 22 10:09:22 2026  ]----------------------------------------

Открывается файл формата AutoCAD 2018.
Выполняется регенерация модели.


Утилиты меню AutoCAD загружены.
Команда: 

Файл Autodesk DWG. Это файл формата TrustedDWG, сохраненный в приложении Autodesk или в приложении, лицензированном корпорацией Autodesk.

Команда: 

Команда: 
Команда: Противоположный угол: 
Команда: *Прервано*

Команда: _APPLOAD
01_OPOR_PORT.lsp успешно загружено.


Команда: 
[OPOR] Загружено. Команды: OPOR, XX, OPORTIN, OPORSLOPE, OPORSLOPEWR, OPORHEIGHTCHECK, OPORWRITELEVEL, OPORAUTOLEVEL, OPORRING, OPORREGCHECK, OPORCHECK, OPORCLEAN, OPORDUMP, OPORTABLES, OPOROLD, OPORSHOW, OPORDEBUG.
check_dump.lsp загружен. Главная команда: DUMPALL
probe_height_check загружен. Команда: HEIGHTDUMP.
probe_write_level загружен. Команда: WRITELEVELDUMP.
probe_auto_level загружен. Команда: AUTOLEVELDUMP.
probe_slope загружен. Команды: SLOPEDUMP, SLOPECOLORS.
probe_tables загружен. Команда: TBLPROBE
probe_marks v2 загружен. Команда: MARKDUMP
probe_lines.lsp загружен. Команда: LINEDUMP
OPOR port загружен. Основная команда: OPOR (или XX).
Команда: 
Команда: OPOR

[OPOR] Проверка OPOR:
Версия: 3.21-lines-3d-pro
Слои: OK
Блоки MVP: OK
Справочно, отсутствующие будущие блоки: 
- нетВыполняется регенерация модели.

Команда: 
[OPOR] Слоёв скрыто: 11
Выберите внешний контур OPOR: 
Команда: 
[OPOR] Проёмов найдено: 0Выполняется регенерация модели.

Команда: 
Начальная точка сетки <Enter = угол у длинного ребра>: 
Направление сетки <Enter = вдоль длинного ребра>: 
Точка вставки итоговой таблицы <Enter = справа от контура>: 
[OPOR] Контур 1 рассчитан: опор=61, длина лаг=30 м, ошибок высот=0.
Команда: Выполняется регенерация модели.

Команда: 
[OPOR] Слоёв скрыто: 11
Выберите следующий внешний контур OPOR или Enter для завершения: 
Команда: 
[OPOR] Проёмов найдено: 0Выполняется регенерация модели.

Команда: 
Начальная точка сетки <Enter = угол у длинного ребра>: 
Направление сетки <Enter = вдоль длинного ребра>: 
[OPOR] Контур 2 рассчитан: опор=61, длина лаг=30 м, ошибок высот=0.
Команда: Выполняется регенерация модели.

Команда: 
[OPOR] Слоёв скрыто: 11
Выберите следующий внешний контур OPOR или Enter для завершения: 
Выполняется регенерация модели.

Команда: 
[OPOR] Var завершён: опор=122, длина лаг=60 м, лаг=20 шт, контуров=2, ошибок высот=0, областей=8, треугольников=8.
Команда: 

Команда: 
Команда: OPORTABLES

========== OPOR TOTAL TABLE BLOCKS ==========
--- TABLE #1 ---
    block: OPOR_SUPPORT_SPEC_3D
    handle: 35523
    layer: контур
    session: 20260722_100943-90158015
      SUP_3D_35_50 = 0
      SUP_3D_50_80 = 122
      SUP_3D_80_140 = 0
      SUP_3D_95_155 = 0
      SUP_3D_145_240 = 0
      SUP_3D_160_270 = 0
      SUP_3D_205_340 = 0
      SUP_3D_235_400 = 0
      SUP_3D_315_530 = 0
      SUP_3D_390_660 = 0
      SUP_TOTAL = 122
--- TABLE #2 ---
    block: OPOR_PARAMS_BOARD
    handle: 35530
    layer: контур
    session: 20260722_100943-90158015
      COVERING = Доска 160\U+00D727\U+00D73000
      AREA = 30
      LAG_TYPE = Frame 40\U+00D749 мм
      LAG_LENGTH = 60
      STEP_X = 600
      STEP_Y = 600
      FLOOR = 151
============================================

Команда: 
Команда: *Прервано*

Команда: *Прервано*

Команда:  
Команда: 
