[ AutoCAD - Wed Jul 22 10:25:35 2026  ]----------------------------------------
1

Command: (load (strcat (getvar "DWGPREFIX") "probe_pro_geometry.lsp"))

PROGEOM loaded

Command: PROGEOM

PROGEOM COUNT=71
LINE|-22550.441,15716.321|-22550.441,14216.321
LINE|-19550.441,15716.321|-19550.441,14216.321
LINE|-17050.441,15716.321|-17050.441,14216.321
LINE|-14050.441,15716.321|-14050.441,14216.321
LINE|-12550.441,15716.321|-12550.441,14216.321
LINE|-22550.441,14216.321|-12550.441,14216.321
LINE|-22550.441,13416.321|-12550.441,13416.321
LINE|-22550.441,14216.321|-22550.441,3016.321
LINE|-19550.441,14216.321|-19550.441,3816.321
LINE|-17050.441,14216.321|-17050.441,3816.321
LINE|-14050.441,14216.321|-14050.441,3016.321
LINE|-12550.441,14216.321|-12550.441,3016.321
LINE|-22550.441,15716.321|-12550.441,15716.321
MTEXT|-21050.441,14966.321|\pxqc;{\T0.9;Наименование}
MTEXT|-21050.441,13816.321|\pxqc;Low 12
LINE|-22550.441,12616.321|-12550.441,12616.321
MTEXT|-21050.441,13016.321|\pxqc;Low 20
LINE|-22550.441,11016.321|-12550.441,11016.321
MTEXT|-21050.441,9816.321|\pxqc;PRO 80-140
LINE|-22550.441,10216.321|-12550.441,10216.321
MTEXT|-21050.441,9016.321|\pxqc;PRO 95-155
LINE|-22550.441,9416.321|-12550.441,9416.321
MTEXT|-21050.441,8216.321|\pxqc;PRO 145-240
LINE|-22550.441,8616.321|-12550.441,8616.321
MTEXT|-21050.441,7416.321|\pxqc;PRO 160-270
LINE|-22550.441,7816.321|-12550.441,7816.321
MTEXT|-21050.441,6616.321|\pxqc;PRO 205-340
LINE|-22550.441,7016.321|-12550.441,7016.321
MTEXT|-21050.441,5816.321|\pxqc;PRO 235-400
LINE|-22550.441,6216.321|-12550.441,6216.321
MTEXT|-21050.441,5016.321|\pxqc;PRO 315-530
LINE|-22550.441,5416.321|-12550.441,5416.321
MTEXT|-21050.441,4216.321|\pxqc;PRO 390-660
LINE|-22550.441,3016.321|-12550.441,3016.321
MTEXT|-15550.441,3416.321|\pxr1.14286,qr;Итого:
MTEXT|-18300.441,14966.321|\pxqc;{\T0.9;Диапазон высот}
MTEXT|-18300.441,11416.321|\pxqc;35-50
MTEXT|-18300.441,10616.321|\pxqc;50-80
MTEXT|-18300.441,9816.321|\pxqc;80-140
MTEXT|-18300.441,9016.321|\pxqc;95-155
MTEXT|-18300.441,8216.321|\pxqc;145-240
MTEXT|-18300.441,7416.321|\pxqc;160-270
MTEXT|-18300.441,6616.321|\pxqc;205-340
MTEXT|-18300.441,5816.321|\pxqc;235-400
MTEXT|-18300.441,5016.321|\pxqc;315-530
MTEXT|-18300.441,4216.321|\pxqc;390-660
MTEXT|-15550.441,14966.321|\pxqc;{\T0.9;Условное обозначение}
MTEXT|-13300.441,14966.321|\pxqc;{\T0.9;Кол-во}
CIRCLE|-15550.441,13816.321|R=250|C=221
CIRCLE|-15550.441,13016.321|R=250|C=2
CIRCLE|-15550.441,12216.321|R=250|C=1
CIRCLE|-15550.441,11416.321|R=250|C=92
CIRCLE|-15550.441,10616.321|R=250|C=131
CIRCLE|-15550.441,9816.321|R=250|C=30
CIRCLE|-15550.441,9016.321|R=250|C=160
CIRCLE|-15550.441,8216.321|R=250|C=60
CIRCLE|-15550.441,7416.321|R=250|C=134
CIRCLE|-15550.441,6616.321|R=250|C=42
MTEXT|-17550.441,16091.321|\pxqc;{\T0.9;Спецификация опор Level PRO}
LINE|-22550.441,4616.321|-12550.441,4616.321
LINE|-22550.441,3816.321|-12550.441,3816.321
CIRCLE|-15550.441,5816.321|R=250|C=26
CIRCLE|-15550.441,5016.321|R=250|C=6
MTEXT|-18300.441,13016.321|\pxqc;20
MTEXT|-18300.441,13816.321|\pxqc;12
MTEXT|-21050.441,10616.321|\pxqc;PRO 50-80
MTEXT|-21050.441,11416.321|\pxqc;PRO 35-50
LINE|-22550.441,11816.321|-12550.441,11816.321
MTEXT|-18300.441,12216.321|\pxqc;25-35
MTEXT|-21050.441,12216.321|\pxqc;PRO 25-35
CIRCLE|-15550.441,4216.321|R=250|C=163

Command: 
Command: _.QUIT

Command: 
