[ AutoCAD - Wed Jul 22 10:24:45 2026  ]----------------------------------------
1

Command: (load (strcat (getvar "DWGPREFIX") "probe_visual_tables.lsp"))

PVPROBE loaded

Command: PVPROBE

=== PVPROBE BEGIN ===
DWG=ETS22_pro_visual_source.dwg
MODELSPACE_TOTAL=1166
TYPE|CIRCLE|54
TYPE|LINE|178
TYPE|LWPOLYLINE|20
TYPE|MTEXT|191
TEXT_TOTAL=191
TEXT|MTEXT|H=33EEB|L=0|P=8949.559,14966.321,0|HT=350|\pxqc;{\T0.9;Наименование}
TEXT|MTEXT|H=33EEF|L=0|P=8949.559,13816.321,0|HT=250|\pxqc;3D 35-50
TEXT|MTEXT|H=33EF4|L=0|P=8949.559,13016.321,0|HT=250|\pxqc;3D 50-80
TEXT|MTEXT|H=33EF9|L=0|P=8949.559,12216.321,0|HT=250|\pxqc;3D 80-140
TEXT|MTEXT|H=33EFE|L=0|P=8949.559,11416.321,0|HT=250|\pxqc;3D 95-155
TEXT|MTEXT|H=33F03|L=0|P=8949.559,10616.321,0|HT=250|\pxqc;3D 145-240
TEXT|MTEXT|H=33F08|L=0|P=8949.559,9816.321,0|HT=250|\pxqc;3D 160-270
TEXT|MTEXT|H=33F0D|L=0|P=8949.559,9016.321,0|HT=250|\pxqc;3D 205-340
TEXT|MTEXT|H=33F12|L=0|P=8949.559,8216.321,0|HT=250|\pxqc;3D 235-400
TEXT|MTEXT|H=33F17|L=0|P=8949.559,7416.321,0|HT=250|\pxqc;3D 315-530
TEXT|MTEXT|H=33F1C|L=0|P=8949.559,6616.321,0|HT=250|\pxqc;3D 390-660
TEXT|MTEXT|H=33F21|L=0|P=14449.559,5816.321,0|HT=350|\pxr1.14286,qr;Итого:
TEXT|MTEXT|H=33F25|L=0|P=11699.559,14966.321,0|HT=350|\pxqc;{\T0.9;Диапазон высот}
TEXT|MTEXT|H=33F29|L=0|P=11699.559,13816.321,0|HT=250|\pxqc;35-50
TEXT|MTEXT|H=33F2D|L=0|P=11699.559,13016.321,0|HT=250|\pxqc;50-80
TEXT|MTEXT|H=33F31|L=0|P=11699.559,12216.321,0|HT=250|\pxqc;80-140
TEXT|MTEXT|H=33F35|L=0|P=11699.559,11416.321,0|HT=250|\pxqc;95-155
TEXT|MTEXT|H=33F39|L=0|P=11699.559,10616.321,0|HT=250|\pxqc;145-240
TEXT|MTEXT|H=33F3D|L=0|P=11699.559,9816.321,0|HT=250|\pxqc;160-270
TEXT|MTEXT|H=33F41|L=0|P=11699.559,9016.321,0|HT=250|\pxqc;205-340
TEXT|MTEXT|H=33F45|L=0|P=11699.559,8216.321,0|HT=250|\pxqc;235-400
TEXT|MTEXT|H=33F49|L=0|P=11699.559,7416.321,0|HT=250|\pxqc;315-530
TEXT|MTEXT|H=33F4D|L=0|P=11699.559,6616.321,0|HT=250|\pxqc;390-660
TEXT|MTEXT|H=33F51|L=0|P=14449.559,14966.321,0|HT=350|\pxqc;{\T0.9;Условное обозначение}
TEXT|MTEXT|H=33F55|L=0|P=16699.559,14966.321,0|HT=350|\pxqc;{\T0.9;Кол-во}
TEXT|MTEXT|H=33FF1|L=0|P=12449.559,16091.321,0|HT=350|\pxqc;{\T0.9;Спецификация опор Level 3D}
TEXT|MTEXT|H=340B9|L=0|P=10199.559,3616.321,0|HT=250|\pxl1,ql;Параметры финишного покрытия
TEXT|MTEXT|H=340BE|L=0|P=10199.559,2816.321,0|HT=250|\pxi1,ql;Параметры лаги
TEXT|MTEXT|H=340C3|L=0|P=10199.559,1216.321,0|HT=250|\pxi1,ql;Шаг опор вдоль лаги, мм
TEXT|MTEXT|H=340CD|L=0|P=10199.559,-383.679,0|HT=250|\pxi1,ql;Отметка чистого  пола, мм
TEXT|MTEXT|H=3413B|L=0|P=10199.559,4416.321,0|HT=250|\A1;\pxl1,ql;Площадь объекта, м{\H0.7x;\S2^;}
TEXT|MTEXT|H=3413F|L=0|P=10199.559,416.321,0|HT=250|\pxi1,ql;Шаг между лагами, мм
TEXT|MTEXT|H=34155|L=0|P=10199.559,2016.321,0|HT=250|\pxi1,ql;Общая длина лаг, м
TEXT|MTEXT|H=34182|L=0|P=23949.559,14966.321,0|HT=350|\pxqc;{\T0.9;Наименование}
TEXT|MTEXT|H=34186|L=0|P=23949.559,13816.321,0|HT=250|\pxqc;3D 35-50
TEXT|MTEXT|H=3418B|L=0|P=23949.559,13016.321,0|HT=250|\pxqc;3D 50-80
TEXT|MTEXT|H=34190|L=0|P=23949.559,12216.321,0|HT=250|\pxqc;3D 80-140
TEXT|MTEXT|H=34195|L=0|P=23949.559,11416.321,0|HT=250|\pxqc;3D 95-155
TEXT|MTEXT|H=3419A|L=0|P=23949.559,10616.321,0|HT=250|\pxqc;3D 145-240
TEXT|MTEXT|H=3419F|L=0|P=23949.559,9816.321,0|HT=250|\pxqc;3D 160-270
TEXT|MTEXT|H=341A4|L=0|P=23949.559,9016.321,0|HT=250|\pxqc;3D 205-340
TEXT|MTEXT|H=341A9|L=0|P=23949.559,8216.321,0|HT=250|\pxqc;3D 235-400
TEXT|MTEXT|H=341AE|L=0|P=23949.559,7416.321,0|HT=250|\pxqc;3D 315-530
TEXT|MTEXT|H=341B3|L=0|P=23949.559,6616.321,0|HT=250|\pxqc;3D 390-660
TEXT|MTEXT|H=341B8|L=0|P=29449.559,5816.321,0|HT=350|\pxr1.14286,qr;Итого:
TEXT|MTEXT|H=341BC|L=0|P=26699.559,14966.321,0|HT=350|\pxqc;{\T0.9;Диапазон высот}
TEXT|MTEXT|H=341C0|L=0|P=26699.559,13816.321,0|HT=250|\pxqc;35-50
TEXT|MTEXT|H=341C4|L=0|P=26699.559,13016.321,0|HT=250|\pxqc;50-80
TEXT|MTEXT|H=341C8|L=0|P=26699.559,12216.321,0|HT=250|\pxqc;80-140
TEXT|MTEXT|H=341CC|L=0|P=26699.559,11416.321,0|HT=250|\pxqc;95-155
TEXT|MTEXT|H=341D0|L=0|P=26699.559,10616.321,0|HT=250|\pxqc;145-240
TEXT|MTEXT|H=341D4|L=0|P=26699.559,9816.321,0|HT=250|\pxqc;160-270
TEXT|MTEXT|H=341D8|L=0|P=26699.559,9016.321,0|HT=250|\pxqc;205-340
TEXT|MTEXT|H=341DC|L=0|P=26699.559,8216.321,0|HT=250|\pxqc;235-400
TEXT|MTEXT|H=341E0|L=0|P=26699.559,7416.321,0|HT=250|\pxqc;315-530
TEXT|MTEXT|H=341E4|L=0|P=26699.559,6616.321,0|HT=250|\pxqc;390-660
TEXT|MTEXT|H=341E8|L=0|P=29449.559,14966.321,0|HT=350|\pxqc;{\T0.9;Условное обозначение}
TEXT|MTEXT|H=341EC|L=0|P=31699.559,14966.321,0|HT=350|\pxqc;{\T0.9;Кол-во}
TEXT|MTEXT|H=34204|L=0|P=27449.559,16091.321,0|HT=350|\pxqc;{\T0.9;Спецификация опор Level 3D}
TEXT|MTEXT|H=3420D|L=0|P=25199.559,3616.321,0|HT=250|\pxl1,ql;Параметры финишного покрытия
TEXT|MTEXT|H=34217|L=0|P=25199.559,2816.321,0|HT=250|\pxi1,ql;Шаг опор, мм
TEXT|MTEXT|H=3421D|L=0|P=25199.559,2016.321,0|HT=250|\pxi1,ql;Отметка чистого  пола, мм
TEXT|MTEXT|H=34222|L=0|P=25199.559,4416.321,0|HT=250|\A1;\pxl1,ql;Площадь объекта, м{\H0.7x;\S2^;}
TEXT|MTEXT|H=342AF|L=0|P=15199.559,3616.321,0|HT=250|\pxl1,qc;Доска 160х23х3000
TEXT|MTEXT|H=342B3|L=0|P=15199.559,4416.321,0|HT=250|\pxl1,qc;150
TEXT|MTEXT|H=342B7|L=0|P=15199.559,2816.321,0|HT=250|\pxl1,qc;Frame 40х40мм
TEXT|MTEXT|H=342BB|L=0|P=15199.559,2016.321,0|HT=250|\pxl1,qc;500
TEXT|MTEXT|H=342C2|L=0|P=15199.559,1216.321,0|HT=250|\pxl1,qc;500
TEXT|MTEXT|H=342C6|L=0|P=15199.559,416.321,0|HT=250|\pxl1,qc;350
TEXT|MTEXT|H=342CA|L=0|P=15199.559,-383.679,0|HT=250|\pxl1,qc;0
TEXT|MTEXT|H=342E4|L=0|P=-21050.441,14966.321,0|HT=350|\pxqc;{\T0.9;Наименование}
TEXT|MTEXT|H=342E8|L=0|P=-21050.441,13816.321,0|HT=250|\pxqc;Low 12
TEXT|MTEXT|H=342ED|L=0|P=-21050.441,13016.321,0|HT=250|\pxqc;Low 20
TEXT|MTEXT|H=342F2|L=0|P=-21050.441,9816.321,0|HT=250|\pxqc;PRO 80-140
TEXT|MTEXT|H=342F7|L=0|P=-21050.441,9016.321,0|HT=250|\pxqc;PRO 95-155
TEXT|MTEXT|H=342FC|L=0|P=-21050.441,8216.321,0|HT=250|\pxqc;PRO 145-240
TEXT|MTEXT|H=34301|L=0|P=-21050.441,7416.321,0|HT=250|\pxqc;PRO 160-270
TEXT|MTEXT|H=34306|L=0|P=-21050.441,6616.321,0|HT=250|\pxqc;PRO 205-340
TEXT|MTEXT|H=3430B|L=0|P=-21050.441,5816.321,0|HT=250|\pxqc;PRO 235-400
TEXT|MTEXT|H=34310|L=0|P=-21050.441,5016.321,0|HT=250|\pxqc;PRO 315-530
TEXT|MTEXT|H=34315|L=0|P=-21050.441,4216.321,0|HT=250|\pxqc;PRO 390-660
TEXT|MTEXT|H=3431A|L=0|P=-15550.441,3416.321,0|HT=350|\pxr1.14286,qr;Итого:
TEXT|MTEXT|H=3431E|L=0|P=-18300.441,14966.321,0|HT=350|\pxqc;{\T0.9;Диапазон высот}
TEXT|MTEXT|H=34322|L=0|P=-18300.441,11416.321,0|HT=250|\pxqc;35-50
TEXT|MTEXT|H=34326|L=0|P=-18300.441,10616.321,0|HT=250|\pxqc;50-80
TEXT|MTEXT|H=3432A|L=0|P=-18300.441,9816.321,0|HT=250|\pxqc;80-140
TEXT|MTEXT|H=3432E|L=0|P=-18300.441,9016.321,0|HT=250|\pxqc;95-155
TEXT|MTEXT|H=34332|L=0|P=-18300.441,8216.321,0|HT=250|\pxqc;145-240
TEXT|MTEXT|H=34336|L=0|P=-18300.441,7416.321,0|HT=250|\pxqc;160-270
TEXT|MTEXT|H=3433A|L=0|P=-18300.441,6616.321,0|HT=250|\pxqc;205-340
TEXT|MTEXT|H=3433E|L=0|P=-18300.441,5816.321,0|HT=250|\pxqc;235-400
TEXT|MTEXT|H=34342|L=0|P=-18300.441,5016.321,0|HT=250|\pxqc;315-530
TEXT|MTEXT|H=34346|L=0|P=-18300.441,4216.321,0|HT=250|\pxqc;390-660
TEXT|MTEXT|H=3434A|L=0|P=-15550.441,14966.321,0|HT=350|\pxqc;{\T0.9;Условное обозначение}
TEXT|MTEXT|H=3434E|L=0|P=-13300.441,14966.321,0|HT=350|\pxqc;{\T0.9;Кол-во}
TEXT|MTEXT|H=34366|L=0|P=-17550.441,16091.321,0|HT=350|\pxqc;{\T0.9;Спецификация опор Level PRO}
TEXT|MTEXT|H=3437E|L=0|P=-18300.441,13016.321,0|HT=250|\pxqc;20
TEXT|MTEXT|H=34382|L=0|P=-18300.441,13816.321,0|HT=250|\pxqc;12
TEXT|MTEXT|H=34386|L=0|P=-21050.441,10616.321,0|HT=250|\pxqc;PRO 50-80
TEXT|MTEXT|H=3438A|L=0|P=-21050.441,11416.321,0|HT=250|\pxqc;PRO 35-50
TEXT|MTEXT|H=343CA|L=0|P=-18300.441,12216.321,0|HT=250|\pxqc;25-35
TEXT|MTEXT|H=343CF|L=0|P=-21050.441,12216.321,0|HT=250|\pxqc;PRO 25-35
TEXT|MTEXT|H=343D9|L=0|P=-19800.441,1216.321,0|HT=250|\pxl1,ql;Параметры финишного покрытия
TEXT|MTEXT|H=343DE|L=0|P=-19800.441,416.321,0|HT=250|\pxi1,ql;Параметры лаги
TEXT|MTEXT|H=343E3|L=0|P=-19800.441,-1183.679,0|HT=250|\pxi1,ql;Шаг опор вдоль лаги, мм
TEXT|MTEXT|H=343E9|L=0|P=-19800.441,-2783.679,0|HT=250|\pxi1,ql;Отметка чистого  пола, мм
TEXT|MTEXT|H=343EE|L=0|P=-19800.441,2016.321,0|HT=250|\A1;\pxl1,ql;Площадь объекта, м{\H0.7x;\S2^;}
TEXT|MTEXT|H=343F2|L=0|P=-19800.441,-1983.679,0|HT=250|\pxi1,ql;Шаг между лагами, мм
TEXT|MTEXT|H=343F7|L=0|P=-19800.441,-383.679,0|HT=250|\pxi1,ql;Общая длина лаг, м
TEXT|MTEXT|H=343FB|L=0|P=-14800.441,1216.321,0|HT=250|\pxl1,qc;Доска 160х23х3000
TEXT|MTEXT|H=343FF|L=0|P=-14800.441,2016.321,0|HT=250|\pxl1,qc;150
TEXT|MTEXT|H=34403|L=0|P=-14800.441,416.321,0|HT=250|\pxl1,qc;Frame 40х40мм
TEXT|MTEXT|H=34407|L=0|P=-14800.441,-383.679,0|HT=250|\pxl1,qc;500
TEXT|MTEXT|H=3440B|L=0|P=-14800.441,-1183.679,0|HT=250|\pxl1,qc;500
TEXT|MTEXT|H=3440F|L=0|P=-14800.441,-1983.679,0|HT=250|\pxl1,qc;350
TEXT|MTEXT|H=34413|L=0|P=-14800.441,-2783.679,0|HT=250|\pxl1,qc;0
TEXT|MTEXT|H=34424|L=0|P=-6050.441,14966.321,0|HT=350|\pxqc;{\T0.9;Наименование}
TEXT|MTEXT|H=34428|L=0|P=-6050.441,13816.321,0|HT=250|\pxqc;Low 12
TEXT|MTEXT|H=3442D|L=0|P=-6050.441,13016.321,0|HT=250|\pxqc;Low 20
TEXT|MTEXT|H=34432|L=0|P=-6050.441,9816.321,0|HT=250|\pxqc;PRO 80-140
TEXT|MTEXT|H=34437|L=0|P=-6050.441,9016.321,0|HT=250|\pxqc;PRO 95-155
TEXT|MTEXT|H=3443C|L=0|P=-6050.441,8216.321,0|HT=250|\pxqc;PRO 145-240
TEXT|MTEXT|H=34441|L=0|P=-6050.441,7416.321,0|HT=250|\pxqc;PRO 160-270
TEXT|MTEXT|H=34446|L=0|P=-6050.441,6616.321,0|HT=250|\pxqc;PRO 205-340
TEXT|MTEXT|H=3444B|L=0|P=-6050.441,5816.321,0|HT=250|\pxqc;PRO 235-400
TEXT|MTEXT|H=34450|L=0|P=-6050.441,5016.321,0|HT=250|\pxqc;PRO 315-530
TEXT|MTEXT|H=34455|L=0|P=-6050.441,4216.321,0|HT=250|\pxqc;PRO 390-660
TEXT|MTEXT|H=3445A|L=0|P=-550.441,3416.321,0|HT=350|\pxr1.14286,qr;Итого:
TEXT|MTEXT|H=3445E|L=0|P=-3300.441,14966.321,0|HT=350|\pxqc;{\T0.9;Диапазон высот}
TEXT|MTEXT|H=34462|L=0|P=-3300.441,11416.321,0|HT=250|\pxqc;35-50
TEXT|MTEXT|H=34466|L=0|P=-3300.441,10616.321,0|HT=250|\pxqc;50-80
TEXT|MTEXT|H=3446A|L=0|P=-3300.441,9816.321,0|HT=250|\pxqc;80-140
TEXT|MTEXT|H=3446E|L=0|P=-3300.441,9016.321,0|HT=250|\pxqc;95-155
TEXT|MTEXT|H=34472|L=0|P=-3300.441,8216.321,0|HT=250|\pxqc;145-240
TEXT|MTEXT|H=34476|L=0|P=-3300.441,7416.321,0|HT=250|\pxqc;160-270
TEXT|MTEXT|H=3447A|L=0|P=-3300.441,6616.321,0|HT=250|\pxqc;205-340
TEXT|MTEXT|H=3447E|L=0|P=-3300.441,5816.321,0|HT=250|\pxqc;235-400
TEXT|MTEXT|H=34482|L=0|P=-3300.441,5016.321,0|HT=250|\pxqc;315-530
TEXT|MTEXT|H=34486|L=0|P=-3300.441,4216.321,0|HT=250|\pxqc;390-660
TEXT|MTEXT|H=3448A|L=0|P=-550.441,14966.321,0|HT=350|\pxqc;{\T0.9;Условное обозначение}
TEXT|MTEXT|H=3448E|L=0|P=1699.559,14966.321,0|HT=350|\pxqc;{\T0.9;Кол-во}
TEXT|MTEXT|H=3449C|L=0|P=-2550.441,16091.321,0|HT=350|\pxqc;{\T0.9;Спецификация опор Level PRO}
TEXT|MTEXT|H=344A4|L=0|P=-3300.441,13016.321,0|HT=250|\pxqc;20
TEXT|MTEXT|H=344A8|L=0|P=-3300.441,13816.321,0|HT=250|\pxqc;12
TEXT|MTEXT|H=344AC|L=0|P=-6050.441,10616.321,0|HT=250|\pxqc;PRO 50-80
TEXT|MTEXT|H=344B0|L=0|P=-6050.441,11416.321,0|HT=250|\pxqc;PRO 35-50
TEXT|MTEXT|H=344B5|L=0|P=-3300.441,12216.321,0|HT=250|\pxqc;25-35
TEXT|MTEXT|H=344B9|L=0|P=-6050.441,12216.321,0|HT=250|\pxqc;PRO 25-35
TEXT|MTEXT|H=344C3|L=0|P=-4800.441,1216.321,0|HT=250|\pxl1,ql;Параметры финишного покрытия
TEXT|MTEXT|H=344C7|L=0|P=-4800.441,416.321,0|HT=250|\pxi1,ql;Шаг опор, мм
TEXT|MTEXT|H=344CD|L=0|P=-4800.441,-383.679,0|HT=250|\pxi1,ql;Отметка чистого  пола, мм
TEXT|MTEXT|H=344D2|L=0|P=-4800.441,2016.321,0|HT=250|\A1;\pxl1,ql;Площадь объекта, м{\H0.7x;\S2^;}
TEXT|MTEXT|H=344DB|L=0|P=-19800.441,-14115.411,0|HT=250|\pxl1,ql;Параметры финишного покрытия
TEXT|MTEXT|H=344E0|L=0|P=-19800.441,-14915.411,0|HT=250|\pxi1,ql;Параметры лаги
TEXT|MTEXT|H=344E5|L=0|P=-19800.441,-16515.411,0|HT=250|\pxi1,ql;Шаг опор вдоль лаги, мм
TEXT|MTEXT|H=344EB|L=0|P=-19800.441,-18115.411,0|HT=250|\pxi1,ql;Отметка чистого  пола, мм
TEXT|MTEXT|H=344F0|L=0|P=-19800.441,-13315.411,0|HT=250|\A1;\pxl1,ql;Площадь объекта, м{\H0.7x;\S2^;}
TEXT|MTEXT|H=344F4|L=0|P=-19800.441,-17315.411,0|HT=250|\pxi1,ql;Шаг между лагами, мм
TEXT|MTEXT|H=344F9|L=0|P=-19800.441,-15715.411,0|HT=250|\pxi1,ql;Общая длина лаг, м
TEXT|MTEXT|H=344FD|L=0|P=-14800.441,-14115.411,0|HT=250|\pxl1,qc;Доска 160х23х3000
TEXT|MTEXT|H=34501|L=0|P=-14800.441,-13315.411,0|HT=250|\pxl1,qc;150
TEXT|MTEXT|H=34505|L=0|P=-14800.441,-14915.411,0|HT=250|\pxl1,qc;Frame 40х40мм
TEXT|MTEXT|H=34509|L=0|P=-14800.441,-15715.411,0|HT=250|\pxl1,qc;500
TEXT|MTEXT|H=3450D|L=0|P=-14800.441,-16515.411,0|HT=250|\pxl1,qc;500
TEXT|MTEXT|H=34511|L=0|P=-14800.441,-17315.411,0|HT=250|\pxl1,qc;350
TEXT|MTEXT|H=34515|L=0|P=-14800.441,-18115.411,0|HT=250|\pxl1,qc;0
TEXT|MTEXT|H=34519|L=0|P=-17550.441,-12433.281,0|HT=350|\pxqc;{\T0.9;Пример заполненной таблицы}
TEXT|MTEXT|H=34522|L=0|P=-4800.441,-14115.411,0|HT=250|\pxl1,ql;Параметры финишного покрытия
TEXT|MTEXT|H=34526|L=0|P=-4800.441,-14915.411,0|HT=250|\pxi1,ql;Шаг опор, мм
TEXT|MTEXT|H=3452C|L=0|P=-4800.441,-15715.411,0|HT=250|\pxi1,ql;Отметка чистого  пола, мм
TEXT|MTEXT|H=34531|L=0|P=-4800.441,-13315.411,0|HT=250|\A1;\pxl1,ql;Площадь объекта, м{\H0.7x;\S2^;}
TEXT|MTEXT|H=34535|L=0|P=-2550.441,-12433.281,0|HT=350|\pxqc;{\T0.9;Пример заполненной таблицы}
TEXT|MTEXT|H=34539|L=0|P=199.559,-13315.411,0|HT=250|\pxl1,qc;150
TEXT|MTEXT|H=3453D|L=0|P=199.559,-14115.411,0|HT=250|\pxl1,qc;Плитка 600х600х20
TEXT|MTEXT|H=34541|L=0|P=199.559,-14915.411,0|HT=250|\pxl1,qc;600х600
TEXT|MTEXT|H=34545|L=0|P=199.559,-15715.411,0|HT=250|\pxl1,qc;0
TEXT|MTEXT|H=34556|L=0|P=38449.559,14966.321,0|HT=350|\pxqc;{\T0.9;Процент уклона}
TEXT|MTEXT|H=3455A|L=0|P=38449.559,13816.321,0|HT=250|\pxqc;2
TEXT|MTEXT|H=3455F|L=0|P=38449.559,13016.321,0|HT=250|\pxqc;3
TEXT|MTEXT|H=34564|L=0|P=38449.559,12216.321,0|HT=250|\pxqc;4
TEXT|MTEXT|H=34569|L=0|P=38449.559,11416.321,0|HT=250|\pxqc;5
TEXT|MTEXT|H=3456E|L=0|P=38449.559,10616.321,0|HT=250|\pxqc;6
TEXT|MTEXT|H=34573|L=0|P=38449.559,9816.321,0|HT=250|\pxqc;7
TEXT|MTEXT|H=34578|L=0|P=38449.559,9016.321,0|HT=250|\pxqc;8
TEXT|MTEXT|H=3457D|L=0|P=38449.559,8216.321,0|HT=250|\pxqc;9
TEXT|MTEXT|H=3458C|L=0|P=43199.559,7416.321,0|HT=350|\pxr1.14286,qr;Итого:
TEXT|MTEXT|H=345BC|L=0|P=40949.559,14966.321,0|HT=350|\pxqc;{\T0.9;Условное обозначение}
TEXT|MTEXT|H=345C0|L=0|P=44699.559,14966.321,0|HT=350|\pxqc;{\T0.9;Кол-во 2%}
TEXT|MTEXT|H=345D8|L=0|P=42199.559,16091.321,0|HT=350|\pxqc;{\T0.9;Комплекты корректоров уклона Slope}
TEXT|MTEXT|H=347A1|L=0|P=43199.559,14966.321,0|HT=350|\pxqc;{\T0.9;Кол-во}
TEXT|MTEXT|H=347A7|L=0|P=46199.559,14966.321,0|HT=350|\pxqc;{\T0.9;Кол-во 2%}
INSERT_TOTAL=0
=== PVPROBE END ===

Command: 
Command: _.QUIT

Command: 
