[ AutoCAD - Wed Jul 22 10:32:42 2026  ]----------------------------------------
1

Command: (load (strcat (getvar "DWGPREFIX") "opor-loader.lsp"))

[OPOR] Загружено. Команды: OPOR, XX, OPORTIN, OPORSLOPE, OPORSLOPEWR, OPORHEIGHTCHECK, OPORWRITELEVEL, OPORAUTOLEVEL, OPORRING, OPORREGCHECK, OPORCHECK, OPORCLEAN, OPORDUMP, OPORTABLES, OPOROLD, OPORSHOW, OPORDEBUG.

Command: (load (strcat (getvar "DWGPREFIX") "ets17_pure_smoke.lsp"))

ETS17PURESMOKE loaded

Command: ETS17PURESMOKE

=== ETS17 PURE BEGIN ===
ETS17 VERSION=3.22-pro-tables
ETS17 STEP_EQUAL=500
ETS17 STEP_DIFF=500\U+00D7350
ETS17 COVER_BOARD=Доска 160\U+00D727\U+00D73000
ETS17 COVER_TILE=Плитка 600\U+00D7350\U+00D720
ETS17 LAG_TYPE=Frame 40\U+00D749 мм
ETS17 FILTER_3D_0_35=PASS
ETS17 FILTER_3D_35_50=PASS
ETS17 VALUE|SUP_3D_35_50=2
ETS17 VALUE|SUP_3D_50_80=3
ETS17 VALUE|SUP_3D_80_140=4
ETS17 VALUE|SUP_3D_95_155=5
ETS17 VALUE|SUP_3D_145_240=6
ETS17 VALUE|SUP_3D_160_270=7
ETS17 VALUE|SUP_3D_205_340=8
ETS17 VALUE|SUP_3D_235_400=9
ETS17 VALUE|SUP_3D_315_530=10
ETS17 VALUE|SUP_3D_390_660=11
ETS17 VALUE|SUP_TOTAL=65
ETS17 VAR_EMPTY_TOTAL=0
ETS17 VAR_EMPTY_FIRST=0
ETS17 PRO_VALUE|SUP_PRO_LOW12=1
ETS17 PRO_VALUE|SUP_PRO_LOW20=2
ETS17 PRO_VALUE|SUP_PRO_25_35=3
ETS17 PRO_VALUE|SUP_PRO_35_50=4
ETS17 PRO_VALUE|SUP_PRO_50_80=5
ETS17 PRO_VALUE|SUP_PRO_80_140=6
ETS17 PRO_VALUE|SUP_PRO_95_155=7
ETS17 PRO_VALUE|SUP_PRO_145_240=8
ETS17 PRO_VALUE|SUP_PRO_160_270=9
ETS17 PRO_VALUE|SUP_PRO_205_340=10
ETS17 PRO_VALUE|SUP_PRO_235_400=11
ETS17 PRO_VALUE|SUP_PRO_315_530=12
ETS17 PRO_VALUE|SUP_PRO_390_660=13
ETS17 PRO_VALUE|SUP_TOTAL=91
ETS17 PRO_TAGS=13
ETS17 DCL_FILE=PASS
=== ETS17 PURE END ===

Command: 
Command: _.QUIT

Command: 
