[ AutoCAD - Wed Jul 22 12:38:32 2026  ]----------------------------------------

Открывается файл формата AutoCAD 2018.
Выполняется регенерация модели.


Утилиты меню AutoCAD загружены.
Команда: 

Файл Autodesk DWG. Это файл формата TrustedDWG, сохраненный в приложении Autodesk или в приложении, лицензированном корпорацией Autodesk.

Команда: 

Команда: 
Команда: _APPLOAD
01_OPOR_PORT.lsp успешно загружено.


Команда: 
[OPOR] Загружено. Команды: OPOR, XX, OPORTIN, OPORSLOPE, OPORSLOPEWR, OPORHEIGHTCHECK, OPORWRITELEVEL, OPORAUTOLEVEL, OPORRING, OPORREGCHECK, OPORCHECK, OPORCLEAN, OPORDUMP, OPORTABLES, OPOROLD, OPORSHOW, OPORDEBUG.
check_dump.lsp загружен. Главная команда: DUMPALL
probe_height_check загружен. Команда: HEIGHTDUMP.
probe_write_level загружен. Команда: WRITELEVELDUMP.
probe_auto_level загружен. Команда: AUTOLEVELDUMP.
probe_slope загружен. Команды: SLOPEDUMP, SLOPECOLORS.
probe_tables загружен. Команда: TBLPROBE
probe_marks v2 загружен. Команда: MARKDUMP
probe_lines.lsp загружен. Команда: LINEDUMP
OPOR port загружен. Основная команда: OPOR (или XX).
Команда: 
Команда: OPORCLEAN

Очистка OPOR [Session/All] <All>: 

[OPOR] Удалено объектов: 76

Команда: 
Команда: _DIMSTYLE

Команда: 
Команда: 
Команда: _qnew 
Команда: 
Команда: OPOR

[OPOR] Проверка OPOR:
Версия: 3.26-dimstyle
Слои: OK
Блоки MVP: OK
Размерный стиль ISO-25: OK
Справочно, отсутствующие будущие блоки: 
- нетВыполняется регенерация модели.

Команда: 
[OPOR] Слоёв скрыто: 11
Выберите внешний контур OPOR: 
Команда: 
[OPOR] Проёмов найдено: 0Выполняется регенерация модели.

Команда: 
Начальная точка сетки <Enter = угол у длинного ребра>: 
Направление сетки <Enter = вдоль длинного ребра>: 
Точка вставки итоговой таблицы <Enter = справа от контура>: 
[OPOR] Контур 1 рассчитан: опор=61, длина лаг=30 м, ошибок высот=61.
Команда: Выполняется регенерация модели.

Команда: 
[OPOR] Слоёв скрыто: 11
Выберите следующий внешний контур OPOR или Enter для завершения: 
Выполняется регенерация модели.

Команда: 
[OPOR] Заголовок чертежа: Разбивка опор Level 3D.
[OPOR] Var завершён: опор=61, длина лаг=30 м, лаг=10 шт, ошибок высот=61, областей=4, треугольников=4.
Команда: 

Команда: 
Команда: _DIMSTYLE

Команда: *Прервано*

Команда: *Прервано*

Команда:  
Команда: 
