[ AutoCAD - Wed Jul 22 15:11:21 2026  ]----------------------------------------

Открывается файл формата AutoCAD 2018.
Выполняется регенерация листов.
Выполняется регенерация модели.


Утилиты меню AutoCAD загружены.
Команда: 

Файл Autodesk DWG. Это файл формата TrustedDWG, сохраненный в приложении Autodesk или в приложении, лицензированном корпорацией Autodesk.

Команда: 

Команда: 
Команда: *Прервано*

Команда: *Прервано*

Команда:   <Переход на: Модель>
Выполняется регенерация модели.

Команда: _APPLOAD
01_OPOR_PORT.lsp успешно загружено.


Команда: 
[OPOR] Загружено. Команды: OPOR, XX, OPORTIN, OPORSLOPE, OPORSLOPEWR, OPORHEIGHTCHECK, OPORWRITELEVEL, OPORAUTOLEVEL, OPORRING, OPORREGCHECK, OPORCHECK, OPORCLEAN, OPORDUMP, OPORTABLES, OPOROLD, OPORSHOW, OPORDEBUG.
check_dump.lsp загружен. Главная команда: DUMPALL
probe_height_check загружен. Команда: HEIGHTDUMP.
probe_write_level загружен. Команда: WRITELEVELDUMP.
probe_auto_level загружен. Команда: AUTOLEVELDUMP.
probe_slope загружен. Команды: SLOPEDUMP, SLOPECOLORS.
probe_tables загружен. Команда: TBLPROBE
probe_marks v2 загружен. Команда: MARKDUMP
probe_lines.lsp загружен. Команда: LINEDUMP
OPOR port загружен. Основная команда: OPOR (или XX).
Команда: 
Команда: OPOR

Выберите внешний контур OPOR: 
Команда: 
[OPOR] Проёмов найдено: 2
Команда: 

Команда: 
Команда: Задайте противоположный угол или [Линия/РМн-угол/СМн-угол]: 
Команда: *Прервано*

Команда: Задайте противоположный угол или [Линия/РМн-угол/СМн-угол]: 
Команда: *Прервано*

Команда: 
Команда: (load "C:/Users/user/Documents/Таран/0_0_ по работке/плагин дмитрию/_tin_edge_debug.lsp") 
TINEDGEDEBUG loaded.

Команда: 
TINEDGEDEBUG 
[TINEDGE] marks=30 generated=8 points=38 raw=61 constraints=28
[TINEDGE] FAIL index=14 a=(342149.0 17060.4 0.0) b=(373649.0 17060.4 0.0) crossings=3 flippable=1 blocked=1 final-now=NO
[TINEDGE] immediate-failures=1 final-missing=1

Команда: 
Команда: 
TINEDGEDEBUG

[TINEDGE] marks=30 generated=8 points=38 raw=61 constraints=28
[TINEDGE] FAIL index=14 a=(342149.0 17060.4 0.0) b=(373649.0 17060.4 0.0) crossings=3 flippable=1 blocked=1 final-now=NO
[TINEDGE] immediate-failures=1 final-missing=1

Команда: 
Команда: 
Команда: (load "C:/Users/user/Documents/Таран/0_0_ по работке/плагин дмитрию/_tin_edge_debug.lsp") 
TINEDGEDEBUG loaded. Commands: TINEDGEDEBUG, TINEDGEQUEUE.

Команда: 
TINEDGEQUEUE 
[TINEDGEQUEUE] failures=0 flips=8 triangles=61

Команда: 
Команда: 
TINEDGEQUEUE

[TINEDGEQUEUE] failures=0 flips=8 triangles=61

Команда: 
Команда: 
Команда: (load "C:/Users/user/Documents/Таран/0_0_ по работке/плагин дмитрию/OPOR/opor-config.lsp") 
Команда: 
(load "C:/Users/user/Documents/Таран/0_0_ по работке/плагин дмитрию/OPOR/opor-tin.lsp") ; ошибка: неверно сформированный список на входе

Команда: 
TINEDGEQUEUE

[TINEDGEQUEUE] failures=0 flips=8 triangles=61

Команда: 
Команда: TINEDGEDEBUG 
[TINEDGE] marks=30 generated=8 points=38 raw=61 constraints=28
[TINEDGE] FAIL index=14 a=(342149.0 17060.4 0.0) b=(373649.0 17060.4 0.0) crossings=3 flippable=1 blocked=1 final-now=NO
[TINEDGE] immediate-failures=1 final-missing=1

Команда: 
Команда: 
TINEDGEDEBUG

[TINEDGE] marks=30 generated=8 points=38 raw=61 constraints=28
[TINEDGE] FAIL index=14 a=(342149.0 17060.4 0.0) b=(373649.0 17060.4 0.0) crossings=3 flippable=1 blocked=1 final-now=NO
[TINEDGE] immediate-failures=1 final-missing=1

Команда: 
Команда: 
Команда: Задайте противоположный угол или [Линия/РМн-угол/СМн-угол]: *Прервано*

Команда: Задайте противоположный угол или [Линия/РМн-угол/СМн-угол]: *Прервано*

Команда: _APPLOAD
01_OPOR_PORT.lsp успешно загружено.


Команда: 
[OPOR] Загружено. Команды: OPOR, XX, OPORTIN, OPORSLOPE, OPORSLOPEWR, OPORHEIGHTCHECK, OPORWRITELEVEL, OPORAUTOLEVEL, OPORRING, OPORREGCHECK, OPORCHECK, OPORCLEAN, OPORDUMP, OPORTABLES, OPOROLD, OPORSHOW, OPORDEBUG.
check_dump.lsp загружен. Главная команда: DUMPALL
probe_height_check загружен. Команда: HEIGHTDUMP.
probe_write_level загружен. Команда: WRITELEVELDUMP.
probe_auto_level загружен. Команда: AUTOLEVELDUMP.
probe_slope загружен. Команды: SLOPEDUMP, SLOPECOLORS.
probe_tables загружен. Команда: TBLPROBE
probe_marks v2 загружен. Команда: MARKDUMP
probe_lines.lsp загружен. Команда: LINEDUMP
OPOR port загружен. Основная команда: OPOR (или XX).
Команда: 
Команда: OPOR

Выберите внешний контур OPOR: 
Команда: 
[OPOR] Проёмов найдено: 2
[OPOR] TIN завершён: исходных отметок=30, рассчитано для проёмов=8, отметок всего=38, треугольников=50, вне области=11, рёбер=28, flips=8, заменено треугольников=0, заменено автоотметок=0.
Команда: 

Команда: 
Команда: Задайте противоположный угол или [Линия/РМн-угол/СМн-угол]: 
Команда: *Прервано*

Команда: OPOR

Укажите внешний контур или Enter для завершения: 
Укажите точку верхнего левого угла таблицы: 
Команда: 
Укажите следующий внешний контур или Enter для завершения: *Прервано*

[OPOR] Slope завершён: контуров=1, назначено=0, удалено=0, P2=0, P3=0, P4=0, P5=0, P6=0, P7=0, P8=0, P9=0.
Команда: 

Команда: 
Команда: *Прервано*

Команда: OPOR

[OPOR] Команда отменена.

Команда: 
Команда: *Прервано*

Команда: Задайте противоположный угол или [Линия/РМн-угол/СМн-угол]: 
Команда: 
Команда: 
Команда: _cutclip найдено: 1

Команда: OPORCLEAN

Очистка OPOR [Session/All] <All>: 

[OPOR] Удалено объектов: 58

Команда: 
Команда: Задайте противоположный угол или [Линия/РМн-угол/СМн-угол]: 
Команда: 
Команда: 
Команда: _copyclip найдено: 33

Команда: 
Команда: 
Команда: _qnew 
Команда: 
Команда: OPOR

Выберите внешний контур OPOR: 
Команда: 
[OPOR] Проёмов найдено: 2
[OPOR] TIN завершён: исходных отметок=30, рассчитано для проёмов=8, отметок всего=38, треугольников=50, вне области=11, рёбер=28, flips=8, заменено треугольников=0, заменено автоотметок=0.
Команда: 

Команда: 
Команда: 
Команда: 
Команда: _line 
Первая точка: *Прервано*

Команда: щзщк
Неизвестная команда "ЩЗЩК".  Для вызова справки нажмите F1.

Команда: *Прервано*

Команда: OPOR

[OPOR] Проверка OPOR:
Версия: 3.30.1-robust-tin
Слои: OK
Блоки MVP: OK
Размерный стиль ISO-25: OK
Справочно, отсутствующие будущие блоки: 
- нетВыполняется регенерация модели.

Команда: 
[OPOR] Слоёв скрыто: 10
Выберите внешний контур OPOR: 
Команда: 
[OPOR] Проёмов найдено: 2Выполняется регенерация модели.

Команда: 
Начальная точка сетки <Enter = угол у длинного ребра>: 
Направление сетки <Enter = вдоль длинного ребра>: 
Точка вставки итоговой таблицы <Enter = справа от контура>: 
[OPOR] Контур 1 рассчитан: опор=2739, длина лаг=1470.379 м, ошибок высот=0.
Команда: Выполняется регенерация модели.

Команда: 
[OPOR] Слоёв скрыто: 10
Выберите следующий внешний контур OPOR или Enter для завершения: 
Выполняется регенерация модели.

Команда: 
[OPOR] Заголовок чертежа: Разбивка опор Level PRO.
[OPOR] Var завершён: опор=2739, длина лаг=1470 м, лаг=42 шт, ошибок высот=0, областей=50, треугольников=50.
Команда: 

Команда: 
Команда: 
Команда: *Прервано*

Команда: _u INTELLIPAN INTELLIZOOM INTELLIZOOM INTELLIPAN INTELLIZOOM INTELLIPAN INTELLIZOOM INTELLIPAN INTELLIZOOM INTELLIPAN INTELLIZOOM INTELLIPAN INTELLIZOOM INTELLIZOOM INTELLIZOOM INTELLIZOOM INTELLIPAN INTELLIZOOM INTELLIPAN INTELLIZOOM INTELLIZOOM INTELLIPAN INTELLIZOOM INTELLIZOOM 
Команда: Задайте противоположный угол или [Линия/РМн-угол/СМн-угол]: 
Команда: 
Команда: 
Команда: _copy найдено: 75

Текущая настройка:  Режим копирования  = Несколько
Базовая точка или [Смещение/реЖим] <Смещение>: 
Вторая точка или [Массив] <использовать для смещения первую точку>: 
Укажите вторую точку или [Массив/Выход/Отменить] <Выход>: *Прервано*

Команда: Задайте противоположный угол или [Линия/РМн-угол/СМн-угол]: 
Команда: 
Команда: 
Команда: _cutclip найдено: 3

Команда: Задайте противоположный угол или [Линия/РМн-угол/СМн-угол]: 
Команда: 
Команда: 
Команда: _cutclip найдено: 2

Команда: Задайте противоположный угол или [Линия/РМн-угол/СМн-угол]: 
Команда: 
Команда: 
Команда: _cutclip найдено: 2

Команда: Задайте противоположный угол или [Линия/РМн-угол/СМн-угол]: 
Команда: 
Команда: 
Команда: _cutclip найдено: 3

Команда: Задайте противоположный угол или [Линия/РМн-угол/СМн-угол]: 
Команда: 
Команда: 
Команда: _cutclip найдено: 4

Команда: _u ВБУФЕР ГРУППА 
Команда: Задайте противоположный угол или [Линия/РМн-угол/СМн-угол]: 
Команда: 
Команда: 
Команда: _cutclip найдено: 3

Команда: Задайте противоположный угол или [Линия/РМн-угол/СМн-угол]: *Прервано*

Команда: Задайте противоположный угол или [Линия/РМн-угол/СМн-угол]: 
Команда: 
Команда: 
Команда: _cutclip найдено: 4

Команда: Задайте противоположный угол или [Линия/РМн-угол/СМн-угол]: 
Команда: 
Команда: 
Команда: _cutclip найдено: 4

Команда: Задайте противоположный угол или [Линия/РМн-угол/СМн-угол]: 
Команда: 
Команда: 
Команда: _cutclip найдено: 1

Команда: Задайте противоположный угол или [Линия/РМн-угол/СМн-угол]: 
Команда: 
Команда: 
Команда: _cutclip найдено: 4

Команда: Задайте противоположный угол или [Линия/РМн-угол/СМн-угол]: 
Команда: 
Команда: 
Команда: _cutclip найдено: 2

Команда: Задайте противоположный угол или [Линия/РМн-угол/СМн-угол]: 
Команда: 
Команда: 
Команда: _cutclip найдено: 2

Команда: Задайте противоположный угол или [Линия/РМн-угол/СМн-угол]: 
Команда: 
Команда: 
Команда: _cutclip найдено: 2

Команда: Задайте противоположный угол или [Линия/РМн-угол/СМн-угол]: 
Команда: 
Команда: 
Команда: _cutclip найдено: 4

Команда: Задайте противоположный угол или [Линия/РМн-угол/СМн-угол]: 
Команда: 
Команда: 
Команда: _cutclip найдено: 3

Команда: Задайте противоположный угол или [Линия/РМн-угол/СМн-угол]: 
Команда: 
Команда: 
Команда: _cutclip найдено: 2

Команда: Задайте противоположный угол или [Линия/РМн-угол/СМн-угол]: 
Команда: 
Команда: 
Команда: _cutclip найдено: 1

Команда: *Прервано*

Команда: *Прервано*

Команда: Задайте противоположный угол или [Линия/РМн-угол/СМн-угол]: 
Команда: 
Команда: 
Команда: _copy найдено: 33

Текущая настройка:  Режим копирования  = Несколько
Базовая точка или [Смещение/реЖим] <Смещение>: 
Вторая точка или [Массив] <использовать для смещения первую точку>: 
Укажите вторую точку или [Массив/Выход/Отменить] <Выход>: 
Укажите вторую точку или [Массив/Выход/Отменить] <Выход>: *Прервано*

Команда: OPOR

Выберите внешний контур OPOR: 
Команда: 
[OPOR] Проёмов найдено: 2
[OPOR] TIN завершён: исходных отметок=30, рассчитано для проёмов=8, отметок всего=38, треугольников=50, вне области=11, рёбер=28, flips=8, заменено треугольников=0, заменено автоотметок=0.
Команда: 

Команда: 
Команда: OPOR

[OPOR] Проверка OPOR:
Версия: 3.30.1-robust-tin
Слои: OK
Блоки MVP: OK
Размерный стиль ISO-25: OK
Справочно, отсутствующие будущие блоки: 
- нетВыполняется регенерация модели.

Команда: 
[OPOR] Слоёв скрыто: 10
Выберите внешний контур OPOR: 
Команда: 
[OPOR] Проёмов найдено: 2Выполняется регенерация модели.

Команда: 
Начальная точка сетки <Enter = угол у длинного ребра>: 
Направление сетки <Enter = вдоль длинного ребра>: 
Точка вставки итоговой таблицы <Enter = справа от контура>: 
[OPOR] Контур 1 рассчитан: опор=2739, длина лаг=1470.379 м, ошибок высот=0.
Команда: Выполняется регенерация модели.

Команда: 
[OPOR] Слоёв скрыто: 10
Выберите следующий внешний контур OPOR или Enter для завершения: 
Выполняется регенерация модели.

Команда: 
[OPOR] Заголовок чертежа: Разбивка опор Level PRO.
[OPOR] Var завершён: опор=2739, длина лаг=1470 м, лаг=42 шт, ошибок высот=0, областей=50, треугольников=50.
Команда: 

Команда: 
Команда: TINEDGEDEBUG

[TINEDGE] marks=9 generated=4 points=13 raw=19 constraints=8
[TINEDGE] immediate-failures=0 final-missing=0

Команда: 
Команда: *Прервано*

Команда: OPOR

Выберите внешний контур OPOR: 
Команда: 
[OPOR] Проёмов найдено: 2
[OPOR] TIN завершён: исходных отметок=30, рассчитано для проёмов=8, отметок всего=38, треугольников=50, вне области=11, рёбер=28, flips=8, заменено треугольников=0, заменено автоотметок=0.
Команда: 

Команда: 
Команда: OPOR

[OPOR] Проверка OPOR:
Версия: 3.30.1-robust-tin
Слои: OK
Блоки MVP: OK
Размерный стиль ISO-25: OK
Справочно, отсутствующие будущие блоки: 
- нетВыполняется регенерация модели.

Команда: 
[OPOR] Слоёв скрыто: 10
Выберите внешний контур OPOR: 
Команда: 
[OPOR] Проёмов найдено: 2Выполняется регенерация модели.

Команда: 
Начальная точка сетки <Enter = угол у длинного ребра>: 
Направление сетки <Enter = вдоль длинного ребра>: 
Точка вставки итоговой таблицы <Enter = справа от контура>: 
[OPOR] Контур 1 рассчитан: опор=2719, длина лаг=1470.379 м.
Команда: Выполняется регенерация модели.

Команда: 
[OPOR] Слоёв скрыто: 10
Выберите следующий внешний контур OPOR или Enter для завершения: 
Выполняется регенерация модели.

Команда: 
[OPOR] Заголовок чертежа: Разбивка опор Level 3D.
[OPOR] MVP завершён: опор=2719, длина лаг=1470 м, лаг=42 шт.
Команда: 

Команда: 
Команда: OPOR

Укажите внешний контур или Enter для завершения: 
Команда: 
Команда: 
Команда: OPOR

Укажите внешний контур или Enter для завершения: 
Укажите точку верхнего левого угла таблицы: 
Команда: 
Укажите следующий внешний контур или Enter для завершения: 

[OPOR] Slope завершён: контуров=1, назначено=0, удалено=0, P2=0, P3=0, P4=0, P5=0, P6=0, P7=0, P8=0, P9=0.
Команда: 

Команда: 
Команда: OPORDUMP

========== OPOR NEW OBJECT DUMP ==========

===== SESSION 20260722_152155-108891171 =====
--- ПО ТИПАМ XDATA ---
    tin-interpolated-mark : 8
    tin-triangle : 50
--- ПО СЛОЯМ ---
    0 : 8
    линии_высот : 50
--- НОВАЯ СЕТКА --- линий: 0  длина: 0 мм = 0 м
    grid-v: 0 линий, 0 м, min - мм
    grid-p: 0 линий, 0 м, min - мм
--- НОВЫЕ ОПОРЫ --- всего: 0
--- НОВЫЕ ТАБЛИЦЫ --- всего: 0

===== SESSION 20260722_15231101-108967515 =====
--- ПО ТИПАМ XDATA ---
    drawing-title : 1
    grid-edge : 4
    grid-v : 61
    support : 2739
    table-extra-row : 1
    table-params : 1
    table-support : 1
--- ПО СЛОЯМ ---
    контур : 4
    опорыvb : 2739
    сеткаvb : 65
--- НОВАЯ СЕТКА --- линий: 65  длина: 1470378.6 мм = 1470.38 м
    grid-v: 61 линий, 1426.64 м, min 653.7 мм
    grid-p: 0 линий, 0 м, min - мм
--- НОВЫЕ ОПОРЫ --- всего: 2739
    цвет 6 : 2739 шт
--- НОВЫЕ ТАБЛИЦЫ --- всего: 3
    блок: OPOR_PARAMS_EXTRA_ROW
      LABEL = Кол-во лаг, шт
      VALUE = 42
    блок: OPOR_PARAMS_BOARD
      COVERING = Доска 160\U+00D727\U+00D73000
      AREA = 831
      LAG_TYPE = Frame 40\U+00D749 мм
      LAG_LENGTH = 1470
      STEP_X = 600
      STEP_Y = 600
      FLOOR = 501
    блок: OPOR_SUPPORT_SPEC_PRO
      SUP_PRO_LOW12 = 0
      SUP_PRO_LOW20 = 0
      SUP_PRO_25_35 = 0
      SUP_PRO_35_50 = 0
      SUP_PRO_50_80 = 0
      SUP_PRO_80_140 = 0
      SUP_PRO_95_155 = 0
      SUP_PRO_145_240 = 0
      SUP_PRO_160_270 = 0
      SUP_PRO_205_340 = 0
      SUP_PRO_235_400 = 0
      SUP_PRO_315_530 = 2739
      SUP_PRO_390_660 = 0
      SUP_TOTAL = 2739

===== SESSION 20260722_152502-109078078 =====
--- ПО ТИПАМ XDATA ---
    tin-interpolated-mark : 8
    tin-triangle : 50
--- ПО СЛОЯМ ---
    0 : 8
    линии_высот : 50
--- НОВАЯ СЕТКА --- линий: 0  длина: 0 мм = 0 м
    grid-v: 0 линий, 0 м, min - мм
    grid-p: 0 линий, 0 м, min - мм
--- НОВЫЕ ОПОРЫ --- всего: 0
--- НОВЫЕ ТАБЛИЦЫ --- всего: 0

===== SESSION 20260722_152509-109085828 =====
--- ПО ТИПАМ XDATA ---
    drawing-title : 1
    grid-edge : 4
    grid-v : 61
    support : 2739
    table-extra-row : 1
    table-params : 1
    table-support : 1
--- ПО СЛОЯМ ---
    контур : 4
    опорыvb : 2739
    сеткаvb : 65
--- НОВАЯ СЕТКА --- линий: 65  длина: 1470378.6 мм = 1470.38 м
    grid-v: 61 линий, 1426.64 м, min 653.7 мм
    grid-p: 0 линий, 0 м, min - мм
--- НОВЫЕ ОПОРЫ --- всего: 2739
    цвет 1 : 422 шт
    цвет 30 : 103 шт
    цвет 92 : 626 шт
    цвет 131 : 1588 шт
--- НОВЫЕ ТАБЛИЦЫ --- всего: 3
    блок: OPOR_PARAMS_EXTRA_ROW
      LABEL = Кол-во лаг, шт
      VALUE = 42
    блок: OPOR_PARAMS_BOARD
      COVERING = Доска 160\U+00D727\U+00D73000
      AREA = 831
      LAG_TYPE = Frame 40\U+00D749 мм
      LAG_LENGTH = 1470
      STEP_X = 600
      STEP_Y = 600
      FLOOR = 101
    блок: OPOR_SUPPORT_SPEC_PRO
      SUP_PRO_LOW12 = 0
      SUP_PRO_LOW20 = 0
      SUP_PRO_25_35 = 422
      SUP_PRO_35_50 = 626
      SUP_PRO_50_80 = 1588
      SUP_PRO_80_140 = 103
      SUP_PRO_95_155 = 0
      SUP_PRO_145_240 = 0
      SUP_PRO_160_270 = 0
      SUP_PRO_205_340 = 0
      SUP_PRO_235_400 = 0
      SUP_PRO_315_530 = 0
      SUP_PRO_390_660 = 0
      SUP_TOTAL = 2739

===== SESSION 20260722_15255-109126812 =====
--- ПО ТИПАМ XDATA ---
    tin-interpolated-mark : 8
    tin-triangle : 50
--- ПО СЛОЯМ ---
    0 : 8
    линии_высот : 50
--- НОВАЯ СЕТКА --- линий: 0  длина: 0 мм = 0 м
    grid-v: 0 линий, 0 м, min - мм
    grid-p: 0 линий, 0 м, min - мм
--- НОВЫЕ ОПОРЫ --- всего: 0
--- НОВЫЕ ТАБЛИЦЫ --- всего: 0

===== SESSION 20260722_152557-109133140 =====
--- ПО ТИПАМ XDATA ---
    drawing-title : 1
    grid-edge : 4
    grid-v : 61
    support : 2719
    table-extra-row : 1
    table-params : 1
    table-support : 1
--- ПО СЛОЯМ ---
    контур : 4
    опорыvb : 2719
    сеткаvb : 65
--- НОВАЯ СЕТКА --- линий: 65  длина: 1470378.6 мм = 1470.38 м
    grid-v: 61 линий, 1426.64 м, min 653.7 мм
    grid-p: 0 линий, 0 м, min - мм
--- НОВЫЕ ОПОРЫ --- всего: 2719
    цвет 92 : 2719 шт
--- НОВЫЕ ТАБЛИЦЫ --- всего: 3
    блок: OPOR_PARAMS_EXTRA_ROW
      LABEL = Кол-во лаг, шт
      VALUE = 42
    блок: OPOR_PARAMS_BOARD
      COVERING = Доска 160\U+00D727\U+00D73000
      AREA = 831
      LAG_TYPE = Frame 40\U+00D749 мм
      LAG_LENGTH = 1470
      STEP_X = 600
      STEP_Y = 600
      FLOOR = -
    блок: OPOR_SUPPORT_SPEC_3D
      SUP_3D_35_50 = 2719
      SUP_3D_50_80 = 0
      SUP_3D_80_140 = 0
      SUP_3D_95_155 = 0
      SUP_3D_145_240 = 0
      SUP_3D_160_270 = 0
      SUP_3D_205_340 = 0
      SUP_3D_235_400 = 0
      SUP_3D_315_530 = 0
      SUP_3D_390_660 = 0
      SUP_TOTAL = 2719

===== SESSION 20260722_152642-109178921 =====
--- ПО ТИПАМ XDATA ---
    slope-table : 1
--- ПО СЛОЯМ ---
    контур : 1
--- НОВАЯ СЕТКА --- линий: 0  длина: 0 мм = 0 м
    grid-v: 0 линий, 0 м, min - мм
    grid-p: 0 линий, 0 м, min - мм
    session grid lag: 0 м
    index ranges: v=nil p=nil
    boundary lag candidate: 0 м, mode=all
      outer: 0 м, holes: 0 м
    П5 лаги: рядов=0, поперечных удалено=0
    support split: vertices=0 border=0 nodes=0
    border filter: raw=0 after-vertices=0
    node filter: raw=0 after-self=0 after-vertices=0 after-border=0
    крепёж: лаги= x0, плитки= x0 (шаг 0)
    levels: marks=0 polylines=0 vertices=0 missing-marks=0 triangles=0 height-errors=0
--- НОВЫЕ ОПОРЫ --- всего: 0
--- НОВЫЕ ТАБЛИЦЫ --- всего: 0
=========================================

Команда: 
Команда: *Прервано*

Команда: OPORTABLES

========== OPOR TOTAL TABLE BLOCKS ==========
--- TABLE #1 ---
    block: table_totl_1
    handle: 1DB89
    layer: _SG_Support
    session: old/no-xdata
      1 = 
      2 = 
      3 = 
      4 = 
      5 = 
      6 = 
      7 = 
      8 = 
      9 = 
      10 = 
      11 = 
      12 = 
      13 = 
      AREA = 
      ITOG = 
      CHPOL = 0
      DOSKA = 0
      LAG = 0
      PLITKA = 0
      VECTOR = 0
      PERP = 0
      LENGTH = 
      QC = 
      QR = 
--- TABLE #2 ---
    block: table_totl_3D
    handle: 2A2DA
    layer: _SG_Support
    session: old/no-xdata
      1 = 
      2 = 
      3 = 
      4 = 
      5 = 
      6 = 
      7 = 
      8 = 
      9 = 
      10 = 
      11 = 
      AREA = 
      ITOG = 
      CHPOL = 0
      DOSKA = 0
      LAG = 0
      PLITKA = 0
      VECTOR = 0
      PERP = 0
      LENGTH = 
      QC = 
      QR = 
--- TABLE #3 ---
    block: table_totl_PRO
    handle: 2AA14
    layer: _SG_Support
    session: old/no-xdata
      1 = 
      2 = 
      3 = 
      4 = 
      5 = 
      6 = 
      7 = 
      8 = 
      9 = 
      10 = 
      11 = 
      12 = 
      13 = 
      AREA = 
      ITOG = 
      CHPOL = 0
      DOSKA = 0
      LAG = 0
      PLITKA = 0
      VECTOR = 0
      PERP = 0
      LENGTH = 
      QC = 
      QR = 
--- TABLE #4 ---
    block: table_totl_PRO
    handle: 377CE
    layer: 0
    session: old/no-xdata
      1 = 
      2 = 
      3 = 637
      4 = 1401
      5 = 2982
      6 = 136
      7 = 
      8 = 
      9 = 
      10 = 
      11 = 
      12 = 
      13 = 
      AREA = 831
      ITOG = 5156
      CHPOL = 101
      DOSKA = 27
      LAG = 49
      PLITKA = 0
      VECTOR = 500
      PERP = 400
      LENGTH = 2434
      QC = 0
      QR = 0
--- TABLE #5 ---
    block: table_totl_PRO
    handle: 43426
    layer: 0
    session: old/no-xdata
      1 = 
      2 = 
      3 = 650
      4 = 1239
      5 = 2697
      6 = 123
      7 = 
      8 = 1
      9 = 
      10 = 
      11 = 
      12 = 
      13 = 
      AREA = 867
      ITOG = 4710
      CHPOL = 101
      DOSKA = 27
      LAG = 49
      PLITKA = 0
      VECTOR = 500
      PERP = 400
      LENGTH = 2107
      QC = 0
      QR = 0
--- TABLE #6 ---
    block: table_totl_PRO
    handle: 4641F
    layer: 0
    session: old/no-xdata
      1 = 
      2 = 
      3 = 456
      4 = 982
      5 = 2139
      6 = 94
      7 = 
      8 = 
      9 = 
      10 = 
      11 = 
      12 = 
      13 = 
      AREA = 831
      ITOG = 3671
      CHPOL = 101
      DOSKA = 27
      LAG = 49
      PLITKA = 0
      VECTOR = 500
      PERP = 500
      LENGTH = 1696
      QC = 0
      QR = 0
--- TABLE #7 ---
    block: OPOR_SUPPORT_SPEC_PRO
    handle: 4FD32
    layer: контур
    session: 20260722_15231101-108967515
      SUP_PRO_LOW12 = 0
      SUP_PRO_LOW20 = 0
      SUP_PRO_25_35 = 0
      SUP_PRO_35_50 = 0
      SUP_PRO_50_80 = 0
      SUP_PRO_80_140 = 0
      SUP_PRO_95_155 = 0
      SUP_PRO_145_240 = 0
      SUP_PRO_160_270 = 0
      SUP_PRO_205_340 = 0
      SUP_PRO_235_400 = 0
      SUP_PRO_315_530 = 2739
      SUP_PRO_390_660 = 0
      SUP_TOTAL = 2739
--- TABLE #8 ---
    block: OPOR_PARAMS_BOARD
    handle: 4FD42
    layer: контур
    session: 20260722_15231101-108967515
      COVERING = Доска 160\U+00D727\U+00D73000
      AREA = 831
      LAG_TYPE = Frame 40\U+00D749 мм
      LAG_LENGTH = 1470
      STEP_X = 600
      STEP_Y = 600
      FLOOR = 501
--- TABLE #9 ---
    block: OPOR_PARAMS_EXTRA_ROW
    handle: 4FD55
    layer: контур
    session: 20260722_15231101-108967515
      LABEL = Кол-во лаг, шт
      VALUE = 42
--- TABLE #10 ---
    block: OPOR_SUPPORT_SPEC_PRO
    handle: 562D2
    layer: контур
    session: 20260722_152509-109085828
      SUP_PRO_LOW12 = 0
      SUP_PRO_LOW20 = 0
      SUP_PRO_25_35 = 422
      SUP_PRO_35_50 = 626
      SUP_PRO_50_80 = 1588
      SUP_PRO_80_140 = 103
      SUP_PRO_95_155 = 0
      SUP_PRO_145_240 = 0
      SUP_PRO_160_270 = 0
      SUP_PRO_205_340 = 0
      SUP_PRO_235_400 = 0
      SUP_PRO_315_530 = 0
      SUP_PRO_390_660 = 0
      SUP_TOTAL = 2739
--- TABLE #11 ---
    block: OPOR_PARAMS_BOARD
    handle: 562E2
    layer: контур
    session: 20260722_152509-109085828
      COVERING = Доска 160\U+00D727\U+00D73000
      AREA = 831
      LAG_TYPE = Frame 40\U+00D749 мм
      LAG_LENGTH = 1470
      STEP_X = 600
      STEP_Y = 600
      FLOOR = 101
--- TABLE #12 ---
    block: OPOR_PARAMS_EXTRA_ROW
    handle: 562EB
    layer: контур
    session: 20260722_152509-109085828
      LABEL = Кол-во лаг, шт
      VALUE = 42
--- TABLE #13 ---
    block: OPOR_SUPPORT_SPEC_3D
    handle: 5C675
    layer: контур
    session: 20260722_152557-109133140
      SUP_3D_35_50 = 2719
      SUP_3D_50_80 = 0
      SUP_3D_80_140 = 0
      SUP_3D_95_155 = 0
      SUP_3D_145_240 = 0
      SUP_3D_160_270 = 0
      SUP_3D_205_340 = 0
      SUP_3D_235_400 = 0
      SUP_3D_315_530 = 0
      SUP_3D_390_660 = 0
      SUP_TOTAL = 2719
--- TABLE #14 ---
    block: OPOR_PARAMS_BOARD
    handle: 5C682
    layer: контур
    session: 20260722_152557-109133140
      COVERING = Доска 160\U+00D727\U+00D73000
      AREA = 831
      LAG_TYPE = Frame 40\U+00D749 мм
      LAG_LENGTH = 1470
      STEP_X = 600
      STEP_Y = 600
      FLOOR = -
--- TABLE #15 ---
    block: OPOR_PARAMS_EXTRA_ROW
    handle: 5C68B
    layer: контур
    session: 20260722_152557-109133140
      LABEL = Кол-во лаг, шт
      VALUE = 42
============================================

Команда: 
Команда: Задайте противоположный угол или [Линия/РМн-угол/СМн-угол]: 
Команда: *Прервано*

Команда: 
Команда: *Прервано*

Команда: 
Команда: *Прервано*

Команда: Задайте противоположный угол или [Линия/РМн-угол/СМн-угол]: 
Команда: *Прервано*

Команда: 
Команда: *Прервано*

Команда: 
Команда: *Прервано*

Команда: OPOR

Выберите внешний контур OPOR: 
Команда: 
[OPOR] Проёмов найдено: 2
[OPOR] TIN завершён: исходных отметок=30, рассчитано для проёмов=8, отметок всего=38, треугольников=50, вне области=11, рёбер=28, flips=8, заменено треугольников=50, заменено автоотметок=8.
Команда: 

Команда: 
Команда: Задайте противоположный угол или [Линия/РМн-угол/СМн-угол]: *Прервано*

Команда: OPORCLEAN

Очистка OPOR [Session/All] <All>: S

[OPOR] Удалено объектов: 58

Команда: 
Команда: OPORCLEAN

Очистка OPOR [Session/All] <All>: 

[OPOR] Удалено объектов: 8521

Команда: 
Команда: OPOR

Выберите внешний контур OPOR: 
Команда: 
[OPOR] Проёмов найдено: 2
[OPOR] TIN завершён: исходных отметок=30, рассчитано для проёмов=8, отметок всего=38, треугольников=50, вне области=11, рёбер=28, flips=8, заменено треугольников=0, заменено автоотметок=0.
Команда: 

Команда: 
Команда: OPOR

[OPOR] Проверка OPOR:
Версия: 3.30.1-robust-tin
Слои: OK
Блоки MVP: OK
Размерный стиль ISO-25: OK
Справочно, отсутствующие будущие блоки: 
- нетВыполняется регенерация модели.

Команда: 
[OPOR] Слоёв скрыто: 10
Выберите внешний контур OPOR: 
Команда: 
[OPOR] Проёмов найдено: 2Выполняется регенерация модели.

Команда: 
Начальная точка сетки <Enter = угол у длинного ребра>: 
Направление сетки <Enter = вдоль длинного ребра>: 
Точка вставки итоговой таблицы <Enter = справа от контура>: 
[OPOR] Контур 1 рассчитан: опор=2739, длина лаг=1470.379 м, ошибок высот=2739.
Команда: Выполняется регенерация модели.

Команда: 
[OPOR] Слоёв скрыто: 10
Выберите следующий внешний контур OPOR или Enter для завершения: 
Выполняется регенерация модели.

Команда: 
[OPOR] Заголовок чертежа: Разбивка опор Level 3D.
[OPOR] Var завершён: опор=2739, длина лаг=1470 м, лаг=42 шт, ошибок высот=2739, областей=50, треугольников=50.
Команда: 

Команда: 
Команда: OPORDUMP

========== OPOR NEW OBJECT DUMP ==========

===== SESSION 20260722_15324699-109543468 =====
--- ПО ТИПАМ XDATA ---
    tin-interpolated-mark : 8
    tin-triangle : 50
--- ПО СЛОЯМ ---
    0 : 8
    линии_высот : 50
--- НОВАЯ СЕТКА --- линий: 0  длина: 0 мм = 0 м
    grid-v: 0 линий, 0 м, min - мм
    grid-p: 0 линий, 0 м, min - мм
--- НОВЫЕ ОПОРЫ --- всего: 0
--- НОВЫЕ ТАБЛИЦЫ --- всего: 0

===== SESSION 20260722_153256-109552843 =====
--- ПО ТИПАМ XDATA ---
    drawing-title : 1
    grid-edge : 4
    grid-v : 61
    support : 2739
    table-extra-row : 1
    table-params : 1
    table-support : 1
--- ПО СЛОЯМ ---
    контур : 4
    опорыvb : 2739
    сеткаvb : 65
--- НОВАЯ СЕТКА --- линий: 65  длина: 1470378.6 мм = 1470.38 м
    grid-v: 61 линий, 1426.64 м, min 653.7 мм
    grid-p: 0 линий, 0 м, min - мм
    session grid lag: 1426.64 м
    index ranges: v=(-40 3) p=(-3 149)
    boundary lag candidate: 43.74 м, mode=all
      outer: 31.5 м, holes: 12.24 м
    П5 лаги: рядов=42, поперечных удалено=159
    support split: vertices=36 border=435 nodes=2268
    border filter: raw=440 after-vertices=435
    node filter: raw=2369 after-self=2369 after-vertices=2361 after-border=2268
    крепёж: лаги= x0, плитки= x0 (шаг 0)
    levels: marks=38 polylines=50 vertices=36 missing-marks=0 triangles=50 height-errors=2739
--- НОВЫЕ ОПОРЫ --- всего: 2739
    цвет 30 : 2739 шт
--- НОВЫЕ ТАБЛИЦЫ --- всего: 3
    блок: OPOR_PARAMS_EXTRA_ROW
      LABEL = Кол-во лаг, шт
      VALUE = 42
    блок: OPOR_PARAMS_BOARD
      COVERING = Доска 160\U+00D727\U+00D73000
      AREA = 831
      LAG_TYPE = Frame 40\U+00D7160 мм
      LAG_LENGTH = 1470
      STEP_X = 600
      STEP_Y = 600
      FLOOR = 111
    блок: OPOR_SUPPORT_SPEC_3D
      SUP_3D_35_50 = 0
      SUP_3D_50_80 = 0
      SUP_3D_80_140 = 0
      SUP_3D_95_155 = 0
      SUP_3D_145_240 = 0
      SUP_3D_160_270 = 0
      SUP_3D_205_340 = 0
      SUP_3D_235_400 = 0
      SUP_3D_315_530 = 0
      SUP_3D_390_660 = 0
      SUP_TOTAL = 0
=========================================

Команда: 
Команда: OPORTABLES

========== OPOR TOTAL TABLE BLOCKS ==========
--- TABLE #1 ---
    block: table_totl_1
    handle: 1DB89
    layer: _SG_Support
    session: old/no-xdata
      1 = 
      2 = 
      3 = 
      4 = 
      5 = 
      6 = 
      7 = 
      8 = 
      9 = 
      10 = 
      11 = 
      12 = 
      13 = 
      AREA = 
      ITOG = 
      CHPOL = 0
      DOSKA = 0
      LAG = 0
      PLITKA = 0
      VECTOR = 0
      PERP = 0
      LENGTH = 
      QC = 
      QR = 
--- TABLE #2 ---
    block: table_totl_3D
    handle: 2A2DA
    layer: _SG_Support
    session: old/no-xdata
      1 = 
      2 = 
      3 = 
      4 = 
      5 = 
      6 = 
      7 = 
      8 = 
      9 = 
      10 = 
      11 = 
      AREA = 
      ITOG = 
      CHPOL = 0
      DOSKA = 0
      LAG = 0
      PLITKA = 0
      VECTOR = 0
      PERP = 0
      LENGTH = 
      QC = 
      QR = 
--- TABLE #3 ---
    block: table_totl_PRO
    handle: 2AA14
    layer: _SG_Support
    session: old/no-xdata
      1 = 
      2 = 
      3 = 
      4 = 
      5 = 
      6 = 
      7 = 
      8 = 
      9 = 
      10 = 
      11 = 
      12 = 
      13 = 
      AREA = 
      ITOG = 
      CHPOL = 0
      DOSKA = 0
      LAG = 0
      PLITKA = 0
      VECTOR = 0
      PERP = 0
      LENGTH = 
      QC = 
      QR = 
--- TABLE #4 ---
    block: table_totl_PRO
    handle: 377CE
    layer: 0
    session: old/no-xdata
      1 = 
      2 = 
      3 = 637
      4 = 1401
      5 = 2982
      6 = 136
      7 = 
      8 = 
      9 = 
      10 = 
      11 = 
      12 = 
      13 = 
      AREA = 831
      ITOG = 5156
      CHPOL = 101
      DOSKA = 27
      LAG = 49
      PLITKA = 0
      VECTOR = 500
      PERP = 400
      LENGTH = 2434
      QC = 0
      QR = 0
--- TABLE #5 ---
    block: table_totl_PRO
    handle: 43426
    layer: 0
    session: old/no-xdata
      1 = 
      2 = 
      3 = 650
      4 = 1239
      5 = 2697
      6 = 123
      7 = 
      8 = 1
      9 = 
      10 = 
      11 = 
      12 = 
      13 = 
      AREA = 867
      ITOG = 4710
      CHPOL = 101
      DOSKA = 27
      LAG = 49
      PLITKA = 0
      VECTOR = 500
      PERP = 400
      LENGTH = 2107
      QC = 0
      QR = 0
--- TABLE #6 ---
    block: table_totl_PRO
    handle: 4641F
    layer: 0
    session: old/no-xdata
      1 = 
      2 = 
      3 = 456
      4 = 982
      5 = 2139
      6 = 94
      7 = 
      8 = 
      9 = 
      10 = 
      11 = 
      12 = 
      13 = 
      AREA = 831
      ITOG = 3671
      CHPOL = 101
      DOSKA = 27
      LAG = 49
      PLITKA = 0
      VECTOR = 500
      PERP = 500
      LENGTH = 1696
      QC = 0
      QR = 0
--- TABLE #7 ---
    block: OPOR_SUPPORT_SPEC_3D
    handle: 62C8F
    layer: контур
    session: 20260722_153256-109552843
      SUP_3D_35_50 = 0
      SUP_3D_50_80 = 0
      SUP_3D_80_140 = 0
      SUP_3D_95_155 = 0
      SUP_3D_145_240 = 0
      SUP_3D_160_270 = 0
      SUP_3D_205_340 = 0
      SUP_3D_235_400 = 0
      SUP_3D_315_530 = 0
      SUP_3D_390_660 = 0
      SUP_TOTAL = 0
--- TABLE #8 ---
    block: OPOR_PARAMS_BOARD
    handle: 62C9C
    layer: контур
    session: 20260722_153256-109552843
      COVERING = Доска 160\U+00D727\U+00D73000
      AREA = 831
      LAG_TYPE = Frame 40\U+00D7160 мм
      LAG_LENGTH = 1470
      STEP_X = 600
      STEP_Y = 600
      FLOOR = 111
--- TABLE #9 ---
    block: OPOR_PARAMS_EXTRA_ROW
    handle: 62CA5
    layer: контур
    session: 20260722_153256-109552843
      LABEL = Кол-во лаг, шт
      VALUE = 42
============================================

Команда: 
Команда: OPORCLEAN

Очистка OPOR [Session/All] <All>: S

[OPOR] Удалено объектов: 2808

Команда: 
Команда: OPOR

[OPOR] Проверка OPOR:
Версия: 3.30.1-robust-tin
Слои: OK
Блоки MVP: OK
Размерный стиль ISO-25: OK
Справочно, отсутствующие будущие блоки: 
- нетВыполняется регенерация модели.

Команда: 
[OPOR] Слоёв скрыто: 10
Выберите внешний контур OPOR: 
Команда: 
[OPOR] Проёмов найдено: 2Выполняется регенерация модели.

Команда: 
Начальная точка сетки <Enter = угол у длинного ребра>: 
Направление сетки <Enter = вдоль длинного ребра>: 
Точка вставки итоговой таблицы <Enter = справа от контура>: 
[OPOR] Контур 1 рассчитан: опор=2739, длина лаг=1470.379 м, ошибок высот=0.
Команда: Выполняется регенерация модели.

Команда: 
[OPOR] Слоёв скрыто: 10
Выберите следующий внешний контур OPOR или Enter для завершения: 
Выполняется регенерация модели.

Команда: 
[OPOR] Заголовок чертежа: Разбивка опор Level 3D.
[OPOR] Var завершён: опор=2739, длина лаг=1470 м, лаг=42 шт, ошибок высот=0, областей=50, треугольников=50.
Команда: 

Команда: 
Команда: OPORDUMP

========== OPOR NEW OBJECT DUMP ==========

===== SESSION 20260722_15324699-109543468 =====
--- ПО ТИПАМ XDATA ---
    tin-interpolated-mark : 8
    tin-triangle : 50
--- ПО СЛОЯМ ---
    0 : 8
    линии_высот : 50
--- НОВАЯ СЕТКА --- линий: 0  длина: 0 мм = 0 м
    grid-v: 0 линий, 0 м, min - мм
    grid-p: 0 линий, 0 м, min - мм
--- НОВЫЕ ОПОРЫ --- всего: 0
--- НОВЫЕ ТАБЛИЦЫ --- всего: 0

===== SESSION 20260722_153525-109701484 =====
--- ПО ТИПАМ XDATA ---
    drawing-title : 1
    grid-edge : 4
    grid-v : 61
    support : 2739
    table-extra-row : 1
    table-params : 1
    table-support : 1
--- ПО СЛОЯМ ---
    контур : 4
    опорыvb : 2739
    сеткаvb : 65
--- НОВАЯ СЕТКА --- линий: 65  длина: 1470378.6 мм = 1470.38 м
    grid-v: 61 линий, 1426.64 м, min 653.7 мм
    grid-p: 0 линий, 0 м, min - мм
    session grid lag: 1426.64 м
    index ranges: v=(-40 3) p=(-3 149)
    boundary lag candidate: 43.74 м, mode=all
      outer: 31.5 м, holes: 12.24 м
    П5 лаги: рядов=42, поперечных удалено=159
    support split: vertices=36 border=435 nodes=2268
    border filter: raw=440 after-vertices=435
    node filter: raw=2369 after-self=2369 after-vertices=2361 after-border=2268
    крепёж: лаги= x0, плитки= x0 (шаг 0)
    levels: marks=38 polylines=50 vertices=36 missing-marks=0 triangles=50 height-errors=0
--- НОВЫЕ ОПОРЫ --- всего: 2739
    цвет 30 : 576 шт
    цвет 92 : 661 шт
    цвет 131 : 1502 шт
--- НОВЫЕ ТАБЛИЦЫ --- всего: 3
    блок: OPOR_PARAMS_EXTRA_ROW
      LABEL = Кол-во лаг, шт
      VALUE = 42
    блок: OPOR_PARAMS_BOARD
      COVERING = Доска 160\U+00D727\U+00D73000
      AREA = 831
      LAG_TYPE = Frame 40\U+00D749 мм
      LAG_LENGTH = 1470
      STEP_X = 600
      STEP_Y = 600
      FLOOR = 111
    блок: OPOR_SUPPORT_SPEC_3D
      SUP_3D_35_50 = 661
      SUP_3D_50_80 = 1502
      SUP_3D_80_140 = 576
      SUP_3D_95_155 = 0
      SUP_3D_145_240 = 0
      SUP_3D_160_270 = 0
      SUP_3D_205_340 = 0
      SUP_3D_235_400 = 0
      SUP_3D_315_530 = 0
      SUP_3D_390_660 = 0
      SUP_TOTAL = 2739
=========================================

Команда: 
Команда: OPORTABLES

========== OPOR TOTAL TABLE BLOCKS ==========
--- TABLE #1 ---
    block: table_totl_1
    handle: 1DB89
    layer: _SG_Support
    session: old/no-xdata
      1 = 
      2 = 
      3 = 
      4 = 
      5 = 
      6 = 
      7 = 
      8 = 
      9 = 
      10 = 
      11 = 
      12 = 
      13 = 
      AREA = 
      ITOG = 
      CHPOL = 0
      DOSKA = 0
      LAG = 0
      PLITKA = 0
      VECTOR = 0
      PERP = 0
      LENGTH = 
      QC = 
      QR = 
--- TABLE #2 ---
    block: table_totl_3D
    handle: 2A2DA
    layer: _SG_Support
    session: old/no-xdata
      1 = 
      2 = 
      3 = 
      4 = 
      5 = 
      6 = 
      7 = 
      8 = 
      9 = 
      10 = 
      11 = 
      AREA = 
      ITOG = 
      CHPOL = 0
      DOSKA = 0
      LAG = 0
      PLITKA = 0
      VECTOR = 0
      PERP = 0
      LENGTH = 
      QC = 
      QR = 
--- TABLE #3 ---
    block: table_totl_PRO
    handle: 2AA14
    layer: _SG_Support
    session: old/no-xdata
      1 = 
      2 = 
      3 = 
      4 = 
      5 = 
      6 = 
      7 = 
      8 = 
      9 = 
      10 = 
      11 = 
      12 = 
      13 = 
      AREA = 
      ITOG = 
      CHPOL = 0
      DOSKA = 0
      LAG = 0
      PLITKA = 0
      VECTOR = 0
      PERP = 0
      LENGTH = 
      QC = 
      QR = 
--- TABLE #4 ---
    block: table_totl_PRO
    handle: 377CE
    layer: 0
    session: old/no-xdata
      1 = 
      2 = 
      3 = 637
      4 = 1401
      5 = 2982
      6 = 136
      7 = 
      8 = 
      9 = 
      10 = 
      11 = 
      12 = 
      13 = 
      AREA = 831
      ITOG = 5156
      CHPOL = 101
      DOSKA = 27
      LAG = 49
      PLITKA = 0
      VECTOR = 500
      PERP = 400
      LENGTH = 2434
      QC = 0
      QR = 0
--- TABLE #5 ---
    block: table_totl_PRO
    handle: 43426
    layer: 0
    session: old/no-xdata
      1 = 
      2 = 
      3 = 650
      4 = 1239
      5 = 2697
      6 = 123
      7 = 
      8 = 1
      9 = 
      10 = 
      11 = 
      12 = 
      13 = 
      AREA = 867
      ITOG = 4710
      CHPOL = 101
      DOSKA = 27
      LAG = 49
      PLITKA = 0
      VECTOR = 500
      PERP = 400
      LENGTH = 2107
      QC = 0
      QR = 0
--- TABLE #6 ---
    block: table_totl_PRO
    handle: 4641F
    layer: 0
    session: old/no-xdata
      1 = 
      2 = 
      3 = 456
      4 = 982
      5 = 2139
      6 = 94
      7 = 
      8 = 
      9 = 
      10 = 
      11 = 
      12 = 
      13 = 
      AREA = 831
      ITOG = 3671
      CHPOL = 101
      DOSKA = 27
      LAG = 49
      PLITKA = 0
      VECTOR = 500
      PERP = 500
      LENGTH = 1696
      QC = 0
      QR = 0
--- TABLE #7 ---
    block: OPOR_SUPPORT_SPEC_3D
    handle: 68EC0
    layer: контур
    session: 20260722_153525-109701484
      SUP_3D_35_50 = 661
      SUP_3D_50_80 = 1502
      SUP_3D_80_140 = 576
      SUP_3D_95_155 = 0
      SUP_3D_145_240 = 0
      SUP_3D_160_270 = 0
      SUP_3D_205_340 = 0
      SUP_3D_235_400 = 0
      SUP_3D_315_530 = 0
      SUP_3D_390_660 = 0
      SUP_TOTAL = 2739
--- TABLE #8 ---
    block: OPOR_PARAMS_BOARD
    handle: 68ECD
    layer: контур
    session: 20260722_153525-109701484
      COVERING = Доска 160\U+00D727\U+00D73000
      AREA = 831
      LAG_TYPE = Frame 40\U+00D749 мм
      LAG_LENGTH = 1470
      STEP_X = 600
      STEP_Y = 600
      FLOOR = 111
--- TABLE #9 ---
    block: OPOR_PARAMS_EXTRA_ROW
    handle: 68ED6
    layer: контур
    session: 20260722_153525-109701484
      LABEL = Кол-во лаг, шт
      VALUE = 42
============================================

Команда: 
Команда: 
Команда: *Прервано*

Команда: 
Команда: *Прервано*

Команда: 
Команда: *Прервано*

Команда: Задайте противоположный угол или [Линия/РМн-угол/СМн-угол]: *Прервано*

Команда: Задайте противоположный угол или [Линия/РМн-угол/СМн-угол]: 
Команда: *Прервано*

Команда: Задайте противоположный угол или [Линия/РМн-угол/СМн-угол]: 
Команда: *Прервано*

Команда: Задайте противоположный угол или [Линия/РМн-угол/СМн-угол]: 
Команда: *Прервано*

Команда: Задайте противоположный угол или [Линия/РМн-угол/СМн-угол]: 
Команда: *Прервано*

Команда: Задайте противоположный угол или [Линия/РМн-угол/СМн-угол]: 
Команда: *Прервано*

Команда: Задайте противоположный угол или [Линия/РМн-угол/СМн-угол]: 
Команда: *Прервано*

Команда: Задайте противоположный угол или [Линия/РМн-угол/СМн-угол]: 
Команда: *Прервано*

Команда: Задайте противоположный угол или [Линия/РМн-угол/СМн-угол]: 
Команда: *Прервано*

Команда: Задайте противоположный угол или [Линия/РМн-угол/СМн-угол]: 
Команда: *Прервано*

Команда: Задайте противоположный угол или [Линия/РМн-угол/СМн-угол]: 
Команда: *Прервано*

Команда: Задайте противоположный угол или [Линия/РМн-угол/СМн-угол]: 
Команда: *Прервано*

Команда: Задайте противоположный угол или [Линия/РМн-угол/СМн-угол]: 
Команда: OPOR

[OPOR] Команда отменена.

Команда: 
Команда: OPORCLEAN

Очистка OPOR [Session/All] <All>: S

[OPOR] Удалено объектов: 0

Команда: 
Команда: OPORCLEAN

Очистка OPOR [Session/All] <All>: S

[OPOR] Удалено объектов: 0

Команда: 
Команда: OPORCLEAN

Очистка OPOR [Session/All] <All>: 

[OPOR] Удалено объектов: 2866

Команда: 
Команда: OPOR

[OPOR] Проверка OPOR:
Версия: 3.30.1-robust-tin
Слои: OK
Блоки MVP: OK
Размерный стиль ISO-25: OK
Справочно, отсутствующие будущие блоки: 
- нетВыполняется регенерация модели.

Команда: 
[OPOR] Слоёв скрыто: 10
Выберите внешний контур OPOR: 
Команда: 
[OPOR] Проёмов найдено: 2Выполняется регенерация модели.

Команда: 
[OPOR] Var остановлен: проверка отметок не пройдена.
Команда: 

Команда: 
Команда: OPOR

Выберите внешний контур OPOR: 
Команда: 
[OPOR] Проёмов найдено: 2
[OPOR] TIN завершён: исходных отметок=30, рассчитано для проёмов=8, отметок всего=38, треугольников=50, вне области=11, рёбер=28, flips=8, заменено треугольников=0, заменено автоотметок=0.
Команда: 

Команда: 
Команда: OPOR

[OPOR] Проверка OPOR:
Версия: 3.30.1-robust-tin
Слои: OK
Блоки MVP: OK
Размерный стиль ISO-25: OK
Справочно, отсутствующие будущие блоки: 
- нетВыполняется регенерация модели.

Команда: 
[OPOR] Слоёв скрыто: 10
Выберите внешний контур OPOR: 
Команда: 
[OPOR] Проёмов найдено: 2Выполняется регенерация модели.

Команда: 
Начальная точка сетки <Enter = угол у длинного ребра>: 
Направление сетки <Enter = вдоль длинного ребра>: 
Точка вставки итоговой таблицы <Enter = справа от контура>: 
[OPOR] Контур 1 рассчитан: опор=2739, длина лаг=1470.379 м, ошибок высот=0.
Команда: Выполняется регенерация модели.

Команда: 
[OPOR] Слоёв скрыто: 10
Выберите следующий внешний контур OPOR или Enter для завершения: 
Выполняется регенерация модели.

Команда: 
[OPOR] Заголовок чертежа: Разбивка опор Level PRO.
[OPOR] Var завершён: опор=2739, длина лаг=1470 м, лаг=42 шт, ошибок высот=0, областей=50, треугольников=50, плитка=600\U+00D7600, плитки: целых=2142, обрезанных=344.
Команда: 

Команда: 
Команда: OPORDUMP

========== OPOR NEW OBJECT DUMP ==========

===== SESSION 20260722_154053-110029359 =====
--- ПО ТИПАМ XDATA ---
    tin-interpolated-mark : 8
    tin-triangle : 50
--- ПО СЛОЯМ ---
    0 : 8
    линии_высот : 50
--- НОВАЯ СЕТКА --- линий: 0  длина: 0 мм = 0 м
    grid-v: 0 линий, 0 м, min - мм
    grid-p: 0 линий, 0 м, min - мм
--- НОВЫЕ ОПОРЫ --- всего: 0
--- НОВЫЕ ТАБЛИЦЫ --- всего: 0

===== SESSION 20260722_154059-110035828 =====
--- ПО ТИПАМ XDATA ---
    drawing-title : 1
    grid-edge : 4
    grid-v : 61
    support : 2739
    table-extra-row : 1
    table-params : 1
    table-support : 1
    tile : 2142
    tile-region : 344
--- ПО СЛОЯМ ---
    контур : 4
    опорыvb : 2739
    плиткаvb : 2486
    сеткаvb : 65
--- НОВАЯ СЕТКА --- линий: 65  длина: 1470378.6 мм = 1470.38 м
    grid-v: 61 линий, 1426.64 м, min 653.7 мм
    grid-p: 0 линий, 0 м, min - мм
    session grid lag: 1426.64 м
    index ranges: v=(-40 3) p=(-3 149)
    boundary lag candidate: 43.74 м, mode=all
      outer: 31.5 м, holes: 12.24 м
    П5 лаги: рядов=42, поперечных удалено=159
    П8 плитка: размер=600\U+00D7600, шаг опор=600\U+00D7600, целых=2142, обрезанных=344
    support split: vertices=36 border=435 nodes=2268
    border filter: raw=440 after-vertices=435
    node filter: raw=2369 after-self=2369 after-vertices=2361 after-border=2268
    крепёж: лаги= x0, плитки= x0 (шаг 0)
    levels: marks=38 polylines=50 vertices=36 missing-marks=0 triangles=50 height-errors=0
--- НОВЫЕ ОПОРЫ --- всего: 2739
    цвет 30 : 2713 шт
    цвет 160 : 26 шт
--- НОВЫЕ ТАБЛИЦЫ --- всего: 3
    блок: OPOR_PARAMS_EXTRA_ROW
      LABEL = Кол-во лаг, шт
      VALUE = 42
    блок: OPOR_PARAMS_TILE
      AREA = 831
      COVERING = Плитка 600\U+00D7600\U+00D720
      STEP_SUPPORT = 600
      FLOOR = 101
    блок: OPOR_SUPPORT_SPEC_PRO
      SUP_PRO_LOW12 = 0
      SUP_PRO_LOW20 = 0
      SUP_PRO_25_35 = 0
      SUP_PRO_35_50 = 0
      SUP_PRO_50_80 = 0
      SUP_PRO_80_140 = 2713
      SUP_PRO_95_155 = 26
      SUP_PRO_145_240 = 0
      SUP_PRO_160_270 = 0
      SUP_PRO_205_340 = 0
      SUP_PRO_235_400 = 0
      SUP_PRO_315_530 = 0
      SUP_PRO_390_660 = 0
      SUP_TOTAL = 2739
=========================================

Команда: 
Команда: OPORTABLES

========== OPOR TOTAL TABLE BLOCKS ==========
--- TABLE #1 ---
    block: table_totl_1
    handle: 1DB89
    layer: _SG_Support
    session: old/no-xdata
      1 = 
      2 = 
      3 = 
      4 = 
      5 = 
      6 = 
      7 = 
      8 = 
      9 = 
      10 = 
      11 = 
      12 = 
      13 = 
      AREA = 
      ITOG = 
      CHPOL = 0
      DOSKA = 0
      LAG = 0
      PLITKA = 0
      VECTOR = 0
      PERP = 0
      LENGTH = 
      QC = 
      QR = 
--- TABLE #2 ---
    block: table_totl_3D
    handle: 2A2DA
    layer: _SG_Support
    session: old/no-xdata
      1 = 
      2 = 
      3 = 
      4 = 
      5 = 
      6 = 
      7 = 
      8 = 
      9 = 
      10 = 
      11 = 
      AREA = 
      ITOG = 
      CHPOL = 0
      DOSKA = 0
      LAG = 0
      PLITKA = 0
      VECTOR = 0
      PERP = 0
      LENGTH = 
      QC = 
      QR = 
--- TABLE #3 ---
    block: table_totl_PRO
    handle: 2AA14
    layer: _SG_Support
    session: old/no-xdata
      1 = 
      2 = 
      3 = 
      4 = 
      5 = 
      6 = 
      7 = 
      8 = 
      9 = 
      10 = 
      11 = 
      12 = 
      13 = 
      AREA = 
      ITOG = 
      CHPOL = 0
      DOSKA = 0
      LAG = 0
      PLITKA = 0
      VECTOR = 0
      PERP = 0
      LENGTH = 
      QC = 
      QR = 
--- TABLE #4 ---
    block: table_totl_PRO
    handle: 377CE
    layer: 0
    session: old/no-xdata
      1 = 
      2 = 
      3 = 637
      4 = 1401
      5 = 2982
      6 = 136
      7 = 
      8 = 
      9 = 
      10 = 
      11 = 
      12 = 
      13 = 
      AREA = 831
      ITOG = 5156
      CHPOL = 101
      DOSKA = 27
      LAG = 49
      PLITKA = 0
      VECTOR = 500
      PERP = 400
      LENGTH = 2434
      QC = 0
      QR = 0
--- TABLE #5 ---
    block: table_totl_PRO
    handle: 43426
    layer: 0
    session: old/no-xdata
      1 = 
      2 = 
      3 = 650
      4 = 1239
      5 = 2697
      6 = 123
      7 = 
      8 = 1
      9 = 
      10 = 
      11 = 
      12 = 
      13 = 
      AREA = 867
      ITOG = 4710
      CHPOL = 101
      DOSKA = 27
      LAG = 49
      PLITKA = 0
      VECTOR = 500
      PERP = 400
      LENGTH = 2107
      QC = 0
      QR = 0
--- TABLE #6 ---
    block: table_totl_PRO
    handle: 4641F
    layer: 0
    session: old/no-xdata
      1 = 
      2 = 
      3 = 456
      4 = 982
      5 = 2139
      6 = 94
      7 = 
      8 = 
      9 = 
      10 = 
      11 = 
      12 = 
      13 = 
      AREA = 831
      ITOG = 3671
      CHPOL = 101
      DOSKA = 27
      LAG = 49
      PLITKA = 0
      VECTOR = 500
      PERP = 500
      LENGTH = 1696
      QC = 0
      QR = 0
--- TABLE #7 ---
    block: OPOR_SUPPORT_SPEC_PRO
    handle: 73FBD
    layer: контур
    session: 20260722_154059-110035828
      SUP_PRO_LOW12 = 0
      SUP_PRO_LOW20 = 0
      SUP_PRO_25_35 = 0
      SUP_PRO_35_50 = 0
      SUP_PRO_50_80 = 0
      SUP_PRO_80_140 = 2713
      SUP_PRO_95_155 = 26
      SUP_PRO_145_240 = 0
      SUP_PRO_160_270 = 0
      SUP_PRO_205_340 = 0
      SUP_PRO_235_400 = 0
      SUP_PRO_315_530 = 0
      SUP_PRO_390_660 = 0
      SUP_TOTAL = 2739
--- TABLE #8 ---
    block: OPOR_PARAMS_TILE
    handle: 73FCD
    layer: контур
    session: 20260722_154059-110035828
      AREA = 831
      COVERING = Плитка 600\U+00D7600\U+00D720
      STEP_SUPPORT = 600
      FLOOR = 101
--- TABLE #9 ---
    block: OPOR_PARAMS_EXTRA_ROW
    handle: 73FD3
    layer: контур
    session: 20260722_154059-110035828
      LABEL = Кол-во лаг, шт
      VALUE = 42
============================================

Команда: 
Команда: 
Автоматическое сохранение в C:\Users\user\AppData\Local\Temp\FINAL_Sirius_real_v329_1_14924_77d53429.sv$ ...

Команда: 
Команда: OPORCLEAN

Очистка OPOR [Session/All] <All>: S

[OPOR] Удалено объектов: 5294

Команда: 
Команда: OPOR

[OPOR] Проверка OPOR:
Версия: 3.30.1-robust-tin
Слои: OK
Блоки MVP: OK
Размерный стиль ISO-25: OK
Справочно, отсутствующие будущие блоки: 
- нетВыполняется регенерация модели.

Команда: 
[OPOR] Слоёв скрыто: 10
Выберите внешний контур OPOR: Выполняется регенерация модели.

Команда: 
Команда: 

Команда: 
Команда: OPOR

[OPOR] Проверка OPOR:
Версия: 3.30.1-robust-tin
Слои: OK
Блоки MVP: OK
Размерный стиль ISO-25: OK
Справочно, отсутствующие будущие блоки: 
- нетВыполняется регенерация модели.

Команда: 
[OPOR] Слоёв скрыто: 10
Выберите внешний контур OPOR: 
Команда: 
[OPOR] Проёмов найдено: 2Выполняется регенерация модели.

Команда: 
Начальная точка сетки <Enter = угол у длинного ребра>: 
Направление сетки <Enter = вдоль длинного ребра>: 
Точка вставки итоговой таблицы <Enter = справа от контура>: 

[OPOR] Контур 1 рассчитан: опор=2739, длина лаг=1470.379 м, ошибок высот=0.
Команда: Выполняется регенерация модели.

Команда: 
[OPOR] Слоёв скрыто: 10
Выберите следующий внешний контур OPOR или Enter для завершения: 
Выполняется регенерация модели.

Команда: 
[OPOR] Заголовок чертежа: Разбивка опор Level PRO.
[OPOR] Var завершён: опор=2739, длина лаг=1470 м, лаг=42 шт, ошибок высот=0, областей=50, треугольников=50, плитка=800\U+00D7400, плитки: целых=2400, обрезанных=350.
Команда: 

Команда: 
Команда: *Прервано*

Команда: *Прервано*

Команда: *Прервано*

Команда: OPORDUMP

========== OPOR NEW OBJECT DUMP ==========

===== SESSION 20260722_154053-110029359 =====
--- ПО ТИПАМ XDATA ---
    tin-interpolated-mark : 8
    tin-triangle : 50
--- ПО СЛОЯМ ---
    0 : 8
    линии_высот : 50
--- НОВАЯ СЕТКА --- линий: 0  длина: 0 мм = 0 м
    grid-v: 0 линий, 0 м, min - мм
    grid-p: 0 линий, 0 м, min - мм
--- НОВЫЕ ОПОРЫ --- всего: 0
--- НОВЫЕ ТАБЛИЦЫ --- всего: 0

===== SESSION 20260722_15435-110206171 =====
--- ПО ТИПАМ XDATA ---
    drawing-title : 1
    grid-edge : 4
    grid-v : 61
    support : 2739
    table-extra-row : 1
    table-params : 1
    table-support : 1
    tile : 2400
    tile-region : 350
--- ПО СЛОЯМ ---
    контур : 4
    опорыvb : 2739
    плиткаvb : 2750
    сеткаvb : 65
--- НОВАЯ СЕТКА --- линий: 65  длина: 1470378.6 мм = 1470.38 м
    grid-v: 61 линий, 1426.64 м, min 653.7 мм
    grid-p: 0 линий, 0 м, min - мм
    session grid lag: 1426.64 м
    index ranges: v=(-40 3) p=(-3 149)
    boundary lag candidate: 43.74 м, mode=all
      outer: 31.5 м, holes: 12.24 м
    П5 лаги: рядов=42, поперечных удалено=159
    П8 плитка: размер=800\U+00D7400, шаг опор=600\U+00D7600, целых=2400, обрезанных=350
    support split: vertices=36 border=435 nodes=2268
    border filter: raw=440 after-vertices=435
    node filter: raw=2369 after-self=2369 after-vertices=2361 after-border=2268
    крепёж: лаги= x0, плитки= x0 (шаг 0)
    levels: marks=38 polylines=50 vertices=36 missing-marks=0 triangles=50 height-errors=0
--- НОВЫЕ ОПОРЫ --- всего: 2739
    цвет 30 : 2713 шт
    цвет 160 : 26 шт
--- НОВЫЕ ТАБЛИЦЫ --- всего: 3
    блок: OPOR_PARAMS_EXTRA_ROW
      LABEL = Кол-во лаг, шт
      VALUE = 42
    блок: OPOR_PARAMS_TILE
      AREA = 831
      COVERING = Плитка 800\U+00D7400\U+00D720
      STEP_SUPPORT = 600
      FLOOR = 101
    блок: OPOR_SUPPORT_SPEC_PRO
      SUP_PRO_LOW12 = 0
      SUP_PRO_LOW20 = 0
      SUP_PRO_25_35 = 0
      SUP_PRO_35_50 = 0
      SUP_PRO_50_80 = 0
      SUP_PRO_80_140 = 2713
      SUP_PRO_95_155 = 26
      SUP_PRO_145_240 = 0
      SUP_PRO_160_270 = 0
      SUP_PRO_205_340 = 0
      SUP_PRO_235_400 = 0
      SUP_PRO_315_530 = 0
      SUP_PRO_390_660 = 0
      SUP_TOTAL = 2739
=========================================

Команда: 
Команда: OPORTABLES

========== OPOR TOTAL TABLE BLOCKS ==========
--- TABLE #1 ---
    block: table_totl_1
    handle: 1DB89
    layer: _SG_Support
    session: old/no-xdata
      1 = 
      2 = 
      3 = 
      4 = 
      5 = 
      6 = 
      7 = 
      8 = 
      9 = 
      10 = 
      11 = 
      12 = 
      13 = 
      AREA = 
      ITOG = 
      CHPOL = 0
      DOSKA = 0
      LAG = 0
      PLITKA = 0
      VECTOR = 0
      PERP = 0
      LENGTH = 
      QC = 
      QR = 
--- TABLE #2 ---
    block: table_totl_3D
    handle: 2A2DA
    layer: _SG_Support
    session: old/no-xdata
      1 = 
      2 = 
      3 = 
      4 = 
      5 = 
      6 = 
      7 = 
      8 = 
      9 = 
      10 = 
      11 = 
      AREA = 
      ITOG = 
      CHPOL = 0
      DOSKA = 0
      LAG = 0
      PLITKA = 0
      VECTOR = 0
      PERP = 0
      LENGTH = 
      QC = 
      QR = 
--- TABLE #3 ---
    block: table_totl_PRO
    handle: 2AA14
    layer: _SG_Support
    session: old/no-xdata
      1 = 
      2 = 
      3 = 
      4 = 
      5 = 
      6 = 
      7 = 
      8 = 
      9 = 
      10 = 
      11 = 
      12 = 
      13 = 
      AREA = 
      ITOG = 
      CHPOL = 0
      DOSKA = 0
      LAG = 0
      PLITKA = 0
      VECTOR = 0
      PERP = 0
      LENGTH = 
      QC = 
      QR = 
--- TABLE #4 ---
    block: table_totl_PRO
    handle: 377CE
    layer: 0
    session: old/no-xdata
      1 = 
      2 = 
      3 = 637
      4 = 1401
      5 = 2982
      6 = 136
      7 = 
      8 = 
      9 = 
      10 = 
      11 = 
      12 = 
      13 = 
      AREA = 831
      ITOG = 5156
      CHPOL = 101
      DOSKA = 27
      LAG = 49
      PLITKA = 0
      VECTOR = 500
      PERP = 400
      LENGTH = 2434
      QC = 0
      QR = 0
--- TABLE #5 ---
    block: table_totl_PRO
    handle: 43426
    layer: 0
    session: old/no-xdata
      1 = 
      2 = 
      3 = 650
      4 = 1239
      5 = 2697
      6 = 123
      7 = 
      8 = 1
      9 = 
      10 = 
      11 = 
      12 = 
      13 = 
      AREA = 867
      ITOG = 4710
      CHPOL = 101
      DOSKA = 27
      LAG = 49
      PLITKA = 0
      VECTOR = 500
      PERP = 400
      LENGTH = 2107
      QC = 0
      QR = 0
--- TABLE #6 ---
    block: table_totl_PRO
    handle: 4641F
    layer: 0
    session: old/no-xdata
      1 = 
      2 = 
      3 = 456
      4 = 982
      5 = 2139
      6 = 94
      7 = 
      8 = 
      9 = 
      10 = 
      11 = 
      12 = 
      13 = 
      AREA = 831
      ITOG = 3671
      CHPOL = 101
      DOSKA = 27
      LAG = 49
      PLITKA = 0
      VECTOR = 500
      PERP = 500
      LENGTH = 1696
      QC = 0
      QR = 0
--- TABLE #7 ---
    block: OPOR_SUPPORT_SPEC_PRO
    handle: 7F565
    layer: контур
    session: 20260722_15435-110206171
      SUP_PRO_LOW12 = 0
      SUP_PRO_LOW20 = 0
      SUP_PRO_25_35 = 0
      SUP_PRO_35_50 = 0
      SUP_PRO_50_80 = 0
      SUP_PRO_80_140 = 2713
      SUP_PRO_95_155 = 26
      SUP_PRO_145_240 = 0
      SUP_PRO_160_270 = 0
      SUP_PRO_205_340 = 0
      SUP_PRO_235_400 = 0
      SUP_PRO_315_530 = 0
      SUP_PRO_390_660 = 0
      SUP_TOTAL = 2739
--- TABLE #8 ---
    block: OPOR_PARAMS_TILE
    handle: 7F575
    layer: контур
    session: 20260722_15435-110206171
      AREA = 831
      COVERING = Плитка 800\U+00D7400\U+00D720
      STEP_SUPPORT = 600
      FLOOR = 101
--- TABLE #9 ---
    block: OPOR_PARAMS_EXTRA_ROW
    handle: 7F57B
    layer: контур
    session: 20260722_15435-110206171
      LABEL = Кол-во лаг, шт
      VALUE = 42
============================================

Команда: 
Команда: OPORCLEAN

Очистка OPOR [Session/All] <All>: S

[OPOR] Удалено объектов: 5558

Команда: 
Команда: OPOR

[OPOR] Проверка OPOR:
Версия: 3.30.1-robust-tin
Слои: OK
Блоки MVP: OK
Размерный стиль ISO-25: OK
Справочно, отсутствующие будущие блоки: 
- нетВыполняется регенерация модели.

Команда: 
[OPOR] Слоёв скрыто: 10
Выберите внешний контур OPOR: 
Команда: 
[OPOR] Проёмов найдено: 2Выполняется регенерация модели.

Команда: 
Начальная точка сетки <Enter = угол у длинного ребра>: 
Направление сетки <Enter = вдоль длинного ребра>: 
Точка вставки итоговой таблицы <Enter = справа от контура>: 

[OPOR] Контур 1 рассчитан: опор=4177, длина лаг=2294.082 м, ошибок высот=0.
Команда: Выполняется регенерация модели.

Команда: 
[OPOR] Слоёв скрыто: 10
Выберите следующий внешний контур OPOR или Enter для завершения: 
Выполняется регенерация модели.

Команда: 
[OPOR] Заголовок чертежа: Разбивка опор Level PRO.
[OPOR] Var завершён: опор=4177, длина лаг=2294 м, лаг=63 шт, ошибок высот=0, областей=50, треугольников=50, П9: доска=3000, раскладка=1/2, стык=1500, парных сегментов=44, шахматных опор=896.
Команда: 

Команда: 
Команда: OPORDUMP

========== OPOR NEW OBJECT DUMP ==========

===== SESSION 20260722_154053-110029359 =====
--- ПО ТИПАМ XDATA ---
    tin-interpolated-mark : 8
    tin-triangle : 50
--- ПО СЛОЯМ ---
    0 : 8
    линии_высот : 50
--- НОВАЯ СЕТКА --- линий: 0  длина: 0 мм = 0 м
    grid-v: 0 линий, 0 м, min - мм
    grid-p: 0 линий, 0 м, min - мм
--- НОВЫЕ ОПОРЫ --- всего: 0
--- НОВЫЕ ТАБЛИЦЫ --- всего: 0

===== SESSION 20260722_15465-110386625 =====
--- ПО ТИПАМ XDATA ---
    drawing-title : 1
    grid-dbl-primary : 22
    grid-dbl-secondary : 22
    grid-edge : 4
    grid-v : 50
    support : 4177
    table-extra-row : 1
    table-params : 1
    table-support : 1
--- ПО СЛОЯМ ---
    контур : 4
    опорыvb : 4177
    сеткаvb : 98
--- НОВАЯ СЕТКА --- линий: 98  длина: 2294082.1 мм = 2294.08 м
    grid-v: 50 линий, 1181.22 м, min 653.7 мм
    grid-p: 0 линий, 0 м, min - мм
    session grid lag: 2250.34 м
    index ranges: v=(-40 3) p=(-3 149)
    boundary lag candidate: 43.74 м, mode=all
      outer: 31.5 м, holes: 12.24 м
    П5 лаги: рядов=63, поперечных удалено=159
    П9 сдвоенные лаги: доска=3000, раскладка=сдвиг 1/2, стык через=1500, сегментов пары=44, заменено обычных=11, шахматных опор=896
    support split: vertices=36 border=500 nodes=3641
    border filter: raw=506 after-vertices=500
    node filter: raw=3742 after-self=3742 after-vertices=3734 after-border=3641
    крепёж: лаги= x0, плитки= x0 (шаг 0)
    levels: marks=38 polylines=50 vertices=36 missing-marks=0 triangles=50 height-errors=0
--- НОВЫЕ ОПОРЫ --- всего: 4177
    цвет 1 : 473 шт
    цвет 30 : 156 шт
    цвет 92 : 1024 шт
    цвет 131 : 2524 шт
--- НОВЫЕ ТАБЛИЦЫ --- всего: 3
    блок: OPOR_PARAMS_EXTRA_ROW
      LABEL = Кол-во лаг, шт
      VALUE = 63
    блок: OPOR_PARAMS_BOARD
      COVERING = Доска 160\U+00D727\U+00D73000
      AREA = 831
      LAG_TYPE = Frame 40\U+00D749 мм
      LAG_LENGTH = 2294
      STEP_X = 600
      STEP_Y = 600
      FLOOR = 101
    блок: OPOR_SUPPORT_SPEC_PRO
      SUP_PRO_LOW12 = 0
      SUP_PRO_LOW20 = 0
      SUP_PRO_25_35 = 473
      SUP_PRO_35_50 = 1024
      SUP_PRO_50_80 = 2524
      SUP_PRO_80_140 = 156
      SUP_PRO_95_155 = 0
      SUP_PRO_145_240 = 0
      SUP_PRO_160_270 = 0
      SUP_PRO_205_340 = 0
      SUP_PRO_235_400 = 0
      SUP_PRO_315_530 = 0
      SUP_PRO_390_660 = 0
      SUP_TOTAL = 4177
=========================================

Команда: 
Команда: OPORTABLES

========== OPOR TOTAL TABLE BLOCKS ==========
--- TABLE #1 ---
    block: table_totl_1
    handle: 1DB89
    layer: _SG_Support
    session: old/no-xdata
      1 = 
      2 = 
      3 = 
      4 = 
      5 = 
      6 = 
      7 = 
      8 = 
      9 = 
      10 = 
      11 = 
      12 = 
      13 = 
      AREA = 
      ITOG = 
      CHPOL = 0
      DOSKA = 0
      LAG = 0
      PLITKA = 0
      VECTOR = 0
      PERP = 0
      LENGTH = 
      QC = 
      QR = 
--- TABLE #2 ---
    block: table_totl_3D
    handle: 2A2DA
    layer: _SG_Support
    session: old/no-xdata
      1 = 
      2 = 
      3 = 
      4 = 
      5 = 
      6 = 
      7 = 
      8 = 
      9 = 
      10 = 
      11 = 
      AREA = 
      ITOG = 
      CHPOL = 0
      DOSKA = 0
      LAG = 0
      PLITKA = 0
      VECTOR = 0
      PERP = 0
      LENGTH = 
      QC = 
      QR = 
--- TABLE #3 ---
    block: table_totl_PRO
    handle: 2AA14
    layer: _SG_Support
    session: old/no-xdata
      1 = 
      2 = 
      3 = 
      4 = 
      5 = 
      6 = 
      7 = 
      8 = 
      9 = 
      10 = 
      11 = 
      12 = 
      13 = 
      AREA = 
      ITOG = 
      CHPOL = 0
      DOSKA = 0
      LAG = 0
      PLITKA = 0
      VECTOR = 0
      PERP = 0
      LENGTH = 
      QC = 
      QR = 
--- TABLE #4 ---
    block: table_totl_PRO
    handle: 377CE
    layer: 0
    session: old/no-xdata
      1 = 
      2 = 
      3 = 637
      4 = 1401
      5 = 2982
      6 = 136
      7 = 
      8 = 
      9 = 
      10 = 
      11 = 
      12 = 
      13 = 
      AREA = 831
      ITOG = 5156
      CHPOL = 101
      DOSKA = 27
      LAG = 49
      PLITKA = 0
      VECTOR = 500
      PERP = 400
      LENGTH = 2434
      QC = 0
      QR = 0
--- TABLE #5 ---
    block: table_totl_PRO
    handle: 43426
    layer: 0
    session: old/no-xdata
      1 = 
      2 = 
      3 = 650
      4 = 1239
      5 = 2697
      6 = 123
      7 = 
      8 = 1
      9 = 
      10 = 
      11 = 
      12 = 
      13 = 
      AREA = 867
      ITOG = 4710
      CHPOL = 101
      DOSKA = 27
      LAG = 49
      PLITKA = 0
      VECTOR = 500
      PERP = 400
      LENGTH = 2107
      QC = 0
      QR = 0
--- TABLE #6 ---
    block: table_totl_PRO
    handle: 4641F
    layer: 0
    session: old/no-xdata
      1 = 
      2 = 
      3 = 456
      4 = 982
      5 = 2139
      6 = 94
      7 = 
      8 = 
      9 = 
      10 = 
      11 = 
      12 = 
      13 = 
      AREA = 831
      ITOG = 3671
      CHPOL = 101
      DOSKA = 27
      LAG = 49
      PLITKA = 0
      VECTOR = 500
      PERP = 500
      LENGTH = 1696
      QC = 0
      QR = 0
--- TABLE #7 ---
    block: OPOR_SUPPORT_SPEC_PRO
    handle: 89507
    layer: контур
    session: 20260722_15465-110386625
      SUP_PRO_LOW12 = 0
      SUP_PRO_LOW20 = 0
      SUP_PRO_25_35 = 473
      SUP_PRO_35_50 = 1024
      SUP_PRO_50_80 = 2524
      SUP_PRO_80_140 = 156
      SUP_PRO_95_155 = 0
      SUP_PRO_145_240 = 0
      SUP_PRO_160_270 = 0
      SUP_PRO_205_340 = 0
      SUP_PRO_235_400 = 0
      SUP_PRO_315_530 = 0
      SUP_PRO_390_660 = 0
      SUP_TOTAL = 4177
--- TABLE #8 ---
    block: OPOR_PARAMS_BOARD
    handle: 89517
    layer: контур
    session: 20260722_15465-110386625
      COVERING = Доска 160\U+00D727\U+00D73000
      AREA = 831
      LAG_TYPE = Frame 40\U+00D749 мм
      LAG_LENGTH = 2294
      STEP_X = 600
      STEP_Y = 600
      FLOOR = 101
--- TABLE #9 ---
    block: OPOR_PARAMS_EXTRA_ROW
    handle: 89520
    layer: контур
    session: 20260722_15465-110386625
      LABEL = Кол-во лаг, шт
      VALUE = 63
============================================

Команда: 
Команда: OPORCLEAN

Очистка OPOR [Session/All] <All>: S

[OPOR] Удалено объектов: 4279

Команда: 
Команда: OPOR

[OPOR] Проверка OPOR:
Версия: 3.30.1-robust-tin
Слои: OK
Блоки MVP: OK
Размерный стиль ISO-25: OK
Справочно, отсутствующие будущие блоки: 
- нетВыполняется регенерация модели.

Команда: 
[OPOR] Слоёв скрыто: 10
Выберите внешний контур OPOR: 
Команда: 
[OPOR] Проёмов найдено: 2Выполняется регенерация модели.

Команда: 
Начальная точка сетки <Enter = угол у длинного ребра>: 
Направление сетки <Enter = вдоль длинного ребра>: 
Точка вставки итоговой таблицы <Enter = справа от контура>: 

[OPOR] Контур 1 рассчитан: опор=3173, длина лаг=1715.8 м, ошибок высот=0.
Команда: Выполняется регенерация модели.

Команда: 
[OPOR] Слоёв скрыто: 10
Выберите следующий внешний контур OPOR или Enter для завершения: 
Выполняется регенерация модели.

Команда: 
[OPOR] Заголовок чертежа: Разбивка опор Level PRO.
[OPOR] Var завершён: опор=3173, длина лаг=1716 м, лаг=49 шт, ошибок высот=0, областей=50, треугольников=50, П9: доска=3000, раскладка=ровно, стык=3000, парных сегментов=22, шахматных опор=413.
Команда: 

Команда: 
Команда: OPORDUMP

========== OPOR NEW OBJECT DUMP ==========

===== SESSION 20260722_154053-110029359 =====
--- ПО ТИПАМ XDATA ---
    tin-interpolated-mark : 8
    tin-triangle : 50
--- ПО СЛОЯМ ---
    0 : 8
    линии_высот : 50
--- НОВАЯ СЕТКА --- линий: 0  длина: 0 мм = 0 м
    grid-v: 0 линий, 0 м, min - мм
    grid-p: 0 линий, 0 м, min - мм
--- НОВЫЕ ОПОРЫ --- всего: 0
--- НОВЫЕ ТАБЛИЦЫ --- всего: 0

===== SESSION 20260722_154923-110539187 =====
--- ПО ТИПАМ XDATA ---
    drawing-title : 1
    grid-dbl-primary : 11
    grid-dbl-secondary : 11
    grid-edge : 4
    grid-v : 50
    support : 3173
    table-extra-row : 1
    table-params : 1
    table-support : 1
--- ПО СЛОЯМ ---
    контур : 4
    опорыvb : 3173
    сеткаvb : 76
--- НОВАЯ СЕТКА --- линий: 76  длина: 1715800.4 мм = 1715.8 м
    grid-v: 50 линий, 1181.22 м, min 653.7 мм
    grid-p: 0 линий, 0 м, min - мм
    session grid lag: 1672.06 м
    index ranges: v=(-40 3) p=(-3 149)
    boundary lag candidate: 43.74 м, mode=all
      outer: 31.5 м, holes: 12.24 м
    П5 лаги: рядов=49, поперечных удалено=159
    П9 сдвоенные лаги: доска=3000, раскладка=ровно, стык через=3000, сегментов пары=22, заменено обычных=11, шахматных опор=413
    support split: vertices=36 border=457 nodes=2680
    border filter: raw=462 after-vertices=457
    node filter: raw=2781 after-self=2781 after-vertices=2773 after-border=2680
    крепёж: лаги= x0, плитки= x0 (шаг 0)
    levels: marks=38 polylines=50 vertices=36 missing-marks=0 triangles=50 height-errors=0
--- НОВЫЕ ОПОРЫ --- всего: 3173
    цвет 1 : 439 шт
    цвет 30 : 128 шт
    цвет 92 : 689 шт
    цвет 131 : 1917 шт
--- НОВЫЕ ТАБЛИЦЫ --- всего: 3
    блок: OPOR_PARAMS_EXTRA_ROW
      LABEL = Кол-во лаг, шт
      VALUE = 49
    блок: OPOR_PARAMS_BOARD
      COVERING = Доска 160\U+00D727\U+00D73000
      AREA = 831
      LAG_TYPE = Frame 40\U+00D749 мм
      LAG_LENGTH = 1716
      STEP_X = 600
      STEP_Y = 600
      FLOOR = 101
    блок: OPOR_SUPPORT_SPEC_PRO
      SUP_PRO_LOW12 = 0
      SUP_PRO_LOW20 = 0
      SUP_PRO_25_35 = 439
      SUP_PRO_35_50 = 689
      SUP_PRO_50_80 = 1917
      SUP_PRO_80_140 = 128
      SUP_PRO_95_155 = 0
      SUP_PRO_145_240 = 0
      SUP_PRO_160_270 = 0
      SUP_PRO_205_340 = 0
      SUP_PRO_235_400 = 0
      SUP_PRO_315_530 = 0
      SUP_PRO_390_660 = 0
      SUP_TOTAL = 3173
=========================================

Команда: 
Команда: OPORTABLES

========== OPOR TOTAL TABLE BLOCKS ==========
--- TABLE #1 ---
    block: table_totl_1
    handle: 1DB89
    layer: _SG_Support
    session: old/no-xdata
      1 = 
      2 = 
      3 = 
      4 = 
      5 = 
      6 = 
      7 = 
      8 = 
      9 = 
      10 = 
      11 = 
      12 = 
      13 = 
      AREA = 
      ITOG = 
      CHPOL = 0
      DOSKA = 0
      LAG = 0
      PLITKA = 0
      VECTOR = 0
      PERP = 0
      LENGTH = 
      QC = 
      QR = 
--- TABLE #2 ---
    block: table_totl_3D
    handle: 2A2DA
    layer: _SG_Support
    session: old/no-xdata
      1 = 
      2 = 
      3 = 
      4 = 
      5 = 
      6 = 
      7 = 
      8 = 
      9 = 
      10 = 
      11 = 
      AREA = 
      ITOG = 
      CHPOL = 0
      DOSKA = 0
      LAG = 0
      PLITKA = 0
      VECTOR = 0
      PERP = 0
      LENGTH = 
      QC = 
      QR = 
--- TABLE #3 ---
    block: table_totl_PRO
    handle: 2AA14
    layer: _SG_Support
    session: old/no-xdata
      1 = 
      2 = 
      3 = 
      4 = 
      5 = 
      6 = 
      7 = 
      8 = 
      9 = 
      10 = 
      11 = 
      12 = 
      13 = 
      AREA = 
      ITOG = 
      CHPOL = 0
      DOSKA = 0
      LAG = 0
      PLITKA = 0
      VECTOR = 0
      PERP = 0
      LENGTH = 
      QC = 
      QR = 
--- TABLE #4 ---
    block: table_totl_PRO
    handle: 377CE
    layer: 0
    session: old/no-xdata
      1 = 
      2 = 
      3 = 637
      4 = 1401
      5 = 2982
      6 = 136
      7 = 
      8 = 
      9 = 
      10 = 
      11 = 
      12 = 
      13 = 
      AREA = 831
      ITOG = 5156
      CHPOL = 101
      DOSKA = 27
      LAG = 49
      PLITKA = 0
      VECTOR = 500
      PERP = 400
      LENGTH = 2434
      QC = 0
      QR = 0
--- TABLE #5 ---
    block: table_totl_PRO
    handle: 43426
    layer: 0
    session: old/no-xdata
      1 = 
      2 = 
      3 = 650
      4 = 1239
      5 = 2697
      6 = 123
      7 = 
      8 = 1
      9 = 
      10 = 
      11 = 
      12 = 
      13 = 
      AREA = 867
      ITOG = 4710
      CHPOL = 101
      DOSKA = 27
      LAG = 49
      PLITKA = 0
      VECTOR = 500
      PERP = 400
      LENGTH = 2107
      QC = 0
      QR = 0
--- TABLE #6 ---
    block: table_totl_PRO
    handle: 4641F
    layer: 0
    session: old/no-xdata
      1 = 
      2 = 
      3 = 456
      4 = 982
      5 = 2139
      6 = 94
      7 = 
      8 = 
      9 = 
      10 = 
      11 = 
      12 = 
      13 = 
      AREA = 831
      ITOG = 3671
      CHPOL = 101
      DOSKA = 27
      LAG = 49
      PLITKA = 0
      VECTOR = 500
      PERP = 500
      LENGTH = 1696
      QC = 0
      QR = 0
--- TABLE #7 ---
    block: OPOR_SUPPORT_SPEC_PRO
    handle: 90BAA
    layer: контур
    session: 20260722_154923-110539187
      SUP_PRO_LOW12 = 0
      SUP_PRO_LOW20 = 0
      SUP_PRO_25_35 = 439
      SUP_PRO_35_50 = 689
      SUP_PRO_50_80 = 1917
      SUP_PRO_80_140 = 128
      SUP_PRO_95_155 = 0
      SUP_PRO_145_240 = 0
      SUP_PRO_160_270 = 0
      SUP_PRO_205_340 = 0
      SUP_PRO_235_400 = 0
      SUP_PRO_315_530 = 0
      SUP_PRO_390_660 = 0
      SUP_TOTAL = 3173
--- TABLE #8 ---
    block: OPOR_PARAMS_BOARD
    handle: 90BBA
    layer: контур
    session: 20260722_154923-110539187
      COVERING = Доска 160\U+00D727\U+00D73000
      AREA = 831
      LAG_TYPE = Frame 40\U+00D749 мм
      LAG_LENGTH = 1716
      STEP_X = 600
      STEP_Y = 600
      FLOOR = 101
--- TABLE #9 ---
    block: OPOR_PARAMS_EXTRA_ROW
    handle: 90BC3
    layer: контур
    session: 20260722_154923-110539187
      LABEL = Кол-во лаг, шт
      VALUE = 49
============================================

Команда: 
Команда: 
Команда: OPORCLEAN

Очистка OPOR [Session/All] <All>: S

[OPOR] Удалено объектов: 3253

Команда: 
Команда: OPOR

[OPOR] Проверка OPOR:
Версия: 3.30.1-robust-tin
Слои: OK
Блоки MVP: OK
Размерный стиль ISO-25: OK
Справочно, отсутствующие будущие блоки: 
- нетВыполняется регенерация модели.

Команда: 
[OPOR] Слоёв скрыто: 10
Выберите внешний контур OPOR: 
Команда: 
[OPOR] Проёмов найдено: 2Выполняется регенерация модели.

Команда: 
Начальная точка сетки <Enter = угол у длинного ребра>: 
Направление сетки <Enter = вдоль длинного ребра>: 
Точка вставки итоговой таблицы <Enter = справа от контура>: 

[OPOR] Контур 1 рассчитан: опор=4678, длина лаг=2140.823 м, ошибок высот=0.
Команда: Выполняется регенерация модели.

Команда: 
[OPOR] Слоёв скрыто: 10
Выберите следующий внешний контур OPOR или Enter для завершения: 
Выполняется регенерация модели.

Команда: 
[OPOR] Заголовок чертежа: Разбивка опор Level PRO.
[OPOR] Var завершён: опор=4678, длина лаг=2141 м, лаг=60 шт, ошибок высот=0, областей=50, треугольников=50.
Команда: 

Команда: 
Команда: OPORDUMP

========== OPOR NEW OBJECT DUMP ==========

===== SESSION 20260722_154053-110029359 =====
--- ПО ТИПАМ XDATA ---
    tin-interpolated-mark : 8
    tin-triangle : 50
--- ПО СЛОЯМ ---
    0 : 8
    линии_высот : 50
--- НОВАЯ СЕТКА --- линий: 0  длина: 0 мм = 0 м
    grid-v: 0 линий, 0 м, min - мм
    grid-p: 0 линий, 0 м, min - мм
--- НОВЫЕ ОПОРЫ --- всего: 0
--- НОВЫЕ ТАБЛИЦЫ --- всего: 0

===== SESSION 20260722_155257-110753171 =====
--- ПО ТИПАМ XDATA ---
    drawing-title : 1
    grid-edge : 4
    grid-v : 92
    support : 4678
    table-extra-row : 1
    table-params : 1
    table-support : 1
--- ПО СЛОЯМ ---
    контур : 4
    опорыvb : 4678
    сеткаvb : 96
--- НОВАЯ СЕТКА --- линий: 96  длина: 2140822.5 мм = 2140.82 м
    grid-v: 92 линий, 2097.08 м, min 1648.8 мм
    grid-p: 0 линий, 0 м, min - мм
    session grid lag: 2097.08 м
    index ranges: v=(-58 3) p=(-3 179)
    boundary lag candidate: 43.74 м, mode=all
      outer: 31.5 м, holes: 12.24 м
    П5 лаги: рядов=60, поперечных удалено=190
    support split: vertices=36 border=557 nodes=4085
    border filter: raw=564 after-vertices=557
    node filter: raw=4205 after-self=4205 after-vertices=4197 after-border=4085
    крепёж: лаги= x0, плитки= x0 (шаг 0)
    levels: marks=38 polylines=50 vertices=36 missing-marks=0 triangles=50 height-errors=0
--- НОВЫЕ ОПОРЫ --- всего: 4678
    цвет 1 : 662 шт
    цвет 30 : 205 шт
    цвет 92 : 1000 шт
    цвет 131 : 2811 шт
--- НОВЫЕ ТАБЛИЦЫ --- всего: 3
    блок: OPOR_PARAMS_EXTRA_ROW
      LABEL = Кол-во лаг, шт
      VALUE = 60
    блок: OPOR_PARAMS_BOARD
      COVERING = Доска 160\U+00D727\U+00D73000
      AREA = 831
      LAG_TYPE = Frame 40\U+00D749 мм
      LAG_LENGTH = 2141
      STEP_X = 500
      STEP_Y = 400
      FLOOR = 101
    блок: OPOR_SUPPORT_SPEC_PRO
      SUP_PRO_LOW12 = 0
      SUP_PRO_LOW20 = 0
      SUP_PRO_25_35 = 662
      SUP_PRO_35_50 = 1000
      SUP_PRO_50_80 = 2811
      SUP_PRO_80_140 = 205
      SUP_PRO_95_155 = 0
      SUP_PRO_145_240 = 0
      SUP_PRO_160_270 = 0
      SUP_PRO_205_340 = 0
      SUP_PRO_235_400 = 0
      SUP_PRO_315_530 = 0
      SUP_PRO_390_660 = 0
      SUP_TOTAL = 4678
=========================================

Команда: 
Команда: OPORTABLES

========== OPOR TOTAL TABLE BLOCKS ==========
--- TABLE #1 ---
    block: table_totl_1
    handle: 1DB89
    layer: _SG_Support
    session: old/no-xdata
      1 = 
      2 = 
      3 = 
      4 = 
      5 = 
      6 = 
      7 = 
      8 = 
      9 = 
      10 = 
      11 = 
      12 = 
      13 = 
      AREA = 
      ITOG = 
      CHPOL = 0
      DOSKA = 0
      LAG = 0
      PLITKA = 0
      VECTOR = 0
      PERP = 0
      LENGTH = 
      QC = 
      QR = 
--- TABLE #2 ---
    block: table_totl_3D
    handle: 2A2DA
    layer: _SG_Support
    session: old/no-xdata
      1 = 
      2 = 
      3 = 
      4 = 
      5 = 
      6 = 
      7 = 
      8 = 
      9 = 
      10 = 
      11 = 
      AREA = 
      ITOG = 
      CHPOL = 0
      DOSKA = 0
      LAG = 0
      PLITKA = 0
      VECTOR = 0
      PERP = 0
      LENGTH = 
      QC = 
      QR = 
--- TABLE #3 ---
    block: table_totl_PRO
    handle: 2AA14
    layer: _SG_Support
    session: old/no-xdata
      1 = 
      2 = 
      3 = 
      4 = 
      5 = 
      6 = 
      7 = 
      8 = 
      9 = 
      10 = 
      11 = 
      12 = 
      13 = 
      AREA = 
      ITOG = 
      CHPOL = 0
      DOSKA = 0
      LAG = 0
      PLITKA = 0
      VECTOR = 0
      PERP = 0
      LENGTH = 
      QC = 
      QR = 
--- TABLE #4 ---
    block: table_totl_PRO
    handle: 377CE
    layer: 0
    session: old/no-xdata
      1 = 
      2 = 
      3 = 637
      4 = 1401
      5 = 2982
      6 = 136
      7 = 
      8 = 
      9 = 
      10 = 
      11 = 
      12 = 
      13 = 
      AREA = 831
      ITOG = 5156
      CHPOL = 101
      DOSKA = 27
      LAG = 49
      PLITKA = 0
      VECTOR = 500
      PERP = 400
      LENGTH = 2434
      QC = 0
      QR = 0
--- TABLE #5 ---
    block: table_totl_PRO
    handle: 43426
    layer: 0
    session: old/no-xdata
      1 = 
      2 = 
      3 = 650
      4 = 1239
      5 = 2697
      6 = 123
      7 = 
      8 = 1
      9 = 
      10 = 
      11 = 
      12 = 
      13 = 
      AREA = 867
      ITOG = 4710
      CHPOL = 101
      DOSKA = 27
      LAG = 49
      PLITKA = 0
      VECTOR = 500
      PERP = 400
      LENGTH = 2107
      QC = 0
      QR = 0
--- TABLE #6 ---
    block: table_totl_PRO
    handle: 4641F
    layer: 0
    session: old/no-xdata
      1 = 
      2 = 
      3 = 456
      4 = 982
      5 = 2139
      6 = 94
      7 = 
      8 = 
      9 = 
      10 = 
      11 = 
      12 = 
      13 = 
      AREA = 831
      ITOG = 3671
      CHPOL = 101
      DOSKA = 27
      LAG = 49
      PLITKA = 0
      VECTOR = 500
      PERP = 500
      LENGTH = 1696
      QC = 0
      QR = 0
--- TABLE #7 ---
    block: OPOR_SUPPORT_SPEC_PRO
    handle: 9B282
    layer: контур
    session: 20260722_155257-110753171
      SUP_PRO_LOW12 = 0
      SUP_PRO_LOW20 = 0
      SUP_PRO_25_35 = 662
      SUP_PRO_35_50 = 1000
      SUP_PRO_50_80 = 2811
      SUP_PRO_80_140 = 205
      SUP_PRO_95_155 = 0
      SUP_PRO_145_240 = 0
      SUP_PRO_160_270 = 0
      SUP_PRO_205_340 = 0
      SUP_PRO_235_400 = 0
      SUP_PRO_315_530 = 0
      SUP_PRO_390_660 = 0
      SUP_TOTAL = 4678
--- TABLE #8 ---
    block: OPOR_PARAMS_BOARD
    handle: 9B292
    layer: контур
    session: 20260722_155257-110753171
      COVERING = Доска 160\U+00D727\U+00D73000
      AREA = 831
      LAG_TYPE = Frame 40\U+00D749 мм
      LAG_LENGTH = 2141
      STEP_X = 500
      STEP_Y = 400
      FLOOR = 101
--- TABLE #9 ---
    block: OPOR_PARAMS_EXTRA_ROW
    handle: 9B29B
    layer: контур
    session: 20260722_155257-110753171
      LABEL = Кол-во лаг, шт
      VALUE = 60
============================================

Команда: 
Команда: OPOROLD

========== OPOR OLD OBJECTS NEAR CURRENT SESSION ==========
line: PRO
--- OLD SUPPORT BLOCKS --- total: 0
--- OLD SUPPORTS BY HEIGHT RANGE ---
--- OLD GRID --- lines: 0 length: 0 m
    grid-v: 0 lines, 0 m
    grid-p: 0 lines, 0 m
    other: 0 lines, 0 m
===========================================================

Команда: 
Команда: OPORSHOW

Handle объекта для показа: *Прервано*
nil

Команда: 
Команда: 
Команда: _pasteclip 
Точка вставки: *Прервано*

Команда: OPORSHOW

Handle объекта для показа: 377ce

Показан объект 377ce / AcDbBlockReference / слой 0

Команда: Задайте противоположный угол или [Линия/РМн-угол/СМн-угол]: *Прервано*

Команда: *Прервано*

Команда: *Прервано*

Команда: Задайте противоположный угол или [Линия/РМн-угол/СМн-угол]: *Прервано*

Команда: *Прервано*

Команда: 
Команда: *Прервано*

Команда: OPORCLEAN

Очистка OPOR [Session/All] <All>: S

[OPOR] Удалено объектов: 4778

Команда: 
Команда: OPOR

[OPOR] Проверка OPOR:
Версия: 3.30.1-robust-tin
Слои: OK
Блоки MVP: OK
Размерный стиль ISO-25: OK
Справочно, отсутствующие будущие блоки: 
- нетВыполняется регенерация модели.

Команда: 
[OPOR] Слоёв скрыто: 10
Выберите внешний контур OPOR: 
Команда: 
[OPOR] Проёмов найдено: 2Выполняется регенерация модели.

Команда: 
Начальная точка сетки <Enter = угол у длинного ребра>: 
Направление сетки <Enter = вдоль длинного ребра>: 
Точка вставки итоговой таблицы <Enter = справа от контура>: 

[OPOR] Контур 1 рассчитан: опор=4678, длина лаг=2140.823 м, ошибок высот=0.
Команда: Выполняется регенерация модели.

Команда: 
[OPOR] Слоёв скрыто: 10
Выберите следующий внешний контур OPOR или Enter для завершения: 
Выполняется регенерация модели.

Команда: 
[OPOR] Заголовок чертежа: Разбивка опор Level PRO.
[OPOR] Var завершён: опор=4678, длина лаг=2141 м, лаг=60 шт, ошибок высот=0, областей=50, треугольников=50.
Команда: 

Команда: 
Команда: OPORDUMP

========== OPOR NEW OBJECT DUMP ==========

===== SESSION 20260722_154053-110029359 =====
--- ПО ТИПАМ XDATA ---
    tin-interpolated-mark : 8
    tin-triangle : 50
--- ПО СЛОЯМ ---
    0 : 8
    линии_высот : 50
--- НОВАЯ СЕТКА --- линий: 0  длина: 0 мм = 0 м
    grid-v: 0 линий, 0 м, min - мм
    grid-p: 0 линий, 0 м, min - мм
--- НОВЫЕ ОПОРЫ --- всего: 0
--- НОВЫЕ ТАБЛИЦЫ --- всего: 0

===== SESSION 20260722_155927-111143156 =====
--- ПО ТИПАМ XDATA ---
    drawing-title : 1
    grid-edge : 4
    grid-v : 92
    support : 4678
    table-extra-row : 1
    table-params : 1
    table-support : 1
--- ПО СЛОЯМ ---
    контур : 4
    опорыvb : 4678
    сеткаvb : 96
--- НОВАЯ СЕТКА --- линий: 96  длина: 2140822.5 мм = 2140.82 м
    grid-v: 92 линий, 2097.08 м, min 1648.8 мм
    grid-p: 0 линий, 0 м, min - мм
    session grid lag: 2097.08 м
    index ranges: v=(-58 3) p=(-3 179)
    boundary lag candidate: 43.74 м, mode=all
      outer: 31.5 м, holes: 12.24 м
    П5 лаги: рядов=60, поперечных удалено=190
    support split: vertices=36 border=557 nodes=4085
    border filter: raw=564 after-vertices=557
    node filter: raw=4205 after-self=4205 after-vertices=4197 after-border=4085
    крепёж: лаги= x0, плитки= x0 (шаг 0)
    levels: marks=38 polylines=50 vertices=36 missing-marks=0 triangles=50 height-errors=0
--- НОВЫЕ ОПОРЫ --- всего: 4678
    цвет 1 : 662 шт
    цвет 30 : 205 шт
    цвет 92 : 1000 шт
    цвет 131 : 2811 шт
--- НОВЫЕ ТАБЛИЦЫ --- всего: 3
    блок: OPOR_PARAMS_EXTRA_ROW
      LABEL = Кол-во лаг, шт
      VALUE = 60
    блок: OPOR_PARAMS_BOARD
      COVERING = Доска 160\U+00D727\U+00D73000
      AREA = 831
      LAG_TYPE = Frame 40\U+00D749 мм
      LAG_LENGTH = 2141
      STEP_X = 500
      STEP_Y = 400
      FLOOR = 101
    блок: OPOR_SUPPORT_SPEC_PRO
      SUP_PRO_LOW12 = 0
      SUP_PRO_LOW20 = 0
      SUP_PRO_25_35 = 662
      SUP_PRO_35_50 = 1000
      SUP_PRO_50_80 = 2811
      SUP_PRO_80_140 = 205
      SUP_PRO_95_155 = 0
      SUP_PRO_145_240 = 0
      SUP_PRO_160_270 = 0
      SUP_PRO_205_340 = 0
      SUP_PRO_235_400 = 0
      SUP_PRO_315_530 = 0
      SUP_PRO_390_660 = 0
      SUP_TOTAL = 4678
=========================================

Команда: 
Команда: OPORTABLES

========== OPOR TOTAL TABLE BLOCKS ==========
--- TABLE #1 ---
    block: table_totl_1
    handle: 1DB89
    layer: _SG_Support
    session: old/no-xdata
      1 = 
      2 = 
      3 = 
      4 = 
      5 = 
      6 = 
      7 = 
      8 = 
      9 = 
      10 = 
      11 = 
      12 = 
      13 = 
      AREA = 
      ITOG = 
      CHPOL = 0
      DOSKA = 0
      LAG = 0
      PLITKA = 0
      VECTOR = 0
      PERP = 0
      LENGTH = 
      QC = 
      QR = 
--- TABLE #2 ---
    block: table_totl_3D
    handle: 2A2DA
    layer: _SG_Support
    session: old/no-xdata
      1 = 
      2 = 
      3 = 
      4 = 
      5 = 
      6 = 
      7 = 
      8 = 
      9 = 
      10 = 
      11 = 
      AREA = 
      ITOG = 
      CHPOL = 0
      DOSKA = 0
      LAG = 0
      PLITKA = 0
      VECTOR = 0
      PERP = 0
      LENGTH = 
      QC = 
      QR = 
--- TABLE #3 ---
    block: table_totl_PRO
    handle: 2AA14
    layer: _SG_Support
    session: old/no-xdata
      1 = 
      2 = 
      3 = 
      4 = 
      5 = 
      6 = 
      7 = 
      8 = 
      9 = 
      10 = 
      11 = 
      12 = 
      13 = 
      AREA = 
      ITOG = 
      CHPOL = 0
      DOSKA = 0
      LAG = 0
      PLITKA = 0
      VECTOR = 0
      PERP = 0
      LENGTH = 
      QC = 
      QR = 
--- TABLE #4 ---
    block: table_totl_PRO
    handle: 377CE
    layer: 0
    session: old/no-xdata
      1 = 
      2 = 
      3 = 637
      4 = 1401
      5 = 2982
      6 = 136
      7 = 
      8 = 
      9 = 
      10 = 
      11 = 
      12 = 
      13 = 
      AREA = 831
      ITOG = 5156
      CHPOL = 101
      DOSKA = 27
      LAG = 49
      PLITKA = 0
      VECTOR = 500
      PERP = 400
      LENGTH = 2434
      QC = 0
      QR = 0
--- TABLE #5 ---
    block: table_totl_PRO
    handle: 43426
    layer: 0
    session: old/no-xdata
      1 = 
      2 = 
      3 = 650
      4 = 1239
      5 = 2697
      6 = 123
      7 = 
      8 = 1
      9 = 
      10 = 
      11 = 
      12 = 
      13 = 
      AREA = 867
      ITOG = 4710
      CHPOL = 101
      DOSKA = 27
      LAG = 49
      PLITKA = 0
      VECTOR = 500
      PERP = 400
      LENGTH = 2107
      QC = 0
      QR = 0
--- TABLE #6 ---
    block: table_totl_PRO
    handle: 4641F
    layer: 0
    session: old/no-xdata
      1 = 
      2 = 
      3 = 456
      4 = 982
      5 = 2139
      6 = 94
      7 = 
      8 = 
      9 = 
      10 = 
      11 = 
      12 = 
      13 = 
      AREA = 831
      ITOG = 3671
      CHPOL = 101
      DOSKA = 27
      LAG = 49
      PLITKA = 0
      VECTOR = 500
      PERP = 500
      LENGTH = 1696
      QC = 0
      QR = 0
--- TABLE #7 ---
    block: OPOR_SUPPORT_SPEC_PRO
    handle: A8FD4
    layer: контур
    session: 20260722_155927-111143156
      SUP_PRO_LOW12 = 0
      SUP_PRO_LOW20 = 0
      SUP_PRO_25_35 = 662
      SUP_PRO_35_50 = 1000
      SUP_PRO_50_80 = 2811
      SUP_PRO_80_140 = 205
      SUP_PRO_95_155 = 0
      SUP_PRO_145_240 = 0
      SUP_PRO_160_270 = 0
      SUP_PRO_205_340 = 0
      SUP_PRO_235_400 = 0
      SUP_PRO_315_530 = 0
      SUP_PRO_390_660 = 0
      SUP_TOTAL = 4678
--- TABLE #8 ---
    block: OPOR_PARAMS_BOARD
    handle: A8FE4
    layer: контур
    session: 20260722_155927-111143156
      COVERING = Доска 160\U+00D727\U+00D73000
      AREA = 831
      LAG_TYPE = Frame 40\U+00D749 мм
      LAG_LENGTH = 2141
      STEP_X = 500
      STEP_Y = 400
      FLOOR = 101
--- TABLE #9 ---
    block: OPOR_PARAMS_EXTRA_ROW
    handle: A8FED
    layer: контур
    session: 20260722_155927-111143156
      LABEL = Кол-во лаг, шт
      VALUE = 60
============================================

Команда: 
Команда: 
Команда: OPORCLEAN

Очистка OPOR [Session/All] <All>: S

[OPOR] Удалено объектов: 4778

Команда: 
Команда: 
OPORCLEAN

Очистка OPOR [Session/All] <All>: *Прервано*
nil

Команда: 
Команда: OPOR

[OPOR] Проверка OPOR:
Версия: 3.30.1-robust-tin
Слои: OK
Блоки MVP: OK
Размерный стиль ISO-25: OK
Справочно, отсутствующие будущие блоки: 
- нетВыполняется регенерация модели.

Команда: 
[OPOR] Слоёв скрыто: 10
Выберите внешний контур OPOR: 
Команда: 
[OPOR] Проёмов найдено: 2Выполняется регенерация модели.

Команда: 
Начальная точка сетки <Enter = угол у длинного ребра>: 
Направление сетки <Enter = вдоль длинного ребра>: 
Точка вставки итоговой таблицы <Enter = справа от контура>: 

[OPOR] Контур 1 рассчитан: опор=4817, длина лаг=2207.405 м, ошибок высот=0.
Команда: Выполняется регенерация модели.

Команда: 
[OPOR] Слоёв скрыто: 10
Выберите следующий внешний контур OPOR или Enter для завершения: 
Выполняется регенерация модели.

Команда: 
[OPOR] Заголовок чертежа: Разбивка опор Level PRO.
[OPOR] Var завершён: опор=4817, длина лаг=2207 м, лаг=61 шт, ошибок высот=0, областей=42, треугольников=42.
Команда: 

Команда: 
Команда: 
Команда: 
Команда: *Прервано*

Команда: OPORCLEAN

Очистка OPOR [Session/All] <All>: S

[OPOR] Удалено объектов: 4918

Команда: 
Команда: OPOR

[OPOR] Проверка OPOR:
Версия: 3.30.1-robust-tin
Слои: OK
Блоки MVP: OK
Размерный стиль ISO-25: OK
Справочно, отсутствующие будущие блоки: 
- нетВыполняется регенерация модели.

Команда: 
[OPOR] Слоёв скрыто: 10
Выберите внешний контур OPOR: 
Команда: 
[OPOR] Проёмов найдено: 2Выполняется регенерация модели.

Команда: 
Начальная точка сетки <Enter = угол у длинного ребра>: 
Точка вне контура — кликните внутри подсвеченного контура или Enter для авто.
Начальная точка сетки <Enter = угол у длинного ребра>: 
Точка вне контура — кликните внутри подсвеченного контура или Enter для авто.
Начальная точка сетки <Enter = угол у длинного ребра>: 
Точка вне контура — кликните внутри подсвеченного контура или Enter для авто.
Начальная точка сетки <Enter = угол у длинного ребра>: 
Направление сетки <Enter = вдоль длинного ребра>: 
Точка вставки итоговой таблицы <Enter = справа от контура>: 

[OPOR] Контур 1 рассчитан: опор=4785, длина лаг=2191.13 м, ошибок высот=0.
Команда: Выполняется регенерация модели.

Команда: 
[OPOR] Слоёв скрыто: 10
Выберите следующий внешний контур OPOR или Enter для завершения: 
Выполняется регенерация модели.

Команда: 
[OPOR] Заголовок чертежа: Разбивка опор Level PRO.
[OPOR] Var завершён: опор=4785, длина лаг=2191 м, лаг=60 шт, ошибок высот=0, областей=50, треугольников=50.
Команда: 

Команда: 
Команда: 
Команда: *Прервано*

Команда: OPORDUMP

========== OPOR NEW OBJECT DUMP ==========

===== SESSION 20260722_154053-110029359 =====
--- ПО ТИПАМ XDATA ---
    tin-interpolated-mark : 8
    tin-triangle : 50
--- ПО СЛОЯМ ---
    0 : 8
    линии_высот : 50
--- НОВАЯ СЕТКА --- линий: 0  длина: 0 мм = 0 м
    grid-v: 0 линий, 0 м, min - мм
    grid-p: 0 линий, 0 м, min - мм
--- НОВЫЕ ОПОРЫ --- всего: 0
--- НОВЫЕ ТАБЛИЦЫ --- всего: 0

===== SESSION 20260722_160605-111541546 =====
--- ПО ТИПАМ XDATA ---
    drawing-title : 1
    grid-edge : 6
    grid-v : 92
    support : 4785
    table-extra-row : 1
    table-params : 1
    table-support : 1
--- ПО СЛОЯМ ---
    контур : 4
    опорыvb : 4785
    сеткаvb : 98
--- НОВАЯ СЕТКА --- линий: 98  длина: 2191129.9 мм = 2191.13 м
    grid-v: 92 линий, 2090.75 м, min 1501.1 мм
    grid-p: 0 линий, 0 м, min - мм
    session grid lag: 2090.75 м
    index ranges: v=(-43 18) p=(-23 159)
    boundary lag candidate: 100.38 м, mode=all
      outer: 88.14 м, holes: 12.24 м
    П5 лаги: рядов=60, поперечных удалено=191
    support split: vertices=36 border=564 nodes=4185
    border filter: raw=566 after-vertices=564
    node filter: raw=4194 after-self=4194 after-vertices=4185 after-border=4185
    крепёж: лаги= x0, плитки= x0 (шаг 0)
    levels: marks=38 polylines=50 vertices=36 missing-marks=0 triangles=50 height-errors=0
--- НОВЫЕ ОПОРЫ --- всего: 4785
    цвет 1 : 794 шт
    цвет 30 : 179 шт
    цвет 92 : 978 шт
    цвет 131 : 2834 шт
--- НОВЫЕ ТАБЛИЦЫ --- всего: 3
    блок: OPOR_PARAMS_EXTRA_ROW
      LABEL = Кол-во лаг, шт
      VALUE = 60
    блок: OPOR_PARAMS_BOARD
      COVERING = Доска 160\U+00D727\U+00D73000
      AREA = 831
      LAG_TYPE = Frame 40\U+00D749 мм
      LAG_LENGTH = 2191
      STEP_X = 500
      STEP_Y = 400
      FLOOR = 101
    блок: OPOR_SUPPORT_SPEC_PRO
      SUP_PRO_LOW12 = 0
      SUP_PRO_LOW20 = 0
      SUP_PRO_25_35 = 794
      SUP_PRO_35_50 = 978
      SUP_PRO_50_80 = 2834
      SUP_PRO_80_140 = 179
      SUP_PRO_95_155 = 0
      SUP_PRO_145_240 = 0
      SUP_PRO_160_270 = 0
      SUP_PRO_205_340 = 0
      SUP_PRO_235_400 = 0
      SUP_PRO_315_530 = 0
      SUP_PRO_390_660 = 0
      SUP_TOTAL = 4785
=========================================

Команда: 
Команда: OPORTABLES

========== OPOR TOTAL TABLE BLOCKS ==========
--- TABLE #1 ---
    block: table_totl_1
    handle: 1DB89
    layer: _SG_Support
    session: old/no-xdata
      1 = 
      2 = 
      3 = 
      4 = 
      5 = 
      6 = 
      7 = 
      8 = 
      9 = 
      10 = 
      11 = 
      12 = 
      13 = 
      AREA = 
      ITOG = 
      CHPOL = 0
      DOSKA = 0
      LAG = 0
      PLITKA = 0
      VECTOR = 0
      PERP = 0
      LENGTH = 
      QC = 
      QR = 
--- TABLE #2 ---
    block: table_totl_3D
    handle: 2A2DA
    layer: _SG_Support
    session: old/no-xdata
      1 = 
      2 = 
      3 = 
      4 = 
      5 = 
      6 = 
      7 = 
      8 = 
      9 = 
      10 = 
      11 = 
      AREA = 
      ITOG = 
      CHPOL = 0
      DOSKA = 0
      LAG = 0
      PLITKA = 0
      VECTOR = 0
      PERP = 0
      LENGTH = 
      QC = 
      QR = 
--- TABLE #3 ---
    block: table_totl_PRO
    handle: 2AA14
    layer: _SG_Support
    session: old/no-xdata
      1 = 
      2 = 
      3 = 
      4 = 
      5 = 
      6 = 
      7 = 
      8 = 
      9 = 
      10 = 
      11 = 
      12 = 
      13 = 
      AREA = 
      ITOG = 
      CHPOL = 0
      DOSKA = 0
      LAG = 0
      PLITKA = 0
      VECTOR = 0
      PERP = 0
      LENGTH = 
      QC = 
      QR = 
--- TABLE #4 ---
    block: table_totl_PRO
    handle: 377CE
    layer: 0
    session: old/no-xdata
      1 = 
      2 = 
      3 = 637
      4 = 1401
      5 = 2982
      6 = 136
      7 = 
      8 = 
      9 = 
      10 = 
      11 = 
      12 = 
      13 = 
      AREA = 831
      ITOG = 5156
      CHPOL = 101
      DOSKA = 27
      LAG = 49
      PLITKA = 0
      VECTOR = 500
      PERP = 400
      LENGTH = 2434
      QC = 0
      QR = 0
--- TABLE #5 ---
    block: table_totl_PRO
    handle: 43426
    layer: 0
    session: old/no-xdata
      1 = 
      2 = 
      3 = 650
      4 = 1239
      5 = 2697
      6 = 123
      7 = 
      8 = 1
      9 = 
      10 = 
      11 = 
      12 = 
      13 = 
      AREA = 867
      ITOG = 4710
      CHPOL = 101
      DOSKA = 27
      LAG = 49
      PLITKA = 0
      VECTOR = 500
      PERP = 400
      LENGTH = 2107
      QC = 0
      QR = 0
--- TABLE #6 ---
    block: table_totl_PRO
    handle: 4641F
    layer: 0
    session: old/no-xdata
      1 = 
      2 = 
      3 = 456
      4 = 982
      5 = 2139
      6 = 94
      7 = 
      8 = 
      9 = 
      10 = 
      11 = 
      12 = 
      13 = 
      AREA = 831
      ITOG = 3671
      CHPOL = 101
      DOSKA = 27
      LAG = 49
      PLITKA = 0
      VECTOR = 500
      PERP = 500
      LENGTH = 1696
      QC = 0
      QR = 0
--- TABLE #7 ---
    block: OPOR_SUPPORT_SPEC_PRO
    handle: BE36F
    layer: контур
    session: 20260722_160605-111541546
      SUP_PRO_LOW12 = 0
      SUP_PRO_LOW20 = 0
      SUP_PRO_25_35 = 794
      SUP_PRO_35_50 = 978
      SUP_PRO_50_80 = 2834
      SUP_PRO_80_140 = 179
      SUP_PRO_95_155 = 0
      SUP_PRO_145_240 = 0
      SUP_PRO_160_270 = 0
      SUP_PRO_205_340 = 0
      SUP_PRO_235_400 = 0
      SUP_PRO_315_530 = 0
      SUP_PRO_390_660 = 0
      SUP_TOTAL = 4785
--- TABLE #8 ---
    block: OPOR_PARAMS_BOARD
    handle: BE37F
    layer: контур
    session: 20260722_160605-111541546
      COVERING = Доска 160\U+00D727\U+00D73000
      AREA = 831
      LAG_TYPE = Frame 40\U+00D749 мм
      LAG_LENGTH = 2191
      STEP_X = 500
      STEP_Y = 400
      FLOOR = 101
--- TABLE #9 ---
    block: OPOR_PARAMS_EXTRA_ROW
    handle: BE388
    layer: контур
    session: 20260722_160605-111541546
      LABEL = Кол-во лаг, шт
      VALUE = 60
============================================

Команда: 
Команда: Задайте противоположный угол или [Линия/РМн-угол/СМн-угол]: 
Команда: 
Команда: 
Команда: _properties 
Команда: 
Автоматическое сохранение в C:\Users\user\AppData\Local\Temp\FINAL_Sirius_real_v329_1_14924_77d53429.sv$ ...

Команда: 
Команда: *Прервано*

Команда: 
Команда: 
Команда: *Прервано*

Команда: 
Команда: 
Команда: 
Команда: 
Команда: _line 
Первая точка: 
Следующая точка или [оТменить]: *Прервано*

Команда: 
Команда: 
Команда: 
Команда: _line 
Первая точка: 
Следующая точка или [оТменить]: *Прервано*

Команда: 
Команда: *Прервано*

Команда: Задайте противоположный угол или [Линия/РМн-угол/СМн-угол]: 
Команда: *Прервано*

Команда: 
Команда: 
Команда: _line 
Первая точка: 
Следующая точка или [оТменить]: *Прервано*

Команда: *Прервано*

Команда: 
Команда: *Прервано*

Команда: 
Команда: *Прервано*

Команда: OPORCLEAN

Очистка OPOR [Session/All] <All>: S

[OPOR] Удалено объектов: 4887

Команда: 
Команда: 
Команда: 
Команда: _saveas 
