[ AutoCAD - Mon Jul 20 15:18:47 2026  ]----------------------------------------

Открывается файл формата AutoCAD 2018.
Подстановка [simplex.shx] вместо [cs_gost2304.shx].
Подстановка [simplex.shx] вместо [GOST 2.304 type A].
Подстановка [simplex.shx] вместо [eskd1.shx].
Подстановка [simplex.shx] вместо [CS_Gost2304.shx].

Разрешить Вн-ссылки "1.4_Существующие здания": C:\Users\user\Documents\AcadAssistant Smoke\20260717-140439-alpha.3\02_Sokolinaya_7_1\work\ПОДГРУЗКИ_ОБЩИЕ\1.4_Существующие здания.dwg
Чертеж "1.4_Существующие здания" загружен.
Файл ссылки "1.4_Существующие здания", возможно, изменился с момента последнего сохранения главного чертежа.

Разрешить Вн-ссылки "7.1_СНОСИМОЕ ЗДАНИЕ": C:\Users\user\Documents\AcadAssistant Smoke\20260717-140439-alpha.3\02_Sokolinaya_7_1\work\ПОДГРУЗКИ_ОБЩИЕ\7.1_СНОСИМОЕ ЗДАНИЕ.dwg
Чертеж "7.1_СНОСИМОЕ ЗДАНИЕ" загружен.
Файл ссылки "7.1_СНОСИМОЕ ЗДАНИЕ", возможно, изменился с момента последнего сохранения главного чертежа.

Разрешить Вн-ссылки "7.1_ТЕХПРИС КАНАЛИЗАЦИЯ": C:\Users\user\Documents\AcadAssistant Smoke\20260717-140439-alpha.3\02_Sokolinaya_7_1\work\СЕТИ ПРОКЛАДКА_ТЕХПРИС\7.1_ТЕХПРИС КАНАЛИЗАЦИЯ.dwg
Чертеж "7.1_ТЕХПРИС КАНАЛИЗАЦИЯ" загружен.
Файл ссылки "7.1_ТЕХПРИС КАНАЛИЗАЦИЯ", возможно, изменился с момента последнего сохранения главного чертежа.

Разрешить Вн-ссылки "7.1_ТЕХПРИС ВОДОСТОК": C:\Users\user\Documents\AcadAssistant Smoke\20260717-140439-alpha.3\02_Sokolinaya_7_1\work\СЕТИ ПРОКЛАДКА_ТЕХПРИС\7.1_ТЕХПРИС ВОДОСТОК.dwg
Чертеж "7.1_ТЕХПРИС ВОДОСТОК" загружен.
Файл ссылки "7.1_ТЕХПРИС ВОДОСТОК", возможно, изменился с момента последнего сохранения главного чертежа.

Разрешить Вн-ссылки "1.4_АРХИВНАЯ ГП": C:\Users\user\Documents\AcadAssistant Smoke\20260717-140439-alpha.3\02_Sokolinaya_7_1\work\ПОДГРУЗКИ_ОБЩИЕ\1.4_АРХИВНАЯ ГП.dwg
Чертеж "1.4_АРХИВНАЯ ГП" загружен.
Файл ссылки "1.4_АРХИВНАЯ ГП", возможно, изменился с момента последнего сохранения главного чертежа.

Разрешить Вн-ссылки "7.1_ТЕХПРИС ТЕПЛОТРАССА": C:\Users\user\Documents\AcadAssistant Smoke\20260717-140439-alpha.3\02_Sokolinaya_7_1\work\СЕТИ ПРОКЛАДКА_ТЕХПРИС\7.1_ТЕХПРИС ТЕПЛОТРАССА.dwg
Чертеж "7.1_ТЕХПРИС ТЕПЛОТРАССА" загружен.
Файл ссылки "7.1_ТЕХПРИС ТЕПЛОТРАССА", возможно, изменился с момента последнего сохранения главного чертежа.

Разрешить Вн-ссылки "7.1_ТЕХПРИС КАБЕЛЯ_ВРУ": C:\Users\user\Documents\AcadAssistant Smoke\20260717-140439-alpha.3\02_Sokolinaya_7_1\work\СЕТИ ПРОКЛАДКА_ТЕХПРИС\7.1_ТЕХПРИС КАБЕЛЯ_ВРУ.dwg
Чертеж "7.1_ТЕХПРИС КАБЕЛЯ_ВРУ" загружен.
Файл ссылки "7.1_ТЕХПРИС КАБЕЛЯ_ВРУ", возможно, изменился с момента последнего сохранения главного чертежа.

Разрешить Вн-ссылки "7.1_КОТЛОВАН": C:\Users\user\Documents\AcadAssistant Smoke\20260717-140439-alpha.3\02_Sokolinaya_7_1\work\ПОДГРУЗКИ_ОБЩИЕ\7.1_КОТЛОВАН.dwg
Чертеж "7.1_КОТЛОВАН" загружен.
Файл ссылки "7.1_КОТЛОВАН", возможно, изменился с момента последнего сохранения главного чертежа.

Разрешить Вн-ссылки "output[1]_3_688-25": C:\Users\user\Documents\AcadAssistant Smoke\20260717-140439-alpha.3\02_Sokolinaya_7_1\work\ГЕОПОДОСНОВА\3.688-25_Геоподоснова 7.1. от 13.05.2025 г. (актуал.)\output[1]_3_688-25.dwg
Чертеж "output[1]_3_688-25" загружен.
Файл ссылки "output[1]_3_688-25", возможно, изменился с момента последнего сохранения главного чертежа.

Разрешить Вн-ссылки "output[1]_3_688-25_brd": C:\Users\user\Documents\AcadAssistant Smoke\20260717-140439-alpha.3\02_Sokolinaya_7_1\work\ГЕОПОДОСНОВА\3.688-25_Геоподоснова 7.1. от 13.05.2025 г. (актуал.)\output[1]_3_688-25_brd.dwg
Чертеж "output[1]_3_688-25_brd" загружен.
Файл ссылки "output[1]_3_688-25_brd", возможно, изменился с момента последнего сохранения главного чертежа.

Разрешить Вн-ссылки "output[1]_3_688-25_edge001": C:\Users\user\Documents\AcadAssistant Smoke\20260717-140439-alpha.3\02_Sokolinaya_7_1\work\ГЕОПОДОСНОВА\3.688-25_Геоподоснова 7.1. от 13.05.2025 г. (актуал.)\output[1]_3_688-25_edge001.dwg
Чертеж "output[1]_3_688-25_edge001" загружен.
Файл ссылки "output[1]_3_688-25_edge001", возможно, изменился с момента последнего сохранения главного чертежа.

Разрешить Вн-ссылки "output[1]_3_688-25kl": C:\Users\user\Documents\AcadAssistant Smoke\20260717-140439-alpha.3\02_Sokolinaya_7_1\work\ГЕОПОДОСНОВА\3.688-25_Геоподоснова 7.1. от 13.05.2025 г. (актуал.)\output[1]_3_688-25kl.dwg
Чертеж "output[1]_3_688-25kl" загружен.
Файл ссылки "output[1]_3_688-25kl", возможно, изменился с момента последнего сохранения главного чертежа.

Разрешить Вн-ссылки "output[1]_3_688-25tp": C:\Users\user\Documents\AcadAssistant Smoke\20260717-140439-alpha.3\02_Sokolinaya_7_1\work\ГЕОПОДОСНОВА\3.688-25_Геоподоснова 7.1. от 13.05.2025 г. (актуал.)\output[1]_3_688-25tp.dwg
Чертеж "output[1]_3_688-25tp" загружен.
Файл ссылки "output[1]_3_688-25tp", возможно, изменился с момента последнего сохранения главного чертежа.

Разрешить Вн-ссылки "output[1]_3_688-25up": C:\Users\user\Documents\AcadAssistant Smoke\20260717-140439-alpha.3\02_Sokolinaya_7_1\work\ГЕОПОДОСНОВА\3.688-25_Геоподоснова 7.1. от 13.05.2025 г. (актуал.)\output[1]_3_688-25up.dwg
Чертеж "output[1]_3_688-25up" загружен.
Файл ссылки "output[1]_3_688-25up", возможно, изменился с момента последнего сохранения главного чертежа.

Разрешить Вн-ссылки "output[1-2]_3_4295-25": C:\Users\user\Documents\AcadAssistant Smoke\20260717-140439-alpha.3\02_Sokolinaya_7_1\work\ГЕОПОДОСНОВА\3.4295-25 (тепловая сеть +дом 18)\34295-25\output[1-2]_3_4295-25.dwg
Чертеж "output[1-2]_3_4295-25" загружен.
Файл ссылки "output[1-2]_3_4295-25", возможно, изменился с момента последнего сохранения главного чертежа.

Разрешить Вн-ссылки "output[1-2]_3_4295-25tp": ..\..\..\..\..\Documents\AcadAssistant Smoke\20260717-140439-alpha.3\02_Sokolinaya_7_1\work\ГЕОПОДОСНОВА\3.4295-25 (тепловая сеть +дом 18)\34295-25\output[1-2]_3_4295-25tp.dwg
"output[1-2]_3_4295-25tp" загружена: C:\Users\user\Documents\AcadAssistant Smoke\20260717-140439-alpha.3\02_Sokolinaya_7_1\work\ГЕОПОДОСНОВА\3.4295-25 (тепловая сеть +дом 18)\34295-25\output[1-2]_3_4295-25tp.dwg
Файл ссылки "output[1-2]_3_4295-25tp", возможно, изменился с момента последнего сохранения главного чертежа.

Разрешить Вн-ссылки "output[1-2]_3_4295-25up": ..\..\..\..\..\Documents\AcadAssistant Smoke\20260717-140439-alpha.3\02_Sokolinaya_7_1\work\ГЕОПОДОСНОВА\3.4295-25 (тепловая сеть +дом 18)\34295-25\output[1-2]_3_4295-25up.dwg
"output[1-2]_3_4295-25up" загружена: C:\Users\user\Documents\AcadAssistant Smoke\20260717-140439-alpha.3\02_Sokolinaya_7_1\work\ГЕОПОДОСНОВА\3.4295-25 (тепловая сеть +дом 18)\34295-25\output[1-2]_3_4295-25up.dwg
Файл ссылки "output[1-2]_3_4295-25up", возможно, изменился с момента последнего сохранения главного чертежа.

Разрешить Вн-ссылки "output[1-2]_3_4295-25kl": ..\..\..\..\..\Documents\AcadAssistant Smoke\20260717-140439-alpha.3\02_Sokolinaya_7_1\work\ГЕОПОДОСНОВА\3.4295-25 (тепловая сеть +дом 18)\34295-25\output[1-2]_3_4295-25kl.dwg
"output[1-2]_3_4295-25kl" загружена: C:\Users\user\Documents\AcadAssistant Smoke\20260717-140439-alpha.3\02_Sokolinaya_7_1\work\ГЕОПОДОСНОВА\3.4295-25 (тепловая сеть +дом 18)\34295-25\output[1-2]_3_4295-25kl.dwg
Файл ссылки "output[1-2]_3_4295-25kl", возможно, изменился с момента последнего сохранения главного чертежа.

Разрешить Вн-ссылки "output[1-2]_3_4295-25_brd": C:\Users\user\Documents\AcadAssistant Smoke\20260717-140439-alpha.3\02_Sokolinaya_7_1\work\ГЕОПОДОСНОВА\3.4295-25 (тепловая сеть +дом 18)\34295-25\output[1-2]_3_4295-25_brd.dwg
Чертеж "output[1-2]_3_4295-25_brd" загружен.
Файл ссылки "output[1-2]_3_4295-25_brd", возможно, изменился с момента последнего сохранения главного чертежа.

Разрешить Вн-ссылки "output[1-2]_3_4295-25_edge001": C:\Users\user\Documents\AcadAssistant Smoke\20260717-140439-alpha.3\02_Sokolinaya_7_1\work\ГЕОПОДОСНОВА\3.4295-25 (тепловая сеть +дом 18)\34295-25\output[1-2]_3_4295-25_edge001.dwg
Чертеж "output[1-2]_3_4295-25_edge001" загружен.
Файл ссылки "output[1-2]_3_4295-25_edge001", возможно, изменился с момента последнего сохранения главного чертежа.

Разрешить Вн-ссылки "output[1-2]_3_4295-25_edge002": C:\Users\user\Documents\AcadAssistant Smoke\20260717-140439-alpha.3\02_Sokolinaya_7_1\work\ГЕОПОДОСНОВА\3.4295-25 (тепловая сеть +дом 18)\34295-25\output[1-2]_3_4295-25_edge002.dwg
Чертеж "output[1-2]_3_4295-25_edge002" загружен.
Файл ссылки "output[1-2]_3_4295-25_edge002", возможно, изменился с момента последнего сохранения главного чертежа.

Разрешить Вн-ссылки "output[3]_3_5606-25up": C:\Users\user\Documents\AcadAssistant Smoke\20260717-140439-alpha.3\02_Sokolinaya_7_1\work\ГЕОПОДОСНОВА\3.5606-25 от 07.11.25 (дозаказ РОСТЕЛЕКОМ+МПТЦ)\35606-25_ТО-26\output[3]_3_5606-25up.dwg
Чертеж "output[3]_3_5606-25up" загружен.
Файл ссылки "output[3]_3_5606-25up", возможно, изменился с момента последнего сохранения главного чертежа.

Разрешить Вн-ссылки "output[1]_3_5606-25": C:\Users\user\Documents\AcadAssistant Smoke\20260717-140439-alpha.3\02_Sokolinaya_7_1\work\ГЕОПОДОСНОВА\3.5606-25 от 07.11.25 (дозаказ РОСТЕЛЕКОМ+МПТЦ)\35606-25_ТО-26\output[1]_3_5606-25.dwg
Чертеж "output[1]_3_5606-25" загружен.
Файл ссылки "output[1]_3_5606-25", возможно, изменился с момента последнего сохранения главного чертежа.

Разрешить Вн-ссылки "output[1]_3_5606-25tp": ..\..\..\..\..\Documents\AcadAssistant Smoke\20260717-140439-alpha.3\02_Sokolinaya_7_1\work\ГЕОПОДОСНОВА\3.5606-25 от 07.11.25 (дозаказ РОСТЕЛЕКОМ+МПТЦ)\35606-25_ТО-26\output[1]_3_5606-25tp.dwg
"output[1]_3_5606-25tp" загружена: C:\Users\user\Documents\AcadAssistant Smoke\20260717-140439-alpha.3\02_Sokolinaya_7_1\work\ГЕОПОДОСНОВА\3.5606-25 от 07.11.25 (дозаказ РОСТЕЛЕКОМ+МПТЦ)\35606-25_ТО-26\output[1]_3_5606-25tp.dwg
Файл ссылки "output[1]_3_5606-25tp", возможно, изменился с момента последнего сохранения главного чертежа.

Разрешить Вн-ссылки "output[1]_3_5606-25up": ..\..\..\..\..\Documents\AcadAssistant Smoke\20260717-140439-alpha.3\02_Sokolinaya_7_1\work\ГЕОПОДОСНОВА\3.5606-25 от 07.11.25 (дозаказ РОСТЕЛЕКОМ+МПТЦ)\35606-25_ТО-26\output[1]_3_5606-25up.dwg
"output[1]_3_5606-25up" загружена: C:\Users\user\Documents\AcadAssistant Smoke\20260717-140439-alpha.3\02_Sokolinaya_7_1\work\ГЕОПОДОСНОВА\3.5606-25 от 07.11.25 (дозаказ РОСТЕЛЕКОМ+МПТЦ)\35606-25_ТО-26\output[1]_3_5606-25up.dwg
Файл ссылки "output[1]_3_5606-25up", возможно, изменился с момента последнего сохранения главного чертежа.

Разрешить Вн-ссылки "output[1]_3_5606-25kl": ..\..\..\..\..\Documents\AcadAssistant Smoke\20260717-140439-alpha.3\02_Sokolinaya_7_1\work\ГЕОПОДОСНОВА\3.5606-25 от 07.11.25 (дозаказ РОСТЕЛЕКОМ+МПТЦ)\35606-25_ТО-26\output[1]_3_5606-25kl.dwg
"output[1]_3_5606-25kl" загружена: C:\Users\user\Documents\AcadAssistant Smoke\20260717-140439-alpha.3\02_Sokolinaya_7_1\work\ГЕОПОДОСНОВА\3.5606-25 от 07.11.25 (дозаказ РОСТЕЛЕКОМ+МПТЦ)\35606-25_ТО-26\output[1]_3_5606-25kl.dwg
Файл ссылки "output[1]_3_5606-25kl", возможно, изменился с момента последнего сохранения главного чертежа.

Разрешить Вн-ссылки "output[1]_3_5606-25_brd": C:\Users\user\Documents\AcadAssistant Smoke\20260717-140439-alpha.3\02_Sokolinaya_7_1\work\ГЕОПОДОСНОВА\3.5606-25 от 07.11.25 (дозаказ РОСТЕЛЕКОМ+МПТЦ)\35606-25_ТО-26\output[1]_3_5606-25_brd.dwg
Чертеж "output[1]_3_5606-25_brd" загружен.
Файл ссылки "output[1]_3_5606-25_brd", возможно, изменился с момента последнего сохранения главного чертежа.

Разрешить Вн-ссылки "output[1]_3_5606-25_edge001": C:\Users\user\Documents\AcadAssistant Smoke\20260717-140439-alpha.3\02_Sokolinaya_7_1\work\ГЕОПОДОСНОВА\3.5606-25 от 07.11.25 (дозаказ РОСТЕЛЕКОМ+МПТЦ)\35606-25_ТО-26\output[1]_3_5606-25_edge001.dwg
Чертеж "output[1]_3_5606-25_edge001" загружен.
Файл ссылки "output[1]_3_5606-25_edge001", возможно, изменился с момента последнего сохранения главного чертежа.

Разрешить Вн-ссылки "output[2]_3_5606-25": C:\Users\user\Documents\AcadAssistant Smoke\20260717-140439-alpha.3\02_Sokolinaya_7_1\work\ГЕОПОДОСНОВА\3.5606-25 от 07.11.25 (дозаказ РОСТЕЛЕКОМ+МПТЦ)\35606-25_ТО-26\output[2]_3_5606-25.dwg
Чертеж "output[2]_3_5606-25" загружен.
Файл ссылки "output[2]_3_5606-25", возможно, изменился с момента последнего сохранения главного чертежа.

Разрешить Вн-ссылки "output[2]_3_5606-25tp": ..\..\..\..\..\Documents\AcadAssistant Smoke\20260717-140439-alpha.3\02_Sokolinaya_7_1\work\ГЕОПОДОСНОВА\3.5606-25 от 07.11.25 (дозаказ РОСТЕЛЕКОМ+МПТЦ)\35606-25_ТО-26\output[2]_3_5606-25tp.dwg
"output[2]_3_5606-25tp" загружена: C:\Users\user\Documents\AcadAssistant Smoke\20260717-140439-alpha.3\02_Sokolinaya_7_1\work\ГЕОПОДОСНОВА\3.5606-25 от 07.11.25 (дозаказ РОСТЕЛЕКОМ+МПТЦ)\35606-25_ТО-26\output[2]_3_5606-25tp.dwg
Файл ссылки "output[2]_3_5606-25tp", возможно, изменился с момента последнего сохранения главного чертежа.

Разрешить Вн-ссылки "output[2]_3_5606-25up": ..\..\..\..\..\Documents\AcadAssistant Smoke\20260717-140439-alpha.3\02_Sokolinaya_7_1\work\ГЕОПОДОСНОВА\3.5606-25 от 07.11.25 (дозаказ РОСТЕЛЕКОМ+МПТЦ)\35606-25_ТО-26\output[2]_3_5606-25up.dwg
"output[2]_3_5606-25up" загружена: C:\Users\user\Documents\AcadAssistant Smoke\20260717-140439-alpha.3\02_Sokolinaya_7_1\work\ГЕОПОДОСНОВА\3.5606-25 от 07.11.25 (дозаказ РОСТЕЛЕКОМ+МПТЦ)\35606-25_ТО-26\output[2]_3_5606-25up.dwg
Файл ссылки "output[2]_3_5606-25up", возможно, изменился с момента последнего сохранения главного чертежа.

Разрешить Вн-ссылки "output[2]_3_5606-25kl": ..\..\..\..\..\Documents\AcadAssistant Smoke\20260717-140439-alpha.3\02_Sokolinaya_7_1\work\ГЕОПОДОСНОВА\3.5606-25 от 07.11.25 (дозаказ РОСТЕЛЕКОМ+МПТЦ)\35606-25_ТО-26\output[2]_3_5606-25kl.dwg
"output[2]_3_5606-25kl" загружена: C:\Users\user\Documents\AcadAssistant Smoke\20260717-140439-alpha.3\02_Sokolinaya_7_1\work\ГЕОПОДОСНОВА\3.5606-25 от 07.11.25 (дозаказ РОСТЕЛЕКОМ+МПТЦ)\35606-25_ТО-26\output[2]_3_5606-25kl.dwg
Файл ссылки "output[2]_3_5606-25kl", возможно, изменился с момента последнего сохранения главного чертежа.

Разрешить Вн-ссылки "output[2]_3_5606-25_brd": C:\Users\user\Documents\AcadAssistant Smoke\20260717-140439-alpha.3\02_Sokolinaya_7_1\work\ГЕОПОДОСНОВА\3.5606-25 от 07.11.25 (дозаказ РОСТЕЛЕКОМ+МПТЦ)\35606-25_ТО-26\output[2]_3_5606-25_brd.dwg
Чертеж "output[2]_3_5606-25_brd" загружен.
Файл ссылки "output[2]_3_5606-25_brd", возможно, изменился с момента последнего сохранения главного чертежа.

Разрешить Вн-ссылки "output[2]_3_5606-25_edge002": C:\Users\user\Documents\AcadAssistant Smoke\20260717-140439-alpha.3\02_Sokolinaya_7_1\work\ГЕОПОДОСНОВА\3.5606-25 от 07.11.25 (дозаказ РОСТЕЛЕКОМ+МПТЦ)\35606-25_ТО-26\output[2]_3_5606-25_edge002.dwg
Чертеж "output[2]_3_5606-25_edge002" загружен.
Файл ссылки "output[2]_3_5606-25_edge002", возможно, изменился с момента последнего сохранения главного чертежа.

Разрешить Вн-ссылки "output[3]_3_5606-25": C:\Users\user\Documents\AcadAssistant Smoke\20260717-140439-alpha.3\02_Sokolinaya_7_1\work\ГЕОПОДОСНОВА\3.5606-25 от 07.11.25 (дозаказ РОСТЕЛЕКОМ+МПТЦ)\35606-25_ТО-26\output[3]_3_5606-25.dwg
Чертеж "output[3]_3_5606-25" загружен.
Файл ссылки "output[3]_3_5606-25", возможно, изменился с момента последнего сохранения главного чертежа.

Разрешить Вн-ссылки "output[3]_3_5606-25tp": ..\..\..\..\..\Documents\AcadAssistant Smoke\20260717-140439-alpha.3\02_Sokolinaya_7_1\work\ГЕОПОДОСНОВА\3.5606-25 от 07.11.25 (дозаказ РОСТЕЛЕКОМ+МПТЦ)\35606-25_ТО-26\output[3]_3_5606-25tp.dwg
"output[3]_3_5606-25tp" загружена: C:\Users\user\Documents\AcadAssistant Smoke\20260717-140439-alpha.3\02_Sokolinaya_7_1\work\ГЕОПОДОСНОВА\3.5606-25 от 07.11.25 (дозаказ РОСТЕЛЕКОМ+МПТЦ)\35606-25_ТО-26\output[3]_3_5606-25tp.dwg
Файл ссылки "output[3]_3_5606-25tp", возможно, изменился с момента последнего сохранения главного чертежа.

Разрешить Вн-ссылки "output[3]_3_5606-25kl": ..\..\..\..\..\Documents\AcadAssistant Smoke\20260717-140439-alpha.3\02_Sokolinaya_7_1\work\ГЕОПОДОСНОВА\3.5606-25 от 07.11.25 (дозаказ РОСТЕЛЕКОМ+МПТЦ)\35606-25_ТО-26\output[3]_3_5606-25kl.dwg
"output[3]_3_5606-25kl" загружена: C:\Users\user\Documents\AcadAssistant Smoke\20260717-140439-alpha.3\02_Sokolinaya_7_1\work\ГЕОПОДОСНОВА\3.5606-25 от 07.11.25 (дозаказ РОСТЕЛЕКОМ+МПТЦ)\35606-25_ТО-26\output[3]_3_5606-25kl.dwg
Файл ссылки "output[3]_3_5606-25kl", возможно, изменился с момента последнего сохранения главного чертежа.

Разрешить Вн-ссылки "output[3]_3_5606-25_brd": C:\Users\user\Documents\AcadAssistant Smoke\20260717-140439-alpha.3\02_Sokolinaya_7_1\work\ГЕОПОДОСНОВА\3.5606-25 от 07.11.25 (дозаказ РОСТЕЛЕКОМ+МПТЦ)\35606-25_ТО-26\output[3]_3_5606-25_brd.dwg
Чертеж "output[3]_3_5606-25_brd" загружен.
Файл ссылки "output[3]_3_5606-25_brd", возможно, изменился с момента последнего сохранения главного чертежа.

Разрешить Вн-ссылки "output[3]_3_5606-25_edge003": C:\Users\user\Documents\AcadAssistant Smoke\20260717-140439-alpha.3\02_Sokolinaya_7_1\work\ГЕОПОДОСНОВА\3.5606-25 от 07.11.25 (дозаказ РОСТЕЛЕКОМ+МПТЦ)\35606-25_ТО-26\output[3]_3_5606-25_edge003.dwg
Чертеж "output[3]_3_5606-25_edge003" загружен.
Файл ссылки "output[3]_3_5606-25_edge003", возможно, изменился с момента последнего сохранения главного чертежа.

Разрешить Вн-ссылки "7.1_Пожарные рукава": C:\Users\user\Documents\AcadAssistant Smoke\20260717-140439-alpha.3\02_Sokolinaya_7_1\work\ПОДГРУЗКИ_ОБЩИЕ\7.1_Пожарные рукава.dwg
Чертеж "7.1_Пожарные рукава" загружен.
Файл ссылки "7.1_Пожарные рукава", возможно, изменился с момента последнего сохранения главного чертежа.

Разрешить Вн-ссылки "7.1_ВЕРТИКАЛКА": C:\Users\user\Documents\AcadAssistant Smoke\20260717-140439-alpha.3\02_Sokolinaya_7_1\work\ПОДГРУЗКИ_ОБЩИЕ\7.1_ВЕРТИКАЛКА.dwg
Чертеж "7.1_ВЕРТИКАЛКА" загружен.
Файл ссылки "7.1_ВЕРТИКАЛКА", возможно, изменился с момента последнего сохранения главного чертежа.

Разрешить Вн-ссылки "7.1_БАССЕЙНЫ ВОДОСТОКА": C:\Users\user\Documents\AcadAssistant Smoke\20260717-140439-alpha.3\02_Sokolinaya_7_1\work\ПОДГРУЗКИ_ОБЩИЕ\7.1_БАССЕЙНЫ ВОДОСТОКА.dwg
Чертеж "7.1_БАССЕЙНЫ ВОДОСТОКА" загружен.
Файл ссылки "7.1_БАССЕЙНЫ ВОДОСТОКА", возможно, изменился с момента последнего сохранения главного чертежа.

Разрешить Вн-ссылки "7.1_ПОСАДКА ЗДАНИЯ": C:\Users\user\Documents\AcadAssistant Smoke\20260717-140439-alpha.3\02_Sokolinaya_7_1\work\ПОДГРУЗКИ_ОБЩИЕ\7.1_ПОСАДКА ЗДАНИЯ.dwg
Чертеж "7.1_ПОСАДКА ЗДАНИЯ" загружен.
Файл ссылки "7.1_ПОСАДКА ЗДАНИЯ", возможно, изменился с момента последнего сохранения главного чертежа.

Разрешить Вн-ссылки "7.1_Газ на постоянку": C:\Users\user\Documents\AcadAssistant Smoke\20260717-140439-alpha.3\02_Sokolinaya_7_1\work\СЕТИ ВЫНОС НЕ НАШИ_(СКП)\7.1_Газ на постоянку.dwg
Чертеж "7.1_Газ на постоянку" загружен.
Файл ссылки "7.1_Газ на постоянку", возможно, изменился с момента последнего сохранения главного чертежа.

Разрешить Вн-ссылки "7.1_ГАЗ_Байпас трасса": C:\Users\user\Documents\AcadAssistant Smoke\20260717-140439-alpha.3\02_Sokolinaya_7_1\work\СЕТИ ВЫНОС НЕ НАШИ_(СКП)\7.1_ГАЗ_Байпас трасса.dwg
Чертеж "7.1_ГАЗ_Байпас трасса" загружен.
Файл ссылки "7.1_ГАЗ_Байпас трасса", возможно, изменился с момента последнего сохранения главного чертежа.

Разрешить Вн-ссылки "7.1_Водопровод_демонтаж_(кресты)": C:\Users\user\Documents\AcadAssistant Smoke\20260717-140439-alpha.3\02_Sokolinaya_7_1\work\СЕТИ ВЫНОС+ДЕМОНТАЖ НАШИ\7.1_Водопровод_демонтаж_(кресты).dwg
Чертеж "7.1_Водопровод_демонтаж_(кресты)" загружен.
Файл ссылки "7.1_Водопровод_демонтаж_(кресты)", возможно, изменился с момента последнего сохранения главного чертежа.

Разрешить Вн-ссылки "7.1_МГТС_вынос (СКП)": C:\Users\user\Documents\AcadAssistant Smoke\20260717-140439-alpha.3\02_Sokolinaya_7_1\work\СЕТИ ВЫНОС НЕ НАШИ_(СКП)\7.1_МГТС_вынос (СКП).dwg
Чертеж "7.1_МГТС_вынос (СКП)" загружен.
Файл ссылки "7.1_МГТС_вынос (СКП)", возможно, изменился с момента последнего сохранения главного чертежа.

Разрешить Вн-ссылки "7.1_ТС_Перекладка": C:\Users\user\Documents\AcadAssistant Smoke\20260717-140439-alpha.3\02_Sokolinaya_7_1\work\СЕТИ ВЫНОС+ДЕМОНТАЖ НАШИ\7.1_ТС_Перекладка.dwg
Чертеж "7.1_ТС_Перекладка" загружен.
Файл ссылки "7.1_ТС_Перекладка", возможно, изменился с момента последнего сохранения главного чертежа.

Разрешить Вн-ссылки "7.1_ТС_демонтаж_(кресты)": C:\Users\user\Documents\AcadAssistant Smoke\20260717-140439-alpha.3\02_Sokolinaya_7_1\work\СЕТИ ВЫНОС+ДЕМОНТАЖ НАШИ\7.1_ТС_демонтаж_(кресты).dwg
Чертеж "7.1_ТС_демонтаж_(кресты)" загружен.
Файл ссылки "7.1_ТС_демонтаж_(кресты)", возможно, изменился с момента последнего сохранения главного чертежа.

Разрешить Вн-ссылки "7.1_Ростелеком вынос": C:\Users\user\Documents\AcadAssistant Smoke\20260717-140439-alpha.3\02_Sokolinaya_7_1\work\СЕТИ ВЫНОС+ДЕМОНТАЖ НАШИ\7.1_Ростелеком вынос.dwg
Чертеж "7.1_Ростелеком вынос" загружен.
Файл ссылки "7.1_Ростелеком вынос", возможно, изменился с момента последнего сохранения главного чертежа.

Разрешить Вн-ссылки "7.1_НО_вынос": C:\Users\user\Documents\AcadAssistant Smoke\20260717-140439-alpha.3\02_Sokolinaya_7_1\work\СЕТИ ВЫНОС+ДЕМОНТАЖ НАШИ\7.1_НО_вынос.dwg
Чертеж "7.1_НО_вынос" загружен.
Файл ссылки "7.1_НО_вынос", возможно, изменился с момента последнего сохранения главного чертежа.

Разрешить Вн-ссылки "7.1_МГТС демонтаж": C:\Users\user\Documents\AcadAssistant Smoke\20260717-140439-alpha.3\02_Sokolinaya_7_1\work\СЕТИ ВЫНОС+ДЕМОНТАЖ НАШИ\7.1_МГТС демонтаж.dwg
Чертеж "7.1_МГТС демонтаж" загружен.
Файл ссылки "7.1_МГТС демонтаж", возможно, изменился с момента последнего сохранения главного чертежа.

Разрешить Вн-ссылки "7.1_КЛ_вынос": C:\Users\user\Documents\AcadAssistant Smoke\20260717-140439-alpha.3\02_Sokolinaya_7_1\work\СЕТИ ВЫНОС+ДЕМОНТАЖ НАШИ\7.1_КЛ_вынос.dwg
Чертеж "7.1_КЛ_вынос" загружен.
Файл ссылки "7.1_КЛ_вынос", возможно, изменился с момента последнего сохранения главного чертежа.

Разрешить Вн-ссылки "7.1_Канализация_демонтаж_(кресты)": C:\Users\user\Documents\AcadAssistant Smoke\20260717-140439-alpha.3\02_Sokolinaya_7_1\work\СЕТИ ВЫНОС+ДЕМОНТАЖ НАШИ\7.1_Канализация_демонтаж_(кресты).dwg
Чертеж "7.1_Канализация_демонтаж_(кресты)" загружен.
Файл ссылки "7.1_Канализация_демонтаж_(кресты)", возможно, изменился с момента последнего сохранения главного чертежа.

Разрешить Вн-ссылки "7.1_ГАЗ_Демонтаж ЭХЗ_(кресты)": C:\Users\user\Documents\AcadAssistant Smoke\20260717-140439-alpha.3\02_Sokolinaya_7_1\work\СЕТИ ВЫНОС+ДЕМОНТАЖ НАШИ\7.1_ГАЗ_Демонтаж ЭХЗ_(кресты).dwg
Чертеж "7.1_ГАЗ_Демонтаж ЭХЗ_(кресты)" загружен.
Файл ссылки "7.1_ГАЗ_Демонтаж ЭХЗ_(кресты)", возможно, изменился с момента последнего сохранения главного чертежа.

Разрешить Вн-ссылки "7.1_ТЕХПРИС ВОДОПРОВОД": C:\Users\user\Documents\AcadAssistant Smoke\20260717-140439-alpha.3\02_Sokolinaya_7_1\work\СЕТИ ПРОКЛАДКА_ТЕХПРИС\7.1_ТЕХПРИС ВОДОПРОВОД.dwg
Чертеж "7.1_ТЕХПРИС ВОДОПРОВОД" загружен.
Файл ссылки "7.1_ТЕХПРИС ВОДОПРОВОД", возможно, изменился с момента последнего сохранения главного чертежа.

Разрешить Вн-ссылки "7.1_ВЫПУСКА+РЕШЕТКИ ВОДОСТОК": C:\Users\user\Documents\AcadAssistant Smoke\20260717-140439-alpha.3\02_Sokolinaya_7_1\work\СЕТИ ПРОКЛАДКА_НАШИ\7.1_ВЫПУСКА+РЕШЕТКИ ВОДОСТОК.dwg
Чертеж "7.1_ВЫПУСКА+РЕШЕТКИ ВОДОСТОК" загружен.
Файл ссылки "7.1_ВЫПУСКА+РЕШЕТКИ ВОДОСТОК", возможно, изменился с момента последнего сохранения главного чертежа.

Разрешить Вн-ссылки "7.1_ВЫПУСКА КАНАЛИЗАЦИЯ": C:\Users\user\Documents\AcadAssistant Smoke\20260717-140439-alpha.3\02_Sokolinaya_7_1\work\СЕТИ ПРОКЛАДКА_НАШИ\7.1_ВЫПУСКА КАНАЛИЗАЦИЯ.dwg
Чертеж "7.1_ВЫПУСКА КАНАЛИЗАЦИЯ" загружен.
Файл ссылки "7.1_ВЫПУСКА КАНАЛИЗАЦИЯ", возможно, изменился с момента последнего сохранения главного чертежа.

Разрешить Вн-ссылки "7.1_НО ПОДКЛЮЧЕНИЕ": C:\Users\user\Documents\AcadAssistant Smoke\20260717-140439-alpha.3\02_Sokolinaya_7_1\work\СЕТИ ПРОКЛАДКА_НАШИ\7.1_НО ПОДКЛЮЧЕНИЕ.dwg
Чертеж "7.1_НО ПОДКЛЮЧЕНИЕ" загружен.
Файл ссылки "7.1_НО ПОДКЛЮЧЕНИЕ", возможно, изменился с момента последнего сохранения главного чертежа.

Разрешить Вн-ссылки "7.1_НСС МПТЦ ПОДКЛЮЧЕНИЕ": C:\Users\user\Documents\AcadAssistant Smoke\20260717-140439-alpha.3\02_Sokolinaya_7_1\work\СЕТИ ПРОКЛАДКА_НАШИ\7.1_НСС МПТЦ ПОДКЛЮЧЕНИЕ.dwg
Чертеж "7.1_НСС МПТЦ ПОДКЛЮЧЕНИЕ" загружен.
Файл ссылки "7.1_НСС МПТЦ ПОДКЛЮЧЕНИЕ", возможно, изменился с момента последнего сохранения главного чертежа.
Выполняется регенерация листов.
Выполняется регенерация модели.


Утилиты меню AutoCAD загружены.
Команда: 

Файл Autodesk DWG. Это файл формата TrustedDWG, сохраненный в приложении Autodesk или в приложении, лицензированном корпорацией Autodesk.

Команда: 
Открыта одноразовая рабочая копия host DWG.
Плагин не изменял исходный DWG и исходные Xref.
XOPEN/REFEDIT в этом виде заблокированы: неизменяемые Xref читаются из исходных файлов.
Object-фильтр выключен: подтверждённых точных правил по объектам пока нет; автоматически скрыто объектов: 0.
ApplyPreparedTaskView:summary-networks: total=1051, changed=712, skipped=339, errors=0
Skipped layers:
- 0: protected layer
- 7.1_Канализация_демонтаж_(кресты): already in requested state
- 7.1_Водопровод_демонтаж_(кресты): already in requested state
- 7.1_ТЕХПРИС ВОДОПРОВОД: already in requested state
- 7.1_План_сети_НО_вынос_5.1.3: already in requested state
- 7.1_План_сети_ЭС_вынос_5.1.4_: already in requested state
- 1.4_АРХИВНАЯ ГП: frozen layer
- 7.1_ТЕХПРИС КАНАЛИЗАЦИЯ: already in requested state
- 7.1_ТЕХПРИС КАНАЛИЗАЦИЯ|7.1_ТЕХПРИС_КАНАЛИЗАЦИЯ: already in requested state
- 7.1_ТЕХПРИС КАНАЛИЗАЦИЯ|7.1_ТЕХПРИС_КАНАЛИЗАЦИЯ_КОЛОДЦЫ СУЩ: already in requested state
- 7.1_ТЕХПРИС КАНАЛИЗАЦИЯ|7.1_ТЕХПРИС_КАНАЛИЗАЦИЯ_СУЩЕСТВУЮЩАЯ: already in requested state
- 7.1_ТЕХПРИС ВОДОСТОК: already in requested state
Shown layers: 0
Hidden layers: 712


Команда: 
Команда: Выполняется регенерация модели.
*Прервано*

Команда: *Прервано*

Команда:   <Переход на: Модель>
Выполняется регенерация модели.

Команда: 
Команда: 
Команда: *Прервано*

Команда: 
Команда: *Прервано*

Команда: 
Команда: 
Команда: 
Команда:  
Команда: 
Автоматическое сохранение в C:\Users\user\AppData\Local\Temp\host_1_6938_5ed8a5a6.sv$ ...

Команда: 
Команда: 
Команда: 
Команда: 
Команда: Задайте противоположный угол или [Линия/РМн-угол/СМн-угол]: *Прервано*

Команда: 
Команда: *Прервано*

Команда: 
Команда: 
Команда: 
Команда:  
Команда: Выполняется регенерация модели.

Команда: 
Команда: *Прервано*

Команда: 
Команда: *Прервано*

Команда: Выполняется регенерация модели.

Команда: Выполняется регенерация модели.

Команда: 
Команда: *Прервано*

Команда: Выполняется регенерация модели.

Команда: Выполняется регенерация модели.

Команда: 
Команда: *Прервано*

Команда: 
Команда: *Прервано*

Команда: Задайте противоположный угол или [Линия/РМн-угол/СМн-угол]: 
Команда: 
Команда: *Прервано*

Команда: 
Команда: *Прервано*

Команда: 
Команда: *Прервано*

Команда: Выполняется регенерация модели.

Команда: Задайте противоположный угол или [Линия/РМн-угол/СМн-угол]: 
Команда: *Прервано*

Команда: 
Команда: *Прервано*

Команда: 
Команда: *Прервано*

Команда: Выполняется регенерация модели.

Команда: 
Команда: *Прервано*

Команда: *Прервано*

Команда: *Прервано*

Команда: Выполняется регенерация модели.

Команда: Задайте противоположный угол или [Линия/РМн-угол/СМн-угол]: *Прервано*

Команда: *Прервано*

Автоматическое сохранение в C:\Users\user\AppData\Local\Temp\host_1_6938_5ed8a5a6.sv$ ...

Команда: 
Команда: Выполняется регенерация модели.

Команда: *Прервано*

Команда: Выполняется регенерация модели.

Команда: *Прервано*

Команда: 
Команда: *Прервано*

Команда: 
Автоматическое сохранение в C:\Users\user\AppData\Local\Temp\host_1_6938_5ed8a5a6.sv$ ...

Команда: 
