[ AutoCAD - Mon Jul 20 12:12:01 2026  ]----------------------------------------
Загружается модуль База AD...
Загружается модуль Удлиненная AD-база...
Загружается модуль AEC Core...

Открывается файл формата AutoCAD 2018.
Подстановка [simplex.shx] вместо [SPDS.shx].
Подстановка [simplex.shx] вместо [cs_gost2304.shx].
Подстановка [simplex.shx] вместо [SPDS.shx].

Разрешить Вн-ссылки "output[1]_3_4010-21": ..\спс\2024.07.10_ГП_СПС+ТП\3_4010-21\output[1]_3_4010-21.dwg

Загружаются DLL-файлы для работы с моделями.
"output[1]_3_4010-21" загружена: C:\Users\user\Documents\Таран\Кольская, 7\спс\2024.07.10_ГП_СПС+ТП\3_4010-21\output[1]_3_4010-21.dwg
Файл ссылки "output[1]_3_4010-21", возможно, изменился с момента последнего сохранения главного чертежа.

Разрешить Вн-ссылки "output[1]_brd": ..\спс\2024.07.10_ГП_СПС+ТП\3_4010-21\output[1]_3_4010-21_brd.dwg
"output[1]_brd" загружена: C:\Users\user\Documents\Таран\Кольская, 7\спс\2024.07.10_ГП_СПС+ТП\3_4010-21\output[1]_3_4010-21_brd.dwg
Файл ссылки "output[1]_brd", возможно, изменился с момента последнего сохранения главного чертежа.

Разрешить Вн-ссылки "output[1]_3_4010-21tp": ..\спс\2024.07.10_ГП_СПС+ТП\3_4010-21\output[1]_3_4010-21tp.dwg
"output[1]_3_4010-21tp" загружена: C:\Users\user\Documents\Таран\Кольская, 7\спс\2024.07.10_ГП_СПС+ТП\3_4010-21\output[1]_3_4010-21tp.dwg
Файл ссылки "output[1]_3_4010-21tp", возможно, изменился с момента последнего сохранения главного чертежа.

Разрешить Вн-ссылки "output[1]_3_4010-21up": ..\спс\2024.07.10_ГП_СПС+ТП\3_4010-21\output[1]_3_4010-21up.dwg
"output[1]_3_4010-21up" загружена: C:\Users\user\Documents\Таран\Кольская, 7\спс\2024.07.10_ГП_СПС+ТП\3_4010-21\output[1]_3_4010-21up.dwg
Файл ссылки "output[1]_3_4010-21up", возможно, изменился с момента последнего сохранения главного чертежа.

Разрешить Вн-ссылки "output[1]_3_4010-21kl": ..\спс\2024.07.10_ГП_СПС+ТП\3_4010-21\output[1]_3_4010-21kl.dwg
"output[1]_3_4010-21kl" загружена: C:\Users\user\Documents\Таран\Кольская, 7\спс\2024.07.10_ГП_СПС+ТП\3_4010-21\output[1]_3_4010-21kl.dwg
Файл ссылки "output[1]_3_4010-21kl", возможно, изменился с момента последнего сохранения главного чертежа.

Разрешить Вн-ссылки "output[1]_edge001": ..\спс\2024.07.10_ГП_СПС+ТП\3_4010-21\output[1]_3_4010-21_edge001.dwg
"output[1]_edge001" загружена: C:\Users\user\Documents\Таран\Кольская, 7\спс\2024.07.10_ГП_СПС+ТП\3_4010-21\output[1]_3_4010-21_edge001.dwg
Файл ссылки "output[1]_edge001", возможно, изменился с момента последнего сохранения главного чертежа.

Разрешить Вн-ссылки "output[1-3]": ..\спс\2024.07.10_ГП_СПС+ТП\3_4595-21 Доп.участок\output[1-3].dwg
"output[1-3]" загружена: C:\Users\user\Documents\Таран\Кольская, 7\спс\2024.07.10_ГП_СПС+ТП\3_4595-21 Доп.участок\output[1-3].dwg
Файл ссылки "output[1-3]", возможно, изменился с момента последнего сохранения главного чертежа.

Разрешить Вн-ссылки "output[1-3]_brd": ..\спс\2024.07.10_ГП_СПС+ТП\3_4595-21 Доп.участок\output[1-3]_brd.dwg
"output[1-3]_brd" загружена: C:\Users\user\Documents\Таран\Кольская, 7\спс\2024.07.10_ГП_СПС+ТП\3_4595-21 Доп.участок\output[1-3]_brd.dwg
Файл ссылки "output[1-3]_brd", возможно, изменился с момента последнего сохранения главного чертежа.

Разрешить Вн-ссылки "output[1-3]_3_4598-21tp": ..\спс\2024.07.10_ГП_СПС+ТП\3_4595-21 Доп.участок\output[1-3]_3_4598-21tp.dwg
"output[1-3]_3_4598-21tp" загружена: C:\Users\user\Documents\Таран\Кольская, 7\спс\2024.07.10_ГП_СПС+ТП\3_4595-21 Доп.участок\output[1-3]_3_4598-21tp.dwg
Файл ссылки "output[1-3]_3_4598-21tp", возможно, изменился с момента последнего сохранения главного чертежа.

Разрешить Вн-ссылки "output[1-3]_3_4598-21up": ..\спс\2024.07.10_ГП_СПС+ТП\3_4595-21 Доп.участок\output[1-3]_3_4598-21up.dwg
"output[1-3]_3_4598-21up" загружена: C:\Users\user\Documents\Таран\Кольская, 7\спс\2024.07.10_ГП_СПС+ТП\3_4595-21 Доп.участок\output[1-3]_3_4598-21up.dwg
Файл ссылки "output[1-3]_3_4598-21up", возможно, изменился с момента последнего сохранения главного чертежа.

Разрешить Вн-ссылки "output[1-3]_3_4598-21kl": ..\спс\2024.07.10_ГП_СПС+ТП\3_4595-21 Доп.участок\output[1-3]_3_4598-21kl.dwg
"output[1-3]_3_4598-21kl" загружена: C:\Users\user\Documents\Таран\Кольская, 7\спс\2024.07.10_ГП_СПС+ТП\3_4595-21 Доп.участок\output[1-3]_3_4598-21kl.dwg
Файл ссылки "output[1-3]_3_4598-21kl", возможно, изменился с момента последнего сохранения главного чертежа.

Разрешить Вн-ссылки "output[1-3]_edge001": ..\спс\2024.07.10_ГП_СПС+ТП\3_4595-21 Доп.участок\output[1-3]_edge001.dwg
"output[1-3]_edge001" загружена: C:\Users\user\Documents\Таран\Кольская, 7\спс\2024.07.10_ГП_СПС+ТП\3_4595-21 Доп.участок\output[1-3]_edge001.dwg
Файл ссылки "output[1-3]_edge001", возможно, изменился с момента последнего сохранения главного чертежа.

Разрешить Вн-ссылки "output[1-3]_edge002": ..\спс\2024.07.10_ГП_СПС+ТП\3_4595-21 Доп.участок\output[1-3]_edge002.dwg
"output[1-3]_edge002" загружена: C:\Users\user\Documents\Таран\Кольская, 7\спс\2024.07.10_ГП_СПС+ТП\3_4595-21 Доп.участок\output[1-3]_edge002.dwg
Файл ссылки "output[1-3]_edge002", возможно, изменился с момента последнего сохранения главного чертежа.

Разрешить Вн-ссылки "output[1-3]_edge003": ..\спс\2024.07.10_ГП_СПС+ТП\3_4595-21 Доп.участок\output[1-3]_edge003.dwg
"output[1-3]_edge003" загружена: C:\Users\user\Documents\Таран\Кольская, 7\спс\2024.07.10_ГП_СПС+ТП\3_4595-21 Доп.участок\output[1-3]_edge003.dwg
Файл ссылки "output[1-3]_edge003", возможно, изменился с момента последнего сохранения главного чертежа.
Выполняется регенерация модели.


Утилиты меню AutoCAD загружены.*Прервано*

Команда: 

Файл Autodesk DWG. Это файл формата TrustedDWG, сохраненный в приложении Autodesk или в приложении, лицензированном корпорацией Autodesk.

Команда: 

Команда: 
Команда: *Прервано*

Команда: *Прервано*

Команда:  
Команда: 
