[ AutoCAD - Tue Jul 21 16:23:49 2026  ]----------------------------------------
Выполняется регенерация модели.

**** Системная переменная изменена ****
Отслеживаемой системной переменной назначено значение, отличное от предпочтительного. Для просмотра изменений воспользуйтесь командой СИСТПЕРЕММОНИТОР.


Утилиты меню AutoCAD загружены.
Команда: 
Команда: 

Команда: 
Команда: (load (strcat (getvar "DWGPREFIX") "probe_visual_tables.lsp"))

PVPROBE loaded

Команда: PVPROBE

=== PVPROBE BEGIN ===
DWG=visual_copy.dwg
MODELSPACE_TOTAL=314
TYPE|CIRCLE|33
TYPE|LINE|113
TYPE|LWPOLYLINE|20
TYPE|MTEXT|148
TEXT_TOTAL=148
TEXT|MTEXT|H=3B2|L=0|P=109995,18150,0|HT=350|\pxqc;{\T0.9;Наименование}
TEXT|MTEXT|H=3B6|L=0|P=109995,17000,0|HT=250|\pxqc;Low 12
TEXT|MTEXT|H=3BB|L=0|P=109995,16200,0|HT=250|\pxqc;Low 20
TEXT|MTEXT|H=3C0|L=0|P=109995,13000,0|HT=250|\pxqc;PRO 80-140
TEXT|MTEXT|H=3C5|L=0|P=109995,12200,0|HT=250|\pxqc;PRO 95-155
TEXT|MTEXT|H=3CA|L=0|P=109995,11400,0|HT=250|\pxqc;PRO 145-240
TEXT|MTEXT|H=3CF|L=0|P=109995,10600,0|HT=250|\pxqc;PRO 160-270
TEXT|MTEXT|H=3D4|L=0|P=109995,9800,0|HT=250|\pxqc;PRO 205-340
TEXT|MTEXT|H=3D9|L=0|P=109995,9000,0|HT=250|\pxqc;PRO 235-400
TEXT|MTEXT|H=3DE|L=0|P=109995,8200,0|HT=250|\pxqc;PRO 315-530
TEXT|MTEXT|H=3E3|L=0|P=109995,7400,0|HT=250|\pxqc;PRO 390-660
TEXT|MTEXT|H=3E8|L=0|P=115495,6600,0|HT=350|\pxr1.14286,qr;Итого:
TEXT|MTEXT|H=3EC|L=0|P=112745,18150,0|HT=350|\pxqc;{\T0.9;Диапазон высот}
TEXT|MTEXT|H=3F0|L=0|P=112745,14600,0|HT=250|\pxqc;35-50
TEXT|MTEXT|H=3F4|L=0|P=112745,13800,0|HT=250|\pxqc;50-80
TEXT|MTEXT|H=3F8|L=0|P=112745,13000,0|HT=250|\pxqc;80-140
TEXT|MTEXT|H=3FC|L=0|P=112745,12200,0|HT=250|\pxqc;95-155
TEXT|MTEXT|H=400|L=0|P=112745,11400,0|HT=250|\pxqc;145-240
TEXT|MTEXT|H=404|L=0|P=112745,10600,0|HT=250|\pxqc;160-270
TEXT|MTEXT|H=408|L=0|P=112745,9800,0|HT=250|\pxqc;205-340
TEXT|MTEXT|H=40C|L=0|P=112745,9000,0|HT=250|\pxqc;235-400
TEXT|MTEXT|H=410|L=0|P=112745,8200,0|HT=250|\pxqc;315-530
TEXT|MTEXT|H=414|L=0|P=112745,7400,0|HT=250|\pxqc;390-660
TEXT|MTEXT|H=418|L=0|P=115495,18150,0|HT=350|\pxqc;{\T0.9;Условное обозначение}
TEXT|MTEXT|H=41C|L=0|P=117745,18150,0|HT=350|\pxqc;{\T0.9;Кол-во}
TEXT|MTEXT|H=42A|L=0|P=113495,19275,0|HT=350|\pxqc;{\T0.9;Спецификация опор Level PRO}
TEXT|MTEXT|H=432|L=0|P=112745,16200,0|HT=250|\pxqc;20
TEXT|MTEXT|H=436|L=0|P=112745,17000,0|HT=250|\pxqc;12
TEXT|MTEXT|H=43A|L=0|P=109995,13800,0|HT=250|\pxqc;PRO 50-80
TEXT|MTEXT|H=43E|L=0|P=109995,14600,0|HT=250|\pxqc;PRO 35-50
TEXT|MTEXT|H=443|L=0|P=112745,15400,0|HT=250|\pxqc;25-35
TEXT|MTEXT|H=447|L=0|P=109995,15400,0|HT=250|\pxqc;PRO 25-35
TEXT|MTEXT|H=451|L=0|P=111245,4400,0|HT=250|\pxl1,ql;Параметры финишного покрытия
TEXT|MTEXT|H=456|L=0|P=111245,3600,0|HT=250|\pxi1,ql;Параметры лаги
TEXT|MTEXT|H=45B|L=0|P=111245,2000,0|HT=250|\pxi1,ql;Шаг опор вдоль лаги, мм
TEXT|MTEXT|H=461|L=0|P=111245,400,0|HT=250|\pxi1,ql;Отметка чистого  пола, мм
TEXT|MTEXT|H=466|L=0|P=111245,5200,0|HT=250|\A1;\pxl1,ql;Площадь объекта, м{\H0.7x;\S2^;}
TEXT|MTEXT|H=46A|L=0|P=111245,1200,0|HT=250|\pxi1,ql;Шаг между лагами, мм
TEXT|MTEXT|H=46F|L=0|P=111245,2800,0|HT=250|\pxi1,ql;Общая длина лаг, м
TEXT|MTEXT|H=473|L=0|P=116245,4400,0|HT=250|\pxl1,qc;Доска 160х23х3000
TEXT|MTEXT|H=477|L=0|P=116245,5200,0|HT=250|\pxl1,qc;150
TEXT|MTEXT|H=47B|L=0|P=116245,3600,0|HT=250|\pxl1,qc;Frame 40х40мм
TEXT|MTEXT|H=47F|L=0|P=116245,2800,0|HT=250|\pxl1,qc;500
TEXT|MTEXT|H=483|L=0|P=116245,2000,0|HT=250|\pxl1,qc;500
TEXT|MTEXT|H=487|L=0|P=116245,1200,0|HT=250|\pxl1,qc;350
TEXT|MTEXT|H=48B|L=0|P=116245,400,0|HT=250|\pxl1,qc;0
TEXT|MTEXT|H=54E|L=0|P=1500,9550,0|HT=350|\pxqc;{\T0.9;Наименование}
TEXT|MTEXT|H=552|L=0|P=1500,8400,0|HT=250|\pxqc;3D 35-50
TEXT|MTEXT|H=557|L=0|P=1500,7600,0|HT=250|\pxqc;3D 50-80
TEXT|MTEXT|H=55C|L=0|P=1500,6800,0|HT=250|\pxqc;3D 80-140
TEXT|MTEXT|H=561|L=0|P=1500,6000,0|HT=250|\pxqc;3D 95-155
TEXT|MTEXT|H=566|L=0|P=1500,5200,0|HT=250|\pxqc;3D 145-240
TEXT|MTEXT|H=56B|L=0|P=1500,4400,0|HT=250|\pxqc;3D 160-270
TEXT|MTEXT|H=570|L=0|P=1500,3600,0|HT=250|\pxqc;3D 205-340
TEXT|MTEXT|H=575|L=0|P=1500,2800,0|HT=250|\pxqc;3D 235-400
TEXT|MTEXT|H=57A|L=0|P=1500,2000,0|HT=250|\pxqc;3D 315-530
TEXT|MTEXT|H=57F|L=0|P=1500,1200,0|HT=250|\pxqc;3D 390-660
TEXT|MTEXT|H=584|L=0|P=7000,400,0|HT=350|\pxr1.14286,qr;Итого:
TEXT|MTEXT|H=588|L=0|P=4250,9550,0|HT=350|\pxqc;{\T0.9;Диапазон высот}
TEXT|MTEXT|H=58C|L=0|P=4250,8400,0|HT=250|\pxqc;35-50
TEXT|MTEXT|H=590|L=0|P=4250,7600,0|HT=250|\pxqc;50-80
TEXT|MTEXT|H=594|L=0|P=4250,6800,0|HT=250|\pxqc;80-140
TEXT|MTEXT|H=598|L=0|P=4250,6000,0|HT=250|\pxqc;95-155
TEXT|MTEXT|H=59C|L=0|P=4250,5200,0|HT=250|\pxqc;145-240
TEXT|MTEXT|H=5A0|L=0|P=4250,4400,0|HT=250|\pxqc;160-270
TEXT|MTEXT|H=5A4|L=0|P=4250,3600,0|HT=250|\pxqc;205-340
TEXT|MTEXT|H=5A8|L=0|P=4250,2800,0|HT=250|\pxqc;235-400
TEXT|MTEXT|H=5AC|L=0|P=4250,2000,0|HT=250|\pxqc;315-530
TEXT|MTEXT|H=5B0|L=0|P=4250,1200,0|HT=250|\pxqc;390-660
TEXT|MTEXT|H=5B4|L=0|P=7000,9550,0|HT=350|\pxqc;{\T0.9;Условное обозначение}
TEXT|MTEXT|H=5B8|L=0|P=9250,9550,0|HT=350|\pxqc;{\T0.9;Кол-во}
TEXT|MTEXT|H=5D0|L=0|P=5000,10675,0|HT=350|\pxqc;{\T0.9;Спецификация опор Level 3D}
TEXT|MTEXT|H=5D9|L=0|P=2750,-7165,0|HT=250|\pxl1,ql;Параметры финишного покрытия
TEXT|MTEXT|H=5DD|L=0|P=2750,-7965,0|HT=250|\pxi1,ql;Шаг опор, мм
TEXT|MTEXT|H=5E3|L=0|P=2750,-8765,0|HT=250|\pxi1,ql;Отметка чистого  пола, мм
TEXT|MTEXT|H=5E8|L=0|P=2750,-6365,0|HT=250|\A1;\pxl1,ql;Площадь объекта, м{\H0.7x;\S2^;}
TEXT|MTEXT|H=6D5|L=0|P=71355,15750,0|HT=350|\pxqc;{\T0.9;Наименование}
TEXT|MTEXT|H=6D9|L=0|P=71355,14600,0|HT=250|\pxqc;3D 35-50
TEXT|MTEXT|H=6DE|L=0|P=71355,13800,0|HT=250|\pxqc;3D 50-80
TEXT|MTEXT|H=6E3|L=0|P=71355,13000,0|HT=250|\pxqc;3D 80-140
TEXT|MTEXT|H=6E8|L=0|P=71355,12200,0|HT=250|\pxqc;3D 95-155
TEXT|MTEXT|H=6ED|L=0|P=71355,11400,0|HT=250|\pxqc;3D 145-240
TEXT|MTEXT|H=6F2|L=0|P=71355,10600,0|HT=250|\pxqc;3D 160-270
TEXT|MTEXT|H=6F7|L=0|P=71355,9800,0|HT=250|\pxqc;3D 205-340
TEXT|MTEXT|H=6FC|L=0|P=71355,9000,0|HT=250|\pxqc;3D 235-400
TEXT|MTEXT|H=701|L=0|P=71355,8200,0|HT=250|\pxqc;3D 315-530
TEXT|MTEXT|H=706|L=0|P=71355,7400,0|HT=250|\pxqc;3D 390-660
TEXT|MTEXT|H=70B|L=0|P=76855,6600,0|HT=350|\pxr1.14286,qr;Итого:
TEXT|MTEXT|H=70F|L=0|P=74105,15750,0|HT=350|\pxqc;{\T0.9;Диапазон высот}
TEXT|MTEXT|H=713|L=0|P=74105,14600,0|HT=250|\pxqc;35-50
TEXT|MTEXT|H=717|L=0|P=74105,13800,0|HT=250|\pxqc;50-80
TEXT|MTEXT|H=71B|L=0|P=74105,13000,0|HT=250|\pxqc;80-140
TEXT|MTEXT|H=71F|L=0|P=74105,12200,0|HT=250|\pxqc;95-155
TEXT|MTEXT|H=723|L=0|P=74105,11400,0|HT=250|\pxqc;145-240
TEXT|MTEXT|H=727|L=0|P=74105,10600,0|HT=250|\pxqc;160-270
TEXT|MTEXT|H=72B|L=0|P=74105,9800,0|HT=250|\pxqc;205-340
TEXT|MTEXT|H=72F|L=0|P=74105,9000,0|HT=250|\pxqc;235-400
TEXT|MTEXT|H=733|L=0|P=74105,8200,0|HT=250|\pxqc;315-530
TEXT|MTEXT|H=737|L=0|P=74105,7400,0|HT=250|\pxqc;390-660
TEXT|MTEXT|H=73B|L=0|P=76855,15750,0|HT=350|\pxqc;{\T0.9;Условное обозначение}
TEXT|MTEXT|H=73F|L=0|P=79105,15750,0|HT=350|\pxqc;{\T0.9;Кол-во}
TEXT|MTEXT|H=757|L=0|P=74855,16875,0|HT=350|\pxqc;{\T0.9;Спецификация опор Level 3D}
TEXT|MTEXT|H=760|L=0|P=72605,4400,0|HT=250|\pxl1,ql;Параметры финишного покрытия
TEXT|MTEXT|H=765|L=0|P=72605,3600,0|HT=250|\pxi1,ql;Параметры лаги
TEXT|MTEXT|H=76A|L=0|P=72605,2000,0|HT=250|\pxi1,ql;Шаг опор вдоль лаги, мм
TEXT|MTEXT|H=770|L=0|P=72605,400,0|HT=250|\pxi1,ql;Отметка чистого  пола, мм
TEXT|MTEXT|H=775|L=0|P=72605,5200,0|HT=250|\A1;\pxl1,ql;Площадь объекта, м{\H0.7x;\S2^;}
TEXT|MTEXT|H=779|L=0|P=72605,1200,0|HT=250|\pxi1,ql;Шаг между лагами, мм
TEXT|MTEXT|H=77E|L=0|P=72605,2800,0|HT=250|\pxi1,ql;Общая длина лаг, м
TEXT|MTEXT|H=782|L=0|P=77605,4400,0|HT=250|\pxl1,qc;Доска 160х23х3000
TEXT|MTEXT|H=786|L=0|P=77605,5200,0|HT=250|\pxl1,qc;150
TEXT|MTEXT|H=78A|L=0|P=77605,3600,0|HT=250|\pxl1,qc;Frame 40х40мм
TEXT|MTEXT|H=78E|L=0|P=77605,2800,0|HT=250|\pxl1,qc;500
TEXT|MTEXT|H=792|L=0|P=77605,2000,0|HT=250|\pxl1,qc;500
TEXT|MTEXT|H=796|L=0|P=77605,1200,0|HT=250|\pxl1,qc;350
TEXT|MTEXT|H=79A|L=0|P=77605,400,0|HT=250|\pxl1,qc;0
TEXT|MTEXT|H=7AC|L=0|P=9250,8400,0|HT=250|\pxqc;[SUP_3D_35_50]
TEXT|MTEXT|H=7B0|L=0|P=9250,7600,0|HT=250|\pxqc;[SUP_3D_50_80]
TEXT|MTEXT|H=7B4|L=0|P=9250,6800,0|HT=250|\pxqc;[SUP_3D_80_140]
TEXT|MTEXT|H=7B8|L=0|P=9250,6000,0|HT=250|\pxqc;[SUP_3D_95_155]
TEXT|MTEXT|H=7BC|L=0|P=9250,5200,0|HT=250|\pxqc;[SUP_3D_145_240]
TEXT|MTEXT|H=7C0|L=0|P=9250,4400,0|HT=250|\pxqc;[SUP_3D_160_270]
TEXT|MTEXT|H=7C4|L=0|P=9250,3600,0|HT=250|\pxqc;[SUP_3D_205_340]
TEXT|MTEXT|H=7C8|L=0|P=9250,2800,0|HT=250|\pxqc;[SUP_3D_235_400]
TEXT|MTEXT|H=7CC|L=0|P=9250,2000,0|HT=250|\pxqc;[SUP_3D_315_530]
TEXT|MTEXT|H=7D0|L=0|P=9250,1200,0|HT=250|\pxqc;[SUP_3D_390_660]
TEXT|MTEXT|H=7D4|L=0|P=9250,400,0|HT=250|\pxqc;[SUP_TOTAL]
TEXT|MTEXT|H=7D9|L=0|P=5000,-5315,0|HT=350|\pxqc;{\T0.9;BLOCK:       PARAMS_TILE}
TEXT|MTEXT|H=7DD|L=0|P=5000,11535,0|HT=350|\pxqc;{\T0.9;BLOCK:       SUPPORT_SPEC_3D}
TEXT|MTEXT|H=7E1|L=0|P=7750,-6365,0|HT=250|\pxqc;[AREA]
TEXT|MTEXT|H=7E5|L=0|P=7750,-7165,0|HT=250|\pxqc;[COVERING]
TEXT|MTEXT|H=7E9|L=0|P=7750,-7965,0|HT=250|\pxqc;[STEP_SUPPORT]
TEXT|MTEXT|H=7ED|L=0|P=7750,-8765,0|HT=250|\pxqc;[FLOOR]
TEXT|MTEXT|H=7F6|L=0|P=25230,-4765,0|HT=250|\pxl1,ql;Параметры финишного покрытия
TEXT|MTEXT|H=7FB|L=0|P=25230,-5565,0|HT=250|\pxi1,ql;Параметры лаги
TEXT|MTEXT|H=800|L=0|P=25230,-7165,0|HT=250|\pxi1,ql;Шаг опор вдоль лаги, мм
TEXT|MTEXT|H=806|L=0|P=25230,-8765,0|HT=250|\pxi1,ql;Отметка чистого  пола, мм
TEXT|MTEXT|H=80B|L=0|P=25230,-3965,0|HT=250|\A1;\pxl1,ql;Площадь объекта, м{\H0.7x;\S2^;}
TEXT|MTEXT|H=80F|L=0|P=25230,-7965,0|HT=250|\pxi1,ql;Шаг между лагами, мм
TEXT|MTEXT|H=814|L=0|P=25230,-6365,0|HT=250|\pxi1,ql;Общая длина лаг, м
TEXT|MTEXT|H=818|L=0|P=30230,-4765,0|HT=250|\pxl1,qc;[COVERING]
TEXT|MTEXT|H=81C|L=0|P=30230,-3965,0|HT=250|\pxl1,qc;[AREA]
TEXT|MTEXT|H=820|L=0|P=30230,-5565,0|HT=250|\pxl1,qc;[LAG_TYPE]
TEXT|MTEXT|H=824|L=0|P=30230,-6365,0|HT=250|\pxl1,qc;[LAG_LENGTH]
TEXT|MTEXT|H=828|L=0|P=30230,-7165,0|HT=250|\pxl1,qc;[STEP_X]
TEXT|MTEXT|H=82C|L=0|P=30230,-7965,0|HT=250|\pxl1,qc;[STEP_Y]
TEXT|MTEXT|H=830|L=0|P=30230,-8765,0|HT=250|\pxl1,qc;[FLOOR]
TEXT|MTEXT|H=835|L=0|P=27480,-2915,0|HT=350|{\T0.9;BLOCK:  PARAMS_BOARD}
INSERT_TOTAL=0
=== PVPROBE END ===

Команда: 
Команда: _.QUIT

Команда: 
**** Системные переменные не изменены ****
