[ AutoCAD - Tue Jul 21 11:52:48 2026  ]----------------------------------------


Утилиты меню AutoCAD загружены.*Прервано*

Команда: 

Файл Autodesk DWG. Это файл формата TrustedDWG, сохраненный в приложении Autodesk или в приложении, лицензированном корпорацией Autodesk.

Команда: 

Команда: 
Команда: 
Команда: 
Укажите местоположение точки или [Базовая точка/Отменить/выХод]: 
Команда: 
Укажите местоположение точки или [Базовая точка/Отменить/выХод]: 
Команда: 
Укажите местоположение точки или [Базовая точка/Отменить/выХод]: 
Команда: 
Команда: 
Укажите местоположение точки или [Базовая точка/Отменить/выХод]: 
Команда: 
Укажите местоположение точки или [Базовая точка/Отменить/выХод]: 
Команда: 
Укажите местоположение точки или [Базовая точка/Отменить/выХод]: 
Команда: 
Укажите местоположение точки или [Базовая точка/Отменить/выХод]: 
Команда: 
Укажите местоположение точки или [Базовая точка/Отменить/выХод]: 
Команда: 
Команда: 
Укажите местоположение точки или [Базовая точка/Отменить/выХод]: 
Команда: 
Команда: 
Команда: _CLOSE 
Команда: 
