[ AutoCAD - Thu Jul 16 14:31:42 2026  ]----------------------------------------

Открытие файла AutoCAD 2013/LT 2013.
Подстановка [simplex.shx] вместо [CS_Gost2304.shx].
Подстановка [simplex.shx] вместо [GOST 2.304 type A].
Подстановка [simplex.shx] вместо [D431].
Подстановка [simplex.shx] вместо [RUSS.shx].

Разрешить Вн-ссылки "ВРУ": .\Не наши СЕТИ\ВРУ.dwg
"ВРУ.dwg" не найдена.

Разрешить Вн-ссылки "НСС ПЕРЕКЛАДКА": .\Перекладки+демонтаж\НСС ПЕРЕКЛАДКА.dwg
"НСС ПЕРЕКЛАДКА.dwg" не найдена.

Разрешить Вн-ссылки "ЭЛ_ПЕРЕКЛАДКА": .\Перекладки+демонтаж\ЭЛ_ПЕРЕКЛАДКА.dwg
"ЭЛ_ПЕРЕКЛАДКА.dwg" не найдена.
Выполняется регенерация модели.


Утилиты меню AutoCAD загружены.
Команда: 

Файл Autodesk DWG. Это файл формата TrustedDWG, сохраненный в приложении Autodesk или в приложении, лицензированном корпорацией Autodesk.

Команда: 
**** Системные переменные не изменены ****


Команда: 
Команда: 
Автоматическое сохранение в C:\Users\user\AppData\Local\Temp\Профиль_мптц_1_14924_e94f1747.sv$ ...

Команда: 
