[ AutoCAD - Thu Jul 16 14:32:55 2026  ]----------------------------------------
Загружается модуль База AD...
Загружается модуль Удлиненная AD-база...
Загружается модуль AEC Core...
Загружается модуль AEC Project Base...
Загружается модуль Архитектурная база AD...
Загружается модуль Спецификация AD...

Загружаются DLL-файлы для работы с моделями.

Открытие файла AutoCAD 2013/LT 2013.
Подстановка [simplex.shx] вместо [cs_gost2304.shx].
Подстановка [simplex.shx] вместо [GOST 2.304 type A].
Подстановка [simplex.shx] вместо [GOST 2.304 type A].
Подстановка [simplex.shx] вместо [GOST 2.304 type A].
Подстановка [simplex.shx] вместо [cs_gost2304.shx].
Подстановка [simplex.shx] вместо [GOST type A].
Подстановка [simplex.shx] вместо [GOST 2.304 type A].
Подстановка [simplex.shx] вместо [SPDS.shx].
Подстановка [simplex.shx] вместо [GOST 2.304 type A].

Разрешить Вн-ссылки "output[1]_3_2767-22tp": .\3_2767-22\output[1]_3_2767-22tp.dwg
"output[1]_3_2767-22tp" загружена: C:\Users\user\Documents\Таран\Кременчугская\нсс1\RED\DWG\сх тк - Standard\3_2767-22\output[1]_3_2767-22tp.dwg
Файл ссылки "output[1]_3_2767-22tp", возможно, изменился с момента последнего сохранения главного чертежа.

Разрешить Вн-ссылки "output[1]_3_2767-22pp": .\3_2767-22\output[1]_3_2767-22pp.dwg
"output[1]_3_2767-22pp" загружена: C:\Users\user\Documents\Таран\Кременчугская\нсс1\RED\DWG\сх тк - Standard\3_2767-22\output[1]_3_2767-22pp.dwg
Файл ссылки "output[1]_3_2767-22pp", возможно, изменился с момента последнего сохранения главного чертежа.

Разрешить Вн-ссылки "output[1]_3_2767-22kl": .\3_2767-22\output[1]_3_2767-22kl.dwg
"output[1]_3_2767-22kl" загружена: C:\Users\user\Documents\Таран\Кременчугская\нсс1\RED\DWG\сх тк - Standard\3_2767-22\output[1]_3_2767-22kl.dwg
Файл ссылки "output[1]_3_2767-22kl", возможно, изменился с момента последнего сохранения главного чертежа.

Разрешить Вн-ссылки "ВРУ": .\Не наши СЕТИ\ВРУ.dwg
"ВРУ" загружена: C:\Users\user\Documents\Таран\Кременчугская\нсс1\RED\DWG\сх тк - Standard\Не наши СЕТИ\ВРУ.dwg
Файл ссылки "ВРУ", возможно, изменился с момента последнего сохранения главного чертежа.

Вн-ссылки "Газ_ДЕМОНТАЖ": Газ_ДЕМОНТАЖ.dwg
Элемент "Газ_ДЕМОНТАЖ" выгружен.

Разрешить Вн-ссылки "Водосток_Решетки": .\Не наши СЕТИ\Водосток_Решетки.dwg
"Водосток_Решетки" загружена: C:\Users\user\Documents\Таран\Кременчугская\нсс1\RED\DWG\сх тк - Standard\Не наши СЕТИ\Водосток_Решетки.dwg
Файл ссылки "Водосток_Решетки", возможно, изменился с момента последнего сохранения главного чертежа.

Вн-ссылки "сносимые 5-ти этажки": сносимые 5-ти этажки.dwg
Элемент "сносимые 5-ти этажки" выгружен.

Вн-ссылки "Гидранты_пож.рукава": Гидранты_пож.рукава.dwg
Элемент "Гидранты_пож.рукава" выгружен.

Разрешить Вн-ссылки "output[1]_3_1510-23": .\3_1510-23\output[1]_3_1510-23.dwg
"output[1]_3_1510-23" загружена: C:\Users\user\Documents\Таран\Кременчугская\нсс1\RED\DWG\сх тк - Standard\3_1510-23\output[1]_3_1510-23.dwg
Файл ссылки "output[1]_3_1510-23", возможно, изменился с момента последнего сохранения главного чертежа.

Вн-ссылки "output[1]_brd": output[1]_brd.dwg
Элемент "output[1]_brd" выгружен.

Разрешить Вн-ссылки "output[1]_3_1510-23tp": .\3_1510-23\output[1]_3_1510-23tp.dwg
"output[1]_3_1510-23tp" загружена: C:\Users\user\Documents\Таран\Кременчугская\нсс1\RED\DWG\сх тк - Standard\3_1510-23\output[1]_3_1510-23tp.dwg
Файл ссылки "output[1]_3_1510-23tp", возможно, изменился с момента последнего сохранения главного чертежа.

Разрешить Вн-ссылки "output[1]_3_1510-23up": .\3_1510-23\output[1]_3_1510-23up.dwg
"output[1]_3_1510-23up" загружена: C:\Users\user\Documents\Таран\Кременчугская\нсс1\RED\DWG\сх тк - Standard\3_1510-23\output[1]_3_1510-23up.dwg
Файл ссылки "output[1]_3_1510-23up", возможно, изменился с момента последнего сохранения главного чертежа.

Разрешить Вн-ссылки "output[1]_3_1510-23kl": .\3_1510-23\output[1]_3_1510-23kl.dwg
"output[1]_3_1510-23kl" загружена: C:\Users\user\Documents\Таран\Кременчугская\нсс1\RED\DWG\сх тк - Standard\3_1510-23\output[1]_3_1510-23kl.dwg
Файл ссылки "output[1]_3_1510-23kl", возможно, изменился с момента последнего сохранения главного чертежа.

Разрешить Вн-ссылки "output[1]_edge_1510-23": .\3_1510-23\output[1]_edge_1510-23.dwg
"output[1]_edge_1510-23" загружена: C:\Users\user\Documents\Таран\Кременчугская\нсс1\RED\DWG\сх тк - Standard\3_1510-23\output[1]_edge_1510-23.dwg
Файл ссылки "output[1]_edge_1510-23", возможно, изменился с момента последнего сохранения главного чертежа.

Вн-ссылки "output[1]_3_8195-22": output[1]_3_8195-22.dwg
Элемент "output[1]_3_8195-22" выгружен.

Разрешить Вн-ссылки "Зона влияния": .\Общие ссылки\Зона влияния.dwg
"Зона влияния" загружена: C:\Users\user\Documents\Таран\Кременчугская\нсс1\RED\DWG\сх тк - Standard\Общие ссылки\Зона влияния.dwg
Файл ссылки "Зона влияния", возможно, изменился с момента последнего сохранения главного чертежа.

Разрешить Вн-ссылки "Геология_скважины": .\Общие ссылки\Геология_скважины.dwg
"Геология_скважины" загружена: C:\Users\user\Documents\Таран\Кременчугская\нсс1\RED\DWG\сх тк - Standard\Общие ссылки\Геология_скважины.dwg
Файл ссылки "Геология_скважины", возможно, изменился с момента последнего сохранения главного чертежа.

Вн-ссылки "Водопровод_КРЕСТЫ": Водопровод_КРЕСТЫ.dwg
Элемент "Водопровод_КРЕСТЫ" выгружен.

Разрешить Вн-ссылки "Водосток_ТЕХПРИС_2024.06.20": .\Не наши СЕТИ\Водосток_ТЕХПРИС_2024.06.20.dwg
"Водосток_ТЕХПРИС_2024.06.20" загружена: C:\Users\user\Documents\Таран\Кременчугская\нсс1\RED\DWG\сх тк - Standard\Не наши СЕТИ\Водосток_ТЕХПРИС_2024.06.20.dwg
Файл ссылки "Водосток_ТЕХПРИС_2024.06.20", возможно, изменился с момента последнего сохранения главного чертежа.

Разрешить Вн-ссылки "ПОСАДКА ЗДАНИЯ": .\Общие ссылки\ПОСАДКА ЗДАНИЯ.dwg
"ПОСАДКА ЗДАНИЯ" загружена: C:\Users\user\Documents\Таран\Кременчугская\нсс1\RED\DWG\сх тк - Standard\Общие ссылки\ПОСАДКА ЗДАНИЯ.dwg
Файл ссылки "ПОСАДКА ЗДАНИЯ", возможно, изменился с момента последнего сохранения главного чертежа.

Разрешить Вн-ссылки "output[1]": .\3_2767-22\output[1].dwg
"output[1]" загружена: C:\Users\user\Documents\Таран\Кременчугская\нсс1\RED\DWG\сх тк - Standard\3_2767-22\output[1].dwg
Файл ссылки "output[1]", возможно, изменился с момента последнего сохранения главного чертежа.

Разрешить Вн-ссылки "output[1]_3_2767-22up": .\3_2767-22\output[1]_3_2767-22up.dwg
"output[1]_3_2767-22up" загружена: C:\Users\user\Documents\Таран\Кременчугская\нсс1\RED\DWG\сх тк - Standard\3_2767-22\output[1]_3_2767-22up.dwg
Файл ссылки "output[1]_3_2767-22up", возможно, изменился с момента последнего сохранения главного чертежа.

Разрешить Вн-ссылки "output[1]_edge001": .\3_2767-22\output[1]_edge001.dwg
"output[1]_edge001" загружена: C:\Users\user\Documents\Таран\Кременчугская\нсс1\RED\DWG\сх тк - Standard\3_2767-22\output[1]_edge001.dwg
Файл ссылки "output[1]_edge001", возможно, изменился с момента последнего сохранения главного чертежа.

Вн-ссылки "output[1]_edge_8195-22": output[1]_edge_8195-22.dwg
Элемент "output[1]_edge_8195-22" разорван.
Выполняется регенерация листов.
Выполняется регенерация модели.


Утилиты меню AutoCAD загружены.
Команда: 

Файл Autodesk DWG. Это файл формата TrustedDWG, сохраненный в приложении Autodesk или в приложении, лицензированном корпорацией Autodesk.

Команда: 
**** Системные переменные не изменены ****


Команда: 
Команда: 
**** Системные переменные не изменены ****

Команда: *Прервано*

Команда: *Прервано*

Команда:   <Переход на: Модель>
Выполняется регенерация модели.

Команда: 
**** Системные переменные не изменены ****

Команда: 
Команда: 
Команда: _pasteorig Подстановка [simplex.shx] вместо [cs_gost2304.shx].
Подстановка [simplex.shx] вместо [GOST 2.304 type A].
Подстановка [simplex.shx] вместо [GOST 2.304 type A].
Подстановка [simplex.shx] вместо [GOST 2.304 type A].
Подстановка [simplex.shx] вместо [cs_gost2304.shx].
Подстановка [simplex.shx] вместо [GOST type A].
Подстановка [simplex.shx] вместо [GOST 2.304 type A].
Подстановка [simplex.shx] вместо [SPDS.shx].
Подстановка [simplex.shx] вместо [GOST 2.304 type A].
Подстановка [simplex.shx] вместо [cs_gost2304.shx].
Подстановка [simplex.shx] вместо [cs_gost2304.shx].
Подстановка [simplex.shx] вместо [GOST 2.304 type A].

Команда: *Прервано*

Команда: 
**** Системные переменные не изменены ****

Команда: _u 
Команда: _u INTELLIPAN INTELLIZOOM INTELLIZOOM INTELLIPAN INTELLIPAN INTELLIZOOM INTELLIPAN INTELLIZOOM INTELLIPAN INTELLIZOOM INTELLIPAN INTELLIZOOM INTELLIPAN INTELLIPAN INTELLIPAN INTELLIPAN INTELLIZOOM INTELLIPAN INTELLIZOOM INTELLIPAN INTELLIPAN INTELLIZOOM INTELLIZOOM INTELLIPAN INTELLIPAN INTELLIZOOM INTELLIPAN INTELLIZOOM INTELLIPAN INTELLIZOOM INTELLIZOOM INTELLIPAN INTELLIZOOM INTELLIZOOM INTELLIPAN INTELLIZOOM 
Команда: _u Вставить с исходными координатами ГРУППА 
Команда: 
**** Системные переменные не изменены ****

Команда: 
Команда: 
Команда: _pasteorig Подстановка [simplex.shx] вместо [cs_gost2304.shx].
Подстановка [simplex.shx] вместо [GOST 2.304 type A].
Подстановка [simplex.shx] вместо [GOST 2.304 type A].
Подстановка [simplex.shx] вместо [GOST 2.304 type A].
Подстановка [simplex.shx] вместо [cs_gost2304.shx].
Подстановка [simplex.shx] вместо [GOST type A].
Подстановка [simplex.shx] вместо [GOST 2.304 type A].
Подстановка [simplex.shx] вместо [SPDS.shx].
Подстановка [simplex.shx] вместо [GOST 2.304 type A].
Подстановка [simplex.shx] вместо [cs_gost2304.shx].
Подстановка [simplex.shx] вместо [cs_gost2304.shx].
Подстановка [simplex.shx] вместо [GOST 2.304 type A].

Команда: 
Команда: *Прервано*

Команда: 
Команда: *Прервано*

Команда: 
**** Системные переменные не изменены ****

Команда: 
**** Системные переменные не изменены ****

Команда: *Прервано*

Команда: *Прервано*

Команда: 
**** Системные переменные не изменены ****

Команда: *Прервано*

Команда: *Прервано*

Команда:   <Переход на: сх тк>
Выполняется регенерация листов.
Выполняется регенерация модели.

Команда: Задайте противоположный угол или [Линия/РМн-угол/СМн-угол]: 
Команда: *Прервано*

Команда: Задайте противоположный угол или [Линия/РМн-угол/СМн-угол]: *Прервано*

Команда: 
Автоматическое сохранение в C:\Users\user\AppData\Local\Temp\сх тк_1_30188_f03302d8.sv$ ...

Команда: 
Команда: 
