[ AutoCAD - Thu Jul 16 13:58:33 2026  ]----------------------------------------

Открывается файл формата AutoCAD 2018.
Выполняется регенерация модели.

**** Системная переменная изменена ****
Отслеживаемой системной переменной назначено значение, отличное от предпочтительного. Для просмотра изменений воспользуйтесь командой СИСТПЕРЕММОНИТОР.


Утилиты меню AutoCAD загружены.*Прервано*

Команда: 

Файл Autodesk DWG. Это файл формата TrustedDWG, сохраненный в приложении Autodesk или в приложении, лицензированном корпорацией Autodesk.

Команда: 

Команда: 
Команда: '_.zoom 
Укажите угол рамки, введите масштаб (nX или nXП), или 
[Все/Центр/Динамика/Границы/Предыдущий/Масштаб/Рамка/Объект] <реальное время>: _e 
Команда: Задайте противоположный угол или [Линия/РМн-угол/СМн-угол]: 
Команда: Задайте противоположный угол или [Линия/РМн-угол/СМн-угол]: 
Команда: *Прервано*

Команда: _Options 
Команда: 
Команда: 
Команда: *Прервано*

Команда: *Прервано*

Команда: *Прервано*

Команда:   <Переход на: Layout1>
Выполняется регенерация листов.
Выполняется регенерация модели.

Команда: Задайте противоположный угол или [Линия/РМн-угол/СМн-угол]: 
Команда: *Прервано*

Команда: *Прервано*

Команда: *Прервано*

Команда:   <Переход на: Модель>
Выполняется регенерация модели.

Команда: 
Команда: *Прервано*

Команда: 
Команда: *Прервано*

Команда: Задайте противоположный угол или [Линия/РМн-угол/СМн-угол]: *Прервано*

Команда: Задайте противоположный угол или [Линия/РМн-угол/СМн-угол]: 
Команда: *Прервано*

Команда: 
Команда: *Прервано*

Команда: 
Автоматическое сохранение в C:\Users\user\AppData\Local\Temp\съёмка факт  новый проект 11_07_1_29790_d6259c60.sv$ ...

Команда: 
Команда: 
**** Системная переменная изменена ****
Отслеживаемой системной переменной назначено значение, отличное от предпочтительного. Для просмотра изменений воспользуйтесь командой СИСТПЕРЕММОНИТОР.

Команда: 
**** Системная переменная изменена ****
Отслеживаемой системной переменной назначено значение, отличное от предпочтительного. Для просмотра изменений воспользуйтесь командой СИСТПЕРЕММОНИТОР.
Выполняется регенерация листов.
Выполняется регенерация модели.

Команда: 
**** Системная переменная изменена ****
Отслеживаемой системной переменной назначено значение, отличное от предпочтительного. Для просмотра изменений воспользуйтесь командой СИСТПЕРЕММОНИТОР.

Команда: *Прервано*

Команда: *Прервано*

Команда:   <Переход на: Модель>
Выполняется регенерация модели.

Команда: Задайте противоположный угол или [Линия/РМн-угол/СМн-угол]: 
Команда: Задайте противоположный угол или [Линия/РМн-угол/СМн-угол]: 
Команда: 
Команда: 
Команда: _copyclip найдено: 292

Команда: *Прервано*

Команда: 
**** Системная переменная изменена ****
Отслеживаемой системной переменной назначено значение, отличное от предпочтительного. Для просмотра изменений воспользуйтесь командой СИСТПЕРЕММОНИТОР.

Команда: *Прервано*

Команда: Задайте противоположный угол или [Линия/РМн-угол/СМн-угол]: 
Команда: 
Команда: 
Команда: _copyclip найдено: 292

Команда: *Прервано*

Команда: 
Команда: 
Команда: _pasteblock Повторное определение блока нсс  пропущено.
Точка вставки: 
Команда: 
Команда: 
Команда: 
Команда: _move найдено: 1

Базовая точка или [Смещение] <Смещение>: 
Вторая точка или <считать смещением первую точку>: 
Команда: 
Команда: 
Команда: _copyclip найдено: 1

Команда: *Прервано*

Команда: 
**** Системная переменная изменена ****
Отслеживаемой системной переменной назначено значение, отличное от предпочтительного. Для просмотра изменений воспользуйтесь командой СИСТПЕРЕММОНИТОР.

Команда: Задайте противоположный угол или [Линия/РМн-угол/СМн-угол]: *Прервано*

Команда: *Прервано*

Команда: 
Команда: 
Команда: _copyclip найдено: 1

Команда: *Прервано*

Команда: 
**** Системная переменная изменена ****
Отслеживаемой системной переменной назначено значение, отличное от предпочтительного. Для просмотра изменений воспользуйтесь командой СИСТПЕРЕММОНИТОР.

Команда: _.erase найдено: 1

Команда: Задайте противоположный угол или [Линия/РМн-угол/СМн-угол]: *Прервано*

Команда: 
Команда: 
Команда: 
Команда: _textedit 
Текущие настройки: режим редактирования = Несколько

Выберите аннотационный объект или [Отменить/Режим]: *Прервано*

Команда: 
**** Системная переменная изменена ****
Отслеживаемой системной переменной назначено значение, отличное от предпочтительного. Для просмотра изменений воспользуйтесь командой СИСТПЕРЕММОНИТОР.

Команда: 
**** Системная переменная изменена ****
Отслеживаемой системной переменной назначено значение, отличное от предпочтительного. Для просмотра изменений воспользуйтесь командой СИСТПЕРЕММОНИТОР.

Команда: 
Команда: 
Команда: *Прервано*

Команда: 
Команда: 
Автоматическое сохранение в C:\Users\user\AppData\Local\Temp\съёмка факт  новый проект 11_07_1_29790_d6259c60.sv$ ...

Команда: 
