[ AutoCAD - Mon Jul 20 12:12:14 2026  ]----------------------------------------

Открывается файл формата AutoCAD 2018.
Подстановка [simplex.shx] вместо [eskd1.shx].
Подстановка [simplex.shx] вместо [SPDS.shx].
Выполняется регенерация модели.


Утилиты меню AutoCAD загружены.*Прервано*

Команда: 

Файл Autodesk DWG. Это файл формата TrustedDWG, сохраненный в приложении Autodesk или в приложении, лицензированном корпорацией Autodesk.

Команда: 

Команда: 
Команда: *Прервано*

Команда: 
Команда: _.erase найдено: 1
Находится на блокированном слое: 1.

Выберите объекты: *Прервано*

Команда: 
Команда: _.erase найдено: 1
Находится на блокированном слое: 1.

Выберите объекты: *Прервано*

Команда: 
Команда: *Прервано*

Команда: 
Команда: '_.-LAYER

Текущий слой:  "мое"
Задайте параметр [?/Создать/Установить/Новый/ПЕРеименоватЬ/Вкл/Откл/Цвет/Тип/вЕс/пРозрачность/Материал/пеЧать/Заморозить/РАзморозить/Блок/рАзблок/Конфигурация/опИсание/соГласовать/ВНешняя ссылка]: _UNLOCK

Список имен слоев для разблокирования или <выбрать объекты>: =!!!00C_EC47_NS_Mosgorswet
Задайте параметр [?/Создать/Установить/Новый/ПЕРеименоватЬ/Вкл/Откл/Цвет/Тип/вЕс/пРозрачность/Материал/пеЧать/Заморозить/РАзморозить/Блок/рАзблок/Конфигурация/опИсание/соГласовать/ВНешняя ссылка]: 

Команда: 
Команда: '_.-LAYER

Текущий слой:  "мое"
Задайте параметр [?/Создать/Установить/Новый/ПЕРеименоватЬ/Вкл/Откл/Цвет/Тип/вЕс/пРозрачность/Материал/пеЧать/Заморозить/РАзморозить/Блок/рАзблок/Конфигурация/опИсание/соГласовать/ВНешняя ссылка]: _UNLOCK

Список имен слоев для разблокирования или <выбрать объекты>: =0
Задайте параметр [?/Создать/Установить/Новый/ПЕРеименоватЬ/Вкл/Откл/Цвет/Тип/вЕс/пРозрачность/Материал/пеЧать/Заморозить/РАзморозить/Блок/рАзблок/Конфигурация/опИсание/соГласовать/ВНешняя ссылка]: 

Команда: 
Команда: _.erase найдено: 1

Команда: _u СТЕРЕТЬ 
Команда: 
Команда: 
Команда: 
Команда: _explode найдено: 1

Команда: *Прервано*

Команда: *Прервано*

Команда:  
Команда: 
Команда: 
Команда: _saveas 
