[ AutoCAD - Mon Jul 20 14:31:13 2026  ]----------------------------------------

Файл адаптации загружен успешно. Группа адаптации: ACAD
Файл адаптации загружен успешно. Группа адаптации: CUSTOM
Файл адаптации загружен успешно. Группа адаптации: MODELDOC
Файл адаптации загружен успешно. Группа адаптации: EXPRESS
Файл адаптации загружен успешно. Группа адаптации: APPMANAGER

Открытие файла AutoCAD 2013/LT 2013.
Подстановка [simplex.shx] вместо [cs_gost2304.shx].
Подстановка [simplex.shx] вместо [GOST 2.304 type A].
Подстановка [simplex.shx] вместо [eskd1.shx].
Подстановка [simplex.shx] вместо [CS_Gost2304.shx].

Разрешить Вн-ссылки "1.4_Существующие здания": .\ПОДГРУЗКИ_ОБЩИЕ\1.4_Существующие здания.dwg
"1.4_Существующие здания" загружена: C:\Users\user\Documents\AcadAssistant Smoke\20260717-140439-alpha.3\02_Sokolinaya_7_1\work\ПОДГРУЗКИ_ОБЩИЕ\1.4_Существующие здания.dwg
Файл ссылки "1.4_Существующие здания", возможно, изменился с момента последнего сохранения главного чертежа.

Разрешить Вн-ссылки "7.1_СНОСИМОЕ ЗДАНИЕ": .\ПОДГРУЗКИ_ОБЩИЕ\7.1_СНОСИМОЕ ЗДАНИЕ.dwg
"7.1_СНОСИМОЕ ЗДАНИЕ" загружена: C:\Users\user\Documents\AcadAssistant Smoke\20260717-140439-alpha.3\02_Sokolinaya_7_1\work\ПОДГРУЗКИ_ОБЩИЕ\7.1_СНОСИМОЕ ЗДАНИЕ.dwg
Файл ссылки "7.1_СНОСИМОЕ ЗДАНИЕ", возможно, изменился с момента последнего сохранения главного чертежа.

Разрешить Вн-ссылки "7.1_ТЕХПРИС КАНАЛИЗАЦИЯ": .\СЕТИ ПРОКЛАДКА_ТЕХПРИС\7.1_ТЕХПРИС КАНАЛИЗАЦИЯ.dwg
"7.1_ТЕХПРИС КАНАЛИЗАЦИЯ" загружена: C:\Users\user\Documents\AcadAssistant Smoke\20260717-140439-alpha.3\02_Sokolinaya_7_1\work\СЕТИ ПРОКЛАДКА_ТЕХПРИС\7.1_ТЕХПРИС КАНАЛИЗАЦИЯ.dwg
Файл ссылки "7.1_ТЕХПРИС КАНАЛИЗАЦИЯ", возможно, изменился с момента последнего сохранения главного чертежа.

Разрешить Вн-ссылки "7.1_ТЕХПРИС ВОДОСТОК": .\СЕТИ ПРОКЛАДКА_ТЕХПРИС\7.1_ТЕХПРИС ВОДОСТОК.dwg
"7.1_ТЕХПРИС ВОДОСТОК" загружена: C:\Users\user\Documents\AcadAssistant Smoke\20260717-140439-alpha.3\02_Sokolinaya_7_1\work\СЕТИ ПРОКЛАДКА_ТЕХПРИС\7.1_ТЕХПРИС ВОДОСТОК.dwg
Файл ссылки "7.1_ТЕХПРИС ВОДОСТОК", возможно, изменился с момента последнего сохранения главного чертежа.

Разрешить Вн-ссылки "1.4_АРХИВНАЯ ГП": .\ПОДГРУЗКИ_ОБЩИЕ\1.4_АРХИВНАЯ ГП.dwg
"1.4_АРХИВНАЯ ГП" загружена: C:\Users\user\Documents\AcadAssistant Smoke\20260717-140439-alpha.3\02_Sokolinaya_7_1\work\ПОДГРУЗКИ_ОБЩИЕ\1.4_АРХИВНАЯ ГП.dwg
Файл ссылки "1.4_АРХИВНАЯ ГП", возможно, изменился с момента последнего сохранения главного чертежа.

Разрешить Вн-ссылки "7.1_ТЕХПРИС ТЕПЛОТРАССА": .\СЕТИ ПРОКЛАДКА_ТЕХПРИС\7.1_ТЕХПРИС ТЕПЛОТРАССА.dwg
"7.1_ТЕХПРИС ТЕПЛОТРАССА" загружена: C:\Users\user\Documents\AcadAssistant Smoke\20260717-140439-alpha.3\02_Sokolinaya_7_1\work\СЕТИ ПРОКЛАДКА_ТЕХПРИС\7.1_ТЕХПРИС ТЕПЛОТРАССА.dwg
Файл ссылки "7.1_ТЕХПРИС ТЕПЛОТРАССА", возможно, изменился с момента последнего сохранения главного чертежа.

Разрешить Вн-ссылки "7.1_ТЕХПРИС КАБЕЛЯ_ВРУ": .\СЕТИ ПРОКЛАДКА_ТЕХПРИС\7.1_ТЕХПРИС КАБЕЛЯ_ВРУ.dwg
"7.1_ТЕХПРИС КАБЕЛЯ_ВРУ" загружена: C:\Users\user\Documents\AcadAssistant Smoke\20260717-140439-alpha.3\02_Sokolinaya_7_1\work\СЕТИ ПРОКЛАДКА_ТЕХПРИС\7.1_ТЕХПРИС КАБЕЛЯ_ВРУ.dwg
Файл ссылки "7.1_ТЕХПРИС КАБЕЛЯ_ВРУ", возможно, изменился с момента последнего сохранения главного чертежа.

Разрешить Вн-ссылки "7.1_КОТЛОВАН": .\ПОДГРУЗКИ_ОБЩИЕ\7.1_КОТЛОВАН.dwg
"7.1_КОТЛОВАН" загружена: C:\Users\user\Documents\AcadAssistant Smoke\20260717-140439-alpha.3\02_Sokolinaya_7_1\work\ПОДГРУЗКИ_ОБЩИЕ\7.1_КОТЛОВАН.dwg
Файл ссылки "7.1_КОТЛОВАН", возможно, изменился с момента последнего сохранения главного чертежа.

Разрешить Вн-ссылки "output[1]_3_688-25": .\ГЕОПОДОСНОВА\3.688-25_Геоподоснова 7.1. от 13.05.2025 г. (актуал.)\output[1]_3_688-25.dwg
Загружается модуль База AD...
Загружается модуль Удлиненная AD-база...
Загружается модуль AEC Core...
Загружается модуль AEC Project Base...
Загружается модуль Архитектурная база AD...
Загружается модуль Спецификация AD...

Загружаются DLL-файлы для работы с моделями.
"output[1]_3_688-25" загружена: C:\Users\user\Documents\AcadAssistant Smoke\20260717-140439-alpha.3\02_Sokolinaya_7_1\work\ГЕОПОДОСНОВА\3.688-25_Геоподоснова 7.1. от 13.05.2025 г. (актуал.)\output[1]_3_688-25.dwg
Файл ссылки "output[1]_3_688-25", возможно, изменился с момента последнего сохранения главного чертежа.

Разрешить Вн-ссылки "output[1]_3_688-25_brd": .\ГЕОПОДОСНОВА\3.688-25_Геоподоснова 7.1. от 13.05.2025 г. (актуал.)\output[1]_3_688-25_brd.dwg
"output[1]_3_688-25_brd" загружена: C:\Users\user\Documents\AcadAssistant Smoke\20260717-140439-alpha.3\02_Sokolinaya_7_1\work\ГЕОПОДОСНОВА\3.688-25_Геоподоснова 7.1. от 13.05.2025 г. (актуал.)\output[1]_3_688-25_brd.dwg
Файл ссылки "output[1]_3_688-25_brd", возможно, изменился с момента последнего сохранения главного чертежа.

Разрешить Вн-ссылки "output[1]_3_688-25_edge001": .\ГЕОПОДОСНОВА\3.688-25_Геоподоснова 7.1. от 13.05.2025 г. (актуал.)\output[1]_3_688-25_edge001.dwg
"output[1]_3_688-25_edge001" загружена: C:\Users\user\Documents\AcadAssistant Smoke\20260717-140439-alpha.3\02_Sokolinaya_7_1\work\ГЕОПОДОСНОВА\3.688-25_Геоподоснова 7.1. от 13.05.2025 г. (актуал.)\output[1]_3_688-25_edge001.dwg
Файл ссылки "output[1]_3_688-25_edge001", возможно, изменился с момента последнего сохранения главного чертежа.

Разрешить Вн-ссылки "output[1]_3_688-25kl": .\ГЕОПОДОСНОВА\3.688-25_Геоподоснова 7.1. от 13.05.2025 г. (актуал.)\output[1]_3_688-25kl.dwg
"output[1]_3_688-25kl" загружена: C:\Users\user\Documents\AcadAssistant Smoke\20260717-140439-alpha.3\02_Sokolinaya_7_1\work\ГЕОПОДОСНОВА\3.688-25_Геоподоснова 7.1. от 13.05.2025 г. (актуал.)\output[1]_3_688-25kl.dwg
Файл ссылки "output[1]_3_688-25kl", возможно, изменился с момента последнего сохранения главного чертежа.

Разрешить Вн-ссылки "output[1]_3_688-25tp": .\ГЕОПОДОСНОВА\3.688-25_Геоподоснова 7.1. от 13.05.2025 г. (актуал.)\output[1]_3_688-25tp.dwg
"output[1]_3_688-25tp" загружена: C:\Users\user\Documents\AcadAssistant Smoke\20260717-140439-alpha.3\02_Sokolinaya_7_1\work\ГЕОПОДОСНОВА\3.688-25_Геоподоснова 7.1. от 13.05.2025 г. (актуал.)\output[1]_3_688-25tp.dwg
Файл ссылки "output[1]_3_688-25tp", возможно, изменился с момента последнего сохранения главного чертежа.

Разрешить Вн-ссылки "output[1]_3_688-25up": .\ГЕОПОДОСНОВА\3.688-25_Геоподоснова 7.1. от 13.05.2025 г. (актуал.)\output[1]_3_688-25up.dwg
"output[1]_3_688-25up" загружена: C:\Users\user\Documents\AcadAssistant Smoke\20260717-140439-alpha.3\02_Sokolinaya_7_1\work\ГЕОПОДОСНОВА\3.688-25_Геоподоснова 7.1. от 13.05.2025 г. (актуал.)\output[1]_3_688-25up.dwg
Файл ссылки "output[1]_3_688-25up", возможно, изменился с момента последнего сохранения главного чертежа.

Разрешить Вн-ссылки "output[1-2]_3_4295-25": .\ГЕОПОДОСНОВА\3.4295-25 (тепловая сеть +дом 18)\34295-25\output[1-2]_3_4295-25.dwg
"output[1-2]_3_4295-25" загружена: C:\Users\user\Documents\AcadAssistant Smoke\20260717-140439-alpha.3\02_Sokolinaya_7_1\work\ГЕОПОДОСНОВА\3.4295-25 (тепловая сеть +дом 18)\34295-25\output[1-2]_3_4295-25.dwg
Файл ссылки "output[1-2]_3_4295-25", возможно, изменился с момента последнего сохранения главного чертежа.

Разрешить Вн-ссылки "output[1-2]_3_4295-25tp": .\ГЕОПОДОСНОВА\3.4295-25 (тепловая сеть +дом 18)\34295-25\output[1-2]_3_4295-25tp.dwg
"output[1-2]_3_4295-25tp" загружена: C:\Users\user\Documents\AcadAssistant Smoke\20260717-140439-alpha.3\02_Sokolinaya_7_1\work\ГЕОПОДОСНОВА\3.4295-25 (тепловая сеть +дом 18)\34295-25\output[1-2]_3_4295-25tp.dwg
Файл ссылки "output[1-2]_3_4295-25tp", возможно, изменился с момента последнего сохранения главного чертежа.

Разрешить Вн-ссылки "output[1-2]_3_4295-25up": .\ГЕОПОДОСНОВА\3.4295-25 (тепловая сеть +дом 18)\34295-25\output[1-2]_3_4295-25up.dwg
"output[1-2]_3_4295-25up" загружена: C:\Users\user\Documents\AcadAssistant Smoke\20260717-140439-alpha.3\02_Sokolinaya_7_1\work\ГЕОПОДОСНОВА\3.4295-25 (тепловая сеть +дом 18)\34295-25\output[1-2]_3_4295-25up.dwg
Файл ссылки "output[1-2]_3_4295-25up", возможно, изменился с момента последнего сохранения главного чертежа.

Разрешить Вн-ссылки "output[1-2]_3_4295-25kl": .\ГЕОПОДОСНОВА\3.4295-25 (тепловая сеть +дом 18)\34295-25\output[1-2]_3_4295-25kl.dwg
"output[1-2]_3_4295-25kl" загружена: C:\Users\user\Documents\AcadAssistant Smoke\20260717-140439-alpha.3\02_Sokolinaya_7_1\work\ГЕОПОДОСНОВА\3.4295-25 (тепловая сеть +дом 18)\34295-25\output[1-2]_3_4295-25kl.dwg
Файл ссылки "output[1-2]_3_4295-25kl", возможно, изменился с момента последнего сохранения главного чертежа.

Разрешить Вн-ссылки "output[1-2]_3_4295-25_brd": .\ГЕОПОДОСНОВА\3.4295-25 (тепловая сеть +дом 18)\34295-25\output[1-2]_3_4295-25_brd.dwg
"output[1-2]_3_4295-25_brd" загружена: C:\Users\user\Documents\AcadAssistant Smoke\20260717-140439-alpha.3\02_Sokolinaya_7_1\work\ГЕОПОДОСНОВА\3.4295-25 (тепловая сеть +дом 18)\34295-25\output[1-2]_3_4295-25_brd.dwg
Файл ссылки "output[1-2]_3_4295-25_brd", возможно, изменился с момента последнего сохранения главного чертежа.

Разрешить Вн-ссылки "output[1-2]_3_4295-25_edge001": .\ГЕОПОДОСНОВА\3.4295-25 (тепловая сеть +дом 18)\34295-25\output[1-2]_3_4295-25_edge001.dwg
"output[1-2]_3_4295-25_edge001" загружена: C:\Users\user\Documents\AcadAssistant Smoke\20260717-140439-alpha.3\02_Sokolinaya_7_1\work\ГЕОПОДОСНОВА\3.4295-25 (тепловая сеть +дом 18)\34295-25\output[1-2]_3_4295-25_edge001.dwg
Файл ссылки "output[1-2]_3_4295-25_edge001", возможно, изменился с момента последнего сохранения главного чертежа.

Разрешить Вн-ссылки "output[1-2]_3_4295-25_edge002": .\ГЕОПОДОСНОВА\3.4295-25 (тепловая сеть +дом 18)\34295-25\output[1-2]_3_4295-25_edge002.dwg
"output[1-2]_3_4295-25_edge002" загружена: C:\Users\user\Documents\AcadAssistant Smoke\20260717-140439-alpha.3\02_Sokolinaya_7_1\work\ГЕОПОДОСНОВА\3.4295-25 (тепловая сеть +дом 18)\34295-25\output[1-2]_3_4295-25_edge002.dwg
Файл ссылки "output[1-2]_3_4295-25_edge002", возможно, изменился с момента последнего сохранения главного чертежа.

Разрешить Вн-ссылки "output[3]_3_5606-25up": .\ГЕОПОДОСНОВА\3.5606-25 от 07.11.25 (дозаказ РОСТЕЛЕКОМ+МПТЦ)\35606-25_ТО-26\output[3]_3_5606-25up.dwg
"output[3]_3_5606-25up" загружена: C:\Users\user\Documents\AcadAssistant Smoke\20260717-140439-alpha.3\02_Sokolinaya_7_1\work\ГЕОПОДОСНОВА\3.5606-25 от 07.11.25 (дозаказ РОСТЕЛЕКОМ+МПТЦ)\35606-25_ТО-26\output[3]_3_5606-25up.dwg
Файл ссылки "output[3]_3_5606-25up", возможно, изменился с момента последнего сохранения главного чертежа.

Разрешить Вн-ссылки "output[1]_3_5606-25": .\ГЕОПОДОСНОВА\3.5606-25 от 07.11.25 (дозаказ РОСТЕЛЕКОМ+МПТЦ)\35606-25_ТО-26\output[1]_3_5606-25.dwg
"output[1]_3_5606-25" загружена: C:\Users\user\Documents\AcadAssistant Smoke\20260717-140439-alpha.3\02_Sokolinaya_7_1\work\ГЕОПОДОСНОВА\3.5606-25 от 07.11.25 (дозаказ РОСТЕЛЕКОМ+МПТЦ)\35606-25_ТО-26\output[1]_3_5606-25.dwg
Файл ссылки "output[1]_3_5606-25", возможно, изменился с момента последнего сохранения главного чертежа.

Разрешить Вн-ссылки "output[1]_3_5606-25tp": .\ГЕОПОДОСНОВА\3.5606-25 от 07.11.25 (дозаказ РОСТЕЛЕКОМ+МПТЦ)\35606-25_ТО-26\output[1]_3_5606-25tp.dwg
"output[1]_3_5606-25tp" загружена: C:\Users\user\Documents\AcadAssistant Smoke\20260717-140439-alpha.3\02_Sokolinaya_7_1\work\ГЕОПОДОСНОВА\3.5606-25 от 07.11.25 (дозаказ РОСТЕЛЕКОМ+МПТЦ)\35606-25_ТО-26\output[1]_3_5606-25tp.dwg
Файл ссылки "output[1]_3_5606-25tp", возможно, изменился с момента последнего сохранения главного чертежа.

Разрешить Вн-ссылки "output[1]_3_5606-25up": .\ГЕОПОДОСНОВА\3.5606-25 от 07.11.25 (дозаказ РОСТЕЛЕКОМ+МПТЦ)\35606-25_ТО-26\output[1]_3_5606-25up.dwg
"output[1]_3_5606-25up" загружена: C:\Users\user\Documents\AcadAssistant Smoke\20260717-140439-alpha.3\02_Sokolinaya_7_1\work\ГЕОПОДОСНОВА\3.5606-25 от 07.11.25 (дозаказ РОСТЕЛЕКОМ+МПТЦ)\35606-25_ТО-26\output[1]_3_5606-25up.dwg
Файл ссылки "output[1]_3_5606-25up", возможно, изменился с момента последнего сохранения главного чертежа.

Разрешить Вн-ссылки "output[1]_3_5606-25kl": .\ГЕОПОДОСНОВА\3.5606-25 от 07.11.25 (дозаказ РОСТЕЛЕКОМ+МПТЦ)\35606-25_ТО-26\output[1]_3_5606-25kl.dwg
"output[1]_3_5606-25kl" загружена: C:\Users\user\Documents\AcadAssistant Smoke\20260717-140439-alpha.3\02_Sokolinaya_7_1\work\ГЕОПОДОСНОВА\3.5606-25 от 07.11.25 (дозаказ РОСТЕЛЕКОМ+МПТЦ)\35606-25_ТО-26\output[1]_3_5606-25kl.dwg
Файл ссылки "output[1]_3_5606-25kl", возможно, изменился с момента последнего сохранения главного чертежа.

Разрешить Вн-ссылки "output[1]_3_5606-25_brd": .\ГЕОПОДОСНОВА\3.5606-25 от 07.11.25 (дозаказ РОСТЕЛЕКОМ+МПТЦ)\35606-25_ТО-26\output[1]_3_5606-25_brd.dwg
"output[1]_3_5606-25_brd" загружена: C:\Users\user\Documents\AcadAssistant Smoke\20260717-140439-alpha.3\02_Sokolinaya_7_1\work\ГЕОПОДОСНОВА\3.5606-25 от 07.11.25 (дозаказ РОСТЕЛЕКОМ+МПТЦ)\35606-25_ТО-26\output[1]_3_5606-25_brd.dwg
Файл ссылки "output[1]_3_5606-25_brd", возможно, изменился с момента последнего сохранения главного чертежа.

Разрешить Вн-ссылки "output[1]_3_5606-25_edge001": .\ГЕОПОДОСНОВА\3.5606-25 от 07.11.25 (дозаказ РОСТЕЛЕКОМ+МПТЦ)\35606-25_ТО-26\output[1]_3_5606-25_edge001.dwg
"output[1]_3_5606-25_edge001" загружена: C:\Users\user\Documents\AcadAssistant Smoke\20260717-140439-alpha.3\02_Sokolinaya_7_1\work\ГЕОПОДОСНОВА\3.5606-25 от 07.11.25 (дозаказ РОСТЕЛЕКОМ+МПТЦ)\35606-25_ТО-26\output[1]_3_5606-25_edge001.dwg
Файл ссылки "output[1]_3_5606-25_edge001", возможно, изменился с момента последнего сохранения главного чертежа.

Разрешить Вн-ссылки "output[2]_3_5606-25": .\ГЕОПОДОСНОВА\3.5606-25 от 07.11.25 (дозаказ РОСТЕЛЕКОМ+МПТЦ)\35606-25_ТО-26\output[2]_3_5606-25.dwg
"output[2]_3_5606-25" загружена: C:\Users\user\Documents\AcadAssistant Smoke\20260717-140439-alpha.3\02_Sokolinaya_7_1\work\ГЕОПОДОСНОВА\3.5606-25 от 07.11.25 (дозаказ РОСТЕЛЕКОМ+МПТЦ)\35606-25_ТО-26\output[2]_3_5606-25.dwg
Файл ссылки "output[2]_3_5606-25", возможно, изменился с момента последнего сохранения главного чертежа.

Разрешить Вн-ссылки "output[2]_3_5606-25tp": .\ГЕОПОДОСНОВА\3.5606-25 от 07.11.25 (дозаказ РОСТЕЛЕКОМ+МПТЦ)\35606-25_ТО-26\output[2]_3_5606-25tp.dwg
"output[2]_3_5606-25tp" загружена: C:\Users\user\Documents\AcadAssistant Smoke\20260717-140439-alpha.3\02_Sokolinaya_7_1\work\ГЕОПОДОСНОВА\3.5606-25 от 07.11.25 (дозаказ РОСТЕЛЕКОМ+МПТЦ)\35606-25_ТО-26\output[2]_3_5606-25tp.dwg
Файл ссылки "output[2]_3_5606-25tp", возможно, изменился с момента последнего сохранения главного чертежа.

Разрешить Вн-ссылки "output[2]_3_5606-25up": .\ГЕОПОДОСНОВА\3.5606-25 от 07.11.25 (дозаказ РОСТЕЛЕКОМ+МПТЦ)\35606-25_ТО-26\output[2]_3_5606-25up.dwg
"output[2]_3_5606-25up" загружена: C:\Users\user\Documents\AcadAssistant Smoke\20260717-140439-alpha.3\02_Sokolinaya_7_1\work\ГЕОПОДОСНОВА\3.5606-25 от 07.11.25 (дозаказ РОСТЕЛЕКОМ+МПТЦ)\35606-25_ТО-26\output[2]_3_5606-25up.dwg
Файл ссылки "output[2]_3_5606-25up", возможно, изменился с момента последнего сохранения главного чертежа.

Разрешить Вн-ссылки "output[2]_3_5606-25kl": .\ГЕОПОДОСНОВА\3.5606-25 от 07.11.25 (дозаказ РОСТЕЛЕКОМ+МПТЦ)\35606-25_ТО-26\output[2]_3_5606-25kl.dwg
"output[2]_3_5606-25kl" загружена: C:\Users\user\Documents\AcadAssistant Smoke\20260717-140439-alpha.3\02_Sokolinaya_7_1\work\ГЕОПОДОСНОВА\3.5606-25 от 07.11.25 (дозаказ РОСТЕЛЕКОМ+МПТЦ)\35606-25_ТО-26\output[2]_3_5606-25kl.dwg
Файл ссылки "output[2]_3_5606-25kl", возможно, изменился с момента последнего сохранения главного чертежа.

Разрешить Вн-ссылки "output[2]_3_5606-25_brd": .\ГЕОПОДОСНОВА\3.5606-25 от 07.11.25 (дозаказ РОСТЕЛЕКОМ+МПТЦ)\35606-25_ТО-26\output[2]_3_5606-25_brd.dwg
"output[2]_3_5606-25_brd" загружена: C:\Users\user\Documents\AcadAssistant Smoke\20260717-140439-alpha.3\02_Sokolinaya_7_1\work\ГЕОПОДОСНОВА\3.5606-25 от 07.11.25 (дозаказ РОСТЕЛЕКОМ+МПТЦ)\35606-25_ТО-26\output[2]_3_5606-25_brd.dwg
Файл ссылки "output[2]_3_5606-25_brd", возможно, изменился с момента последнего сохранения главного чертежа.

Разрешить Вн-ссылки "output[2]_3_5606-25_edge002": .\ГЕОПОДОСНОВА\3.5606-25 от 07.11.25 (дозаказ РОСТЕЛЕКОМ+МПТЦ)\35606-25_ТО-26\output[2]_3_5606-25_edge002.dwg
"output[2]_3_5606-25_edge002" загружена: C:\Users\user\Documents\AcadAssistant Smoke\20260717-140439-alpha.3\02_Sokolinaya_7_1\work\ГЕОПОДОСНОВА\3.5606-25 от 07.11.25 (дозаказ РОСТЕЛЕКОМ+МПТЦ)\35606-25_ТО-26\output[2]_3_5606-25_edge002.dwg
Файл ссылки "output[2]_3_5606-25_edge002", возможно, изменился с момента последнего сохранения главного чертежа.

Разрешить Вн-ссылки "output[3]_3_5606-25": .\ГЕОПОДОСНОВА\3.5606-25 от 07.11.25 (дозаказ РОСТЕЛЕКОМ+МПТЦ)\35606-25_ТО-26\output[3]_3_5606-25.dwg
"output[3]_3_5606-25" загружена: C:\Users\user\Documents\AcadAssistant Smoke\20260717-140439-alpha.3\02_Sokolinaya_7_1\work\ГЕОПОДОСНОВА\3.5606-25 от 07.11.25 (дозаказ РОСТЕЛЕКОМ+МПТЦ)\35606-25_ТО-26\output[3]_3_5606-25.dwg
Файл ссылки "output[3]_3_5606-25", возможно, изменился с момента последнего сохранения главного чертежа.

Разрешить Вн-ссылки "output[3]_3_5606-25tp": .\ГЕОПОДОСНОВА\3.5606-25 от 07.11.25 (дозаказ РОСТЕЛЕКОМ+МПТЦ)\35606-25_ТО-26\output[3]_3_5606-25tp.dwg
"output[3]_3_5606-25tp" загружена: C:\Users\user\Documents\AcadAssistant Smoke\20260717-140439-alpha.3\02_Sokolinaya_7_1\work\ГЕОПОДОСНОВА\3.5606-25 от 07.11.25 (дозаказ РОСТЕЛЕКОМ+МПТЦ)\35606-25_ТО-26\output[3]_3_5606-25tp.dwg
Файл ссылки "output[3]_3_5606-25tp", возможно, изменился с момента последнего сохранения главного чертежа.

Разрешить Вн-ссылки "output[3]_3_5606-25kl": .\ГЕОПОДОСНОВА\3.5606-25 от 07.11.25 (дозаказ РОСТЕЛЕКОМ+МПТЦ)\35606-25_ТО-26\output[3]_3_5606-25kl.dwg
"output[3]_3_5606-25kl" загружена: C:\Users\user\Documents\AcadAssistant Smoke\20260717-140439-alpha.3\02_Sokolinaya_7_1\work\ГЕОПОДОСНОВА\3.5606-25 от 07.11.25 (дозаказ РОСТЕЛЕКОМ+МПТЦ)\35606-25_ТО-26\output[3]_3_5606-25kl.dwg
Файл ссылки "output[3]_3_5606-25kl", возможно, изменился с момента последнего сохранения главного чертежа.

Разрешить Вн-ссылки "output[3]_3_5606-25_brd": .\ГЕОПОДОСНОВА\3.5606-25 от 07.11.25 (дозаказ РОСТЕЛЕКОМ+МПТЦ)\35606-25_ТО-26\output[3]_3_5606-25_brd.dwg
"output[3]_3_5606-25_brd" загружена: C:\Users\user\Documents\AcadAssistant Smoke\20260717-140439-alpha.3\02_Sokolinaya_7_1\work\ГЕОПОДОСНОВА\3.5606-25 от 07.11.25 (дозаказ РОСТЕЛЕКОМ+МПТЦ)\35606-25_ТО-26\output[3]_3_5606-25_brd.dwg
Файл ссылки "output[3]_3_5606-25_brd", возможно, изменился с момента последнего сохранения главного чертежа.

Разрешить Вн-ссылки "output[3]_3_5606-25_edge003": .\ГЕОПОДОСНОВА\3.5606-25 от 07.11.25 (дозаказ РОСТЕЛЕКОМ+МПТЦ)\35606-25_ТО-26\output[3]_3_5606-25_edge003.dwg
"output[3]_3_5606-25_edge003" загружена: C:\Users\user\Documents\AcadAssistant Smoke\20260717-140439-alpha.3\02_Sokolinaya_7_1\work\ГЕОПОДОСНОВА\3.5606-25 от 07.11.25 (дозаказ РОСТЕЛЕКОМ+МПТЦ)\35606-25_ТО-26\output[3]_3_5606-25_edge003.dwg
Файл ссылки "output[3]_3_5606-25_edge003", возможно, изменился с момента последнего сохранения главного чертежа.

Разрешить Вн-ссылки "7.1_Пожарные рукава": .\ПОДГРУЗКИ_ОБЩИЕ\7.1_Пожарные рукава.dwg
"7.1_Пожарные рукава" загружена: C:\Users\user\Documents\AcadAssistant Smoke\20260717-140439-alpha.3\02_Sokolinaya_7_1\work\ПОДГРУЗКИ_ОБЩИЕ\7.1_Пожарные рукава.dwg
Файл ссылки "7.1_Пожарные рукава", возможно, изменился с момента последнего сохранения главного чертежа.

Разрешить Вн-ссылки "7.1_ВЕРТИКАЛКА": .\ПОДГРУЗКИ_ОБЩИЕ\7.1_ВЕРТИКАЛКА.dwg
"7.1_ВЕРТИКАЛКА" загружена: C:\Users\user\Documents\AcadAssistant Smoke\20260717-140439-alpha.3\02_Sokolinaya_7_1\work\ПОДГРУЗКИ_ОБЩИЕ\7.1_ВЕРТИКАЛКА.dwg
Файл ссылки "7.1_ВЕРТИКАЛКА", возможно, изменился с момента последнего сохранения главного чертежа.

Разрешить Вн-ссылки "7.1_БАССЕЙНЫ ВОДОСТОКА": .\ПОДГРУЗКИ_ОБЩИЕ\7.1_БАССЕЙНЫ ВОДОСТОКА.dwg
"7.1_БАССЕЙНЫ ВОДОСТОКА" загружена: C:\Users\user\Documents\AcadAssistant Smoke\20260717-140439-alpha.3\02_Sokolinaya_7_1\work\ПОДГРУЗКИ_ОБЩИЕ\7.1_БАССЕЙНЫ ВОДОСТОКА.dwg
Файл ссылки "7.1_БАССЕЙНЫ ВОДОСТОКА", возможно, изменился с момента последнего сохранения главного чертежа.

Разрешить Вн-ссылки "7.1_ПОСАДКА ЗДАНИЯ": .\ПОДГРУЗКИ_ОБЩИЕ\7.1_ПОСАДКА ЗДАНИЯ.dwg
"7.1_ПОСАДКА ЗДАНИЯ" загружена: C:\Users\user\Documents\AcadAssistant Smoke\20260717-140439-alpha.3\02_Sokolinaya_7_1\work\ПОДГРУЗКИ_ОБЩИЕ\7.1_ПОСАДКА ЗДАНИЯ.dwg
Файл ссылки "7.1_ПОСАДКА ЗДАНИЯ", возможно, изменился с момента последнего сохранения главного чертежа.

Разрешить Вн-ссылки "7.1_Газ на постоянку": .\СЕТИ ВЫНОС НЕ НАШИ_(СКП)\7.1_Газ на постоянку.dwg
"7.1_Газ на постоянку" загружена: C:\Users\user\Documents\AcadAssistant Smoke\20260717-140439-alpha.3\02_Sokolinaya_7_1\work\СЕТИ ВЫНОС НЕ НАШИ_(СКП)\7.1_Газ на постоянку.dwg
Файл ссылки "7.1_Газ на постоянку", возможно, изменился с момента последнего сохранения главного чертежа.

Разрешить Вн-ссылки "7.1_ГАЗ_Байпас трасса": .\СЕТИ ВЫНОС НЕ НАШИ_(СКП)\7.1_ГАЗ_Байпас трасса.dwg
"7.1_ГАЗ_Байпас трасса" загружена: C:\Users\user\Documents\AcadAssistant Smoke\20260717-140439-alpha.3\02_Sokolinaya_7_1\work\СЕТИ ВЫНОС НЕ НАШИ_(СКП)\7.1_ГАЗ_Байпас трасса.dwg
Файл ссылки "7.1_ГАЗ_Байпас трасса", возможно, изменился с момента последнего сохранения главного чертежа.

Разрешить Вн-ссылки "7.1_Водопровод_демонтаж_(кресты)": .\СЕТИ ВЫНОС+ДЕМОНТАЖ НАШИ\7.1_Водопровод_демонтаж_(кресты).dwg
"7.1_Водопровод_демонтаж_(кресты)" загружена: C:\Users\user\Documents\AcadAssistant Smoke\20260717-140439-alpha.3\02_Sokolinaya_7_1\work\СЕТИ ВЫНОС+ДЕМОНТАЖ НАШИ\7.1_Водопровод_демонтаж_(кресты).dwg
Файл ссылки "7.1_Водопровод_демонтаж_(кресты)", возможно, изменился с момента последнего сохранения главного чертежа.

Разрешить Вн-ссылки "7.1_МГТС_вынос (СКП)": .\СЕТИ ВЫНОС НЕ НАШИ_(СКП)\7.1_МГТС_вынос (СКП).dwg
"7.1_МГТС_вынос (СКП)" загружена: C:\Users\user\Documents\AcadAssistant Smoke\20260717-140439-alpha.3\02_Sokolinaya_7_1\work\СЕТИ ВЫНОС НЕ НАШИ_(СКП)\7.1_МГТС_вынос (СКП).dwg
Файл ссылки "7.1_МГТС_вынос (СКП)", возможно, изменился с момента последнего сохранения главного чертежа.

Разрешить Вн-ссылки "7.1_ТС_Перекладка": .\СЕТИ ВЫНОС+ДЕМОНТАЖ НАШИ\7.1_ТС_Перекладка.dwg
"7.1_ТС_Перекладка" загружена: C:\Users\user\Documents\AcadAssistant Smoke\20260717-140439-alpha.3\02_Sokolinaya_7_1\work\СЕТИ ВЫНОС+ДЕМОНТАЖ НАШИ\7.1_ТС_Перекладка.dwg
Файл ссылки "7.1_ТС_Перекладка", возможно, изменился с момента последнего сохранения главного чертежа.

Разрешить Вн-ссылки "7.1_ТС_демонтаж_(кресты)": .\СЕТИ ВЫНОС+ДЕМОНТАЖ НАШИ\7.1_ТС_демонтаж_(кресты).dwg
"7.1_ТС_демонтаж_(кресты)" загружена: C:\Users\user\Documents\AcadAssistant Smoke\20260717-140439-alpha.3\02_Sokolinaya_7_1\work\СЕТИ ВЫНОС+ДЕМОНТАЖ НАШИ\7.1_ТС_демонтаж_(кресты).dwg
Файл ссылки "7.1_ТС_демонтаж_(кресты)", возможно, изменился с момента последнего сохранения главного чертежа.

Разрешить Вн-ссылки "7.1_Ростелеком вынос": .\СЕТИ ВЫНОС+ДЕМОНТАЖ НАШИ\7.1_Ростелеком вынос.dwg
"7.1_Ростелеком вынос" загружена: C:\Users\user\Documents\AcadAssistant Smoke\20260717-140439-alpha.3\02_Sokolinaya_7_1\work\СЕТИ ВЫНОС+ДЕМОНТАЖ НАШИ\7.1_Ростелеком вынос.dwg
Файл ссылки "7.1_Ростелеком вынос", возможно, изменился с момента последнего сохранения главного чертежа.

Разрешить Вн-ссылки "7.1_НО_вынос": .\СЕТИ ВЫНОС+ДЕМОНТАЖ НАШИ\7.1_НО_вынос.dwg
"7.1_НО_вынос" загружена: C:\Users\user\Documents\AcadAssistant Smoke\20260717-140439-alpha.3\02_Sokolinaya_7_1\work\СЕТИ ВЫНОС+ДЕМОНТАЖ НАШИ\7.1_НО_вынос.dwg
Файл ссылки "7.1_НО_вынос", возможно, изменился с момента последнего сохранения главного чертежа.

Разрешить Вн-ссылки "7.1_МГТС демонтаж": .\СЕТИ ВЫНОС+ДЕМОНТАЖ НАШИ\7.1_МГТС демонтаж.dwg
"7.1_МГТС демонтаж" загружена: C:\Users\user\Documents\AcadAssistant Smoke\20260717-140439-alpha.3\02_Sokolinaya_7_1\work\СЕТИ ВЫНОС+ДЕМОНТАЖ НАШИ\7.1_МГТС демонтаж.dwg
Файл ссылки "7.1_МГТС демонтаж", возможно, изменился с момента последнего сохранения главного чертежа.

Разрешить Вн-ссылки "7.1_КЛ_вынос": .\СЕТИ ВЫНОС+ДЕМОНТАЖ НАШИ\7.1_КЛ_вынос.dwg
"7.1_КЛ_вынос" загружена: C:\Users\user\Documents\AcadAssistant Smoke\20260717-140439-alpha.3\02_Sokolinaya_7_1\work\СЕТИ ВЫНОС+ДЕМОНТАЖ НАШИ\7.1_КЛ_вынос.dwg
Файл ссылки "7.1_КЛ_вынос", возможно, изменился с момента последнего сохранения главного чертежа.

Разрешить Вн-ссылки "7.1_Канализация_демонтаж_(кресты)": .\СЕТИ ВЫНОС+ДЕМОНТАЖ НАШИ\7.1_Канализация_демонтаж_(кресты).dwg
"7.1_Канализация_демонтаж_(кресты)" загружена: C:\Users\user\Documents\AcadAssistant Smoke\20260717-140439-alpha.3\02_Sokolinaya_7_1\work\СЕТИ ВЫНОС+ДЕМОНТАЖ НАШИ\7.1_Канализация_демонтаж_(кресты).dwg
Файл ссылки "7.1_Канализация_демонтаж_(кресты)", возможно, изменился с момента последнего сохранения главного чертежа.

Разрешить Вн-ссылки "7.1_ГАЗ_Демонтаж ЭХЗ_(кресты)": .\СЕТИ ВЫНОС+ДЕМОНТАЖ НАШИ\7.1_ГАЗ_Демонтаж ЭХЗ_(кресты).dwg
"7.1_ГАЗ_Демонтаж ЭХЗ_(кресты)" загружена: C:\Users\user\Documents\AcadAssistant Smoke\20260717-140439-alpha.3\02_Sokolinaya_7_1\work\СЕТИ ВЫНОС+ДЕМОНТАЖ НАШИ\7.1_ГАЗ_Демонтаж ЭХЗ_(кресты).dwg
Файл ссылки "7.1_ГАЗ_Демонтаж ЭХЗ_(кресты)", возможно, изменился с момента последнего сохранения главного чертежа.

Разрешить Вн-ссылки "7.1_ТЕХПРИС ВОДОПРОВОД": .\СЕТИ ПРОКЛАДКА_ТЕХПРИС\7.1_ТЕХПРИС ВОДОПРОВОД.dwg
"7.1_ТЕХПРИС ВОДОПРОВОД" загружена: C:\Users\user\Documents\AcadAssistant Smoke\20260717-140439-alpha.3\02_Sokolinaya_7_1\work\СЕТИ ПРОКЛАДКА_ТЕХПРИС\7.1_ТЕХПРИС ВОДОПРОВОД.dwg
Файл ссылки "7.1_ТЕХПРИС ВОДОПРОВОД", возможно, изменился с момента последнего сохранения главного чертежа.

Разрешить Вн-ссылки "7.1_ВЫПУСКА+РЕШЕТКИ ВОДОСТОК": .\СЕТИ ПРОКЛАДКА_НАШИ\7.1_ВЫПУСКА+РЕШЕТКИ ВОДОСТОК.dwg
"7.1_ВЫПУСКА+РЕШЕТКИ ВОДОСТОК" загружена: C:\Users\user\Documents\AcadAssistant Smoke\20260717-140439-alpha.3\02_Sokolinaya_7_1\work\СЕТИ ПРОКЛАДКА_НАШИ\7.1_ВЫПУСКА+РЕШЕТКИ ВОДОСТОК.dwg
Файл ссылки "7.1_ВЫПУСКА+РЕШЕТКИ ВОДОСТОК", возможно, изменился с момента последнего сохранения главного чертежа.

Разрешить Вн-ссылки "7.1_ВЫПУСКА КАНАЛИЗАЦИЯ": .\СЕТИ ПРОКЛАДКА_НАШИ\7.1_ВЫПУСКА КАНАЛИЗАЦИЯ.dwg
"7.1_ВЫПУСКА КАНАЛИЗАЦИЯ" загружена: C:\Users\user\Documents\AcadAssistant Smoke\20260717-140439-alpha.3\02_Sokolinaya_7_1\work\СЕТИ ПРОКЛАДКА_НАШИ\7.1_ВЫПУСКА КАНАЛИЗАЦИЯ.dwg
Файл ссылки "7.1_ВЫПУСКА КАНАЛИЗАЦИЯ", возможно, изменился с момента последнего сохранения главного чертежа.

Разрешить Вн-ссылки "7.1_НО ПОДКЛЮЧЕНИЕ": .\СЕТИ ПРОКЛАДКА_НАШИ\7.1_НО ПОДКЛЮЧЕНИЕ.dwg
"7.1_НО ПОДКЛЮЧЕНИЕ" загружена: C:\Users\user\Documents\AcadAssistant Smoke\20260717-140439-alpha.3\02_Sokolinaya_7_1\work\СЕТИ ПРОКЛАДКА_НАШИ\7.1_НО ПОДКЛЮЧЕНИЕ.dwg
Файл ссылки "7.1_НО ПОДКЛЮЧЕНИЕ", возможно, изменился с момента последнего сохранения главного чертежа.

Разрешить Вн-ссылки "7.1_НСС МПТЦ ПОДКЛЮЧЕНИЕ": .\СЕТИ ПРОКЛАДКА_НАШИ\7.1_НСС МПТЦ ПОДКЛЮЧЕНИЕ.dwg
"7.1_НСС МПТЦ ПОДКЛЮЧЕНИЕ" загружена: C:\Users\user\Documents\AcadAssistant Smoke\20260717-140439-alpha.3\02_Sokolinaya_7_1\work\СЕТИ ПРОКЛАДКА_НАШИ\7.1_НСС МПТЦ ПОДКЛЮЧЕНИЕ.dwg
Файл ссылки "7.1_НСС МПТЦ ПОДКЛЮЧЕНИЕ", возможно, изменился с момента последнего сохранения главного чертежа.
Выполняется регенерация листов.
Выполняется регенерация модели.
*Прервано*



Утилиты меню AutoCAD загружены.*Прервано*
 
Команда: *Прервано*
_RIBBON
*Прервано*
COMMANDLINE


Файл Autodesk DWG. Это файл формата TrustedDWG, сохраненный в приложении Autodesk или в приложении, лицензированном корпорацией Autodesk.

Команда: 

Команда: 
Команда: 
Команда: AATASK 
Сценарий [Сводный/Котлован/Подключение] <Сводный> [Сводный/Котлован/Подключение] <Сводный>: а 
Неправильное ключевое слово.

Сценарий [Сводный/Котлован/Подключение] <Сводный> [Сводный/Котлован/Подключение] <Сводный>: П

Сеть [ВК/Канализация/Ливневая/Теплосеть/Газ/ЭС/Связь/Освещение/АПС] [ВК/Канализация/Ливневая/Теплосеть/Газ/ЭС/Связь/Освещение/АПС]: 

Неправильное ключевое слово.

Сеть [ВК/Канализация/Ливневая/Теплосеть/Газ/ЭС/Связь/Освещение/АПС] [ВК/Канализация/Ливневая/Теплосеть/Газ/ЭС/Связь/Освещение/АПС]: К

Сначала сохраните текущие изменения: task-view открывает безопасную копию DWG с диска.

Команда: к*Прервано*

Команда: К КРУГ 
Центр круга или [3Т/2Т/ККР (кас кас радиус)]: де*Прервано*
де
Команда: 
Команда: _QSAVE Чертеж сохранен в формате AutoCAD 2018.

Команда: 
Команда: AATASK 
Сценарий [Сводный/Котлован/Подключение] <Сводный> [Сводный/Котлован/Подключение] <Сводный>: Summary 
Неправильное ключевое слово.

Сценарий [Сводный/Котлован/Подключение] <Сводный> [Сводный/Котлован/Подключение] <Сводный>: П

Сеть [ВК/Канализация/Ливневая/Теплосеть/Газ/ЭС/Связь/Освещение/АПС] [ВК/Канализация/Ливневая/Теплосеть/Газ/ЭС/Связь/Освещение/АПС]: 

Неправильное ключевое слово.

Сеть [ВК/Канализация/Ливневая/Теплосеть/Газ/ЭС/Связь/Освещение/АПС] [ВК/Канализация/Ливневая/Теплосеть/Газ/ЭС/Связь/Освещение/АПС]: 

Неправильное ключевое слово.

Сеть [ВК/Канализация/Ливневая/Теплосеть/Газ/ЭС/Связь/Освещение/АПС] [ВК/Канализация/Ливневая/Теплосеть/Газ/ЭС/Связь/Освещение/АПС]: *Прервано*

Команда: 
Команда: _QSAVE 
Команда: 
Команда: AATASK

Сценарий [Сводный/Котлован/Подключение] <Сводный> [Сводный/Котлован/Подключение] <Сводный>: 

Команда: 
Команда: *Прервано*

Команда: *Прервано*

Команда:   <Переход на: Модель>
Выполняется регенерация модели.

Команда: 
