[ AutoCAD - Wed Jul 22 14:23:43 2026  ]----------------------------------------
Выполняется регенерация модели.


Утилиты меню AutoCAD загружены.
Команда: 
Команда: 

Команда: 
Команда: 
Команда: (progn (load "C:/Users/user/Documents/Таран/0_0_ по работке/плагин дмитрию/00_APPLOAD/01_OPOR_PORT.lsp") (opor-init-session) (opor-ensure-layer *opor-layer-grid* 8 "Continuous") (setq _e (entmakex '((0 . "LWPOLYLINE") (100 . "AcDbEntity") (100 . "AcDbPolyline") (90 . 4) (70 . 1) (10 0.0 0.0) (10 6000.0 0.0) (10 6000.0 5000.0) (10 0.0 5000.0)))) (opor-session-set 'outer-boundary (vlax-ename->vla-object _e)) (opor-session-set 'holes '()) (opor-session-set 'base-point '(0.0 0.0 0.0)) (opor-session-set 'direction-point '(1000.0 0.0 0.0)) (opor-session-set 'step-x 500.0) (opor-session-set 'step-y 500.0) (opor-session-set 'lag-axis "vect") (opor-session-set 'board-length 3000.0) (opor-session-set 'lag-width 40.0) (opor-session-set 'double-lag-layout "half") (opor-session-set 'double-lag-step 1500.0) (opor-grid-build *opor-session*) (princ (strcat "\n[P9HALF] PAIRSEG=" (itoa (opor-session-get 'dbl-lag-pair-segments)) "; JOINTS=" (itoa (opor-session-get 'dbl-lag-joint-count)) "; REMOVED=" (itoa (opor-session-get 'dbl-lag-deduped)) "; STAGGER=" (itoa (opor-session-get 'dbl-lag-stagger-support-count)) "; ROWS=" (itoa (opor-session-get 'lag-row-count)) "; LENGTH=" (rtos (opor-session-get 'lag-length-mm) 2 0) "\n[P9HALF-END]")) (princ))

[OPOR] Загружено. Команды: OPOR, XX, OPORTIN, OPORSLOPE, OPORSLOPEWR, OPORHEIGHTCHECK, OPORWRITELEVEL, OPORAUTOLEVEL, OPORRING, OPORREGCHECK, OPORCHECK, OPORCLEAN, OPORDUMP, OPORTABLES, OPOROLD, OPORSHOW, OPORDEBUG.
check_dump.lsp загружен. Главная команда: DUMPALL
probe_height_check загружен. Команда: HEIGHTDUMP.
probe_write_level загружен. Команда: WRITELEVELDUMP.
probe_auto_level загружен. Команда: AUTOLEVELDUMP.
probe_slope загружен. Команды: SLOPEDUMP, SLOPECOLORS.
probe_tables загружен. Команда: TBLPROBE
probe_marks v2 загружен. Команда: MARKDUMP
probe_lines.lsp загружен. Команда: LINEDUMP
OPOR port загружен. Основная команда: OPOR (или XX).
[P9HALF] PAIRSEG=6; JOINTS=3; REMOVED=3; STAGGER=36; ROWS=14; LENGTH=84000
[P9HALF-END]

Команда: 
