[ AutoCAD - Tue Jul 21 11:44:25 2026  ]----------------------------------------

Открывается файл формата AutoCAD 2018.
Подстановка [simplex.shx] вместо [GEJAOK+T-FLEXTypeA].

Разрешить Вн-ссылки "планы и разрезы": .\планы и разрезы.dwg
Загружается модуль База AD...
Загружается модуль Удлиненная AD-база...
Загружается модуль AEC Core...
Загружается модуль AEC Project Base...
Загружается модуль Архитектурная база AD...
Загружается модуль Спецификация AD...
"планы и разрезы" загружена: C:\Users\user\Documents\Таран\Кременчугская 5\лифты\стадия Р\планы и разрезы.dwg
Файл ссылки "планы и разрезы", возможно, изменился с момента последнего сохранения главного чертежа.
Выполняется регенерация модели.


Утилиты меню AutoCAD загружены.*Прервано*

Команда: 

Файл Autodesk DWG. Это файл формата TrustedDWG, сохраненный в приложении Autodesk или в приложении, лицензированном корпорацией Autodesk.

Команда: 

Команда: 
Команда: 
Команда: *Прервано*

Команда: 
Команда: 
Команда: 
Команда: 
Команда: _eattedit 
Выберите блок: 15830.400637,-8781.813431,0.000000 
Команда: 
Команда: 
Команда: 
Команда: _bedit Выполняется регенерация модели.

Команда: 
Команда: _BParameter Точка
Укажите местоположение параметра или [Имя/Метка/Цепочка/Описание/Палитра]: 
Укажите положение метки: 
Команда: _u БЛОКПАРАМ ГРУППА 
Команда: _BParameter Точка
Укажите местоположение параметра или [Имя/Метка/Цепочка/Описание/Палитра]: 
Укажите положение метки: 
Команда: _bactionset 
Укажите набор объектов для операции
Выберите объекты: _n


*Неверный выбор*
Требуется точка или Рамка/Последний/Секрамка/БОКС/Все/Линия/РМн-угол/СМн-угол/Группа/Добавить/Исключить/Несколько/Текущий/Отменить/Авто/Единственный

Выберите объекты: найдено: 1

Выберите объекты: 

Команда: 
Команда: 
Команда: _btestblock Выполняется регенерация модели.

Команда: 
Команда: 
Команда: *Прервано*

Команда: 
Команда: 
Команда: 
Команда: _explode найдено: 1

Команда: 
Команда: *Прервано*

Команда: _bactionset 
Укажите набор объектов для операции
Выберите объекты: _n


*Неверный выбор*
Требуется точка или Рамка/Последний/Секрамка/БОКС/Все/Линия/РМн-угол/СМн-угол/Группа/Добавить/Исключить/Несколько/Текущий/Отменить/Авто/Единственный

Выберите объекты: найдено: 1

Выберите объекты: найдено: 1, всего: 2

Выберите объекты: *Прервано*

Команда: *Прервано*

Команда: 
Команда: 
Команда: 
Команда: 
Команда: _join найдено: 2

1 сегмент полилинии объединен в 1 полилинию
Команда: 
Команда: *Прервано*

Команда: 
Команда: *Прервано*

Команда: _BParameter XY
Укажите базовую точку или [Имя/Метка/Цепочка/Описание/Палитра/Набор значений]: *Прервано*

Команда: _u БЛОКПАРАМ ГРУППА 
Команда: _u INTELLIZOOM 
Команда: _u СОЕДИНИТЬ ГРУППА 
Команда: _u БЛОКРЕАКТНАБОР 
Команда: _u 
Команда: _u РАСЧЛЕНИТЬ ГРУППА 
Команда: _u INTELLIPAN INTELLIZOOM 
Команда: Задайте противоположный угол или [Линия/РМн-угол/СМн-угол]: *Прервано*

Команда: *Прервано*

Команда: *Прервано*

Команда: *Прервано*

Команда: Задайте противоположный угол или [Линия/РМн-угол/СМн-угол]: *Прервано*

Команда: Задайте противоположный угол или [Линия/РМн-угол/СМн-угол]: 
Команда: *Прервано*

Команда: *Прервано*

Команда: 
Команда: 
Команда: _BCLOSE 
Команда: Задайте противоположный угол или [Линия/РМн-угол/СМн-угол]: *Прервано*

Команда: 
Команда: 
Команда: 
Команда: _move найдено: 1

Базовая точка или [Смещение] <Смещение>: *Прервано*

Команда: 
Команда: 
Команда: 
Команда: _copy найдено: 1

Текущая настройка:  Режим копирования  = Несколько
Базовая точка или [Смещение/реЖим] <Смещение>: 
Вторая точка или [Массив] <использовать для смещения первую точку>: 
Укажите вторую точку или [Массив/Выход/Отменить] <Выход>: *Прервано*

Размер откреплен.
Команда: 
Команда: 
** УДАЛИТЬ ВЫНОСКУ **
 Выберите для удаления выноски:
Команда: 
** УДАЛИТЬ ВЫНОСКУ **
 Выберите для удаления выноски:
Команда: 
** УДАЛИТЬ ВЫНОСКУ **
 Выберите для удаления выноски:
Команда: *Прервано*

Команда: 
Команда: 
Команда: 
Команда: _block найдено: 1
Укажите базовую точку вставки: 
Команда: 
Команда: 
Команда: 
Команда: _bedit Выполняется регенерация модели.

Команда: 
Команда: _BParameter XY
Укажите базовую точку или [Имя/Метка/Цепочка/Описание/Палитра/Набор значений]: 
Укажите конечную точку: 
Команда: Задайте противоположный угол или [Линия/РМн-угол/СМн-угол]: 
Команда: _.erase найдено: 1

Команда: 
Команда: *Прервано*

Команда: Задайте противоположный угол или [Линия/РМн-угол/СМн-угол]: 
Команда: 
Команда: 
Команда: _explode найдено: 1

Команда: *Прервано*

Команда: Задайте противоположный угол или [Линия/РМн-угол/СМн-угол]: 
Команда: 
Команда: 
Команда: _join найдено: 2

1 сегмент полилинии объединен в 1 полилинию
Команда: 
Команда: *Прервано*

Команда: _BParameter Точка
Укажите местоположение параметра или [Имя/Метка/Цепочка/Описание/Палитра]: 
Укажите положение метки: 
Команда: _bactionset 
Укажите набор объектов для операции
Выберите объекты: _n


*Неверный выбор*
Требуется точка или Рамка/Последний/Секрамка/БОКС/Все/Линия/РМн-угол/СМн-угол/Группа/Добавить/Исключить/Несколько/Текущий/Отменить/Авто/Единственный

Выберите объекты: Противоположный угол: найдено: 2

Выберите объекты: 

Команда: _BParameter Точка
Укажите местоположение параметра или [Имя/Метка/Цепочка/Описание/Палитра]: 
Укажите положение метки: 
Команда: _bactionset 
Укажите набор объектов для операции
Выберите объекты: _n


*Неверный выбор*
Требуется точка или Рамка/Последний/Секрамка/БОКС/Все/Линия/РМн-угол/СМн-угол/Группа/Добавить/Исключить/Несколько/Текущий/Отменить/Авто/Единственный

Выберите объекты: Противоположный угол: найдено: 1

Выберите объекты: 

Команда: 
Команда: 
Команда: _btestblock Выполняется регенерация модели.

Команда: 
Команда: 
Команда: 
Команда: 
Команда: _join найдено: 2

Объединено сегментов: 2, получена 1 полилиния
Команда: 
Команда: 
Команда: _btestblock Выполняется регенерация модели.

Команда: 
Команда: _u БЛОКТЕСТБЛОК СОЕДИНИТЬ ГРУППА 
Команда: Задайте противоположный угол или [Линия/РМн-угол/СМн-угол]: *Прервано*

Команда: 
Команда: *Прервано*

Команда: 
Команда: 
Команда: _GeomConstraint 
Введите тип зависимости [Горизонтальность/Вертикальность/Перпендикулярность/пАраллельность/Касательность/Сглаживание/сОвпадение/конЦентричность/коЛлинеарность/сиМметрия/Равенство/Фиксация] <Совпадение>:_Coincident 
Выберите первую точку или [Объект/Автоограничение] <Объект>: 
Выберите вторую точку или [Объект] <Объект>: *Прервано*

Команда: *Прервано*

Команда: 
Команда: *Прервано*

Команда: 
Команда: *Прервано*

Команда: *Прервано*

Команда: 
Команда: 
Команда: _GeomConstraint 
Введите тип зависимости [Горизонтальность/Вертикальность/Перпендикулярность/пАраллельность/Касательность/Сглаживание/сОвпадение/конЦентричность/коЛлинеарность/сиМметрия/Равенство/Фиксация] <Совпадение>:_Coincident 
Выберите первую точку или [Объект/Автоограничение] <Объект>: 
Выберите вторую точку или [Объект] <Объект>: 
Объект или точка уже выбраны. Выберите другой объект или зависимую точку.

Выберите вторую точку или [Объект] <Объект>: 
Объект или точка уже выбраны. Выберите другой объект или зависимую точку.

Выберите вторую точку или [Объект] <Объект>: *Прервано*

Команда: *Прервано*

Команда: *Прервано*

Команда: 
Команда: 
Команда: _btestblock Выполняется регенерация модели.

Команда: 
Команда: *Прервано*

Команда: 
Команда: 
Команда: 
Команда: _move найдено: 1

Базовая точка или [Смещение] <Смещение>: 
Вторая точка или <считать смещением первую точку>: 
Команда: *Прервано*

Команда: Задайте противоположный угол или [Линия/РМн-угол/СМн-угол]: 
Команда: 
Команда: 
Команда: _cutclip найдено: 1

Команда: Задайте противоположный угол или [Линия/РМн-угол/СМн-угол]: 
Команда: *Прервано*

Команда:  <Шаг откл> 
Команда: 
Команда: 
Команда: _GeomConstraint 
Введите тип зависимости [Горизонтальность/Вертикальность/Перпендикулярность/пАраллельность/Касательность/Сглаживание/сОвпадение/конЦентричность/коЛлинеарность/сиМметрия/Равенство/Фиксация] <Совпадение>:_Coincident 
Выберите первую точку или [Объект/Автоограничение] <Объект>: 
Выберите вторую точку или [Объект] <Объект>: 
Команда: 
Команда: 
Команда: 
Команда: _move найдено: 1

Базовая точка или [Смещение] <Смещение>: 
Вторая точка или <считать смещением первую точку>: 
Команда: *Прервано*

Команда: _BParameter Точка
Укажите местоположение параметра или [Имя/Метка/Цепочка/Описание/Палитра]: 
Укажите положение метки: 
Команда: _bactionset 
Укажите набор объектов для операции
Выберите объекты: _m

Выберите объекты: *Прервано*
выбрано: 5, найдено: 4
Отфильтровано: 2

Выберите объекты: *Прервано*

Команда: *Прервано*

Команда: _bactionset 
Укажите набор объектов для операции
Выберите объекты: _n


*Неверный выбор*
Требуется точка или Рамка/Последний/Секрамка/БОКС/Все/Линия/РМн-угол/СМн-угол/Группа/Добавить/Исключить/Несколько/Текущий/Отменить/Авто/Единственный

Выберите объекты: Противоположный угол: найдено: 2

Выберите объекты: 

Команда: 
Команда: 
Команда: _btestblock Выполняется регенерация модели.

Команда: 
Команда: 
Команда: 
Команда: _btestblock Выполняется регенерация модели.

Команда: 
Команда: *Прервано*

Команда: Задайте противоположный угол или [Линия/РМн-угол/СМн-угол]: 
Команда: 
Команда: 
Команда: _cutclip найдено: 5

Удалено зависимостей: 1


Команда: 
Команда: 
Команда: _BCLOSE Выполняется регенерация модели.

Команда: Задайте противоположный угол или [Линия/РМн-угол/СМн-угол]: 
Команда: *Прервано*

Команда: Задайте противоположный угол или [Линия/РМн-угол/СМн-угол]: *Прервано*

Команда: 
Команда: *Прервано*

Команда: 
Автоматическое сохранение в C:\Users\user\AppData\Local\Temp\черт_recover_1_29790_0481da3a.sv$ ...

Команда: 
Команда: *Прервано*

Команда: *Прервано*

Команда:  
Команда: 
