[ AutoCAD - Tue Jul 21 16:01:11 2026  ]----------------------------------------
Подстановка [simplex.shx] вместо [GOST B].
Выполняется регенерация модели.


Утилиты меню AutoCAD загружены.
Команда: 
Команда: 

Команда: 
Команда: Задайте противоположный угол или [Линия/РМн-угол/СМн-угол]: *Прервано*

Команда: 
Команда: *Прервано*

Команда:  <Сетка откл> 
Команда: Противоположный угол: 
Команда: *Прервано*

Команда: 
Команда: 
Команда: 
Команда: _eattedit 
Выберите блок: 36590.052668,111796.748496,0.000000 
Команда: Задайте противоположный угол или [Линия/РМн-угол/СМн-угол]: *Прервано*

Команда: Задайте противоположный угол или [Линия/РМн-угол/СМн-угол]: *Прервано*

Команда: *Прервано*

Команда: 
Команда: 
Команда: 
Команда: _bedit Выполняется регенерация модели.

Команда: 
Команда: *Прервано*

Команда: Задайте противоположный угол или [Линия/РМн-угол/СМн-угол]: *Прервано*

Команда: 
Команда: *Прервано*

Команда: 
Команда: 
Команда: _BCLOSE Выполняется регенерация модели.

Команда: 
Команда: 
Команда: 
Команда: _bedit Выполняется регенерация модели.

Команда: Задайте противоположный угол или [Линия/РМн-угол/СМн-угол]: *Прервано*

Команда: *Прервано*

Команда: Задайте противоположный угол или [Линия/РМн-угол/СМн-угол]: 
Команда: *Прервано*

Команда: 
Команда: 
Команда: _BCLOSE Выполняется регенерация модели.

Команда: ПАЛБЛОКИ

Команда: Выполняется регенерация модели.
*Прервано*

Команда: Задайте противоположный угол или [Линия/РМн-угол/СМн-угол]: *Прервано*

Команда: *Прервано*

Команда: 
Команда: 
Команда: 
Команда: 
Команда: _eattedit 
Выберите блок: 39205.180913,106879.309446,0.000000 
Команда: Задайте противоположный угол или [Линия/РМн-угол/СМн-угол]: *Прервано*

Команда: 
Команда: 
Команда: 
Команда: _eattedit 
Выберите блок: 33046.659713,98221.732455,0.000000 
Команда: 
Команда: 
Команда: 
Команда: _eattedit 
Выберите блок: 39248.414477,93962.710771,0.000000 
Команда: 
Команда: 
Команда: 
Команда: 
Команда: 
Команда: _eattedit 
Выберите блок: 39118.687266,89383.791675,0.000000 
Команда: 
Команда: *Прервано*

Команда: 
Команда: *Прервано*

Команда: 
Команда: *Прервано*

Команда: 
Команда: *Прервано*

Команда: 
Команда: *Прервано*

Команда: 
Команда: *Прервано*

Команда: 
Команда: Задайте противоположный угол или [Линия/РМн-угол/СМн-угол]: 
Команда: *Прервано*

Команда: 
Команда: *Прервано*

Команда: 
Автоматическое сохранение в C:\Users\user\AppData\Local\Temp\Чертеж2_1_14924_edea0af1.sv$ ...

Команда: 
Команда: 
Автоматическое сохранение в C:\Users\user\AppData\Local\Temp\Чертеж2_1_14924_edea0af1.sv$ ...

Команда: 
Команда: 
Команда: 
Команда: 
Автоматическое сохранение в C:\Users\user\AppData\Local\Temp\Чертеж2_1_14924_edea0af1.sv$ ...

Команда: 
Команда: 
Команда: 
Команда: 
Команда: 
Команда: 
Команда: 
Команда: 
Автоматическое сохранение в C:\Users\user\AppData\Local\Temp\Чертеж2_1_14924_edea0af1.sv$ ...

Команда: 
Команда: 
Команда: Задайте противоположный угол или [Линия/РМн-угол/СМн-угол]: 
Команда: *Прервано*

Команда: Задайте противоположный угол или [Линия/РМн-угол/СМн-угол]: 
Команда: *Прервано*

Команда: Задайте противоположный угол или [Линия/РМн-угол/СМн-угол]: 
Команда: *Прервано*

Команда: Задайте противоположный угол или [Линия/РМн-угол/СМн-угол]: 
Команда: *Прервано*

Команда: Задайте противоположный угол или [Линия/РМн-угол/СМн-угол]: 
Команда: *Прервано*

Команда: Задайте противоположный угол или [Линия/РМн-угол/СМн-угол]: 
Команда: *Прервано*

Команда: *Прервано*

Команда: *Прервано*

Команда:   <Переход на: _SG_LIST_TITLE>
Выполняется регенерация листов.
Выполняется регенерация модели.

Команда: *Прервано*

Команда: *Прервано*

Команда:   <Переход на: Модель>
Выполняется регенерация модели.

Команда: Задайте противоположный угол или [Линия/РМн-угол/СМн-угол]: 
Команда: *Прервано*

Команда: 
Команда: *Прервано*

Команда: 
Команда: *Прервано*

Команда: Выполняется регенерация модели.
Противоположный угол: 
Команда: *Прервано*

Команда: 
Команда: 
Команда: 
Команда: *Прервано*

Команда: 
Команда: 
Команда: 
Команда: *Прервано*

Команда: 
Команда: *Прервано*

Команда: Задайте противоположный угол или [Линия/РМн-угол/СМн-угол]: 
Команда: *Прервано*

Команда: Задайте противоположный угол или [Линия/РМн-угол/СМн-угол]: 
Команда: *Прервано*

Команда: Задайте противоположный угол или [Линия/РМн-угол/СМн-угол]: 
Команда: *Прервано*

Команда: 
Команда: *Прервано*

Команда: Задайте противоположный угол или [Линия/РМн-угол/СМн-угол]: 
Команда: *Прервано*

Команда: Задайте противоположный угол или [Линия/РМн-угол/СМн-угол]: *Прервано*

Команда: Задайте противоположный угол или [Линия/РМн-угол/СМн-угол]: 
Команда: *Прервано*

Команда: 
Команда: 
Команда: 
Команда: 
Команда: 
Команда: 
Команда: _eattedit 
Выберите блок: 27317.537170,74840.830923,0.000000 
Команда: *Прервано*

Команда: Задайте противоположный угол или [Линия/РМн-угол/СМн-угол]: 
Команда: *Прервано*

Команда: 
Команда: *Прервано*

Команда: 
Команда: (progn (load "C:/Users/user/Documents/Таран/0_0_ по работке/плагин дмитрию/00_APPLOAD/01_OPOR_PORT.lsp") (opor-init-session) (opor-session-set 'tile-mode "d") (opor-session-set 'board-length 3000.0) (opor-session-set 'double-lag-layout "half") (opor-session-set 'double-lag-step 1500.0) (princ (strcat "\n[P9SMOKE] VER=" *opor-version* "; DUMP=" (opor-dump-dbl-lag-text))) (setq _p9d (load_dialog (opor-dcl-file))) (princ (strcat "; DCL=" (itoa _p9d) "\n[P9SMOKE-END]")) (if (> _p9d 0) (unload_dialog _p9d)) (princ)) 
[OPOR] Загружено. Команды: OPOR, XX, OPORTIN, OPORSLOPE, OPORSLOPEWR, OPORHEIGHTCHECK, OPORWRITELEVEL, OPORAUTOLEVEL, OPORRING, OPORREGCHECK, OPORCHECK, OPORCLEAN, OPORDUMP, OPORTABLES, OPOROLD, OPORSHOW, OPORDEBUG.
check_dump.lsp загружен. Главная команда: DUMPALL
probe_height_check загружен. Команда: HEIGHTDUMP.
probe_write_level загружен. Команда: WRITELEVELDUMP.
probe_auto_level загружен. Команда: AUTOLEVELDUMP.
probe_slope загружен. Команды: SLOPEDUMP, SLOPECOLORS.
probe_tables загружен. Команда: TBLPROBE
probe_marks v2 загружен. Команда: MARKDUMP
probe_lines.lsp загружен. Команда: LINEDUMP
OPOR port загружен. Основная команда: OPOR (или XX).
[P9SMOKE] VER=3.28-double-lag-layout; DUMP=
    П9 сдвоенные лаги: доска=3000, раскладка=сдвиг 1/2, стык через=1500, сегментов пары=0, заменено обычных=0, шахматных опор=0; DCL=68
[P9SMOKE-END]

Команда: 

Команда: 
Команда: 
Команда: (progn (load "C:/Users/user/Documents/Таран/0_0_ по работке/плагин дмитрию/00_APPLOAD/01_OPOR_PORT.lsp") (opor-init-session) (opor-session-set 'board-length 3000.0) (opor-session-set 'double-lag-layout "even") (opor-session-set 'double-lag-step 3000.0) (princ (strcat "\n[P9FINALSMOKE] VER=" *opor-version* (opor-dbl-lag-log-text) "\n[P9FINALSMOKE-END]")) (princ)) 
[OPOR] Загружено. Команды: OPOR, XX, OPORTIN, OPORSLOPE, OPORSLOPEWR, OPORHEIGHTCHECK, OPORWRITELEVEL, OPORAUTOLEVEL, OPORRING, OPORREGCHECK, OPORCHECK, OPORCLEAN, OPORDUMP, OPORTABLES, OPOROLD, OPORSHOW, OPORDEBUG.
check_dump.lsp загружен. Главная команда: DUMPALL
probe_height_check загружен. Команда: HEIGHTDUMP.
probe_write_level загружен. Команда: WRITELEVELDUMP.
probe_auto_level загружен. Команда: AUTOLEVELDUMP.
probe_slope загружен. Команды: SLOPEDUMP, SLOPECOLORS.
probe_tables загружен. Команда: TBLPROBE
probe_marks v2 загружен. Команда: MARKDUMP
probe_lines.lsp загружен. Команда: LINEDUMP
OPOR port загружен. Основная команда: OPOR (или XX).
[P9FINALSMOKE] VER=3.28-double-lag-layout, П9: доска=3000, раскладка=ровно, стык=3000, парных сегментов=0, шахматных опор=0
[P9FINALSMOKE-END]

Команда: 

Команда: *Прервано*

Команда: *Прервано*

Команда:  
Команда: 
