[ AutoCAD - Wed Jul 22 14:45:20 2026  ]----------------------------------------

Открывается файл формата AutoCAD 2018.
Выполняется регенерация модели.


Утилиты меню AutoCAD загружены.
Команда: 

Файл Autodesk DWG. Это файл формата TrustedDWG, сохраненный в приложении Autodesk или в приложении, лицензированном корпорацией Autodesk.

Команда: 

Команда: 
Команда: 
Команда: 
Команда: 
Команда: 
Команда: 
Команда: 
Команда: 
Команда: (load "C:/Users/user/Documents/Таран/0_0_ по работке/плагин дмитрию/OPOR/opor-config.lsp") 
Команда: 
(load "C:/Users/user/Documents/Таран/0_0_ по работке/плагин дмитрию/OPOR/opor-tin.lsp") 
Команда: 
_HELP

Команда: TINEDGEDEBUG Неизвестная команда "TINEDGEDEBUG".  Для вызова справки нажмите F1.

Команда: 
СПРАВКА

Команда: 
Автоматическое сохранение в C:\Users\user\AppData\Local\Temp\штамб_v0.1_1_29790_453f913e.sv$ ...

Команда: 
Команда: 
Команда: Выполняется регенерация модели.
Выполняется регенерация модели.

Команда: 
Команда: *Прервано*

Команда: *Прервано*

Команда:  
Команда: 
