[ AutoCAD - Wed Jul 08 09:51:35 2026  ]----------------------------------------

Команда: 
Команда: *Прервано*

Команда: *Прервано*

Команда: 
Команда: *Прервано*

Команда: Противоположный угол: 
Команда: *Прервано*

Команда: Противоположный угол: 
Команда: *Прервано*

Команда: Противоположный угол: 
Команда: *Прервано*

Команда: Противоположный угол: 
Команда: *Прервано*

Команда: 
Команда: Противоположный угол: 
Команда: Противоположный угол: 
Команда: '_-hatchedit_pANGLE*Прервано*

Команда: *Прервано*

Команда: *Прервано*

Команда: 
Команда: 
Команда: Противоположный угол: 
Команда: *Прервано*

Команда: Противоположный угол: 
Команда: *Прервано*

Команда: Противоположный угол: 
Автоматическое сохранение в C:\Users\user\AppData\Local\Temp\2023.02.13_Посадка_1_21763_505027bf.sv$ ...

Команда: 
Команда: *Прервано*

Команда: 
Команда: Противоположный угол: 
Команда: *Прервано*

Команда: Противоположный угол: 
Команда: *Прервано*

Команда: 
Команда: Противоположный угол: 
Команда: *Прервано*

Команда: 
Команда: Противоположный угол: 
Команда: Противоположный угол: 
Команда: 
Команда: 
Команда: _copyclip найдено: 2

Команда: *Прервано*

Команда: 
Команда: 
Автоматическое сохранение в C:\Users\user\AppData\Local\Temp\2023.02.13_Посадка_1_21763_505027bf.sv$ ...

Команда: 
Команда: 
Команда: 
Команда: 
Команда: *Прервано*

Команда: *Прервано*

Команда:  
Команда: 
