[ AutoCAD - Wed Jul 08 09:51:35 2026  ]----------------------------------------

Автоматическое сохранение в C:\Users\user\AppData\Local\Temp\2023.02.13_Посадка — копия_1_30188_61b7169c.sv$ ...

Команда: 
Команда: 
Команда: Задайте противоположный угол или [Линия/РМн-угол/СМн-угол]: 
Команда: 
Команда: 
Команда: _copyclip найдено: 34100

Команда: 
Команда: 
Команда: _qnew 
Команда: 
Команда: 
Команда: 
Автоматическое сохранение в C:\Users\user\AppData\Local\Temp\2023.02.13_Посадка — копия_1_30188_61b7169c.sv$ ...

Команда: 
Команда: 
Команда: *Прервано*

Команда: *Прервано*

Команда:  
Команда: 
