[ AutoCAD - Wed Jul 08 09:40:33 2026  ]----------------------------------------

Открытие файла AutoCAD 2013/LT 2013.
Подстановка [simplex.shx] вместо [eskd1.shx].
Выполняется регенерация модели.


Утилиты меню AutoCAD загружены.
Команда: 

Файл Autodesk DWG. Это файл формата TrustedDWG, сохраненный в приложении Autodesk или в приложении, лицензированном корпорацией Autodesk.

Команда: 

Команда: 
Команда: 
Команда: 
Команда: 
Команда: _cutclip найдено: 1

Команда: _u INTELLIPAN INTELLIPAN INTELLIZOOM 
Команда: _u ВБУФЕР ГРУППА 
Команда: 
Команда: 
Команда: _line 
Первая точка: *Прервано*

Команда: *Прервано*

Команда: *Прервано*

Команда: 
Команда: 
Команда: _line 
Первая точка: 
Следующая точка или [оТменить]: 
Следующая точка или [оТменить]: *Прервано*

Команда: Противоположный угол: 
Команда: *Прервано*

Команда: 
Команда: 
