[ AutoCAD - Wed Jul 08 09:19:20 2026  ]----------------------------------------

Открытие файла AutoCAD 2013/LT 2013.
Подстановка [simplex.shx] вместо [eskd1.shx].
Выполняется регенерация модели.


Утилиты меню AutoCAD загружены.
Команда: 

Файл Autodesk DWG. Это файл формата TrustedDWG, сохраненный в приложении Autodesk или в приложении, лицензированном корпорацией Autodesk.

Команда: 

Команда: 
Команда: Задайте противоположный угол или [Линия/РМн-угол/СМн-угол]: 
Команда: *Прервано*

Команда: Задайте противоположный угол или [Линия/РМн-угол/СМн-угол]: 
Команда: 
Команда: 
Команда: _SelectSimilar 
Команда: 
Команда: 
Команда: _cutclip найдено: 65

Команда: Задайте противоположный угол или [Линия/РМн-угол/СМн-угол]: 
Команда: 
Команда: 
Команда: _addselected _.-insert Имя блока или [?] <напр. автом>: напр. автом 
Единицы: Метры   Преобразование:    1.0000
Укажите точку вставки или [Базовая/Масштаб/X/Y/Z/Поворот/Расчленить/пОвтор]: *Прервано*

Команда: Задайте противоположный угол или [Линия/РМн-угол/СМн-угол]: 
Команда: 
Команда: 
Команда: _SelectSimilar 
Команда: *Прервано*

Команда: Задайте противоположный угол или [Линия/РМн-угол/СМн-угол]: 
Команда: 
Команда: *Прервано*

Команда: *Прервано*

Команда: 
Команда: 
Команда: 
Команда: 
Команда: _SelectSimilar 
Команда: 
Команда: 
Команда: _cutclip найдено: 32

Команда: 
Команда: 
Команда: 
Команда: _SelectSimilar 
Команда: *Прервано*

Команда: Задайте противоположный угол или [Линия/РМн-угол/СМн-угол]: *Прервано*

Команда: Противоположный угол: 
Команда: 
Команда: 
Команда: _addselected _.-hatch 
Текущий образец штриховки:  SOLID
Внутренняя точка или [Свойства/Выбрать объекты/пОстроить контур/удалить Контуры/Дополнительные/поРядок прорисовки/Исходная точка/Аннотативный/Цвет штриховки/сЛой/Прозрачность]: *Прервано*

Команда: Противоположный угол: 
Команда: 
Команда: 
Команда: _SelectSimilar 
Команда: 
Команда: 
Команда: _cutclip найдено: 3

Команда: Противоположный угол: 
Команда: 
Команда: 
Команда: _SelectSimilar 
Команда: 
Команда: 
Команда: _cutclip найдено: 4

Ассоциативность контура штриховки отменена.
Ассоциативность контура штриховки отменена.
Ассоциативность контура штриховки отменена.
Команда: Противоположный угол: 
Команда: 
Команда: 
Команда: _SelectSimilar 
Команда: 
Команда: 
Команда: _cutclip найдено: 8

Команда: 
Команда: 
Команда: 
Команда: _SelectSimilar 
Команда: *Прервано*

Команда: 
Команда: 
Команда: _SelectSimilar 
Команда: 
Команда: 
Команда: _cutclip найдено: 10

Команда: Противоположный угол: 
Команда: 
Команда: 
Команда:  
Выбор был полностью отменен
Команда: 
Команда: 
Команда: _cutclip 
Выберите объекты: *Прервано*

Команда: Противоположный угол: 
Команда: 
Команда: 
Команда: _SelectSimilar 
Команда: 
Команда: 
Команда: _cutclip найдено: 2

Команда: Задайте противоположный угол или [Линия/РМн-угол/СМн-угол]: 
Команда: 
Команда: 
Команда: _SelectSimilar 
Команда: 
Команда: 
Команда: _cutclip найдено: 67

Команда: 
Команда: 
Команда: 
Команда: _SelectSimilar 
Команда: 
Команда: 
Команда: _cutclip найдено: 19

Команда: 
Команда: 
Команда: 
Команда: _SelectSimilar 
Команда: 
Команда: 
Команда: _cutclip найдено: 21

Команда: 
Команда: 
Команда: 
Команда: _SelectSimilar 
Команда: 
Команда: 
Команда: _cutclip найдено: 75

Команда: Противоположный угол: 
Команда: *Прервано*

Команда: *Прервано*

Команда: Противоположный угол: 
Команда:  <Верхняя плоскость изометрии> 
Команда:  <Правая плоскость изометрии> 
Команда:  <Левая плоскость изометрии> 
Команда:  <Верхняя плоскость изометрии> 
Команда:  <Правая плоскость изометрии> 
Команда:  <Левая плоскость изометрии> 
Команда:  <Верхняя плоскость изометрии> 
Команда:  <Правая плоскость изометрии> 
Команда:  <Левая плоскость изометрии> 
Команда: *Прервано*

Команда: *Прервано*

Команда: *Прервано*

Команда:  <Верхняя плоскость изометрии> 
Команда:  <Правая плоскость изометрии> 
Команда:  <Левая плоскость изометрии> 
Команда:  <Верхняя плоскость изометрии> 
Команда:  <Правая плоскость изометрии> 
Команда: 
Команда: 
Команда: _line 
Первая точка: 
Следующая точка или [оТменить]: 
Следующая точка или [оТменить]: *Прервано*

Команда:  <Левая плоскость изометрии> 
Команда: 
Команда: 
Команда: _options 
Команда: _CUI

Файл адаптации загружен успешно. Группа адаптации: ACAD
Файл адаптации загружен успешно. Группа адаптации: CUSTOM
Файл адаптации загружен успешно. Группа адаптации: MODELDOC
Файл адаптации загружен успешно. Группа адаптации: EXPRESS
Файл адаптации загружен успешно. Группа адаптации: APPMANAGER


Команда: 
Команда: _ISODRAFT
Введите параметр [Ортогонально/плоскость изометрии сЛева/плоскость изометрии сВерху/плоскость изометрии сПрава] <Ортогонально>:О

Команда: '_setvar
Имя переменной или [?]: SubObjSelectionMode

Новое значение SUBOBJSELECTIONMODE <0>: 0 
Команда: Противоположный угол: 
Команда: '_setvar
Имя переменной или [?] <SUBOBJSELECTIONMODE>: SubObjSelectionMode

Новое значение SUBOBJSELECTIONMODE <0>: 0 
Команда: Противоположный угол: 
Команда: '_setvar
Имя переменной или [?] <SUBOBJSELECTIONMODE>: SubObjSelectionMode

Новое значение SUBOBJSELECTIONMODE <0>: 0 
Команда: 
Команда: '_setvar
Имя переменной или [?] <SUBOBJSELECTIONMODE>: SubObjSelectionMode

Новое значение SUBOBJSELECTIONMODE <0>: 0 
Команда: '_setvar
Имя переменной или [?] <SUBOBJSELECTIONMODE>: SubObjSelectionMode

Новое значение SUBOBJSELECTIONMODE <0>: 0 
Команда: '_setvar
Имя переменной или [?] <SUBOBJSELECTIONMODE>: SubObjSelectionMode

Новое значение SUBOBJSELECTIONMODE <0>: 0 
Команда: '_setvar
Имя переменной или [?] <SUBOBJSELECTIONMODE>: SubObjSelectionMode

Новое значение SUBOBJSELECTIONMODE <0>: 0 
Команда: '_setvar
Имя переменной или [?] <SUBOBJSELECTIONMODE>: SubObjSelectionMode

Новое значение SUBOBJSELECTIONMODE <0>: 0 
Команда: '_setvar
Имя переменной или [?] <SUBOBJSELECTIONMODE>: SubObjSelectionMode

Новое значение SUBOBJSELECTIONMODE <0>: 0 
Команда: '_setvar
Имя переменной или [?] <SUBOBJSELECTIONMODE>: SubObjSelectionMode

Новое значение SUBOBJSELECTIONMODE <0>: 0 
Команда: Задайте противоположный угол или [Линия/РМн-угол/СМн-угол]: *Прервано*

Команда: _CUI

Файл адаптации загружен успешно. Группа адаптации: ACAD
Файл адаптации загружен успешно. Группа адаптации: CUSTOM
Файл адаптации загружен успешно. Группа адаптации: MODELDOC
Файл адаптации загружен успешно. Группа адаптации: EXPRESS
Файл адаптации загружен успешно. Группа адаптации: APPMANAGER


Команда: 
Команда: 
Команда: 
Команда: 
Команда: _SelectSimilar 
Команда: *Прервано*

Команда: 
Команда: 
Команда: 
Команда: _SelectSimilar 
Команда: 
Команда: 
Команда: _SelectSimilar 
Команда: 
Команда: 
Команда: _SelectSimilar 
Команда: *Прервано*

Команда: Задайте противоположный угол или [Линия/РМн-угол/СМн-угол]: 
Команда: 
Команда: 
Команда: _SelectSimilar 
Команда: 
Команда: 
Команда: _SelectSimilar 
Команда: 
Команда: 
Команда: _SelectSimilar 
Команда: *Прервано*

Команда: Противоположный угол: 
Команда: 
Команда: 
Команда: _SelectSimilar 
Команда: 
Команда: 
Команда: _SelectSimilar 
Команда: *Прервано*

Команда: Противоположный угол: 
Команда: 
Команда: 
Команда: _SelectSimilar 
Команда: *Прервано*

Команда: Противоположный угол: 
Команда: 
Команда: 
Команда: _SelectSimilar 
Команда: 
Команда: 
Команда: _cutclip найдено: 23

Команда: 
Команда: 
Команда: 
Команда: _SelectSimilar 
Команда: 
Команда: 
Команда: _cutclip найдено: 81

Команда: *Прервано*

Команда: Противоположный угол: 
Команда:  <Верхняя плоскость изометрии> 
Команда: 
Команда: 
Команда: _cutclip найдено: 1

Команда: Противоположный угол: 
Команда:  <Правая плоскость изометрии> 
Команда: 
Команда: 
Команда: _cutclip найдено: 1

Команда: Противоположный угол: 
Команда:  <Левая плоскость изометрии> 
Команда:  <Верхняя плоскость изометрии> 
Команда:  <Правая плоскость изометрии> 
Команда:  <Левая плоскость изометрии> 
Команда: 
Команда: 
Команда: _SelectSimilar 
Команда: 
Команда: 
Команда: _cutclip найдено: 2

Команда: 
Команда: 
Команда: 
Команда: _SelectSimilar 
Команда: 
Команда: 
Команда: _SelectSimilar 
Команда: 
Команда: 
Команда: _SelectSimilar 
Команда: 
Команда: 
Команда: _SelectSimilar 
Команда: 
Команда: 
Команда: _cutclip найдено: 123

Команда: 
Команда: 
Команда: 
Команда: _SelectSimilar 
Команда: 
Команда: 
Команда: _SelectSimilar 
Команда: 
Команда: 
Команда: _cutclip найдено: 55

Команда: 
Команда: 
Команда: _SelectSimilar 
Команда: 
Команда: 
Команда: _cutclip найдено: 51

Команда: 
Команда: 
Команда: 
Команда: _SelectSimilar 
Команда: 
Команда: 
Команда: _SelectSimilar 
Команда: 
Команда: 
Команда: _SelectSimilar 
Команда: 
Команда: 
Команда: _cutclip найдено: 32

Команда: Противоположный угол: 
Команда: 
Команда: 
Команда: _SelectSimilar 
Команда: 
Команда: 
Команда: _SelectSimilar 
Команда: 
Команда: 
Команда: _SelectSimilar 
Команда: 
Команда: 
Команда: _cutclip найдено: 1

Команда: 
Команда: 
Команда: _SelectSimilar 
Команда: 
Команда: 
Команда: _cutclip найдено: 15

Команда: 
Команда: 
Команда: 
Команда: _SelectSimilar 
Команда: 
Команда: 
Команда: _cutclip найдено: 9

Команда: 
Команда: 
Команда: 
Команда: _SelectSimilar 
Команда: 
Команда: 
Команда: _cutclip найдено: 14

Команда: *Прервано*

Команда: Задайте противоположный угол или [Линия/РМн-угол/СМн-угол]: 
Команда: 
Команда: 
Команда: _SelectSimilar 
Команда: Задайте противоположный угол или [Линия/РМн-угол/СМн-угол]: 
Команда: 
Команда: 
Команда: _cutclip найдено: 24697

Команда: _u ВБУФЕР ГРУППА 
Команда: 
Команда: *Прервано*

Команда: Задайте противоположный угол или [Линия/РМн-угол/СМн-угол]: 
Команда: 
Команда: Задайте противоположный угол или [Линия/РМн-угол/СМн-угол]: *Прервано*

Команда: 
Команда: 
Команда: _SelectSimilar 
Команда: 
Команда: 
Команда: _cutclip найдено: 20

Команда: Задайте противоположный угол или [Линия/РМн-угол/СМн-угол]: 
Команда: 
Команда: 
Команда: _SelectSimilar 
Команда: 
Команда: 
Команда: _cutclip найдено: 13

Команда: 
Команда: Задайте противоположный угол или [Линия/РМн-угол/СМн-угол]: *Прервано*

Команда: 
Команда: 
Команда: _SelectSimilar 
Команда: 
Команда: 
Команда: _SelectSimilar 
Команда: *Прервано*

Команда: 
Команда: 
Команда: _qselect 
Выбрано объектов: 38.

Команда: 
Команда: 
Команда: _cutclip найдено: 38

Команда: 
Команда: *Прервано*

Команда: *Прервано*

Команда: Задайте противоположный угол или [Линия/РМн-угол/СМн-угол]: 
Команда: 
Команда: 
Команда: _SelectSimilar 
Команда: *Прервано*

Команда: Задайте противоположный угол или [Линия/РМн-угол/СМн-угол]: 
Команда: *Прервано*

Команда: 
Команда: 
Команда: *Прервано*

Команда: 
Команда: 
Команда: _line 
Первая точка: 
Следующая точка или [оТменить]: 
Следующая точка или [оТменить]: *Прервано*

Команда: 
Команда: 
Команда: _copy найдено: 1

Текущая настройка:  Режим копирования  = Несколько
Базовая точка или [Смещение/реЖим] <Смещение>: 
Вторая точка или [Массив] <использовать для смещения первую точку>: *Прервано*

Команда: 
** УВЕЛИЧИТЬ **
Конечная точка:
Команда: *Прервано*

Команда: 
Команда: *Прервано*

Команда: '_matchprop 
Текущие активные настройки:  Цвет Слой Тип Лмасштаб Вес линий Прозрачность Толщина Стиль печати Размер Текст Штриховка Полилиния ВЭкран Таблица Материал Мультивыноска Центральный объект 

Выберите целевой объект(ы) или [Настройки]: 

Выберите целевой объект(ы) или [Настройки]: *Прервано*

Команда: 
Команда: 
** РАСТЯНУТЬ **
Задайте точку для растяжения или [Базовая точка/Копировать/oТменить/выХод]:
Команда: *Прервано*

Команда: 
Команда: 
Команда: 
** РАСТЯНУТЬ **
Задайте точку для растяжения или [Базовая точка/Копировать/oТменить/выХод]:*Прервано*

Команда: *Прервано*

Команда: Задайте противоположный угол или [Линия/РМн-угол/СМн-угол]: 
Команда: *Прервано*

Команда: Задайте противоположный угол или [Линия/РМн-угол/СМн-угол]: 
Команда: 
Команда: 
Команда: _copyclip найдено: 34100

Команда: *Прервано*

Команда: 
