[ AutoCAD - Wed Jul 15 11:57:34 2026  ]----------------------------------------

Открывается файл формата AutoCAD 2018.
Выполняется регенерация модели.

Загружаются DLL-файлы для работы с моделями.


Утилиты меню AutoCAD загружены.*Прервано*

Команда: 

Файл Autodesk DWG. Это файл формата TrustedDWG, сохраненный в приложении Autodesk или в приложении, лицензированном корпорацией Autodesk.

Команда: 

Команда: 
Команда: Задайте противоположный угол или [Линия/РМн-угол/СМн-угол]: 
Команда: 
Команда: 
Команда: _move найдено: 443

Базовая точка или [Смещение] <Смещение>: 
Вторая точка или <считать смещением первую точку>: 
Команда: _APPLOAD
Успешно загружено файлов: 2.


Команда: 
[OPOR] Загружено. Команды: OPOR, XX, OPORSLOPE, OPORSLOPEWR, OPORHEIGHTCHECK, OPORWRITELEVEL, OPORAUTOLEVEL, OPORRING, OPORREGCHECK, OPORCHECK, OPORCLEAN, OPORDUMP, OPORTABLES, OPOROLD, OPORSHOW, OPORDEBUG.
check_dump.lsp загружен. Главная команда: DUMPALL
probe_height_check загружен. Команда: HEIGHTDUMP.
probe_write_level загружен. Команда: WRITELEVELDUMP.
probe_auto_level загружен. Команда: AUTOLEVELDUMP.
probe_slope загружен. Команды: SLOPEDUMP, SLOPECOLORS.
probe_tables загружен. Команда: TBLPROBE
probe_marks v2 загружен. Команда: MARKDUMP
probe_lines.lsp загружен. Команда: LINEDUMP
OPOR port загружен. Основная команда: OPOR (или XX).
Команда: 
[ETS] make_etalons загружен. Команды: ETS1 (контур), ETS3 (+проём), ETS2 (+высоты). Порядок: ETS1 -> ETS3 -> ETS2, с _SAVEAS между шагами.
[ETS7] make_slope_etalons загружен. Команда: ETS7.
[ETS8] make_height_check_etalons загружен. Команда: ETS8.
[ETS9] make_write_level_etalons загружен. Команда: ETS9.
[ETS10] make_auto_level_etalons загружен. Команда: ETS10.
[ETS11] make_ring_etalons загружен. Команда: ETS11.
[ETS12] make_regcheck_etalons загружен. Команда: ETS12.
check_dump.lsp загружен. Главная команда: DUMPALL
probe_height_check загружен. Команда: HEIGHTDUMP.
probe_write_level загружен. Команда: WRITELEVELDUMP.
probe_auto_level загружен. Команда: AUTOLEVELDUMP.
probe_ring загружен. Команда: RINGDUMP.
probe_slope загружен. Команды: SLOPEDUMP, SLOPECOLORS.
probe_tables загружен. Команда: TBLPROBE
probe_marks v2 загружен. Команда: MARKDUMP
probe_lines.lsp загружен. Команда: LINEDUMP
Тестовые инструменты загружены: ETS1/ETS2/ETS3/ETS7/ETS8/ETS9/ETS10/ETS11/ETS12 и диагностика.
Команда: 
Команда: ETS12

Команда: 
[ETS12] Слева: валидный прямоугольник; центр: плохой контур;
[ETS12] справа: валидный контур с плохим проёмом.
[ETS12] Проверка: OPORREGCHECK слева=OK, центр=самопересечение;
[ETS12] OPOR Const справа должен остановиться на проёме до формы параметров.

Команда: 
Команда: OPOR

[OPOR] Команда отменена.

Команда: 
Команда: OPORREGCHECK

Выберите внешний контур OPOR: nil

Команда: 
Команда:  OPORREGCHECK

Выберите внешний контур OPOR: 
[OPOR] chk_reg: отклонён Контур — самопересечение.nil

Команда: 
Команда: OPOR

[OPOR] Проверка OPOR:
Версия: 3.15-chk-reg
Слои: OK
Блоки MVP: OK
Справочно, отсутствующие будущие блоки: 
- нетВыполняется регенерация модели.

Команда: 
[OPOR] Слоёв скрыто: 11
Выберите внешний контур OPOR: Выполняется регенерация модели.

Команда: 
Команда: 

Команда: 
Команда: _APPLOAD
01_OPOR_PORT.lsp успешно загружено.


Команда: 
[OPOR] Загружено. Команды: OPOR, XX, OPORSLOPE, OPORSLOPEWR, OPORHEIGHTCHECK, OPORWRITELEVEL, OPORAUTOLEVEL, OPORRING, OPORREGCHECK, OPORCHECK, OPORCLEAN, OPORDUMP, OPORTABLES, OPOROLD, OPORSHOW, OPORDEBUG.
check_dump.lsp загружен. Главная команда: DUMPALL
probe_height_check загружен. Команда: HEIGHTDUMP.
probe_write_level загружен. Команда: WRITELEVELDUMP.
probe_auto_level загружен. Команда: AUTOLEVELDUMP.
probe_slope загружен. Команды: SLOPEDUMP, SLOPECOLORS.
probe_tables загружен. Команда: TBLPROBE
probe_marks v2 загружен. Команда: MARKDUMP
probe_lines.lsp загружен. Команда: LINEDUMP
OPOR port загружен. Основная команда: OPOR (или XX).
Команда: 
Команда: OPORREGCHECK

Выберите внешний контур OPOR: 
[OPOR] chk_reg: полилиния пригодна для создания Region.T

Команда: 
Команда:  OPORREGCHECK

Выберите внешний контур OPOR: 
[OPOR] chk_reg: отклонён Контур — самопересечение.nil

Команда: 
Команда:  OPORREGCHECK

Выберите внешний контур OPOR: *Прервано*
nil

Команда: 
Команда: OPOR

[OPOR] Проверка OPOR:
Версия: 3.15-chk-reg
Слои: OK
Блоки MVP: OK
Справочно, отсутствующие будущие блоки: 
- нетВыполняется регенерация модели.

Команда: 
[OPOR] Слоёв скрыто: 11
Выберите внешний контур OPOR: 
Команда: 
[OPOR] Проёмов найдено: 1
[OPOR] chk_reg: отклонён Проём 1 — самопересечение.
[OPOR] Const остановлен: самопересечение проёма.Выполняется регенерация модели.

Команда: 
Команда: 

Команда: 
Команда: *Прервано*

Команда: *Прервано*

Команда:  
Команда: 
