[ AutoCAD - Tue Jul 21 16:42:02 2026  ]----------------------------------------
Выполняется регенерация модели.

Загружаются DLL-файлы для работы с моделями.

**** Системная переменная изменена ****
Отслеживаемой системной переменной назначено значение, отличное от предпочтительного. Для просмотра изменений воспользуйтесь командой СИСТПЕРЕММОНИТОР.


Утилиты меню AutoCAD загружены.
Команда: 
Команда: 

Команда: 
Команда: (setvar "LOGFILEMODE" 1)
1

Команда: (load (strcat (getvar "DWGPREFIX") "opor-loader.lsp"))

[OPOR] Загружено. Команды: OPOR, XX, OPORTIN, OPORSLOPE, OPORSLOPEWR, OPORHEIGHTCHECK, OPORWRITELEVEL, OPORAUTOLEVEL, OPORRING, OPORREGCHECK, OPORCHECK, OPORCLEAN, OPORDUMP, OPORTABLES, OPOROLD, OPORSHOW, OPORDEBUG.

Команда: (load (strcat (getvar "DWGPREFIX") "ets17_pure_smoke.lsp"))

ETS17PURESMOKE loaded

Команда: ETS17PURESMOKE

=== ETS17 PURE BEGIN ===
ETS17 VERSION=3.19-tables-3d
ETS17 STEP_EQUAL=500
ETS17 STEP_DIFF=500\U+00D7350
ETS17 VALUE|SUP_3D_35_50=2
ETS17 VALUE|SUP_3D_50_80=3
ETS17 VALUE|SUP_3D_80_140=4
ETS17 VALUE|SUP_3D_95_155=5
ETS17 VALUE|SUP_3D_145_240=6
ETS17 VALUE|SUP_3D_160_270=7
ETS17 VALUE|SUP_3D_205_340=8
ETS17 VALUE|SUP_3D_235_400=9
ETS17 VALUE|SUP_3D_315_530=10
ETS17 VALUE|SUP_3D_390_660=11
ETS17 VALUE|SUP_TOTAL=65
ETS17 DCL_FILE=PASS
=== ETS17 PURE END ===

Команда: 
Команда: _.QUIT

Команда: 
**** Системные переменные не изменены ****
