[ AutoCAD - Wed Jul 15 12:51:12 2026  ]----------------------------------------

Открывается файл формата AutoCAD 2018.
Выполняется регенерация модели.


Утилиты меню AutoCAD загружены.*Прервано*

Команда: 

Файл Autodesk DWG. Это файл формата TrustedDWG, сохраненный в приложении Autodesk или в приложении, лицензированном корпорацией Autodesk.

Команда: 

Команда: 
Команда: Задайте противоположный угол или [Линия/РМн-угол/СМн-угол]: 
Команда: 
Команда: 
Команда: _move найдено: 443

Базовая точка или [Смещение] <Смещение>: 
Вторая точка или <считать смещением первую точку>: 
Команда: _APPLOAD
Успешно загружено файлов: 2.


Команда: 
check_dump.lsp загружен. Главная команда: DUMPALL
probe_height_check загружен. Команда: HEIGHTDUMP.
probe_write_level загружен. Команда: WRITELEVELDUMP.
probe_auto_level загружен. Команда: AUTOLEVELDUMP.
probe_slope загружен. Команды: SLOPEDUMP, SLOPECOLORS.
probe_tables загружен. Команда: TBLPROBE
probe_marks v2 загружен. Команда: MARKDUMP
probe_lines.lsp загружен. Команда: LINEDUMP
Оригинальный VBA OPOR загружен. Основная команда: XX.
Команда: 
[ETS] make_etalons загружен. Команды: ETS1 (контур), ETS3 (+проём), ETS2 (+высоты). Порядок: ETS1 -> ETS3 -> ETS2, с _SAVEAS между шагами.
[ETS7] make_slope_etalons загружен. Команда: ETS7.
[ETS8] make_height_check_etalons загружен. Команда: ETS8.
[ETS9] make_write_level_etalons загружен. Команда: ETS9.
[ETS10] make_auto_level_etalons загружен. Команда: ETS10.
[ETS11] make_ring_etalons загружен. Команда: ETS11.
[ETS12] make_regcheck_etalons загружен. Команда: ETS12.
[ETS13] make_multicontour_etalons загружен. Команда: ETS13.
[ETS14] make_multicontour_var_etalons загружен. Команда: ETS14.
check_dump.lsp загружен. Главная команда: DUMPALL
probe_height_check загружен. Команда: HEIGHTDUMP.
probe_write_level загружен. Команда: WRITELEVELDUMP.
probe_auto_level загружен. Команда: AUTOLEVELDUMP.
probe_ring загружен. Команда: RINGDUMP.
probe_slope загружен. Команды: SLOPEDUMP, SLOPECOLORS.
probe_tables загружен. Команда: TBLPROBE
probe_total_tables загружен. Команда: TOTALDUMP.
probe_marks v2 загружен. Команда: MARKDUMP
probe_lines.lsp загружен. Команда: LINEDUMP
Тестовые инструменты загружены: ETS1/ETS2/ETS3/ETS7/ETS8/ETS9/ETS10/ETS11/ETS12/ETS13/ETS14 и диагностика.
Команда: 
Команда: ETS14

Команда: 
[ETS14] Готово: два Var-контура S1, две области высот и 8 отметок.
[ETS14] Var: lev, 600/600, R100, доска, floor=101, доска=27, лага=49, сдв. лага=0, vect.
[ETS14] 1-й: base=0,0; dir=@1<0; table=11000,5000.
[ETS14] 2-й: base=6000,0; dir=@1<0; затем Enter завершает цикл.
[ETS14] Общие инварианты: 120 опор, AREA=30, LENGTH=60, CHPOL=101, одна таблица; распределение строк сравнивается LISP/VBA.

Команда: 
Команда: XX

Команда: 
Команда: Противоположный угол: 
Команда: 
Команда: 
Команда: _move найдено: 1

Базовая точка или [Смещение] <Смещение>: 
Вторая точка или <считать смещением первую точку>: 
Команда: *Прервано*

Команда: Задайте противоположный угол или [Линия/РМн-угол/СМн-угол]: 
Команда: Задайте противоположный угол или [Линия/РМн-угол/СМн-угол]: 
Команда: 
Команда: 
Команда: _Laymcur 
Выберите объект, слой которого должен стать текущим: *Прервано*
*Прервано*

Команда: *Прервано*

Команда: XX

Команда: 
Укажите внешний контур
Команда: 
Команда: 
Команда: 
Команда: 
Команда: 
Укажите начальную точку0,0

Команда: Задайте направление, указав 2 точки0,0
 Вторая точка: @1,0

Команда: 
Команда: 
Команда: 
Команда: Выполняется регенерация модели.

Команда: 
Команда: Выполняется регенерация модели.

Укажите точку верхнего левого угла таблицы: 11000,5000

Команда: 
Команда: Выполняется регенерация модели.

Команда: 
Команда: 
Команда: Выполняется регенерация модели.

Команда: 
Команда: 
Команда: 
Команда: 
Команда: Выполняется регенерация модели.

Команда: 
Укажите внешний контур
Команда: 
Команда: 
Команда: 
Команда: 
Команда: 
Укажите начальную точку6000,0

Команда: Задайте направление, указав 2 точки0,0
 Вторая точка: @1,0

Команда: 
Команда: 
Команда: 
Команда: Выполняется регенерация модели.

Команда: 
Команда: Выполняется регенерация модели.

Команда: 
Команда: Выполняется регенерация модели.

Команда: 
Команда: 
Команда: Выполняется регенерация модели.

Команда: 
Команда: 
Команда: 
Команда: 
Команда: Выполняется регенерация модели.

Команда: 
Укажите внешний контур

Команда: 
Команда: DUMPALL

========== СНИМОК СОСТОЯНИЯ ==========
--- ОПОРЫ (слой опорыvb) --- ВСЕГО: 120
    цвет 1 : 2 шт
    цвет 2 : 42 шт
    цвет 221 : 76 шт
--- ЛАГИ (LINE на сеткаvb) --- линий: 32  длина: 120000 мм = 120 м
--- ПЛОЩАДЬ ---
    контур ('контур'): 30 м2
    областиvb: 0 м2
    контур - областиvb: 30 м2
--- СЛОИ ПЛАГИНА ---
    контур : вкл , объектов: 3
    опорыvb : вкл , объектов: 120
    опоры_текстvb : ВЫКЛ, объектов: 0
    сеткаvb : вкл , объектов: 32
    плиткаvb : вкл , объектов: 0
    областиvb : вкл , объектов: 0
    линии_высот : вкл , объектов: 2
--- ТАБЛИЦА [5 x 3] ---
   |Опоры|||
   |Наименование|Диапазон высот|Цвет|
   |LLOW12|<17|221|
   |LLOW20|17-25|2|
   |L0|25-35|1|
=====================================

Команда: 
Команда: TOTALDUMP

========== TOTAL TABLE DUMP ==========
--- TABLE #1 ---
    block = table_totl_1
    layer = 0
    1 = 76
    2 = 42
    3 = 2
    4 = 
    5 = 
    6 = 
    7 = 
    8 = 
    9 = 
    10 = 
    11 = 
    12 = 
    13 = 
    AREA = 30
    ITOG = 120
    CHPOL = 101
    DOSKA = 27
    LAG = 49
    PLITKA = 0
    VECTOR = 600
    PERP = 600
    LENGTH = 60
    QC = 0
    QR = 0
--- COUNT = 1 ---
======================================

Команда: 
