[ AutoCAD - Wed Jul 15 11:22:32 2026  ]----------------------------------------

Открывается файл формата AutoCAD 2018.
Выполняется регенерация модели.


Утилиты меню AutoCAD загружены.*Прервано*

Команда: 

Файл Autodesk DWG. Это файл формата TrustedDWG, сохраненный в приложении Autodesk или в приложении, лицензированном корпорацией Autodesk.

Команда: 

Команда: 
Команда: Задайте противоположный угол или [Линия/РМн-угол/СМн-угол]: 
Команда: 
Команда: 
Команда: _move найдено: 443

Базовая точка или [Смещение] <Смещение>: 
Вторая точка или <считать смещением первую точку>: 
Команда: *Прервано*

Команда: _APPLOAD
Успешно загружено файлов: 2.


Команда: 
[OPOR] Загружено. Команды: OPOR, XX, OPORSLOPE, OPORSLOPEWR, OPORHEIGHTCHECK, OPORWRITELEVEL, OPORAUTOLEVEL, OPORCHECK, OPORCLEAN, OPORDUMP, OPORTABLES, OPOROLD, OPORSHOW, OPORDEBUG.
check_dump.lsp загружен. Главная команда: DUMPALL
probe_height_check загружен. Команда: HEIGHTDUMP.
probe_write_level загружен. Команда: WRITELEVELDUMP.
probe_auto_level загружен. Команда: AUTOLEVELDUMP.
probe_slope загружен. Команды: SLOPEDUMP, SLOPECOLORS.
probe_tables загружен. Команда: TBLPROBE
probe_marks v2 загружен. Команда: MARKDUMP
probe_lines.lsp загружен. Команда: LINEDUMP
OPOR port загружен. Основная команда: OPOR (или XX).
Команда: 
[ETS] make_etalons загружен. Команды: ETS1 (контур), ETS3 (+проём), ETS2 (+высоты). Порядок: ETS1 -> ETS3 -> ETS2, с _SAVEAS между шагами.
[ETS7] make_slope_etalons загружен. Команда: ETS7.
[ETS8] make_height_check_etalons загружен. Команда: ETS8.
[ETS9] make_write_level_etalons загружен. Команда: ETS9.
[ETS10] make_auto_level_etalons загружен. Команда: ETS10.
check_dump.lsp загружен. Главная команда: DUMPALL
probe_height_check загружен. Команда: HEIGHTDUMP.
probe_write_level загружен. Команда: WRITELEVELDUMP.
probe_auto_level загружен. Команда: AUTOLEVELDUMP.
probe_slope загружен. Команды: SLOPEDUMP, SLOPECOLORS.
probe_tables загружен. Команда: TBLPROBE
probe_marks v2 загружен. Команда: MARKDUMP
probe_lines.lsp загружен. Команда: LINEDUMP
Тестовые инструменты загружены: ETS1/ETS2/ETS3/ETS7/ETS8/ETS9/ETS10 и диагностика.
Команда: 
Команда: ETS10

Команда: 
[ETS10] Готово: выбери внешний контур; ожидается 10 отметок.

Команда: 
Команда: 
Команда: 
Команда: _qsave 
Команда: OPOR

Укажите внешний контур: 
Команда: 
[OPOR] +0.000 завершён: областей=3, отметок=10.
Команда: 

Команда: 
Команда: 
Команда: *Прервано*

Команда: AUTOLEVELDUMP

========== AUTOLEVELDUMP ==========
Отметок: 10
  pt=0,0 text=+0.000 color=256 layer=0
  pt=0,1000 text=+0.000 color=256 layer=0
  pt=1000,0 text=+0.000 color=256 layer=0
  pt=1000,1000 text=+0.000 color=256 layer=0
  pt=2000,0 text=+0.000 color=256 layer=0
  pt=2000,1000 text=+0.000 color=256 layer=0
  pt=3000,2000 text=+0.000 color=256 layer=0
  pt=3000,3000 text=+0.000 color=256 layer=0
  pt=4000,2000 text=+0.000 color=256 layer=0
  pt=4000,3000 text=+0.000 color=256 layer=0
========== КОНЕЦ AUTOLEVELDUMP ==========

Команда: 
Команда: OPORCLEAN

Очистка OPOR [Session/All] <All>: 

[OPOR] Удалено объектов: 10

Команда: 
Команда: _APPLOAD
02_VBA_ORIGINAL.lsp успешно загружено.


Команда: 
check_dump.lsp загружен. Главная команда: DUMPALL
probe_height_check загружен. Команда: HEIGHTDUMP.
probe_write_level загружен. Команда: WRITELEVELDUMP.
probe_auto_level загружен. Команда: AUTOLEVELDUMP.
probe_slope загружен. Команды: SLOPEDUMP, SLOPECOLORS.
probe_tables загружен. Команда: TBLPROBE
probe_marks v2 загружен. Команда: MARKDUMP
probe_lines.lsp загружен. Команда: LINEDUMP
Оригинальный VBA OPOR загружен. Основная команда: XX.
Команда: 
Команда: XX

Команда: 
Укажите внешний контур
Команда: 
Команда: 
Команда: 
Команда: 
Команда: 
Команда: 
Команда: 
Команда: AUTOLEVELDUMP

========== AUTOLEVELDUMP ==========
Отметок: 10
  pt=0,0 text=+0.000 color=256 layer=0
  pt=0,1000 text=+0.000 color=256 layer=0
  pt=1000,0 text=+0.000 color=256 layer=0
  pt=1000,1000 text=+0.000 color=256 layer=0
  pt=2000,0 text=+0.000 color=256 layer=0
  pt=2000,1000 text=+0.000 color=256 layer=0
  pt=3000,2000 text=+0.000 color=256 layer=0
  pt=3000,3000 text=+0.000 color=256 layer=0
  pt=4000,2000 text=+0.000 color=256 layer=0
  pt=4000,3000 text=+0.000 color=256 layer=0
========== КОНЕЦ AUTOLEVELDUMP ==========

Команда: 
