[ AutoCAD - Wed Jul 15 11:42:59 2026  ]----------------------------------------

Открывается файл формата AutoCAD 2018.
Выполняется регенерация модели.


Утилиты меню AutoCAD загружены.*Прервано*

Команда: 

Файл Autodesk DWG. Это файл формата TrustedDWG, сохраненный в приложении Autodesk или в приложении, лицензированном корпорацией Autodesk.

Команда: 

Команда: 
Команда: Задайте противоположный угол или [Линия/РМн-угол/СМн-угол]: 
Команда: 
Команда: 
Команда: _move найдено: 443

Базовая точка или [Смещение] <Смещение>: 
Вторая точка или <считать смещением первую точку>: 
Команда: *Прервано*

Команда: _фзз
Неизвестная команда "ФЗЗ".  Для вызова справки нажмите F1.

Команда: *Прервано*

Команда: *Прервано*

Команда: _APPLOAD
Успешно загружено файлов: 2.


Команда: 
check_dump.lsp загружен. Главная команда: DUMPALL
probe_height_check загружен. Команда: HEIGHTDUMP.
probe_write_level загружен. Команда: WRITELEVELDUMP.
probe_auto_level загружен. Команда: AUTOLEVELDUMP.
probe_slope загружен. Команды: SLOPEDUMP, SLOPECOLORS.
probe_tables загружен. Команда: TBLPROBE
probe_marks v2 загружен. Команда: MARKDUMP
probe_lines.lsp загружен. Команда: LINEDUMP
Оригинальный VBA OPOR загружен. Основная команда: XX.
Команда: 
[ETS] make_etalons загружен. Команды: ETS1 (контур), ETS3 (+проём), ETS2 (+высоты). Порядок: ETS1 -> ETS3 -> ETS2, с _SAVEAS между шагами.
[ETS7] make_slope_etalons загружен. Команда: ETS7.
[ETS8] make_height_check_etalons загружен. Команда: ETS8.
[ETS9] make_write_level_etalons загружен. Команда: ETS9.
[ETS10] make_auto_level_etalons загружен. Команда: ETS10.
[ETS11] make_ring_etalons загружен. Команда: ETS11.
check_dump.lsp загружен. Главная команда: DUMPALL
probe_height_check загружен. Команда: HEIGHTDUMP.
probe_write_level загружен. Команда: WRITELEVELDUMP.
probe_auto_level загружен. Команда: AUTOLEVELDUMP.
probe_ring загружен. Команда: RINGDUMP.
probe_slope загружен. Команды: SLOPEDUMP, SLOPECOLORS.
probe_tables загружен. Команда: TBLPROBE
probe_marks v2 загружен. Команда: MARKDUMP
probe_lines.lsp загружен. Команда: LINEDUMP
Тестовые инструменты загружены: ETS1/ETS2/ETS3/ETS7/ETS8/ETS9/ETS10/ETS11 и диагностика.
Команда: 
Команда: ETS11

[ETS11] LLOW12: цвет=221, Hmax=17, ожидается=1
[ETS11] LLOW20: цвет=2, Hmax=25, ожидается=2
[ETS11] L0: цвет=1, Hmax=35, ожидается=3
Команда: 
[ETS11] Готово: выбери контур, точку таблицы и Enter; ITOG=6.

Команда: 
Команда: XX
Инициализация системы VBA...
Команда: 
Укажите внешний контур
Укажите точку верхнего левого угла таблицы: 
Команда: 
Команда: 
Команда: 
Команда: 
Команда: 
Команда: Выполняется регенерация модели.

Команда: 
Укажите внешний контур*Прервано*

Команда: 
Команда: Выполняется регенерация модели.

Команда: 
Команда: 
Команда: Противоположный угол: 
Команда: *Прервано*

Команда: RINGDUMP

========== RINGDUMP ==========
Итоговых таблиц: 1
TABLE table_totl_1 handle=3482A
  AREA=
  ITOG=0
  CHPOL=
  DOSKA=
  LAG=
  PLITKA=
  VECTOR=
  PERP=
========== КОНЕЦ RINGDUMP ==========

Команда: 
Команда: XX

Команда: 
Укажите внешний контур
Команда: 
Команда: Выполняется регенерация модели.

Команда: 
Команда: _u 
Команда: _u INTELLIZOOM 
Команда: _u XX ГРУППА Выполняется регенерация модели.

Команда: XX

Команда: 
Укажите внешний контур
Укажите точку верхнего левого угла таблицы: 
Команда: 
Команда: 
Команда: 
Команда: 
Команда: 
Команда: Выполняется регенерация модели.

Команда: 
Укажите внешний контур

Команда: 
Команда: Выполняется регенерация модели.

Команда: 
Команда: RINGDUMP

========== RINGDUMP ==========
Итоговых таблиц: 1
TABLE table_totl_1 handle=34862
  AREA=
  ITOG=6
  CHPOL=
  DOSKA=
  LAG=
  PLITKA=
  VECTOR=
  PERP=
========== КОНЕЦ RINGDUMP ==========

Команда: 
Команда: 
Команда: 
Команда: _qsave 
Команда: *Прервано*

Команда: *Прервано*

Команда:  
Команда: 
