[ AutoCAD - Tue Jul 14 15:36:23 2026  ]----------------------------------------

Открывается файл формата AutoCAD 2018.
Выполняется регенерация модели.


Утилиты меню AutoCAD загружены.*Прервано*

Команда: 

Файл Autodesk DWG. Это файл формата TrustedDWG, сохраненный в приложении Autodesk или в приложении, лицензированном корпорацией Autodesk.

Команда: 

Команда: 
Команда: _APPLOAD
opor2.6.lsp успешно загружено.


Команда: 
Команда: 
Команда: XX
Инициализация системы VBA...
Команда: 
Укажите внешний контур
Команда: 
Команда: 
Команда: 
Команда: 
Команда: 
Команда: 
Команда: 
Команда: 
Команда: XX

Команда: 
Укажите внешний контур
Команда: 
Команда: 
Команда: 
Команда: 
Команда: 
Команда: 
Команда: 
Команда: 
Команда: _APPLOAD
probe_slope.lsp успешно загружено.


Команда: 
probe_slope загружен. Команды: SLOPEDUMP, SLOPECOLORS.
Команда: 
Команда: SLOPEDUMP

========== SLOPEDUMP ==========
Областей линии_высот: 10
--- Блоки slope ---
  text=1% | layer=опоры_текстvb | color=256 = 1
  text=10% | layer=0 | color=1 = 1
  text=2% | layer=0 | color=256 = 1
  text=3% | layer=0 | color=256 = 1
  text=4% | layer=0 | color=256 = 1
  text=5% | layer=0 | color=256 = 1
  text=6% | layer=0 | color=256 = 1
  text=7% | layer=0 | color=256 = 1
  text=8% | layer=0 | color=256 = 1
  text=9% | layer=0 | color=256 = 1
--- Опоры ---
  opor_symb | color=7 = 30
--- Вставки table_slope: 0 ---
========== КОНЕЦ SLOPEDUMP ==========

Команда: 
Команда: XX

Команда: 
Укажите внешний контур
Укажите точку верхнего левого угла таблицы: *Прервано*

Команда: 
Команда: XX

Команда: 
Укажите внешний контур
Укажите точку верхнего левого угла таблицы: 8000,3700

Команда: 
Команда: 
Команда: 
Команда: 
Команда: 
Укажите внешний контур
Команда: 
Команда: Выполняется регенерация модели.

Команда: 
Команда: _u XX ГРУППА Выполняется регенерация модели.

Команда: XX

Команда: 
Укажите внешний контур
Укажите точку верхнего левого угла таблицы: 8000,3700

Команда: 
Команда: 
Команда: 
Команда: 
Команда: 
Укажите внешний контур
Команда: 
Команда: 
Команда: 
Команда: 
Команда: 
Укажите внешний контур

Команда: 
Команда: Выполняется регенерация модели.

Команда: 
Команда: SLOPEDUMP

========== SLOPEDUMP ==========
Областей линии_высот: 10
--- Блоки slope ---
  text=1% | layer=опоры_текстvb | color=256 = 1
  text=10% | layer=0 | color=1 = 1
  text=2% | layer=0 | color=256 = 1
  text=3% | layer=0 | color=256 = 1
  text=4% | layer=0 | color=256 = 1
  text=5% | layer=0 | color=256 = 1
  text=6% | layer=0 | color=256 = 1
  text=7% | layer=0 | color=256 = 1
  text=8% | layer=0 | color=256 = 1
  text=9% | layer=0 | color=256 = 1
--- Опоры ---
  opor_symb | color=111 = 3
  opor_symb | color=12 = 3
  opor_symb | color=161 = 3
  opor_symb | color=242 = 3
  opor_symb | color=249 = 3
  opor_symb | color=5 = 3
  opor_symb | color=55 = 3
  opor_symb | color=64 = 3
  opor_symb | color=7 = 6
--- Вставки table_slope: 1 ---
  [1] P2=3 P2-2=3 P2-ALL=21 P3=3 P3-3=3 P3-ALL=30 P4=3 P4-2=6 P5=3 P5-2=3 P5-3=3 P6=3 P6-3=6 P7=3 P7-2=6 P7-3=3 P8=3 P8-2=3 P8-3=6 P9=3 P9-3=9
========== КОНЕЦ SLOPEDUMP ==========

Команда: 
Команда: *Прервано*

Команда: *Прервано*

Команда:  
Команда: 
