[ AutoCAD - Tue Jul 14 15:25:25 2026  ]----------------------------------------

Открывается файл формата AutoCAD 2018.
Выполняется регенерация модели.

Загружаются DLL-файлы для работы с моделями.


Утилиты меню AutoCAD загружены.*Прервано*

Команда: 

Файл Autodesk DWG. Это файл формата TrustedDWG, сохраненный в приложении Autodesk или в приложении, лицензированном корпорацией Autodesk.

Команда: 

Команда: 
Команда: _APPLOAD
opor-loader.lsp успешно загружено.


Команда: 
[OPOR] Загружено. Команды: OPOR, XX, OPORSLOPE, OPORSLOPEWR, OPORCHECK, OPORCLEAN, OPORDUMP, OPORTABLES, OPOROLD, OPORSHOW, OPORDEBUG.
Команда: 
Команда: OPORSLOPEWR

Укажите внешний контур или Enter для завершения: 
Команда: 
[OPOR] Slope % завершён: областей=5, меньше 2%=0, свыше 9%=1, ошибок отметок=0.
Команда: T

Команда: 
Команда: OPORSLOPEWR

Укажите внешний контур или Enter для завершения: 
Команда: 
[OPOR] Slope % завершён: областей=5, меньше 2%=1, свыше 9%=0, ошибок отметок=0.
Команда: T

Команда: 
Команда: OPORSLOPE

Укажите внешний контур или Enter для завершения: 
Укажите точку верхнего левого угла таблицы: 8000,3700

Команда: 
Укажите следующий внешний контур или Enter для завершения: 
Команда: 
Укажите следующий внешний контур или Enter для завершения: 

[OPOR] Slope завершён: контуров=2, назначено=27, удалено=3, P2=3, P3=3, P4=3, P5=3, P6=3, P7=3, P8=3, P9=3.
Команда: T

Команда: 
Команда: _APPLOAD
probe_slope.lsp успешно загружено.


Команда: 
probe_slope загружен. Команды: SLOPEDUMP, SLOPECOLORS.
Команда: 
Команда: SLOPEDUMP

========== SLOPEDUMP ==========
Областей линии_высот: 10
--- Блоки slope ---
  text=1% | layer=опоры_текстvb | color=256 = 1
  text=10% | layer=0 | color=1 = 1
  text=2% | layer=0 | color=256 = 1
  text=3% | layer=0 | color=256 = 1
  text=4% | layer=0 | color=256 = 1
  text=5% | layer=0 | color=256 = 1
  text=6% | layer=0 | color=256 = 1
  text=7% | layer=0 | color=256 = 1
  text=8% | layer=0 | color=256 = 1
  text=9% | layer=0 | color=256 = 1
--- Опоры ---
  opor_symb | color=111 = 3
  opor_symb | color=12 = 3
  opor_symb | color=161 = 3
  opor_symb | color=242 = 3
  opor_symb | color=249 = 3
  opor_symb | color=5 = 3
  opor_symb | color=55 = 3
  opor_symb | color=64 = 3
  opor_symb | color=7 = 3
--- Вставки table_slope: 1 ---
  [1] P2=3 P2-2=3 P2-ALL=21 P3=3 P3-3=3 P3-ALL=30 P4=3 P4-2=6 P5=3 P5-2=3 P5-3=3 P6=3 P6-3=6 P7=3 P7-2=6 P7-3=3 P8=3 P8-2=3 P8-3=6 P9=3 P9-3=9
========== КОНЕЦ SLOPEDUMP ==========

Команда: 
Команда: Задайте противоположный угол или [Линия/РМн-угол/СМн-угол]: *Прервано*

Команда: 
Команда: *Прервано*

Команда: *Прервано*

Команда: *Прервано*

Команда:  
Команда: 
