[ AutoCAD - Wed Jul 15 10:25:08 2026  ]----------------------------------------

Открывается файл формата AutoCAD 2018.
Выполняется регенерация модели.


Утилиты меню AutoCAD загружены.*Прервано*

Команда: 

Файл Autodesk DWG. Это файл формата TrustedDWG, сохраненный в приложении Autodesk или в приложении, лицензированном корпорацией Autodesk.

Команда: 

Команда: 
Команда: Задайте противоположный угол или [Линия/РМн-угол/СМн-угол]: 
Команда: 
Команда: 
Команда: _move найдено: 443

Базовая точка или [Смещение] <Смещение>: 
Вторая точка или <считать смещением первую точку>: 
Команда: *Прервано*

Команда: 
Команда: 
Команда: _propertiesclose 
Команда: _APPLOAD
03_TEST_TOOLS.lsp успешно загружено.
02_VBA_ORIGINAL.lsp успешно загружено.


Команда: 
[ETS] make_etalons загружен. Команды: ETS1 (контур), ETS3 (+проём), ETS2 (+высоты). Порядок: ETS1 -> ETS3 -> ETS2, с _SAVEAS между шагами.
[ETS7] make_slope_etalons загружен. Команда: ETS7.
[ETS8] make_height_check_etalons загружен. Команда: ETS8.
check_dump.lsp загружен. Главная команда: DUMPALL
probe_height_check загружен. Команда: HEIGHTDUMP.
probe_slope загружен. Команды: SLOPEDUMP, SLOPECOLORS.
probe_tables загружен. Команда: TBLPROBE
probe_marks v2 загружен. Команда: MARKDUMP
probe_lines.lsp загружен. Команда: LINEDUMP
Тестовые инструменты загружены: ETS1/ETS2/ETS3/ETS7/ETS8 и диагностика.
Команда: 
check_dump.lsp загружен. Главная команда: DUMPALL
probe_height_check загружен. Команда: HEIGHTDUMP.
probe_slope загружен. Команды: SLOPEDUMP, SLOPECOLORS.
probe_tables загружен. Команда: TBLPROBE
probe_marks v2 загружен. Команда: MARKDUMP
probe_lines.lsp загружен. Команда: LINEDUMP
Оригинальный VBA OPOR загружен. Основная команда: XX.
Команда: 
Команда: ETS8

[ETS8] Готово. Выбери внешний контур, затем ОРАНЖЕВУЮ опору
[ETS8] в точке 2000,1500; точка результата: 7000,5000.
[ETS8] Ожидание: floor=100, уровень=10, плоскость=10, блоков=4.

Команда: 
Команда: XX
Инициализация системы VBA...
Команда: 
Укажите блок отметки высот воронки
Команда: 
Укажите блок отметки высот воронки
Команда: 
Укажите блок отметки высот воронки
Команда: 
Укажите блок уклона
Команда: 
Укажите блок уклона*Прервано*

Команда: 
Команда: XX

Команда: 
Укажите блок отметки высот воронки
Команда: 
Укажите блок отметки высот воронки
Команда: 
Укажите блок отметки высот воронки
Команда: 
Укажите блок уклона
Команда: 
Укажите блок уклона

Команда: 
Укажите блок уклона*Прервано*

Команда: 
Команда: XX

Команда: 
Укажите внешний контур
Команда: 
Укажите опору внутри области
Укажите точку вывода результата: 7000,5000

Команда: 
Команда: 
Команда: 
Команда: 
Команда: 
Команда: 
Команда: 
Команда: (setq pt1 (list 2000 1500 0))
(2000 1500 0)

Команда: 
Команда: (setq pt2 (list 2000 1500 99999))
(2000 1500 99999)

Команда: 
Команда: (setq p1 (list 0 0 0))
(0 0 0)

Команда: 
Команда: (setq p2 (list 3000 0 10))
(3000 0 10)

Команда: 
Команда: (setq p3 (list 3000 5000 20))
(3000 5000 20)

Команда: 
Команда: (setq calcres (C:CAL "ILP(pt1, pt2, p1, p2, p3)"))
(2000.0 1500.0 9.66667)

Команда: 
Команда: (setq zopor (rtos (caddr calcres) 2 0))
"10"

Команда: 
Команда: (setvar "USERS5" zopor)
"10"

Команда: 
Команда: 
Команда: HEIGHTDUMP

========== HEIGHTDUMP ==========
Блоков проверкаvb3: 4
  pt=5000,3500 scale=7 color=256 LEV=0 H=100-100
  pt=8000,3500 scale=7 color=256 LEV=10 H=100-90
  pt=7000,5000 scale=10 color=1 LEV=10 H=100-90
  pt=8000,8500 scale=7 color=256 LEV=20 H=100-80
Полилиний линии_высот: 2
Полилиний линии_высот3: 1
========== КОНЕЦ HEIGHTDUMP ==========

Команда: 
