[ AutoCAD - Wed Jul 15 11:02:11 2026  ]----------------------------------------

Открывается файл формата AutoCAD 2018.
Выполняется регенерация модели.


Утилиты меню AutoCAD загружены.*Прервано*

Команда: 

Файл Autodesk DWG. Это файл формата TrustedDWG, сохраненный в приложении Autodesk или в приложении, лицензированном корпорацией Autodesk.

Команда: 

Команда: 
Команда: _APPLOAD
Успешно загружено файлов: 2.


Команда: 
check_dump.lsp загружен. Главная команда: DUMPALL
probe_height_check загружен. Команда: HEIGHTDUMP.
probe_write_level загружен. Команда: WRITELEVELDUMP.
probe_slope загружен. Команды: SLOPEDUMP, SLOPECOLORS.
probe_tables загружен. Команда: TBLPROBE
probe_marks v2 загружен. Команда: MARKDUMP
probe_lines.lsp загружен. Команда: LINEDUMP
Оригинальный VBA OPOR загружен. Основная команда: XX.
Команда: 
[ETS] make_etalons загружен. Команды: ETS1 (контур), ETS3 (+проём), ETS2 (+высоты). Порядок: ETS1 -> ETS3 -> ETS2, с _SAVEAS между шагами.
[ETS7] make_slope_etalons загружен. Команда: ETS7.
[ETS8] make_height_check_etalons загружен. Команда: ETS8.
[ETS9] make_write_level_etalons загружен. Команда: ETS9.
check_dump.lsp загружен. Главная команда: DUMPALL
probe_height_check загружен. Команда: HEIGHTDUMP.
probe_write_level загружен. Команда: WRITELEVELDUMP.
probe_slope загружен. Команды: SLOPEDUMP, SLOPECOLORS.
probe_tables загружен. Команда: TBLPROBE
probe_marks v2 загружен. Команда: MARKDUMP
probe_lines.lsp загружен. Команда: LINEDUMP
Тестовые инструменты загружены: ETS1/ETS2/ETS3/ETS7/ETS8/ETS9 и диагностика.
Команда: 
Команда: *Прервано*

Команда: Задайте противоположный угол или [Линия/РМн-угол/СМн-угол]: *Прервано*

Команда: Задайте противоположный угол или [Линия/РМн-угол/СМн-угол]: 
Команда: 
Команда: 
Команда: _move найдено: 443

Базовая точка или [Смещение] <Смещение>: 
Вторая точка или <считать смещением первую точку>: 
Команда: *Прервано*

Команда: ETS9

Команда: 
[ETS9] Готово. h: красная отметка \U+2192 синий slope \U+2192 4 оранжевые \U+2192 Enter.
[ETS9] Ожидание: +125, +138, +113, +125.

Команда: 
Команда: XX
Инициализация системы VBA...
Команда: 
Укажите блок отметки высот воронки
Команда: 
Укажите блок уклона
Команда: 
Укажите блок отметки высот  для расчета
Команда: 
Укажите следующий блок отметки высот
Команда: 
Укажите следующий блок отметки высот
Команда: 
Укажите следующий блок отметки высот
Команда: 
Укажите следующий блок отметки высот

Команда: 
Команда: WRITELEVELDUMP

========== WRITELEVELDUMP ==========
Отметок: 5
  pt=-1000,-1000 text=+125 color=30
  pt=0,0 text=+100 color=1
  pt=1000,1000 text=+125 color=30
  pt=2000,1500 text=+137 color=30
  pt=3000,500 text=+112 color=30
Slope: 1
  pt=500,500 text=2.5% rotation=0 angle=0
========== КОНЕЦ WRITELEVELDUMP ==========

Команда: 
Команда: _APPLOAD
01_OPOR_PORT.lsp успешно загружено.


Команда: 
[OPOR] Загружено. Команды: OPOR, XX, OPORSLOPE, OPORSLOPEWR, OPORHEIGHTCHECK, OPORWRITELEVEL, OPORCHECK, OPORCLEAN, OPORDUMP, OPORTABLES, OPOROLD, OPORSHOW, OPORDEBUG.
check_dump.lsp загружен. Главная команда: DUMPALL
probe_height_check загружен. Команда: HEIGHTDUMP.
probe_write_level загружен. Команда: WRITELEVELDUMP.
probe_slope загружен. Команды: SLOPEDUMP, SLOPECOLORS.
probe_tables загружен. Команда: TBLPROBE
probe_marks v2 загружен. Команда: MARKDUMP
probe_lines.lsp загружен. Команда: LINEDUMP
OPOR port загружен. Основная команда: OPOR (или XX).
Команда: 
Команда: OPOR

Укажите блок отметки высот воронки: 
Укажите блок уклона: 
Укажите блок отметки высот для расчёта или Enter для завершения: 
[OPOR] h: расстояние=1000, delta=25, отметка=+125.
Укажите следующий блок отметки высот или Enter для завершения: 
[OPOR] h: расстояние=500.000000000001, delta=13, отметка=+113.
Укажите следующий блок отметки высот или Enter для завершения: 
[OPOR] h: расстояние=1000, delta=25, отметка=+125.
Укажите следующий блок отметки высот или Enter для завершения: 
[OPOR] h: расстояние=1500.000000000001, delta=38, отметка=+138.
Укажите следующий блок отметки высот или Enter для завершения: 

[OPOR] h завершён: отметок=4, база=+100, уклон=2.5%.

Команда: 
Команда: WRITELEVELDUMP

========== WRITELEVELDUMP ==========
Отметок: 5
  pt=-1000,-1000 text=+125 color=30
  pt=0,0 text=+100 color=1
  pt=1000,1000 text=+125 color=30
  pt=2000,1500 text=+138 color=30
  pt=3000,500 text=+113 color=30
Slope: 1
  pt=500,500 text=2.5% rotation=0 angle=0
========== КОНЕЦ WRITELEVELDUMP ==========

Команда: 
Команда: _APPLOAD
01_OPOR_PORT.lsp успешно загружено.


Команда: 
[OPOR] Загружено. Команды: OPOR, XX, OPORSLOPE, OPORSLOPEWR, OPORHEIGHTCHECK, OPORWRITELEVEL, OPORCHECK, OPORCLEAN, OPORDUMP, OPORTABLES, OPOROLD, OPORSHOW, OPORDEBUG.
check_dump.lsp загружен. Главная команда: DUMPALL
probe_height_check загружен. Команда: HEIGHTDUMP.
probe_write_level загружен. Команда: WRITELEVELDUMP.
probe_slope загружен. Команды: SLOPEDUMP, SLOPECOLORS.
probe_tables загружен. Команда: TBLPROBE
probe_marks v2 загружен. Команда: MARKDUMP
probe_lines.lsp загружен. Команда: LINEDUMP
OPOR port загружен. Основная команда: OPOR (или XX).
Команда: 
Команда: OPOR

Укажите блок отметки высот воронки: 
Укажите блок уклона: 
Укажите блок отметки высот для расчёта или Enter для завершения: 
[OPOR] h: расстояние=1000, delta=25, отметка=+125.
Укажите следующий блок отметки высот или Enter для завершения: 
[OPOR] h завершён: отметок=1, база=+100, уклон=2.5%.

Команда: 
Команда: _u ГРУППА OPOR 
Команда: _u INTELLIPAN 
Команда: _u ЗАГПРИЛ 
Команда: OPOR

Укажите блок отметки высот воронки: 
Укажите блок уклона: 
Укажите блок отметки высот для расчёта или Enter для завершения: 
[OPOR] h: расстояние=1000, delta=25, отметка=+125.
Укажите следующий блок отметки высот или Enter для завершения: 
[OPOR] h: расстояние=500.000000000001, delta=12, отметка=+112.
Укажите следующий блок отметки высот или Enter для завершения: 
[OPOR] h: расстояние=1000, delta=25, отметка=+125.
Укажите следующий блок отметки высот или Enter для завершения: 
[OPOR] h: расстояние=1500.000000000001, delta=37, отметка=+137.
Укажите следующий блок отметки высот или Enter для завершения: 

[OPOR] h завершён: отметок=4, база=+100, уклон=2.5%.

Команда: 
Команда: WRITELEVELDUMP

========== WRITELEVELDUMP ==========
Отметок: 5
  pt=-1000,-1000 text=+125 color=30
  pt=0,0 text=+100 color=1
  pt=1000,1000 text=+125 color=30
  pt=2000,1500 text=+137 color=30
  pt=3000,500 text=+112 color=30
Slope: 1
  pt=500,500 text=2.5% rotation=0 angle=0
========== КОНЕЦ WRITELEVELDUMP ==========

Команда: 
