[ AutoCAD - Mon Jul 06 10:37:25 2026  ]----------------------------------------

Открывается файл формата AutoCAD 2018.
Подстановка [simplex.shx] вместо [GOST B].
Выполняется регенерация модели.


Утилиты меню AutoCAD загружены.*Прервано*

Команда: 

Файл Autodesk DWG. Это файл формата TrustedDWG, сохраненный в приложении Autodesk или в приложении, лицензированном корпорацией Autodesk.

Команда: 

Команда: 
Команда: 
Команда: 
Команда: _pline 
Начальная точка: 0,0

Текущая ширина полилинии равна 0.0000
Следующая точка или [Дуга/Полуширина/длИна/Отменить/Ширина]: 
Следующая точка или [Дуга/Замкнуть/Полуширина/длИна/Отменить/Ширина]: 
Следующая точка или [Дуга/Замкнуть/Полуширина/длИна/Отменить/Ширина]: 
Следующая точка или [Дуга/Замкнуть/Полуширина/длИна/Отменить/Ширина]: З

Команда: 
Команда: 
Команда: 
Команда: _properties 
Команда: *Прервано*

Команда: 
Команда: 
Команда: 
Команда: _copybase 
Базовая точка: найдено: 1

Команда: *Прервано*

Команда: 
Команда: 
Команда: _propertiesclose 
Команда: 
Команда: 
Команда: _pasteclip Повторное определение блока otmetka_oporvb  пропущено.
Подстановка [simplex.shx] вместо [GOST B].
Точка вставки: 0,0

Команда: 
Команда: 
Команда: _pasteclip Повторное определение блока otmetka_oporvb  пропущено.
Подстановка [simplex.shx] вместо [GOST B].
Точка вставки: 3000,0

Команда: 
Команда: 
Команда: 
Команда: _eattedit 
Выберите блок: 5263.267073,1311.918119,0.000000 
Команда: 
Команда: 
Команда: _pasteclip Повторное определение блока otmetka_oporvb  пропущено.
Подстановка [simplex.shx] вместо [GOST B].
Точка вставки: 3000,5000

Команда: 
Команда: 
Команда: 
Команда: _eattedit 
Выберите блок: 4902.256118,6442.516481,0.000000 
Команда: 
Команда: 
Команда: _pasteclip Повторное определение блока otmetka_oporvb  пропущено.
Подстановка [simplex.shx] вместо [GOST B].
Точка вставки: 0,5000

Команда: 
Команда: 
Команда: 
Команда: 
Команда: _eattedit 
Выберите блок: 1901.352549,6352.308158,0.000000 
Команда: 
Команда: 
Команда: _saveas 
