[ AutoCAD - Mon Jul 06 10:10:23 2026  ]----------------------------------------

Открывается файл формата AutoCAD 2018.
Подстановка [simplex.shx] вместо [GOST B].
Выполняется регенерация модели.


Утилиты меню AutoCAD загружены.*Прервано*

Команда: 

Файл Autodesk DWG. Это файл формата TrustedDWG, сохраненный в приложении Autodesk или в приложении, лицензированном корпорацией Autodesk.

Команда: 

Команда: 
Команда: Задайте противоположный угол или [Линия/РМн-угол/СМн-угол]: 
Команда: 
Команда: 
Команда: _pline 
Начальная точка: 1000,1500

Текущая ширина полилинии равна 0.0000
Следующая точка или [Дуга/Полуширина/длИна/Отменить/Ширина]: 0

Следующая точка или [Дуга/Замкнуть/Полуширина/длИна/Отменить/Ширина]: 1200

Следующая точка или [Дуга/Замкнуть/Полуширина/длИна/Отменить/Ширина]: 900

Следующая точка или [Дуга/Замкнуть/Полуширина/длИна/Отменить/Ширина]: З

Команда: 
Команда: 
Команда: _qsave 
Команда: 
Команда: 
Команда: _saveas 
