[ AutoCAD - Tue Jul 07 12:35:30 2026  ]----------------------------------------

Открывается файл формата AutoCAD 2018.
Подстановка [simplex.shx] вместо [GOST B].
Выполняется регенерация модели.


Утилиты меню AutoCAD загружены.
Команда: 

Файл Autodesk DWG. Это файл формата TrustedDWG, сохраненный в приложении Autodesk или в приложении, лицензированном корпорацией Autodesk.

Команда: 

Команда: 
Команда: _APPLOAD
opor-loader.lsp успешно загружено.


Команда: 
[OPOR] Загружено. Команды: OPOR, XX, OPORCHECK, OPORCLEAN, OPORDUMP, OPORTABLES, OPOROLD, OPORSHOW, OPORDEBUG.
Команда: 
Команда: OPOR

Очистка OPOR [Session/All] <All>: A

[OPOR] Удалено объектов: 0

Команда: 
Команда: OPOR

[OPOR] Проверка OPOR:
Версия: 3.8-s6-dbl-lags
Слои: OK
Блоки MVP: OK
Справочно, отсутствующие будущие блоки: 
- нетВыполняется регенерация модели.

Команда: 
[OPOR] Слоёв скрыто: 20
Выберите внешний контур OPOR: 
Команда: 
[OPOR] Проёмов найдено: 0Выполняется регенерация модели.

Команда: 
Начальная точка сетки <Enter = угол у длинного ребра>: 
Направление сетки <Enter = вдоль длинного ребра>: 
Точка вставки итоговой таблицы <Enter = справа от контура>: 

[OPOR] MVP завершён: опор=70, длина лаг=30 м, лаг=10 шт, крепёж лаги (Level TOP)=70.
Команда: 

Команда: 
Команда: 
Команда: *Прервано*

Команда: 
Команда: *Прервано*

Команда: *Прервано*

Команда:  
Команда: 
