[ AutoCAD - Tue Jul 14 12:39:12 2026  ]----------------------------------------

Открывается файл формата AutoCAD 2018.
Подстановка [simplex.shx] вместо [GOST B].
Выполняется регенерация модели.


Утилиты меню AutoCAD загружены.*Прервано*

Команда: 

Файл Autodesk DWG. Это файл формата TrustedDWG, сохраненный в приложении Autodesk или в приложении, лицензированном корпорацией Autodesk.

Команда: 

Команда: 
Команда: _APPLOAD

Команда: 
Команда: 
Команда: _qnew 
Команда: 
Команда: _APPLOAD
opor-loader.lsp успешно загружено.
check_dump.lsp успешно загружено.


Команда: 
[OPOR] Загружено. Команды: OPOR, XX, OPORCHECK, OPORCLEAN, OPORDUMP, OPORTABLES, OPOROLD, OPORSHOW, OPORDEBUG.
Команда: 
check_dump.lsp загружен. Главная команда: DUMPALL
Команда: 
Команда: *Прервано*

Команда: (setq *opor-use-dcl* nil)
nil

Команда: OPOR

OPOR режим [Const/Var/Check/Clean/Exit] <Const>: 

[OPOR] Проверка OPOR:
Версия: 3.9-s4-tiles
Слои: OK
Блоки MVP: OK
Справочно, отсутствующие будущие блоки: 
- нетВыполняется регенерация модели.

Команда: 
[OPOR] Слоёв скрыто: 20
Выберите внешний контур OPOR: 
Команда: 
[OPOR] Проёмов найдено: 0Выполняется регенерация модели.

Команда: 
Линейка опор [lev/3D/PRO] <lev>: 

Доступные опоры из таблицы 'Опоры':
  1. LOW 12  <17  цвет 221
  2. LOW 20  17-25  цвет 2
  3. 25-35  25-35  цвет 1
  4. 35-50  35-50  цвет 92
  5. 50-80  50-80  цвет 131
  6. 80-140  80-140  цвет 30
  7. 95-155  140-155  цвет 160
  8. 145-240  155-240  цвет 60
  9. 160-270  240-270  цвет 134
  10. 235-340  270-340  цвет 42
  11. 235-400  340-400  цвет 26
  12. 315-530  400-530  цвет 82
  13. 390-660  530-660  цвет 163
Номер опоры <1>: 

Шаг по вектору, мм <600>: 

Шаг по перпендикуляру, мм <600>: 

Радиус опоры, мм <100>: 

Покрытие [d/p] <d>: 

Шаг сдвоенных лаг, мм (0 = нет) <0>: 

Крепление лаги [TOP/Clip/Нет] <Нет>: 

Крепление плитки [Lastra/Tile/TileSoft/LastraSoft/Нет] <Нет>: 

Считать длину лаг по сетке [vect/perp] <vect>: 

Начальная точка сетки <Enter = угол у длинного ребра>: 0,0

Направление сетки <Enter = вдоль длинного ребра>: @1<0

Точка вставки итоговой таблицы <Enter = справа от контура>: 7000,3000

[OPOR] MVP завершён: опор=60, длина лаг=30 м, лаг=10 шт.
Команда: 

Команда: 
Команда: DUMPALL

========== СНИМОК СОСТОЯНИЯ ==========
--- ОПОРЫ (слой опорыvb) --- ВСЕГО: 60
    цвет 221 : 60 шт
--- ЛАГИ (LINE на сеткаvb) --- линий: 10  длина: 30000 мм = 30 м
--- ПЛОЩАДЬ ---
    контур ('контур'): 15 м2
    областиvb: 0 м2
    контур - областиvb: 15 м2
--- СЛОИ ПЛАГИНА ---
    контур : вкл , объектов: 160
    опорыvb : вкл , объектов: 60
    опоры_текстvb : вкл , объектов: 0
    сеткаvb : вкл , объектов: 10
    плиткаvb : вкл , объектов: 0
    областиvb : вкл , объектов: 0
    линии_высот : вкл , объектов: 0
--- ТАБЛИЦА [8 x 3] ---
   |Ведомость чертежей основного комплекта|||
   |№|Наименование|Масштаб|
   |1|{\W0.9;\C256;Общие данные}||
   |2|{\W0.9;\C256;Генеральный план чистового покрытия на отметке +()}|М 1:()|
   |3|{\W0.9;\C256;План установки и монтажа алюминиевых лаг }|М 1:()|
   |4|{\W0.9;\C256;План установки и монтажа регулируемых опор}|М 1:()|
   |5|{\W0.9;\C256;План установки и монтажа корректоров уклона}|М 1:()|
   |6|{\W0.9;\C256;Спецификация поставляемых материалов}||
--- ТАБЛИЦА [6 x 3] ---
   |Ведомость ссылочных и прилагаемых документов|||
   |Обозначение|Наименование|Примечание|
   |СП 17.13330.2017 |{\W0.9;\C256;Кровли}||
   |ГОСТ Р 57141-2016|{\W0.9;\C256;Плиты керамические (керамогранитные)}||
   |ГОСТ 22233-2018|{\W0.9;\C256;Профили прессованные из алюминиевых сплавов для ограждающих конструкций}||
   |ТУ 2291-001-17621611-2014|{\W0.9;\C256;Регулируемые опоры LEVEL, серийный выпуск}||
--- ТАБЛИЦА [6 x 3] ---
   |Ведомость ссылочных и прилагаемых документов|||
   |Обозначение|Наименование|Примечание|
   |СП 17.13330.2017 |{\W0.9;\C256;Кровли}||
   |ГОСТ Р  59555 -2021|{\W0.9;\C256;Изделия профильный из древесно-полимерного композита}||
   |ГОСТ 22233-2018|{\W0.9;\C256;Профили прессованные из алюминиевых сплавов для ограждающих конструкций}||
   |ТУ 2291-001-17621611-2014|{\W0.9;\C256;Регулируемые опоры LEVEL, серийный выпуск}||
--- ТАБЛИЦА [36 x 7] ---
   ||||||||
   |Марка|Изображение|{\fISOCPEUR|b0|i0|c204|p34;Наименование}|Масса 1 шт, грамм|Кол-во, шт.|Масса, кг.|{\fISOCPEUR|b0|i0|c204|p34;Примечание}|
   |LOW 12 мм||Нерегулируемая опора |90||||
   |LOW 20 мм||Нерегулируемая опора |100||||
   |Level LOW DISK||Доборный диск 2,5 мм\Pк нерегулируемой опоре |28||||
   |Level LOW SLOPE 1% ||Корректор уклона 1%
к нерегулируемой опоре|34||||
   |Level PRO 25-35 мм||{\fISOCPEUR|b0|i0|c204|p34;\H1.66667x;Регулируемая опора}|185||||
   |Level PRO 35-50 мм||{\fISOCPEUR|b0|i0|c204|p34;\H1.66667x;Регулируемая опора}|277||||
   |Level PRO 50-80 мм||{\fISOCPEUR|b0|i0|c204|p34;\H1.66667x;Регулируемая опора}|300||||
   |Level PRO 80-140 мм||{\fISOCPEUR|b0|i0|c204|p34;\H1.66667x;Регулируемая опора}|442||||
   |Level PRO 95-155 мм||{\fISOCPEUR|b0|i0|c204|p34;\H1.66667x;Регулируемая опора}|466||||
   |Level PRO 145-240 мм||{\fISOCPEUR|b0|i0|c204|p34;\H1.66667x;Регулируемая опора}|632||||
   |Level PRO 160-270 мм||{\fISOCPEUR|b0|i0|c204|p34;\H1.66667x;Регулируемая опора}|682||||
   |Level PRO 235-340 мм||{\fISOCPEUR|b0|i0|c204|p34;\H1.66667x;Регулируемая опора}|848||||
   |Level PRO 235-400 мм||{\fISOCPEUR|b0|i0|c204|p34;\H1.66667x;Регулируемая опора}|922||||
   |Level PRO 315-530 мм||{\fISOCPEUR|b0|i0|c204|p34;\H1.66667x;Регулируемая опора}|1162||||
   |Level PRO 390-660 мм||{\fISOCPEUR|b0|i0|c204|p34;\H1.66667x;Регулируемая опора}|1402||||
   |Level TOP||Держатель для лаги|37||||
   |Level CLIP||Держатель-клипса для алюминиевой лаги|21||||
   |Level LASTRA SOFT||Крепление для плитки
из прорезиненного пластика
(крепление на опору)|67||||
   |LEVEL TILE SOFT||Крепление для плитки\Pиз прорезиненного пластика\P(крепление на алюминиевую лагу)|33||||
   |Level SLOPE 2%||Корректор уклона на 2% |88||||
   |Level SLOPE 3%||Корректор уклона на 3% |95||||
   |Level RING||Стопорное кольцо|31||||
   |Level FIX||Фиксатор для плитки
(комплект из 4 штук)|1.3||||
   |Level LINE STANDARD||Монтажная алюминиевая лага
3 метра|1821||||
   |Level LINE STANDARD||Монтажная алюминиевая лага
4 метра|2428||||
   |Level LINE LITE||Монтажная облегченная
алюминиевая лага 3 метра|1326||||
   |Level LINE LITE||Монтажная облегченная
алюминиевая лага 4 метра|1768||||
   |Level LINE FRAME||Конструкционная
алюминиевая лага 3 метра|2643||||
   |Level LINE FRAME||Конструкционная
алюминиевая лага 4 метра|3524||||
   |Level LINE FLAT||Конструкционная облегченная
алюминиевая лага 3 метра |1731||||
   |Level LINE STEP||Алюминиевый фиксирующий
профиль|?||||
   |Level PLATE||Стальная крепежная пластина для
 конструкционной алюминиевой лаги LINE|37||||
   |Level PLATE BEND||Сгибаемая стальная  крепежная пластина для
 конструкционной алюминиевой лаги LINE|35||||
   |Level PLATE 90||Угловая стальная  крепежная пластина для
 конструкционной алюминиевой лаги LINE|36||||
--- ТАБЛИЦА [50 x 6] ---
   |Состав комплектующих регулируемых опор||||||
   |Марка|{\fISOCPEUR|b0|i0|c204|p34;Наименование}|Масса 1 шт, гр.|Кол-во, шт.|Масса, кг.|{\fISOCPEUR|b0|i0|c204|p34;Примечание}|
   |Level PRO 25-35 мм||||||
   |Up-XS|Вершина опоры |100||||
   |Down-XS|Основание опоры |85||||
   |Level PRO 35-50 мм||||||
   |Up-S|Вершина опоры |172||||
   |Down-S|Основание опоры |105||||
   |Level PRO 50-80 мм||||||
   |Up-М|Вершина опоры |185||||
   |Down-М|Основание опоры |115||||
   |Level PRO 80-140 мм||||||
   |Up-L|Вершина опоры |275||||
   |Down-L|Основание опоры |167||||
   |Level PRO 95-155 мм||||||
   |Up-М|Вершина опоры |185||||
   | Mid-M|Удлинительная муфта|166||||
   |Down-М|Основание опоры |115||||
   |Level PRO 145-240 мм||||||
   |Up-М|Вершина опоры |185||||
   | Mid-M|Удлинительная муфта|166||||
   | Mid-M|Удлинительная муфта|166||||
   |Down-М|Основание опоры |115||||
   |Level PRO 160-270 мм||||||
   |Up-L|Вершина опоры |275||||
   | Mid-X|Удлинительная муфта|240||||
   |Down-L|Основание опоры |167||||
   |Level PRO 235-340 мм||||||
   |Up-L|Вершина опоры |275||||
   | Mid-X|Удлинительная муфта|240||||
   | Mid-M|Удлинительная муфта|166||||
   |Down-L|Основание опоры |167||||
   |Level PRO 235-400 мм||||||
   |Up-L|Вершина опоры |275||||
   | Mid-X|Удлинительная муфта|240||||
   | Mid-X|Удлинительная муфта|240||||
   |Down-L|Основание опоры |167||||
   |Level PRO 315-530 мм||||||
   |Up-L|Вершина опоры |275||||
   | Mid-X|Удлинительная муфта|240||||
   | Mid-X|Удлинительная муфта|240||||
   | Mid-X|Удлинительная муфта|240||||
   |Down-L|Основание опоры |167||||
   |Level PRO 390-660 мм||||||
   |Up-L|Вершина опоры |275||||
   | Mid-X|Удлинительная муфта|240||||
   | Mid-X|Удлинительная муфта|240||||
   | Mid-X|Удлинительная муфта|240||||
   | Mid-X|Удлинительная муфта|240||||
   |Down-L|Основание опоры |167||||
--- ТАБЛИЦА [40 x 6] ---
   |Состав комплектующих регулируемых опор с корректором уклона||||||
   |Марка|{\fISOCPEUR|b0|i0|c204|p34;Наименование}|Масса 1 шт, гр.|Кол-во, шт.|Масса, кг.|{\fISOCPEUR|b0|i0|c204|p34;Примечание}|
   |Level 3D 35-50 мм||||||
   |Вершина опоры Up-S||||||
   |Основание опоры Down-S||||||
   |Level 3D 50-80 мм||||||
   |Вершина опоры Up-M||||||
   |Основание опоры Down-M||||||
   |Level 3D 80-140 мм||||||
   |Вершина опоры Up-L||||||
   |Основание опоры Down-L||||||
   |Level 3D 95-155 мм||||||
   |Вершина опоры Up-M||||||
   |Удлинительная муфта Mid-M||||||
   |Основание опоры Down-M||||||
   |Level 3D 145-240 мм||||||
   |Вершина опоры Up-M||||||
   |Удлинительная муфта Mid-M X2||||||
   |Основание опоры Down-M||||||
   |Level 3D 160-270 мм||||||
   |Вершина опоры Up-L||||||
   |Удлинительная муфта Mid-X ||||||
   |Основание опоры Down-L||||||
   |Level 3D 235-340 мм||||||
   |Вершина опоры Up-L||||||
   |Удлинительная муфта Mid-X ||||||
   |Удлинительная муфта Mid-М||||||
   |Основание опоры Down-L||||||
   |Level 3D 235-400 мм||||||
   |Вершина опоры Up-L||||||
   |Удлинительная муфта Mid-X X2||||||
   |Основание опоры Down-L||||||
   |Level 3D 315-530 мм||||||
   |Вершина опоры Up-L||||||
   |Удлинительная муфта Mid-X X3||||||
   |Основание опоры Down-L||||||
   |Level 3D 390-660 мм||||||
   |Вершина опоры Up-L||||||
   |Удлинительная муфта Mid-X X4||||||
   |Основание опоры Down-L||||||
--- ТАБЛИЦА [8 x 3] ---
   |Ведомость чертежей основного комплекта|||
   |№|Наименование|Масштаб|
   |1|{\W0.9;\C256;Общие данные}||
   |2|{\W0.9;\C256;Генеральный план чистового покрытия на отметке +()}|М 1:()|
   |3|{\W0.9;\C256;План установки и монтажа алюминиевых лаг }|М 1:()|
   |4|{\W0.9;\C256;План установки и монтажа регулируемых опор}|М 1:()|
   |5|{\W0.9;\C256;План установки и монтажа корректоров уклона}|М 1:()|
   |6|{\W0.9;\C256;Спецификация поставляемых материалов}||
--- ТАБЛИЦА [36 x 7] ---
   ||||||||
   |Марка|Изображение|{\fISOCPEUR|b0|i0|c204|p34;Наименование}|Масса 1 шт, грамм|Кол-во, шт.|Масса, кг.|{\fISOCPEUR|b0|i0|c204|p34;Примечание}|
   |LOW 12 мм||Нерегулируемая опора |90||||
   |LOW 20 мм||Нерегулируемая опора |100||||
   |Level LOW DISK||Доборный диск 2,5 мм\Pк нерегулируемой опоре |28||||
   |Level LOW SLOPE 1% ||Корректор уклона 1%
к нерегулируемой опоре|34||||
   |Level PRO 25-35 мм||{\fISOCPEUR|b0|i0|c204|p34;\H1.66667x;Регулируемая опора}|185||||
   |Level PRO 35-50 мм||{\fISOCPEUR|b0|i0|c204|p34;\H1.66667x;Регулируемая опора}|277||||
   |Level PRO 50-80 мм||{\fISOCPEUR|b0|i0|c204|p34;\H1.66667x;Регулируемая опора}|300||||
   |Level PRO 80-140 мм||{\fISOCPEUR|b0|i0|c204|p34;\H1.66667x;Регулируемая опора}|442||||
   |Level PRO 95-155 мм||{\fISOCPEUR|b0|i0|c204|p34;\H1.66667x;Регулируемая опора}|466||||
   |Level PRO 145-240 мм||{\fISOCPEUR|b0|i0|c204|p34;\H1.66667x;Регулируемая опора}|632||||
   |Level PRO 160-270 мм||{\fISOCPEUR|b0|i0|c204|p34;\H1.66667x;Регулируемая опора}|682||||
   |Level PRO 235-340 мм||{\fISOCPEUR|b0|i0|c204|p34;\H1.66667x;Регулируемая опора}|848||||
   |Level PRO 235-400 мм||{\fISOCPEUR|b0|i0|c204|p34;\H1.66667x;Регулируемая опора}|922||||
   |Level PRO 315-530 мм||{\fISOCPEUR|b0|i0|c204|p34;\H1.66667x;Регулируемая опора}|1162||||
   |Level PRO 390-660 мм||{\fISOCPEUR|b0|i0|c204|p34;\H1.66667x;Регулируемая опора}|1402||||
   |Level TOP||Держатель для лаги|37||||
   |Level CLIP||Держатель-клипса для алюминиевой лаги|21||||
   |Level LASTRA SOFT||Крепление для плитки
из прорезиненного пластика
(крепление на опору)|67||||
   |LEVEL TILE SOFT||Крепление для плитки\Pиз прорезиненного пластика\P(крепление на алюминиевую лагу)|33||||
   |Level SLOPE 2%||Корректор уклона на 2% |88||||
   |Level SLOPE 3%||Корректор уклона на 3% |95||||
   |Level RING||Стопорное кольцо|31||||
   |Level FIX||Фиксатор для плитки
(комплект из 4 штук)|1.3||||
   |Level LINE STANDARD||Монтажная алюминиевая лага
3 метра|1821||||
   |Level LINE STANDARD||Монтажная алюминиевая лага
4 метра|2428||||
   |Level LINE LITE||Монтажная облегченная
алюминиевая лага 3 метра|1326||||
   |Level LINE LITE||Монтажная облегченная
алюминиевая лага 4 метра|1768||||
   |Level LINE FRAME||Конструкционная
алюминиевая лага 3 метра|2643||||
   |Level LINE FRAME||Конструкционная
алюминиевая лага 4 метра|3524||||
   |Level LINE FLAT||Конструкционная облегченная
алюминиевая лага 3 метра |1731||||
   |Level LINE STEP||Алюминиевый фиксирующий
профиль|?||||
   |Level PLATE||Стальная крепежная пластина для
 конструкционной алюминиевой лаги LINE|37||||
   |Level PLATE BEND||Сгибаемая стальная  крепежная пластина для
 конструкционной алюминиевой лаги LINE|35||||
   |Level PLATE 90||Угловая стальная  крепежная пластина для
 конструкционной алюминиевой лаги LINE|36||||
--- ТАБЛИЦА [39 x 3] ---
   |Опоры|||
   |Наименование|Диапазон высот|Цвет|
   |LOW 12|<17|{\C221;221|
   |LOW 20|17-25|{\C2;2|
   |25-35|25-35|{\C1;1|
   |35-50|35-50|{\C92;92|
   |50-80|50-80|{\C131;131|
   |80-140|80-140|{\C30;30|
   |95-155|140-155|{\C160;160|
   |145-240|155-240|{\C60;60|
   |160-270|240-270|{\C134;134|
   |235-340|270-340|42|
   |235-400|340-400|{\C26;26|
   |315-530|400-530|{\C82;82|
   |390-660|530-660|{\C163;163|
   |3D 0-35|<35|{\C1;1|
   |3D 35-50 |35-50|{\C92;92|
   |3D 50-80|50-80|{\C131;131|
   |3D 80-140|80-140|{\C30;30|
   |3D 95-155|140-155|{\C160;160|
   |3D 145-240|155-240|{\C60;60|
   |3D 160-270|240-270|{\C134;134|
   |3D 235-340|270-340|42|
   |3D 235-400|340-400|{\C26;26|
   |3D 315-530|400-530|{\C82;82|
   |3D 390-660|530-660|{\C163;163|
   |PRO LOW12|<17|{\C221;221|
   |PRO LOW20|17-25|{\C2;2|
   |PRO 25-35|25-35|{\C1;1|
   |PRO 35-50|35-50|{\C92;92|
   |PRO 50-80|50-80|{\C131;131|
   |PRO 82-140|80-140|{\C30;30|
   |PRO 95-155|140-155|{\C160;160|
   |PRO 145-240|155-240|{\C60;60|
   |PRO 160-270|240-270|{\C134;134|
   |PRO 235-340|270-340|42|
   |PRO 235-400|340-400|{\C26;26|
   |PRO 315-530|400-530|{\C82;82|
   |PRO 390-660|530-660|{\C163;163|
--- ТАБЛИЦА [8 x 3] ---
   |Ведомость чертежей основного комплекта|||
   |№|Наименование|Масштаб|
   |1|{\fGOST B|b0|i0|c204|p34;\W0.9;\C256;Общие данные}||
   |2|{\fGOST B|b0|i0|c204|p34;\W0.9;\C256;Генеральный план чистового покрытия на отметке +15502}|М 1:100|
   |3|{\fGOST B|b0|i0|c204|p34;\W0.9;\C256;План установки и монтажа алюминиевых лаг }|М 1:100|
   |4|{\fGOST B|b0|i0|c204|p34;\W0.9;\C256;План установки и монтажа регулируемых опор}|М 1:100|
   |5|{\fGOST B|b0|i0|c204|p34;\W0.9;\C256;План установки и монтажа корректоров уклона}|М 1:100|
   |6|{\fGOST B|b0|i0|c204|p34;\W0.9;\C256;Спецификация поставляемых материалов}||
--- ТАБЛИЦА [6 x 3] ---
   |Ведомость ссылочных и прилагаемых документов|||
   |Обозначение|Наименование|Примечание|
   |СП 17.13330.2017 |{\fGOST B|b0|i0|c204|p34;\W0.9;\C256;Кровли}||
   |ГОСТ Р 57141-2016|{\fGOST B|b0|i0|c204|p34;\W0.9;\C256;Плиты керамические (керамогранитные)}||
   |ГОСТ 22233-2018|{\fGOST B|b0|i0|c204|p34;\W0.9;\C256;Профили прессованные из алюминиевых сплавов для ограждающих конструкций}||
   |ТУ 2291-001-17621611-2014|{\fGOST B|b0|i0|c204|p34;\W0.9;\C256;Регулируемые опоры LEVEL, серийный выпуск}||
=====================================

Команда: 
Команда: OPORDUMP

========== OPOR NEW OBJECT DUMP ==========

===== SESSION 20260714_124126-6982953 =====
--- ПО ТИПАМ XDATA ---
    grid-edge : 1
    grid-v : 9
    support : 60
    table : 1
--- ПО СЛОЯМ ---
    контур : 1
    опорыvb : 60
    сеткаvb : 10
--- НОВАЯ СЕТКА --- линий: 10  длина: 30000 мм = 30 м
    grid-v: 9 линий, 27 м, min 3000 мм
    grid-p: 0 линий, 0 м, min - мм
    session grid lag: 27 м
    index ranges: v=(-3 11) p=(-3 8)
    boundary lag candidate: 3 м, mode=all
      outer: 3 м, holes: 0 м
    П5 лаги: рядов=10, поперечных удалено=6
    support split: vertices=4 border=24 nodes=32
    border filter: raw=30 after-vertices=24
    node filter: raw=54 after-self=54 after-vertices=52 after-border=32
    крепёж: лаги= x0, плитки= x0 (шаг 0)
    levels: marks=0 polylines=0 vertices=0 missing-marks=0 triangles=0 height-errors=0
--- НОВЫЕ ОПОРЫ --- всего: 60
    цвет 221 : 60 шт
--- НОВЫЕ ТАБЛИЦЫ --- всего: 1
    блок: table_totl_1
      1 = 60
      2 = 
      3 = 
      4 = 
      5 = 
      6 = 
      7 = 
      8 = 
      9 = 
      10 = 
      11 = 
      12 = 
      13 = 
      AREA = 15
      ITOG = 60
      CHPOL = -
      DOSKA = -
      LAG = -
      PLITKA = -
      VECTOR = 600
      PERP = 600
      LENGTH = 30
      QC = 0
      QR = 0
=========================================

Команда: 
Команда: OPORTABLES

========== OPOR TOTAL TABLE BLOCKS ==========
--- TABLE #1 ---
    block: table_totl_1
    handle: 60B85
    layer: _SG_Support
    session: old/no-xdata
      1 = 
      2 = 
      3 = 
      4 = 
      5 = 
      6 = 
      7 = 
      8 = 
      9 = 
      10 = 
      11 = 
      12 = 
      13 = 
      AREA = 
      ITOG = 
      CHPOL = 0
      DOSKA = 0
      LAG = 0
      PLITKA = 0
      VECTOR = 0
      PERP = 0
      LENGTH = 
      QC = 
      QR = 
--- TABLE #2 ---
    block: table_totl_3D
    handle: 60BA5
    layer: _SG_Support
    session: old/no-xdata
      1 = 
      2 = 
      3 = 
      4 = 
      5 = 
      6 = 
      7 = 
      8 = 
      9 = 
      10 = 
      11 = 
      AREA = 
      ITOG = 
      CHPOL = 0
      DOSKA = 0
      LAG = 0
      PLITKA = 0
      VECTOR = 0
      PERP = 0
      LENGTH = 
      QC = 
      QR = 
--- TABLE #3 ---
    block: table_totl_PRO
    handle: 60BC4
    layer: _SG_Support
    session: old/no-xdata
      1 = 
      2 = 
      3 = 
      4 = 
      5 = 
      6 = 
      7 = 
      8 = 
      9 = 
      10 = 
      11 = 
      12 = 
      13 = 
      AREA = 
      ITOG = 
      CHPOL = 0
      DOSKA = 0
      LAG = 0
      PLITKA = 0
      VECTOR = 0
      PERP = 0
      LENGTH = 
      QC = 
      QR = 
--- TABLE #4 ---
    block: table_totl_1
    handle: 60F00
    layer: контур
    session: 20260714_124126-6982953
      1 = 60
      2 = 
      3 = 
      4 = 
      5 = 
      6 = 
      7 = 
      8 = 
      9 = 
      10 = 
      11 = 
      12 = 
      13 = 
      AREA = 15
      ITOG = 60
      CHPOL = -
      DOSKA = -
      LAG = -
      PLITKA = -
      VECTOR = 600
      PERP = 600
      LENGTH = 30
      QC = 0
      QR = 0
============================================

Команда: 
Команда: *Прервано*

Команда: *Прервано*

Команда:  
Команда: 
