[ AutoCAD - Tue Jul 07 12:40:12 2026  ]----------------------------------------

Команда: _APPLOAD
opor-loader.lsp успешно загружено.


Команда: 
[OPOR] Загружено. Команды: OPOR, XX, OPORCHECK, OPORCLEAN, OPORDUMP, OPORTABLES, OPOROLD, OPORSHOW, OPORDEBUG.
Команда: 
Команда: OPORCLEAN

Очистка OPOR [Session/All] <All>: 

[OPOR] Удалено объектов: 0

Команда: 
Команда: OPOR

[OPOR] Проверка OPOR:
Версия: 3.8-s6-dbl-lags
Слои: OK
Блоки MVP: OK
Справочно, отсутствующие будущие блоки: 
- нетВыполняется регенерация модели.

Команда: 
[OPOR] Слоёв скрыто: 20
Выберите внешний контур OPOR: 
Команда: 
[OPOR] Проёмов найдено: 1Выполняется регенерация модели.

Команда: 
Начальная точка сетки <Enter = угол у длинного ребра>: 0,0

Направление сетки <Enter = вдоль длинного ребра>: @1<0

Точка вставки итоговой таблицы <Enter = справа от контура>: 7000,3000

[OPOR] MVP завершён: опор=68, длина лаг=30 м, лаг=12 шт.
Команда: 

Команда: 
Команда: 
Команда: 
Команда: 
Команда: _Laymcur 
Слой 0 установлен текущим.

Команда: Задайте противоположный угол или [Линия/РМн-угол/СМн-угол]: *Прервано*

Команда: _APPLOAD
check_dump.lsp успешно загружено.


Команда: 
check_dump.lsp загружен. Главная команда: DUMPALL
Команда: 
Команда: DUMPALL

========== СНИМОК СОСТОЯНИЯ ==========
--- ОПОРЫ (слой опорыvb) --- ВСЕГО: 68
    цвет 221 : 68 шт
--- ЛАГИ (LINE на сеткаvb) --- линий: 14  длина: 30000 мм = 30 м
--- ПЛОЩАДЬ ---
    контур ('контур'): 15 м2
    областиvb: 1.08 м2
    контур - областиvb: 13.92 м2
--- СЛОИ ПЛАГИНА ---
    контур : вкл , объектов: 159
    опорыvb : вкл , объектов: 68
    опоры_текстvb : вкл , объектов: 0
    сеткаvb : вкл , объектов: 14
    плиткаvb : вкл , объектов: 0
    областиvb : вкл , объектов: 1
    линии_высот : вкл , объектов: 1
--- ТАБЛИЦА [8 x 3] ---
   |Ведомость чертежей основного комплекта|||
   |№|Наименование|Масштаб|
   |1|{\W0.9;\C256;Общие данные}||
   |2|{\W0.9;\C256;Генеральный план чистового покрытия на отметке +()}|М 1:()|
   |3|{\W0.9;\C256;План установки и монтажа алюминиевых лаг }|М 1:()|
   |4|{\W0.9;\C256;План установки и монтажа регулируемых опор}|М 1:()|
   |5|{\W0.9;\C256;План установки и монтажа корректоров уклона}|М 1:()|
   |6|{\W0.9;\C256;Спецификация поставляемых материалов}||
--- ТАБЛИЦА [6 x 3] ---
   |Ведомость ссылочных и прилагаемых документов|||
   |Обозначение|Наименование|Примечание|
   |СП 17.13330.2017 |{\W0.9;\C256;Кровли}||
   |ГОСТ Р 57141-2016|{\W0.9;\C256;Плиты керамические (керамогранитные)}||
   |ГОСТ 22233-2018|{\W0.9;\C256;Профили прессованные из алюминиевых сплавов для ограждающих конструкций}||
   |ТУ 2291-001-17621611-2014|{\W0.9;\C256;Регулируемые опоры LEVEL, серийный выпуск}||
--- ТАБЛИЦА [6 x 3] ---
   |Ведомость ссылочных и прилагаемых документов|||
   |Обозначение|Наименование|Примечание|
   |СП 17.13330.2017 |{\W0.9;\C256;Кровли}||
   |ГОСТ Р  59555 -2021|{\W0.9;\C256;Изделия профильный из древесно-полимерного композита}||
   |ГОСТ 22233-2018|{\W0.9;\C256;Профили прессованные из алюминиевых сплавов для ограждающих конструкций}||
   |ТУ 2291-001-17621611-2014|{\W0.9;\C256;Регулируемые опоры LEVEL, серийный выпуск}||
--- ТАБЛИЦА [36 x 7] ---
   ||||||||
   |Марка|Изображение|{\fISOCPEUR|b0|i0|c204|p34;Наименование}|Масса 1 шт, грамм|Кол-во, шт.|Масса, кг.|{\fISOCPEUR|b0|i0|c204|p34;Примечание}|
   |LOW 12 мм||Нерегулируемая опора |90||||
   |LOW 20 мм||Нерегулируемая опора |100||||
   |Level LOW DISK||Доборный диск 2,5 мм\Pк нерегулируемой опоре |28||||
   |Level LOW SLOPE 1% ||Корректор уклона 1%
к нерегулируемой опоре|34||||
   |Level PRO 25-35 мм||{\fISOCPEUR|b0|i0|c204|p34;\H1.66667x;Регулируемая опора}|185||||
   |Level PRO 35-50 мм||{\fISOCPEUR|b0|i0|c204|p34;\H1.66667x;Регулируемая опора}|277||||
   |Level PRO 50-80 мм||{\fISOCPEUR|b0|i0|c204|p34;\H1.66667x;Регулируемая опора}|300||||
   |Level PRO 80-140 мм||{\fISOCPEUR|b0|i0|c204|p34;\H1.66667x;Регулируемая опора}|442||||
   |Level PRO 95-155 мм||{\fISOCPEUR|b0|i0|c204|p34;\H1.66667x;Регулируемая опора}|466||||
   |Level PRO 145-240 мм||{\fISOCPEUR|b0|i0|c204|p34;\H1.66667x;Регулируемая опора}|632||||
   |Level PRO 160-270 мм||{\fISOCPEUR|b0|i0|c204|p34;\H1.66667x;Регулируемая опора}|682||||
   |Level PRO 235-340 мм||{\fISOCPEUR|b0|i0|c204|p34;\H1.66667x;Регулируемая опора}|848||||
   |Level PRO 235-400 мм||{\fISOCPEUR|b0|i0|c204|p34;\H1.66667x;Регулируемая опора}|922||||
   |Level PRO 315-530 мм||{\fISOCPEUR|b0|i0|c204|p34;\H1.66667x;Регулируемая опора}|1162||||
   |Level PRO 390-660 мм||{\fISOCPEUR|b0|i0|c204|p34;\H1.66667x;Регулируемая опора}|1402||||
   |Level TOP||Держатель для лаги|37||||
   |Level CLIP||Держатель-клипса для алюминиевой лаги|21||||
   |Level LASTRA SOFT||Крепление для плитки
из прорезиненного пластика
(крепление на опору)|67||||
   |LEVEL TILE SOFT||Крепление для плитки\Pиз прорезиненного пластика\P(крепление на алюминиевую лагу)|33||||
   |Level SLOPE 2%||Корректор уклона на 2% |88||||
   |Level SLOPE 3%||Корректор уклона на 3% |95||||
   |Level RING||Стопорное кольцо|31||||
   |Level FIX||Фиксатор для плитки
(комплект из 4 штук)|1.3||||
   |Level LINE STANDARD||Монтажная алюминиевая лага
3 метра|1821||||
   |Level LINE STANDARD||Монтажная алюминиевая лага
4 метра|2428||||
   |Level LINE LITE||Монтажная облегченная
алюминиевая лага 3 метра|1326||||
   |Level LINE LITE||Монтажная облегченная
алюминиевая лага 4 метра|1768||||
   |Level LINE FRAME||Конструкционная
алюминиевая лага 3 метра|2643||||
   |Level LINE FRAME||Конструкционная
алюминиевая лага 4 метра|3524||||
   |Level LINE FLAT||Конструкционная облегченная
алюминиевая лага 3 метра |1731||||
   |Level LINE STEP||Алюминиевый фиксирующий
профиль|?||||
   |Level PLATE||Стальная крепежная пластина для
 конструкционной алюминиевой лаги LINE|37||||
   |Level PLATE BEND||Сгибаемая стальная  крепежная пластина для
 конструкционной алюминиевой лаги LINE|35||||
   |Level PLATE 90||Угловая стальная  крепежная пластина для
 конструкционной алюминиевой лаги LINE|36||||
--- ТАБЛИЦА [50 x 6] ---
   |Состав комплектующих регулируемых опор||||||
   |Марка|{\fISOCPEUR|b0|i0|c204|p34;Наименование}|Масса 1 шт, гр.|Кол-во, шт.|Масса, кг.|{\fISOCPEUR|b0|i0|c204|p34;Примечание}|
   |Level PRO 25-35 мм||||||
   |Up-XS|Вершина опоры |100||||
   |Down-XS|Основание опоры |85||||
   |Level PRO 35-50 мм||||||
   |Up-S|Вершина опоры |172||||
   |Down-S|Основание опоры |105||||
   |Level PRO 50-80 мм||||||
   |Up-М|Вершина опоры |185||||
   |Down-М|Основание опоры |115||||
   |Level PRO 80-140 мм||||||
   |Up-L|Вершина опоры |275||||
   |Down-L|Основание опоры |167||||
   |Level PRO 95-155 мм||||||
   |Up-М|Вершина опоры |185||||
   | Mid-M|Удлинительная муфта|166||||
   |Down-М|Основание опоры |115||||
   |Level PRO 145-240 мм||||||
   |Up-М|Вершина опоры |185||||
   | Mid-M|Удлинительная муфта|166||||
   | Mid-M|Удлинительная муфта|166||||
   |Down-М|Основание опоры |115||||
   |Level PRO 160-270 мм||||||
   |Up-L|Вершина опоры |275||||
   | Mid-X|Удлинительная муфта|240||||
   |Down-L|Основание опоры |167||||
   |Level PRO 235-340 мм||||||
   |Up-L|Вершина опоры |275||||
   | Mid-X|Удлинительная муфта|240||||
   | Mid-M|Удлинительная муфта|166||||
   |Down-L|Основание опоры |167||||
   |Level PRO 235-400 мм||||||
   |Up-L|Вершина опоры |275||||
   | Mid-X|Удлинительная муфта|240||||
   | Mid-X|Удлинительная муфта|240||||
   |Down-L|Основание опоры |167||||
   |Level PRO 315-530 мм||||||
   |Up-L|Вершина опоры |275||||
   | Mid-X|Удлинительная муфта|240||||
   | Mid-X|Удлинительная муфта|240||||
   | Mid-X|Удлинительная муфта|240||||
   |Down-L|Основание опоры |167||||
   |Level PRO 390-660 мм||||||
   |Up-L|Вершина опоры |275||||
   | Mid-X|Удлинительная муфта|240||||
   | Mid-X|Удлинительная муфта|240||||
   | Mid-X|Удлинительная муфта|240||||
   | Mid-X|Удлинительная муфта|240||||
   |Down-L|Основание опоры |167||||
--- ТАБЛИЦА [40 x 6] ---
   |Состав комплектующих регулируемых опор с корректором уклона||||||
   |Марка|{\fISOCPEUR|b0|i0|c204|p34;Наименование}|Масса 1 шт, гр.|Кол-во, шт.|Масса, кг.|{\fISOCPEUR|b0|i0|c204|p34;Примечание}|
   |Level 3D 35-50 мм||||||
   |Вершина опоры Up-S||||||
   |Основание опоры Down-S||||||
   |Level 3D 50-80 мм||||||
   |Вершина опоры Up-M||||||
   |Основание опоры Down-M||||||
   |Level 3D 80-140 мм||||||
   |Вершина опоры Up-L||||||
   |Основание опоры Down-L||||||
   |Level 3D 95-155 мм||||||
   |Вершина опоры Up-M||||||
   |Удлинительная муфта Mid-M||||||
   |Основание опоры Down-M||||||
   |Level 3D 145-240 мм||||||
   |Вершина опоры Up-M||||||
   |Удлинительная муфта Mid-M X2||||||
   |Основание опоры Down-M||||||
   |Level 3D 160-270 мм||||||
   |Вершина опоры Up-L||||||
   |Удлинительная муфта Mid-X ||||||
   |Основание опоры Down-L||||||
   |Level 3D 235-340 мм||||||
   |Вершина опоры Up-L||||||
   |Удлинительная муфта Mid-X ||||||
   |Удлинительная муфта Mid-М||||||
   |Основание опоры Down-L||||||
   |Level 3D 235-400 мм||||||
   |Вершина опоры Up-L||||||
   |Удлинительная муфта Mid-X X2||||||
   |Основание опоры Down-L||||||
   |Level 3D 315-530 мм||||||
   |Вершина опоры Up-L||||||
   |Удлинительная муфта Mid-X X3||||||
   |Основание опоры Down-L||||||
   |Level 3D 390-660 мм||||||
   |Вершина опоры Up-L||||||
   |Удлинительная муфта Mid-X X4||||||
   |Основание опоры Down-L||||||
--- ТАБЛИЦА [8 x 3] ---
   |Ведомость чертежей основного комплекта|||
   |№|Наименование|Масштаб|
   |1|{\W0.9;\C256;Общие данные}||
   |2|{\W0.9;\C256;Генеральный план чистового покрытия на отметке +()}|М 1:()|
   |3|{\W0.9;\C256;План установки и монтажа алюминиевых лаг }|М 1:()|
   |4|{\W0.9;\C256;План установки и монтажа регулируемых опор}|М 1:()|
   |5|{\W0.9;\C256;План установки и монтажа корректоров уклона}|М 1:()|
   |6|{\W0.9;\C256;Спецификация поставляемых материалов}||
--- ТАБЛИЦА [36 x 7] ---
   ||||||||
   |Марка|Изображение|{\fISOCPEUR|b0|i0|c204|p34;Наименование}|Масса 1 шт, грамм|Кол-во, шт.|Масса, кг.|{\fISOCPEUR|b0|i0|c204|p34;Примечание}|
   |LOW 12 мм||Нерегулируемая опора |90||||
   |LOW 20 мм||Нерегулируемая опора |100||||
   |Level LOW DISK||Доборный диск 2,5 мм\Pк нерегулируемой опоре |28||||
   |Level LOW SLOPE 1% ||Корректор уклона 1%
к нерегулируемой опоре|34||||
   |Level PRO 25-35 мм||{\fISOCPEUR|b0|i0|c204|p34;\H1.66667x;Регулируемая опора}|185||||
   |Level PRO 35-50 мм||{\fISOCPEUR|b0|i0|c204|p34;\H1.66667x;Регулируемая опора}|277||||
   |Level PRO 50-80 мм||{\fISOCPEUR|b0|i0|c204|p34;\H1.66667x;Регулируемая опора}|300||||
   |Level PRO 80-140 мм||{\fISOCPEUR|b0|i0|c204|p34;\H1.66667x;Регулируемая опора}|442||||
   |Level PRO 95-155 мм||{\fISOCPEUR|b0|i0|c204|p34;\H1.66667x;Регулируемая опора}|466||||
   |Level PRO 145-240 мм||{\fISOCPEUR|b0|i0|c204|p34;\H1.66667x;Регулируемая опора}|632||||
   |Level PRO 160-270 мм||{\fISOCPEUR|b0|i0|c204|p34;\H1.66667x;Регулируемая опора}|682||||
   |Level PRO 235-340 мм||{\fISOCPEUR|b0|i0|c204|p34;\H1.66667x;Регулируемая опора}|848||||
   |Level PRO 235-400 мм||{\fISOCPEUR|b0|i0|c204|p34;\H1.66667x;Регулируемая опора}|922||||
   |Level PRO 315-530 мм||{\fISOCPEUR|b0|i0|c204|p34;\H1.66667x;Регулируемая опора}|1162||||
   |Level PRO 390-660 мм||{\fISOCPEUR|b0|i0|c204|p34;\H1.66667x;Регулируемая опора}|1402||||
   |Level TOP||Держатель для лаги|37||||
   |Level CLIP||Держатель-клипса для алюминиевой лаги|21||||
   |Level LASTRA SOFT||Крепление для плитки
из прорезиненного пластика
(крепление на опору)|67||||
   |LEVEL TILE SOFT||Крепление для плитки\Pиз прорезиненного пластика\P(крепление на алюминиевую лагу)|33||||
   |Level SLOPE 2%||Корректор уклона на 2% |88||||
   |Level SLOPE 3%||Корректор уклона на 3% |95||||
   |Level RING||Стопорное кольцо|31||||
   |Level FIX||Фиксатор для плитки
(комплект из 4 штук)|1.3||||
   |Level LINE STANDARD||Монтажная алюминиевая лага
3 метра|1821||||
   |Level LINE STANDARD||Монтажная алюминиевая лага
4 метра|2428||||
   |Level LINE LITE||Монтажная облегченная
алюминиевая лага 3 метра|1326||||
   |Level LINE LITE||Монтажная облегченная
алюминиевая лага 4 метра|1768||||
   |Level LINE FRAME||Конструкционная
алюминиевая лага 3 метра|2643||||
   |Level LINE FRAME||Конструкционная
алюминиевая лага 4 метра|3524||||
   |Level LINE FLAT||Конструкционная облегченная
алюминиевая лага 3 метра |1731||||
   |Level LINE STEP||Алюминиевый фиксирующий
профиль|?||||
   |Level PLATE||Стальная крепежная пластина для
 конструкционной алюминиевой лаги LINE|37||||
   |Level PLATE BEND||Сгибаемая стальная  крепежная пластина для
 конструкционной алюминиевой лаги LINE|35||||
   |Level PLATE 90||Угловая стальная  крепежная пластина для
 конструкционной алюминиевой лаги LINE|36||||
--- ТАБЛИЦА [39 x 3] ---
   |Опоры|||
   |Наименование|Диапазон высот|Цвет|
   |LOW 12|<17|{\C221;221|
   |LOW 20|17-25|{\C2;2|
   |25-35|25-35|{\C1;1|
   |35-50|35-50|{\C92;92|
   |50-80|50-80|{\C131;131|
   |80-140|80-140|{\C30;30|
   |95-155|140-155|{\C160;160|
   |145-240|155-240|{\C60;60|
   |160-270|240-270|{\C134;134|
   |235-340|270-340|42|
   |235-400|340-400|{\C26;26|
   |315-530|400-530|{\C82;82|
   |390-660|530-660|{\C163;163|
   |3D 0-35|<35|{\C1;1|
   |3D 35-50 |35-50|{\C92;92|
   |3D 50-80|50-80|{\C131;131|
   |3D 80-140|80-140|{\C30;30|
   |3D 95-155|140-155|{\C160;160|
   |3D 145-240|155-240|{\C60;60|
   |3D 160-270|240-270|{\C134;134|
   |3D 235-340|270-340|42|
   |3D 235-400|340-400|{\C26;26|
   |3D 315-530|400-530|{\C82;82|
   |3D 390-660|530-660|{\C163;163|
   |PRO LOW12|<17|{\C221;221|
   |PRO LOW20|17-25|{\C2;2|
   |PRO 25-35|25-35|{\C1;1|
   |PRO 35-50|35-50|{\C92;92|
   |PRO 50-80|50-80|{\C131;131|
   |PRO 82-140|80-140|{\C30;30|
   |PRO 95-155|140-155|{\C160;160|
   |PRO 145-240|155-240|{\C60;60|
   |PRO 160-270|240-270|{\C134;134|
   |PRO 235-340|270-340|42|
   |PRO 235-400|340-400|{\C26;26|
   |PRO 315-530|400-530|{\C82;82|
   |PRO 390-660|530-660|{\C163;163|
--- ТАБЛИЦА [8 x 3] ---
   |Ведомость чертежей основного комплекта|||
   |№|Наименование|Масштаб|
   |1|{\fGOST B|b0|i0|c204|p34;\W0.9;\C256;Общие данные}||
   |2|{\fGOST B|b0|i0|c204|p34;\W0.9;\C256;Генеральный план чистового покрытия на отметке +15502}|М 1:100|
   |3|{\fGOST B|b0|i0|c204|p34;\W0.9;\C256;План установки и монтажа алюминиевых лаг }|М 1:100|
   |4|{\fGOST B|b0|i0|c204|p34;\W0.9;\C256;План установки и монтажа регулируемых опор}|М 1:100|
   |5|{\fGOST B|b0|i0|c204|p34;\W0.9;\C256;План установки и монтажа корректоров уклона}|М 1:100|
   |6|{\fGOST B|b0|i0|c204|p34;\W0.9;\C256;Спецификация поставляемых материалов}||
--- ТАБЛИЦА [6 x 3] ---
   |Ведомость ссылочных и прилагаемых документов|||
   |Обозначение|Наименование|Примечание|
   |СП 17.13330.2017 |{\fGOST B|b0|i0|c204|p34;\W0.9;\C256;Кровли}||
   |ГОСТ Р 57141-2016|{\fGOST B|b0|i0|c204|p34;\W0.9;\C256;Плиты керамические (керамогранитные)}||
   |ГОСТ 22233-2018|{\fGOST B|b0|i0|c204|p34;\W0.9;\C256;Профили прессованные из алюминиевых сплавов для ограждающих конструкций}||
   |ТУ 2291-001-17621611-2014|{\fGOST B|b0|i0|c204|p34;\W0.9;\C256;Регулируемые опоры LEVEL, серийный выпуск}||
=====================================

Команда: 
Команда: OPORDUMP

========== OPOR NEW OBJECT DUMP ==========

===== SESSION 20260707_12402701-13193375 =====
--- ПО ТИПАМ XDATA ---
    grid-edge : 3
    grid-v : 11
    support : 68
    table : 1
--- ПО СЛОЯМ ---
    0 : 1
    опорыvb : 68
    сеткаvb : 14
--- НОВАЯ СЕТКА --- линий: 14  длина: 30000 мм = 30 м
    grid-v: 11 линий, 25.2 м, min 1000 мм
    grid-p: 0 линий, 0 м, min - мм
    session grid lag: 25.2 м
    index ranges: v=(-3 11) p=(-3 8)
    boundary lag candidate: 4.8 м, mode=all
      outer: 3 м, holes: 1.8 м
    П5 лаги: рядов=12, поперечных удалено=8
    support split: vertices=4 border=32 nodes=32
    border filter: raw=38 after-vertices=32
    node filter: raw=54 after-self=54 after-vertices=52 after-border=32
    крепёж: лаги= x0, плитки= x0 (шаг 0)
    levels: marks=0 polylines=0 vertices=0 missing-marks=0 triangles=0 height-errors=0
--- НОВЫЕ ОПОРЫ --- всего: 68
    цвет 221 : 68 шт
--- НОВЫЕ ТАБЛИЦЫ --- всего: 1
    блок: table_totl_1
      1 = 68
      2 = 
      3 = 
      4 = 
      5 = 
      6 = 
      7 = 
      8 = 
      9 = 
      10 = 
      11 = 
      12 = 
      13 = 
      AREA = 14
      ITOG = 68
      CHPOL = -
      DOSKA = -
      LAG = -
      PLITKA = -
      VECTOR = 600
      PERP = 600
      LENGTH = 30
      QC = 0
      QR = 0
=========================================

Команда: 
Команда: 
Автоматическое сохранение в C:\Users\user\AppData\Local\Temp\S1_lisp_1_21763_7af539cc.sv$ ...

Команда: 
Команда: Задайте противоположный угол или [Линия/РМн-угол/СМн-угол]: 
Команда: 
Команда: OPORCLEAN

Очистка OPOR [Session/All] <All>: 

[OPOR] Удалено объектов: 83

Команда: 
Команда: OPOR

[OPOR] Проверка OPOR:
Версия: 3.8-s6-dbl-lags
Слои: OK
Блоки MVP: OK
Справочно, отсутствующие будущие блоки: 
- нетВыполняется регенерация модели.

Команда: 
[OPOR] Слоёв скрыто: 20
Выберите внешний контур OPOR: 
Команда: 
[OPOR] Проёмов найдено: 1Выполняется регенерация модели.

Команда: 
Начальная точка сетки <Enter = угол у длинного ребра>: 
Направление сетки <Enter = вдоль длинного ребра>: 
Точка вставки итоговой таблицы <Enter = справа от контура>: _u 
Неверная точка.

Точка вставки итоговой таблицы <Enter = справа от контура>: _u 
Неверная точка.

Точка вставки итоговой таблицы <Enter = справа от контура>: *Прервано*

Команда: nil

Команда: 
Команда: OPOR

[OPOR] Проверка OPOR:
Версия: 3.8-s6-dbl-lags
Слои: OK
Блоки MVP: OK
Справочно, отсутствующие будущие блоки: 
- нетВыполняется регенерация модели.

Команда: 
[OPOR] Слоёв скрыто: 20
Выберите внешний контур OPOR: 
Команда: 
[OPOR] Проёмов найдено: 1Выполняется регенерация модели.

Команда: 
Начальная точка сетки <Enter = угол у длинного ребра>: 00

Точка вне контура — кликните внутри подсвеченного контура или Enter для авто.
Начальная точка сетки <Enter = угол у длинного ребра>: *Прервано*

Команда: nil

Команда: 
Команда: OPOR

[OPOR] Проверка OPOR:
Версия: 3.8-s6-dbl-lags
Слои: OK
Блоки MVP: OK
Справочно, отсутствующие будущие блоки: 
- нетВыполняется регенерация модели.

Команда: 
[OPOR] Слоёв скрыто: 20
Выберите внешний контур OPOR: 
Команда: 
[OPOR] Проёмов найдено: 1Выполняется регенерация модели.

Команда: 
Начальная точка сетки <Enter = угол у длинного ребра>: 0,0

Направление сетки <Enter = вдоль длинного ребра>: @1<0

Точка вставки итоговой таблицы <Enter = справа от контура>: 7000,3000

[OPOR] MVP завершён: опор=86, длина лаг=41 м, лаг=15 шт, крепёж лаги (Level TOP)=86.
Команда: 

Команда: 
Команда: 
Команда: 
Команда: 
Команда: _Laymcur 
Слой 0 установлен текущим.

Команда: *Прервано*

Команда: DUMPALL

========== СНИМОК СОСТОЯНИЯ ==========
--- ОПОРЫ (слой опорыvb) --- ВСЕГО: 86
    цвет 221 : 86 шт
--- ЛАГИ (LINE на сеткаvb) --- линий: 18  длина: 38100 мм = 38.1 м
--- ПЛОЩАДЬ ---
    контур ('контур'): 15 м2
    областиvb: 1.08 м2
    контур - областиvb: 13.92 м2
--- СЛОИ ПЛАГИНА ---
    контур : вкл , объектов: 159
    опорыvb : вкл , объектов: 86
    опоры_текстvb : вкл , объектов: 0
    сеткаvb : вкл , объектов: 18
    плиткаvb : вкл , объектов: 0
    областиvb : вкл , объектов: 1
    линии_высот : вкл , объектов: 1
--- ТАБЛИЦА [8 x 3] ---
   |Ведомость чертежей основного комплекта|||
   |№|Наименование|Масштаб|
   |1|{\W0.9;\C256;Общие данные}||
   |2|{\W0.9;\C256;Генеральный план чистового покрытия на отметке +()}|М 1:()|
   |3|{\W0.9;\C256;План установки и монтажа алюминиевых лаг }|М 1:()|
   |4|{\W0.9;\C256;План установки и монтажа регулируемых опор}|М 1:()|
   |5|{\W0.9;\C256;План установки и монтажа корректоров уклона}|М 1:()|
   |6|{\W0.9;\C256;Спецификация поставляемых материалов}||
--- ТАБЛИЦА [6 x 3] ---
   |Ведомость ссылочных и прилагаемых документов|||
   |Обозначение|Наименование|Примечание|
   |СП 17.13330.2017 |{\W0.9;\C256;Кровли}||
   |ГОСТ Р 57141-2016|{\W0.9;\C256;Плиты керамические (керамогранитные)}||
   |ГОСТ 22233-2018|{\W0.9;\C256;Профили прессованные из алюминиевых сплавов для ограждающих конструкций}||
   |ТУ 2291-001-17621611-2014|{\W0.9;\C256;Регулируемые опоры LEVEL, серийный выпуск}||
--- ТАБЛИЦА [6 x 3] ---
   |Ведомость ссылочных и прилагаемых документов|||
   |Обозначение|Наименование|Примечание|
   |СП 17.13330.2017 |{\W0.9;\C256;Кровли}||
   |ГОСТ Р  59555 -2021|{\W0.9;\C256;Изделия профильный из древесно-полимерного композита}||
   |ГОСТ 22233-2018|{\W0.9;\C256;Профили прессованные из алюминиевых сплавов для ограждающих конструкций}||
   |ТУ 2291-001-17621611-2014|{\W0.9;\C256;Регулируемые опоры LEVEL, серийный выпуск}||
--- ТАБЛИЦА [36 x 7] ---
   ||||||||
   |Марка|Изображение|{\fISOCPEUR|b0|i0|c204|p34;Наименование}|Масса 1 шт, грамм|Кол-во, шт.|Масса, кг.|{\fISOCPEUR|b0|i0|c204|p34;Примечание}|
   |LOW 12 мм||Нерегулируемая опора |90||||
   |LOW 20 мм||Нерегулируемая опора |100||||
   |Level LOW DISK||Доборный диск 2,5 мм\Pк нерегулируемой опоре |28||||
   |Level LOW SLOPE 1% ||Корректор уклона 1%
к нерегулируемой опоре|34||||
   |Level PRO 25-35 мм||{\fISOCPEUR|b0|i0|c204|p34;\H1.66667x;Регулируемая опора}|185||||
   |Level PRO 35-50 мм||{\fISOCPEUR|b0|i0|c204|p34;\H1.66667x;Регулируемая опора}|277||||
   |Level PRO 50-80 мм||{\fISOCPEUR|b0|i0|c204|p34;\H1.66667x;Регулируемая опора}|300||||
   |Level PRO 80-140 мм||{\fISOCPEUR|b0|i0|c204|p34;\H1.66667x;Регулируемая опора}|442||||
   |Level PRO 95-155 мм||{\fISOCPEUR|b0|i0|c204|p34;\H1.66667x;Регулируемая опора}|466||||
   |Level PRO 145-240 мм||{\fISOCPEUR|b0|i0|c204|p34;\H1.66667x;Регулируемая опора}|632||||
   |Level PRO 160-270 мм||{\fISOCPEUR|b0|i0|c204|p34;\H1.66667x;Регулируемая опора}|682||||
   |Level PRO 235-340 мм||{\fISOCPEUR|b0|i0|c204|p34;\H1.66667x;Регулируемая опора}|848||||
   |Level PRO 235-400 мм||{\fISOCPEUR|b0|i0|c204|p34;\H1.66667x;Регулируемая опора}|922||||
   |Level PRO 315-530 мм||{\fISOCPEUR|b0|i0|c204|p34;\H1.66667x;Регулируемая опора}|1162||||
   |Level PRO 390-660 мм||{\fISOCPEUR|b0|i0|c204|p34;\H1.66667x;Регулируемая опора}|1402||||
   |Level TOP||Держатель для лаги|37||||
   |Level CLIP||Держатель-клипса для алюминиевой лаги|21||||
   |Level LASTRA SOFT||Крепление для плитки
из прорезиненного пластика
(крепление на опору)|67||||
   |LEVEL TILE SOFT||Крепление для плитки\Pиз прорезиненного пластика\P(крепление на алюминиевую лагу)|33||||
   |Level SLOPE 2%||Корректор уклона на 2% |88||||
   |Level SLOPE 3%||Корректор уклона на 3% |95||||
   |Level RING||Стопорное кольцо|31||||
   |Level FIX||Фиксатор для плитки
(комплект из 4 штук)|1.3||||
   |Level LINE STANDARD||Монтажная алюминиевая лага
3 метра|1821||||
   |Level LINE STANDARD||Монтажная алюминиевая лага
4 метра|2428||||
   |Level LINE LITE||Монтажная облегченная
алюминиевая лага 3 метра|1326||||
   |Level LINE LITE||Монтажная облегченная
алюминиевая лага 4 метра|1768||||
   |Level LINE FRAME||Конструкционная
алюминиевая лага 3 метра|2643||||
   |Level LINE FRAME||Конструкционная
алюминиевая лага 4 метра|3524||||
   |Level LINE FLAT||Конструкционная облегченная
алюминиевая лага 3 метра |1731||||
   |Level LINE STEP||Алюминиевый фиксирующий
профиль|?||||
   |Level PLATE||Стальная крепежная пластина для
 конструкционной алюминиевой лаги LINE|37||||
   |Level PLATE BEND||Сгибаемая стальная  крепежная пластина для
 конструкционной алюминиевой лаги LINE|35||||
   |Level PLATE 90||Угловая стальная  крепежная пластина для
 конструкционной алюминиевой лаги LINE|36||||
--- ТАБЛИЦА [50 x 6] ---
   |Состав комплектующих регулируемых опор||||||
   |Марка|{\fISOCPEUR|b0|i0|c204|p34;Наименование}|Масса 1 шт, гр.|Кол-во, шт.|Масса, кг.|{\fISOCPEUR|b0|i0|c204|p34;Примечание}|
   |Level PRO 25-35 мм||||||
   |Up-XS|Вершина опоры |100||||
   |Down-XS|Основание опоры |85||||
   |Level PRO 35-50 мм||||||
   |Up-S|Вершина опоры |172||||
   |Down-S|Основание опоры |105||||
   |Level PRO 50-80 мм||||||
   |Up-М|Вершина опоры |185||||
   |Down-М|Основание опоры |115||||
   |Level PRO 80-140 мм||||||
   |Up-L|Вершина опоры |275||||
   |Down-L|Основание опоры |167||||
   |Level PRO 95-155 мм||||||
   |Up-М|Вершина опоры |185||||
   | Mid-M|Удлинительная муфта|166||||
   |Down-М|Основание опоры |115||||
   |Level PRO 145-240 мм||||||
   |Up-М|Вершина опоры |185||||
   | Mid-M|Удлинительная муфта|166||||
   | Mid-M|Удлинительная муфта|166||||
   |Down-М|Основание опоры |115||||
   |Level PRO 160-270 мм||||||
   |Up-L|Вершина опоры |275||||
   | Mid-X|Удлинительная муфта|240||||
   |Down-L|Основание опоры |167||||
   |Level PRO 235-340 мм||||||
   |Up-L|Вершина опоры |275||||
   | Mid-X|Удлинительная муфта|240||||
   | Mid-M|Удлинительная муфта|166||||
   |Down-L|Основание опоры |167||||
   |Level PRO 235-400 мм||||||
   |Up-L|Вершина опоры |275||||
   | Mid-X|Удлинительная муфта|240||||
   | Mid-X|Удлинительная муфта|240||||
   |Down-L|Основание опоры |167||||
   |Level PRO 315-530 мм||||||
   |Up-L|Вершина опоры |275||||
   | Mid-X|Удлинительная муфта|240||||
   | Mid-X|Удлинительная муфта|240||||
   | Mid-X|Удлинительная муфта|240||||
   |Down-L|Основание опоры |167||||
   |Level PRO 390-660 мм||||||
   |Up-L|Вершина опоры |275||||
   | Mid-X|Удлинительная муфта|240||||
   | Mid-X|Удлинительная муфта|240||||
   | Mid-X|Удлинительная муфта|240||||
   | Mid-X|Удлинительная муфта|240||||
   |Down-L|Основание опоры |167||||
--- ТАБЛИЦА [40 x 6] ---
   |Состав комплектующих регулируемых опор с корректором уклона||||||
   |Марка|{\fISOCPEUR|b0|i0|c204|p34;Наименование}|Масса 1 шт, гр.|Кол-во, шт.|Масса, кг.|{\fISOCPEUR|b0|i0|c204|p34;Примечание}|
   |Level 3D 35-50 мм||||||
   |Вершина опоры Up-S||||||
   |Основание опоры Down-S||||||
   |Level 3D 50-80 мм||||||
   |Вершина опоры Up-M||||||
   |Основание опоры Down-M||||||
   |Level 3D 80-140 мм||||||
   |Вершина опоры Up-L||||||
   |Основание опоры Down-L||||||
   |Level 3D 95-155 мм||||||
   |Вершина опоры Up-M||||||
   |Удлинительная муфта Mid-M||||||
   |Основание опоры Down-M||||||
   |Level 3D 145-240 мм||||||
   |Вершина опоры Up-M||||||
   |Удлинительная муфта Mid-M X2||||||
   |Основание опоры Down-M||||||
   |Level 3D 160-270 мм||||||
   |Вершина опоры Up-L||||||
   |Удлинительная муфта Mid-X ||||||
   |Основание опоры Down-L||||||
   |Level 3D 235-340 мм||||||
   |Вершина опоры Up-L||||||
   |Удлинительная муфта Mid-X ||||||
   |Удлинительная муфта Mid-М||||||
   |Основание опоры Down-L||||||
   |Level 3D 235-400 мм||||||
   |Вершина опоры Up-L||||||
   |Удлинительная муфта Mid-X X2||||||
   |Основание опоры Down-L||||||
   |Level 3D 315-530 мм||||||
   |Вершина опоры Up-L||||||
   |Удлинительная муфта Mid-X X3||||||
   |Основание опоры Down-L||||||
   |Level 3D 390-660 мм||||||
   |Вершина опоры Up-L||||||
   |Удлинительная муфта Mid-X X4||||||
   |Основание опоры Down-L||||||
--- ТАБЛИЦА [8 x 3] ---
   |Ведомость чертежей основного комплекта|||
   |№|Наименование|Масштаб|
   |1|{\W0.9;\C256;Общие данные}||
   |2|{\W0.9;\C256;Генеральный план чистового покрытия на отметке +()}|М 1:()|
   |3|{\W0.9;\C256;План установки и монтажа алюминиевых лаг }|М 1:()|
   |4|{\W0.9;\C256;План установки и монтажа регулируемых опор}|М 1:()|
   |5|{\W0.9;\C256;План установки и монтажа корректоров уклона}|М 1:()|
   |6|{\W0.9;\C256;Спецификация поставляемых материалов}||
--- ТАБЛИЦА [36 x 7] ---
   ||||||||
   |Марка|Изображение|{\fISOCPEUR|b0|i0|c204|p34;Наименование}|Масса 1 шт, грамм|Кол-во, шт.|Масса, кг.|{\fISOCPEUR|b0|i0|c204|p34;Примечание}|
   |LOW 12 мм||Нерегулируемая опора |90||||
   |LOW 20 мм||Нерегулируемая опора |100||||
   |Level LOW DISK||Доборный диск 2,5 мм\Pк нерегулируемой опоре |28||||
   |Level LOW SLOPE 1% ||Корректор уклона 1%
к нерегулируемой опоре|34||||
   |Level PRO 25-35 мм||{\fISOCPEUR|b0|i0|c204|p34;\H1.66667x;Регулируемая опора}|185||||
   |Level PRO 35-50 мм||{\fISOCPEUR|b0|i0|c204|p34;\H1.66667x;Регулируемая опора}|277||||
   |Level PRO 50-80 мм||{\fISOCPEUR|b0|i0|c204|p34;\H1.66667x;Регулируемая опора}|300||||
   |Level PRO 80-140 мм||{\fISOCPEUR|b0|i0|c204|p34;\H1.66667x;Регулируемая опора}|442||||
   |Level PRO 95-155 мм||{\fISOCPEUR|b0|i0|c204|p34;\H1.66667x;Регулируемая опора}|466||||
   |Level PRO 145-240 мм||{\fISOCPEUR|b0|i0|c204|p34;\H1.66667x;Регулируемая опора}|632||||
   |Level PRO 160-270 мм||{\fISOCPEUR|b0|i0|c204|p34;\H1.66667x;Регулируемая опора}|682||||
   |Level PRO 235-340 мм||{\fISOCPEUR|b0|i0|c204|p34;\H1.66667x;Регулируемая опора}|848||||
   |Level PRO 235-400 мм||{\fISOCPEUR|b0|i0|c204|p34;\H1.66667x;Регулируемая опора}|922||||
   |Level PRO 315-530 мм||{\fISOCPEUR|b0|i0|c204|p34;\H1.66667x;Регулируемая опора}|1162||||
   |Level PRO 390-660 мм||{\fISOCPEUR|b0|i0|c204|p34;\H1.66667x;Регулируемая опора}|1402||||
   |Level TOP||Держатель для лаги|37||||
   |Level CLIP||Держатель-клипса для алюминиевой лаги|21||||
   |Level LASTRA SOFT||Крепление для плитки
из прорезиненного пластика
(крепление на опору)|67||||
   |LEVEL TILE SOFT||Крепление для плитки\Pиз прорезиненного пластика\P(крепление на алюминиевую лагу)|33||||
   |Level SLOPE 2%||Корректор уклона на 2% |88||||
   |Level SLOPE 3%||Корректор уклона на 3% |95||||
   |Level RING||Стопорное кольцо|31||||
   |Level FIX||Фиксатор для плитки
(комплект из 4 штук)|1.3||||
   |Level LINE STANDARD||Монтажная алюминиевая лага
3 метра|1821||||
   |Level LINE STANDARD||Монтажная алюминиевая лага
4 метра|2428||||
   |Level LINE LITE||Монтажная облегченная
алюминиевая лага 3 метра|1326||||
   |Level LINE LITE||Монтажная облегченная
алюминиевая лага 4 метра|1768||||
   |Level LINE FRAME||Конструкционная
алюминиевая лага 3 метра|2643||||
   |Level LINE FRAME||Конструкционная
алюминиевая лага 4 метра|3524||||
   |Level LINE FLAT||Конструкционная облегченная
алюминиевая лага 3 метра |1731||||
   |Level LINE STEP||Алюминиевый фиксирующий
профиль|?||||
   |Level PLATE||Стальная крепежная пластина для
 конструкционной алюминиевой лаги LINE|37||||
   |Level PLATE BEND||Сгибаемая стальная  крепежная пластина для
 конструкционной алюминиевой лаги LINE|35||||
   |Level PLATE 90||Угловая стальная  крепежная пластина для
 конструкционной алюминиевой лаги LINE|36||||
--- ТАБЛИЦА [39 x 3] ---
   |Опоры|||
   |Наименование|Диапазон высот|Цвет|
   |LOW 12|<17|{\C221;221|
   |LOW 20|17-25|{\C2;2|
   |25-35|25-35|{\C1;1|
   |35-50|35-50|{\C92;92|
   |50-80|50-80|{\C131;131|
   |80-140|80-140|{\C30;30|
   |95-155|140-155|{\C160;160|
   |145-240|155-240|{\C60;60|
   |160-270|240-270|{\C134;134|
   |235-340|270-340|42|
   |235-400|340-400|{\C26;26|
   |315-530|400-530|{\C82;82|
   |390-660|530-660|{\C163;163|
   |3D 0-35|<35|{\C1;1|
   |3D 35-50 |35-50|{\C92;92|
   |3D 50-80|50-80|{\C131;131|
   |3D 80-140|80-140|{\C30;30|
   |3D 95-155|140-155|{\C160;160|
   |3D 145-240|155-240|{\C60;60|
   |3D 160-270|240-270|{\C134;134|
   |3D 235-340|270-340|42|
   |3D 235-400|340-400|{\C26;26|
   |3D 315-530|400-530|{\C82;82|
   |3D 390-660|530-660|{\C163;163|
   |PRO LOW12|<17|{\C221;221|
   |PRO LOW20|17-25|{\C2;2|
   |PRO 25-35|25-35|{\C1;1|
   |PRO 35-50|35-50|{\C92;92|
   |PRO 50-80|50-80|{\C131;131|
   |PRO 82-140|80-140|{\C30;30|
   |PRO 95-155|140-155|{\C160;160|
   |PRO 145-240|155-240|{\C60;60|
   |PRO 160-270|240-270|{\C134;134|
   |PRO 235-340|270-340|42|
   |PRO 235-400|340-400|{\C26;26|
   |PRO 315-530|400-530|{\C82;82|
   |PRO 390-660|530-660|{\C163;163|
--- ТАБЛИЦА [8 x 3] ---
   |Ведомость чертежей основного комплекта|||
   |№|Наименование|Масштаб|
   |1|{\fGOST B|b0|i0|c204|p34;\W0.9;\C256;Общие данные}||
   |2|{\fGOST B|b0|i0|c204|p34;\W0.9;\C256;Генеральный план чистового покрытия на отметке +15502}|М 1:100|
   |3|{\fGOST B|b0|i0|c204|p34;\W0.9;\C256;План установки и монтажа алюминиевых лаг }|М 1:100|
   |4|{\fGOST B|b0|i0|c204|p34;\W0.9;\C256;План установки и монтажа регулируемых опор}|М 1:100|
   |5|{\fGOST B|b0|i0|c204|p34;\W0.9;\C256;План установки и монтажа корректоров уклона}|М 1:100|
   |6|{\fGOST B|b0|i0|c204|p34;\W0.9;\C256;Спецификация поставляемых материалов}||
--- ТАБЛИЦА [6 x 3] ---
   |Ведомость ссылочных и прилагаемых документов|||
   |Обозначение|Наименование|Примечание|
   |СП 17.13330.2017 |{\fGOST B|b0|i0|c204|p34;\W0.9;\C256;Кровли}||
   |ГОСТ Р 57141-2016|{\fGOST B|b0|i0|c204|p34;\W0.9;\C256;Плиты керамические (керамогранитные)}||
   |ГОСТ 22233-2018|{\fGOST B|b0|i0|c204|p34;\W0.9;\C256;Профили прессованные из алюминиевых сплавов для ограждающих конструкций}||
   |ТУ 2291-001-17621611-2014|{\fGOST B|b0|i0|c204|p34;\W0.9;\C256;Регулируемые опоры LEVEL, серийный выпуск}||
=====================================

Команда: 
Команда: OPORDEBUG

--- OPOR SESSION ---
MODE = const-height
LINE = lev
TILE-MODE = d
LAG-AXIS = vect
STEP-X = 600.0
STEP-Y = 600.0
RADIUS = 100.0
FLOOR-HEIGHT = 101.0
BOARD-THICKNESS = 27.0
LAG-THICKNESS = 49.0
TILE-THICKNESS = 20.0
DOUBLE-LAG-STEP = 1000.0
SUPPORT-NAME = LOW 12
SUPPORT-RANGE = <17
SUPPORT-COLOR = 221
SUPPORT-INDEX = 1
SESSION-ID = 20260707_141159-18684875
CREATED-OBJECTS = (#<VLA-OBJECT IAcadBlockReference 0000024d8cafb4f8> #<VLA-OBJECT IAcadBlockReference 0000024d8cafa8c8> #<VLA-OBJECT IAcadBlockReference 0000024d8caf96e8> #<VLA-OBJECT IAcadBlockReference 0000024d8cafa248> #<VLA-OBJECT IAcadBlockReference 0000024d8caf8ec8> #<VLA-OBJECT IAcadBlockReference 0000024d8cafa588> #<VLA-OBJECT IAcadBlockReference 00000255858aa1b8> #<VLA-OBJECT IAcadBlockReference 00000255867a8058> #<VLA-OBJECT IAcadBlockReference 00000255867a7698> #<VLA-OBJECT IAcadBlockReference 0000024d835c16b8> #<VLA-OBJECT IAcadBlockReference 0000024d835c12a8> #<VLA-OBJECT IAcadBlockReference 0000024d7076e618> #<VLA-OBJECT IAcadBlockReference 0000024d7076e7b8> #<VLA-OBJECT IAcadBlockReference 0000024d7076ef08> #<VLA-OBJECT IAcadBlockReference 0000024d7076e888> #<VLA-OBJECT IAcadBlockReference 0000024d86e79458> #<VLA-OBJECT IAcadBlockReference 0000024d86e78ea8> #<VLA-OBJECT IAcadBlockReference 0000024d86e78a98> #<VLA-OBJECT IAcadBlockReference 0000024d86e79868> #<VLA-OBJECT IAcadBlockReference 0000024d86e791e8> #<VLA-OBJECT IAcadBlockReference 0000024d86e79118> #<VLA-OBJECT IAcadBlockReference 0000024d8eacada8> #<VLA-OBJECT IAcadBlockReference 0000024d8eacc6d8> #<VLA-OBJECT IAcadBlockReference 0000024d8eacbf88> #<VLA-OBJECT IAcadBlockReference 0000024d8eacc608> #<VLA-OBJECT IAcadBlockReference 0000024d8eacca18> #<VLA-OBJECT IAcadBlockReference 0000024d8eacc2c8> #<VLA-OBJECT IAcadBlockReference 0000024d8eacb908> #<VLA-OBJECT IAcadBlockReference 0000024d8c0e06f8> #<VLA-OBJECT IAcadBlockReference 0000024d8c0e0218> #<VLA-OBJECT IAcadBlockReference 0000024d8c0e14c8> #<VLA-OBJECT IAcadBlockReference 0000024d8c0e1188> #<VLA-OBJECT IAcadBlockReference 0000024d8c0e1db8> #<VLA-OBJECT IAcadBlockReference 0000024d8c0e1258> #<VLA-OBJECT IAcadBlockReference 0000024d8c0e1c18> #<VLA-OBJECT IAcadBlockReference 0000024d8c0e0558> #<VLA-OBJECT IAcadBlockReference 0000024d8c0e1a78> #<VLA-OBJECT IAcadBlockReference 0000024d8c0e0ca8> #<VLA-OBJECT IAcadBlockReference 0000024d8c0e0148> #<VLA-OBJECT IAcadBlockReference 0000024d8c0e0e48> #<VLA-OBJECT IAcadBlockReference 0000024daa4ecab8> #<VLA-OBJECT IAcadBlockReference 0000024daa4eb598> #<VLA-OBJECT IAcadBlockReference 0000024daa4ec0f8> #<VLA-OBJECT IAcadBlockReference 0000024daa4ec918> #<VLA-OBJECT IAcadBlockReference 0000024daa4eb668> #<VLA-OBJECT IAcadBlockReference 0000024daa4ebdb8> #<VLA-OBJECT IAcadBlockReference 0000024daa4eb3f8> #<VLA-OBJECT IAcadBlockReference 0000024daa4ed2d8> #<VLA-OBJECT IAcadBlockReference 0000024daa4ebf58> #<VLA-OBJECT IAcadBlockReference 0000024daa4ecc58> #<VLA-OBJECT IAcadBlockReference 0000024daa4ecec8> #<VLA-OBJECT IAcadBlockReference 0000024daa4eb9a8> #<VLA-OBJECT IAcadBlockReference 0000024daa4ec508> #<VLA-OBJECT IAcadBlockReference 0000024db36e3cc8> #<VLA-OBJECT IAcadBlockReference 0000024db36e4348> #<VLA-OBJECT IAcadBlockReference 0000024db36e3bf8> #<VLA-OBJECT IAcadBlockReference 0000024db36e4278> #<VLA-OBJECT IAcadBlockReference 0000024db36e21f8> #<VLA-OBJECT IAcadBlockReference 0000024db36e1d18> #<VLA-OBJECT IAcadBlockReference 0000024db36e2058> #<VLA-OBJECT IAcadBlockReference 0000024db36e15c8> #<VLA-OBJECT IAcadBlockReference 0000024db36e1358> #<VLA-OBJECT IAcadBlockReference 0000024db36e0e78> #<VLA-OBJECT IAcadBlockReference 0000024db36e1698> #<VLA-OBJECT IAcadBlockReference 0000024db36e0cd8> #<VLA-OBJECT IAcadBlockReference 0000024db36e2ae8> #<VLA-OBJECT IAcadBlockReference 0000024db36e0728> #<VLA-OBJECT IAcadBlockReference 0000024db36e1768> #<VLA-OBJECT IAcadBlockReference 0000024db36e34a8> #<VLA-OBJECT IAcadBlockReference 0000024db36e11b8> #<VLA-OBJECT IAcadBlockReference 0000024db36e26d8> #<VLA-OBJECT IAcadBlockReference 0000024db36e3648> #<VLA-OBJECT IAcadBlockReference 0000024db36e1288> #<VLA-OBJECT IAcadBlockReference 0000024db36e2c88> #<VLA-OBJECT IAcadBlockReference 0000024db36e1de8> #<VLA-OBJECT IAcadBlockReference 0000024db3636948> #<VLA-OBJECT IAcadBlockReference 0000024db3636ef8> #<VLA-OBJECT IAcadBlockReference 0000024db36367a8> #<VLA-OBJECT IAcadBlockReference 0000024db3636a18> #<VLA-OBJECT IAcadBlockReference 0000024db36362c
8> #<VLA-OBJECT IAcadBlockReference 0000024db3633888> #<VLA-OBJECT IAcadBlockReference 0000024db36337b8> #<VLA-OBJECT IAcadBlockReference 0000024db36354f8> #<VLA-OBJECT IAcadBlockReference 0000024db3633478> #<VLA-OBJECT IAcadBlockReference 0000024db3633a28> #<VLA-OBJECT IAcadBlockReference 0000024db3634588> #<VLA-OBJECT IAcadBlockReference 0000024db36343e8> #<VLA-OBJECT IAcadLine 0000024dc0463d48> #<VLA-OBJECT IAcadLine 0000024dc0462548> #<VLA-OBJECT IAcadLine 0000024dc0464948> #<VLA-OBJECT IAcadLine 0000024dc0457c88> #<VLA-OBJECT IAcadLine 0000024dc046e488> #<VLA-OBJECT IAcadLine 0000024dc0470ac8> #<VLA-OBJECT IAcadLine 0000024dc046f5c8> #<VLA-OBJECT IAcadLine 0000024dc0470588> #<VLA-OBJECT IAcadLine 0000024dc046e248> #<VLA-OBJECT IAcadLine 0000024dc0470d08> #<VLA-OBJECT IAcadLine 0000024dc046f208> #<VLA-OBJECT IAcadLine 0000024dc04704c8> #<VLA-OBJECT IAcadLine 0000024dc046ea88> #<VLA-OBJECT IAcadLine 0000024dc0470c48> #<VLA-OBJECT IAcadLine 0000024dc0470408> #<VLA-OBJECT IAcadLine 0000024dc046efc8> #<VLA-OBJECT IAcadLine 0000024dc0470348> #<VLA-OBJECT IAcadLine 0000024dc04701c8> #<VLA-OBJECT IAcadLine 0000024dc0465548> #<VLA-OBJECT IAcadLine 0000024dc0465e48> #<VLA-OBJECT IAcadLine 0000024dc0466ec8> #<VLA-OBJECT IAcadLine 0000024dc0466448> #<VLA-OBJECT IAcadLine 0000024dc0466e08> #<VLA-OBJECT IAcadLine 0000024dc0467b88> #<VLA-OBJECT IAcadLine 0000024dc0467888> #<VLA-OBJECT IAcadLine 0000024dc04677c8> #<VLA-OBJECT IAcadLine 0000024dc0467108> #<VLA-OBJECT IAcadLine 0000024dc0466148> #<VLA-OBJECT IAcadLine 0000024dc0466a48> #<VLA-OBJECT IAcadLine 0000024dc046de88> #<VLA-OBJECT IAcadLine 0000024dc046cf88> #<VLA-OBJECT IAcadLine 0000024dc046cec8> #<VLA-OBJECT IAcadLine 0000024dc046bc08> #<VLA-OBJECT IAcadLine 0000024dc046b6c8> #<VLA-OBJECT IAcadLine 0000024dc046c808> #<VLA-OBJECT IAcadLine 0000024dc046c088> #<VLA-OBJECT IAcadLine 0000024dc046da08> #<VLA-OBJECT IAcadLine 0000024dc046ce08> #<VLA-OBJECT IAcadLine 0000024dc046ddc8> #<VLA-OBJECT IAcadLine 0000024dc046d588> #<VLA-OBJECT IAcadLine 0000024dc046d948> #<VLA-OBJECT IAcadLine 0000024dc046dd08> #<VLA-OBJECT IAcadLine 0000024dc046b188> #<VLA-OBJECT IAcadLine 0000024dc046b608> #<VLA-OBJECT IAcadLine 0000024dc046dc48> #<VLA-OBJECT IAcadLine 0000024dc046cc88> #<VLA-OBJECT IAcadLine 0000024dc046d1c8> #<VLA-OBJECT IAcadLine 0000024dc046d888> #<VLA-OBJECT IAcadLine 0000024dc046c508> #<VLA-OBJECT IAcadLine 0000024dc046cb08> #<VLA-OBJECT IAcadLine 0000024dc046d4c8> #<VLA-OBJECT IAcadLine 0000024dc046c5c8> #<VLA-OBJECT IAcadLine 0000024dc046b0c8> #<VLA-OBJECT IAcadLine 0000024dc046ca48> #<VLA-OBJECT IAcadLine 0000024dc046b788> #<VLA-OBJECT IAcadLine 0000024dc046cbc8>)
SAVED-VIEW = nil
HIDDEN-LAYERS = nil
OUTER-BOUNDARY = #<VLA-OBJECT IAcadLWPolyline 0000024daa1b20c8>
HOLES = (#<VLA-OBJECT IAcadLWPolyline 0000024daa1b26c8>)
AREA-GROSS = 1.5e+07
AREA = 1.392e+07
LAG-FASTENER = Level TOP
TILE-FASTENER = nil
TILE-FASTENER-STEP = nil
SHOW-TRIANGLES = nil
HIGHLIGHTED-OBJECT = nil
BASE-POINT = (0.0 0.0 0.0)
DIRECTION-POINT = (1.0 0.0 0.0)
TABLE-POINT = (7000.0 3000.0 0.0)
GRID-V-INDEX-RANGE = (-3 11)
GRID-P-INDEX-RANGE = (-3 8)
DBL-LAG-CREATED = 6
DBL-LAG-DEDUPED = 1
GRID = ((V-LINES #<VLA-OBJECT IAcadLine 0000024dc0466a48> #<VLA-OBJECT IAcadLine 0000024dc0466148> #<VLA-OBJECT IAcadLine 0000024dc0467108> #<VLA-OBJECT IAcadLine 0000024dc04677c8> #<VLA-OBJECT IAcadLine 0000024dc0467888> #<VLA-OBJECT IAcadLine 0000024dc0467b88> #<VLA-OBJECT IAcadLine 0000024dc0466e08> #<VLA-OBJECT IAcadLine 0000024dc0466448> #<VLA-OBJECT IAcadLine 0000024dc0466ec8> #<VLA-OBJECT IAcadLine 0000024dc0465e48> #<VLA-OBJECT IAcadLine 0000024dc0465548> #<VLA-OBJECT IAcadLine 0000024dc046f5c8> #<VLA-OBJECT IAcadLine 0000024dc0470ac8> #<VLA-OBJECT IAcadLine 0000024dc046e488> #<VLA-OBJECT IAcadLine 0000024dc0457c88> #<VLA-OBJECT IAcadLine 0000024dc0464948>) (P-LINES) (LAG-LINES #<VLA-OBJECT IAcadLine 0000024dc0466a48> #<VLA-OBJECT IAcadLine 0000024dc0466148> #<VLA-OBJECT IAcadLine 0000024dc0467108> #<VLA-OBJECT IAcadLine 0000024dc04677c8> #<VLA-OBJECT IAcadLine 0000024dc0467888> #<VLA-OBJECT IAcadLine 0000024dc0467b88> #<VLA-OBJECT IAcadLine 0000024dc0466e08> #<VLA-OBJECT IAcadLine 0000024dc0466448> #<VLA-OBJECT IAcadLine 0000024dc0466ec8> #<VLA-OBJECT IAcadLine 0000024dc0465e48> #<VLA-OBJECT IAcadLine 0000024dc0465548> #<VLA-OBJECT IAcadLine 0000024dc046f5c8> #<VLA-OBJECT IAcadLine 0000024dc0470ac8> #<VLA-OBJECT IAcadLine 0000024dc046e488> #<VLA-OBJECT IAcadLine 0000024dc0457c88> #<VLA-OBJECT IAcadLine 0000024dc0464948>) (GRID-LAG-LENGTH-MM . 39300.0) (BOUNDARY-OUTER-LAG-LENGTH-MM . 0.0) (BOUNDARY-HOLES-LAG-LENGTH-MM . 1800.0) (BOUNDARY-LAG-LENGTH-MM . 1800.0) (LAG-LENGTH-MM . 41100.0) (NODE-POINTS (3000.0 5000.0 0.0) (2400.0 5000.0 0.0) (1800.0 5000.0 0.0) (1200.0 5000.0 0.0) (600.0 5000.0 0.0) (0.0 5000.0 0.0) (3000.0 4000.0 0.0) (2400.0 4000.0 0.0) (1800.0 4000.0 0.0) (1200.0 4000.0 0.0) (600.0 4000.0 0.0) (0.0 4000.0 0.0) (3000.0 2000.0 0.0) (2400.0 2000.0 0.0) (600.0 2000.0 0.0) (2.01948e-28 2000.0 0.0) (3000.0 1000.0 0.0) (2400.0 1000.0 0.0) (1800.0 1000.0 0.0) (1200.0 1000.0 0.0) (600.0 1000.0 0.0) (0.0 1000.0 0.0) (3000.0 4800.0 0.0) (2400.0 4800.0 0.0) (1800.0 4800.0 0.0) (1200.0 4800.0 0.0) (600.0 4800.0 0.0) (0.0 4800.0 0.0) (3000.0 4200.0 0.0) (2400.0 4200.0 0.0) (1800.0 4200.0 0.0) (1200.0 4200.0 0.0) (600.0 4200.0 0.0) (0.0 4200.0 0.0) (3000.0 3600.0 0.0) (2400.0 3600.0 0.0) (1800.0 3600.0 0.0) (1200.0 3600.0 0.0) (600.0 3600.0 0.0) (0.0 3600.0 0.0) (3000.0 3000.0 0.0) (2400.0 3000.0 0.0) (1800.0 3000.0 0.0) (1200.0 3000.0 0.0) (600.0 3000.0 0.0) (0.0 3000.0 0.0) (3000.0 2400.0 0.0) (2400.0 2400.0 0.0) (600.0 2400.0 0.0) (2.01948e-28 2400.0 0.0) (3000.0 1800.0 0.0) (2400.0 1800.0 0.0) (600.0 1800.0 0.0) (2.01948e-28 1800.0 0.0) (3000.0 1200.0 0.0) (2400.0 1200.0 0.0) (1800.0 1200.0 0.0) (1200.0 1200.0 0.0) (600.0 1200.0 0.0) (0.0 1200.0 0.0) (3000.0 600.0 0.0) (2400.0 600.0 0.0) (1800.0 600.0 0.0) (1200.0 600.0 0.0) (600.0 600.0 0.0) (0.0 600.0 0.0) (3000.0 0.0 0.0) (2400.0 0.0 0.0) (1800.0 0.0 0.0) (1200.0 0.0 0.0) (600.0 0.0 0.0) (0.0 0.0 0.0)) (ENDPOINT-POINTS (3000.0 5000.0 0.0) (1.81899e-12 5000.0 0.0) (3000.0 4000.0 0.0) (1.81899e-12 4000.0 0.0) (3000.0 2000.0 0.0) (1900.0 2000.0 0.0) (1000.0 2000.0 0.0) (1.81899e-12 2000.0 0.0) (3000.0 1000.0 0.0) (1.81899e-12 1000.0 0.0) (3000.0 4800.0 0.0) (1.81899e-12 4800.0 0.0) (3000.0 4200.0 0.0) (1.81899e-12 4200.0 0.0) (3000.0 3600.0 0.0) (1.81899e-12 3600.0 0.0) (3000.0 3000.0 0.0) (1.81899e-12 3000.0 0.0) (3000.0 2400.0 0.0) (1900.0 2400.0 0.0) (1000.0 2400.0 0.0) (1.81899e-12 2400.0 0.0) (3000.0 1800.0 0.0) (1900.0 1800.0 0.0) (1000.0 1800.0 0.0) (1.81899e-12 1800.0 0.0) (3000.0 1200.0 0.0) (1.81899e-12 1200.0 0.0) (3000.0 600.0 0.0) (1.81899e-12 600.0 0.0) (3000.0 0.0 0.0) (1.81899e-12 0.0 0.0) (3000.0 5000.0 0.0) (3000.0 0.0 0.0) (2400.0 5000.0 0.0) (2400.0 0.0 0.0) (1800.0 5000.0 0.0) (1800.0 2700.0 0.0) (1800.0 1500.0 0.0) (1800.0 0.0 0.0) (1200.0 5000.0 0.0) (1200.0 2700.0 0.0) (1200.0 1500.0 0.0) (1200.0 0.0 0.0) (600.0 5000.0 0.0) (600.0 0.0 0.0) (0.0 5000.0 0.0) (0.0 0.0 0.0)))
GRID-LAG-LENGTH-MM = 39300.0
BOUNDARY-OUTER-LAG-LENGTH-MM = 0.0
BOUNDARY-HOLES-LAG-LENGTH-MM = 1800.0
BOUNDARY-LAG-LENGTH-MM = 1800.0
LAG-LENGTH-MM = 41100.0
LAG-LENGTH-M = 41
LAG-ROW-COUNT = 15
PERP-LINES-REMOVED = 8
SUPPORT-VERTEX-COUNT = 4
SUPPORT-RAW-BORDER-COUNT = 48
SUPPORT-BORDER-COUNT = 40
SUPPORT-RAW-NODE-COUNT = 76
SUPPORT-AFTER-SELF-NODE-COUNT = 76
SUPPORT-AFTER-VERTEX-NODE-COUNT = 72
SUPPORT-NODE-COUNT = 42
SUPPORT-BLOCKS = (#<VLA-OBJECT IAcadBlockReference 0000024db36343e8> #<VLA-OBJECT IAcadBlockReference 0000024db3634588> #<VLA-OBJECT IAcadBlockReference 0000024db3633a28> #<VLA-OBJECT IAcadBlockReference 0000024db3633478> #<VLA-OBJECT IAcadBlockReference 0000024db36354f8> #<VLA-OBJECT IAcadBlockReference 0000024db36337b8> #<VLA-OBJECT IAcadBlockReference 0000024db3633888> #<VLA-OBJECT IAcadBlockReference 0000024db36362c8> #<VLA-OBJECT IAcadBlockReference 0000024db3636a18> #<VLA-OBJECT IAcadBlockReference 0000024db36367a8> #<VLA-OBJECT IAcadBlockReference 0000024db3636ef8> #<VLA-OBJECT IAcadBlockReference 0000024db3636948> #<VLA-OBJECT IAcadBlockReference 0000024db36e1de8> #<VLA-OBJECT IAcadBlockReference 0000024db36e2c88> #<VLA-OBJECT IAcadBlockReference 0000024db36e1288> #<VLA-OBJECT IAcadBlockReference 0000024db36e3648> #<VLA-OBJECT IAcadBlockReference 0000024db36e26d8> #<VLA-OBJECT IAcadBlockReference 0000024db36e11b8> #<VLA-OBJECT IAcadBlockReference 0000024db36e34a8> #<VLA-OBJECT IAcadBlockReference 0000024db36e1768> #<VLA-OBJECT IAcadBlockReference 0000024db36e0728> #<VLA-OBJECT IAcadBlockReference 0000024db36e2ae8> #<VLA-OBJECT IAcadBlockReference 0000024db36e0cd8> #<VLA-OBJECT IAcadBlockReference 0000024db36e1698> #<VLA-OBJECT IAcadBlockReference 0000024db36e0e78> #<VLA-OBJECT IAcadBlockReference 0000024db36e1358> #<VLA-OBJECT IAcadBlockReference 0000024db36e15c8> #<VLA-OBJECT IAcadBlockReference 0000024db36e2058> #<VLA-OBJECT IAcadBlockReference 0000024db36e1d18> #<VLA-OBJECT IAcadBlockReference 0000024db36e21f8> #<VLA-OBJECT IAcadBlockReference 0000024db36e4278> #<VLA-OBJECT IAcadBlockReference 0000024db36e3bf8> #<VLA-OBJECT IAcadBlockReference 0000024db36e4348> #<VLA-OBJECT IAcadBlockReference 0000024db36e3cc8> #<VLA-OBJECT IAcadBlockReference 0000024daa4ec508> #<VLA-OBJECT IAcadBlockReference 0000024daa4eb9a8> #<VLA-OBJECT IAcadBlockReference 0000024daa4ecec8> #<VLA-OBJECT IAcadBlockReference 0000024daa4ecc58> #<VLA-OBJECT IAcadBlockReference 0000024daa4ebf58> #<VLA-OBJECT IAcadBlockReference 0000024daa4ed2d8> #<VLA-OBJECT IAcadBlockReference 0000024daa4eb3f8> #<VLA-OBJECT IAcadBlockReference 0000024daa4ebdb8> #<VLA-OBJECT IAcadBlockReference 0000024daa4eb668> #<VLA-OBJECT IAcadBlockReference 0000024daa4ec918> #<VLA-OBJECT IAcadBlockReference 0000024daa4ec0f8> #<VLA-OBJECT IAcadBlockReference 0000024daa4eb598> #<VLA-OBJECT IAcadBlockReference 0000024daa4ecab8> #<VLA-OBJECT IAcadBlockReference 0000024d8c0e0e48> #<VLA-OBJECT IAcadBlockReference 0000024d8c0e0148> #<VLA-OBJECT IAcadBlockReference 0000024d8c0e0ca8> #<VLA-OBJECT IAcadBlockReference 0000024d8c0e1a78> #<VLA-OBJECT IAcadBlockReference 0000024d8c0e0558> #<VLA-OBJECT IAcadBlockReference 0000024d8c0e1c18> #<VLA-OBJECT IAcadBlockReference 0000024d8c0e1258> #<VLA-OBJECT IAcadBlockReference 0000024d8c0e1db8> #<VLA-OBJECT IAcadBlockReference 0000024d8c0e1188> #<VLA-OBJECT IAcadBlockReference 0000024d8c0e14c8> #<VLA-OBJECT IAcadBlockReference 0000024d8c0e0218> #<VLA-OBJECT IAcadBlockReference 0000024d8c0e06f8> #<VLA-OBJECT IAcadBlockReference 0000024d8eacb908> #<VLA-OBJECT IAcadBlockReference 0000024d8eacc2c8> #<VLA-OBJECT IAcadBlockReference 0000024d8eacca18> #<VLA-OBJECT IAcadBlockReference 0000024d8eacc608> #<VLA-OBJECT IAcadBlockReference 0000024d8eacbf88> #<VLA-OBJECT IAcadBlockReference 0000024d8eacc6d8> #<VLA-OBJECT IAcadBlockReference 0000024d8eacada8> #<VLA-OBJECT IAcadBlockReference 0000024d86e79118> #<VLA-OBJECT IAcadBlockReference 0000024d86e791e8> #<VLA-OBJECT IAcadBlockReference 0000024d86e79868> #<VLA-OBJECT IAcadBlockReference 0000024d86e78a98> #<VLA-OBJECT IAcadBlockReference 0000024d86e78ea8> #<VLA-OBJECT IAcadBlockReference 0000024d86e79458> #<VLA-OBJECT IAcadBlockReference 0000024d7076e888> #<VLA-OBJECT IAcadBlockReference 0000024d7076ef08> #<VLA-OBJECT IAcadBlockReference 0000024d7076e7b8> #<VLA-OBJECT IAcadBlockReference 0000024d7076e618> #<VLA-OBJECT IAcadBlockReference 0000024d835c12a8> #<VLA-OBJECT IAcadBlockReference 0000024d835c16b8> #<VLA-OBJECT IAcadBlockReference 00000255867a7698> #<VLA-OBJECT IAcadBlockReference 00000255867a8058
> #<VLA-OBJECT IAcadBlockReference 00000255858aa1b8> #<VLA-OBJECT IAcadBlockReference 0000024d8cafa588> #<VLA-OBJECT IAcadBlockReference 0000024d8caf8ec8> #<VLA-OBJECT IAcadBlockReference 0000024d8cafa248> #<VLA-OBJECT IAcadBlockReference 0000024d8caf96e8> #<VLA-OBJECT IAcadBlockReference 0000024d8cafa8c8>)
SUPPORT-COUNT = 86
LAG-FASTENER-COUNT = 86
TILE-FASTENER-COUNT = 0

Команда: 
Команда: OPORDUMP

========== OPOR NEW OBJECT DUMP ==========

===== SESSION 20260707_141159-18684875 =====
--- ПО ТИПАМ XDATA ---
    grid-dbl : 5
    grid-edge : 2
    grid-v : 11
    support : 86
    table : 1
--- ПО СЛОЯМ ---
    0 : 1
    опорыvb : 86
    сеткаvb : 18
--- НОВАЯ СЕТКА --- линий: 18  длина: 38100 мм = 38.1 м
    grid-v: 11 линий, 25.2 м, min 1000 мм
    grid-p: 0 линий, 0 м, min - мм
    session grid lag: 39.3 м
    index ranges: v=(-3 11) p=(-3 8)
    boundary lag candidate: 1.8 м, mode=all
      outer: 0 м, holes: 1.8 м
    П5 лаги: рядов=15, поперечных удалено=8
    S6 сдв. лаги: шаг=1000, создано=6, дедуп=1
    support split: vertices=4 border=40 nodes=42
    border filter: raw=48 after-vertices=40
    node filter: raw=76 after-self=76 after-vertices=72 after-border=42
    крепёж: лаги=Level TOP x86, плитки= x0 (шаг 0)
    levels: marks=0 polylines=0 vertices=0 missing-marks=0 triangles=0 height-errors=0
--- НОВЫЕ ОПОРЫ --- всего: 86
    цвет 221 : 86 шт
--- НОВЫЕ ТАБЛИЦЫ --- всего: 1
    блок: table_totl_1
      1 = 86
      2 = 
      3 = 
      4 = 
      5 = 
      6 = 
      7 = 
      8 = 
      9 = 
      10 = 
      11 = 
      12 = 
      13 = 
      AREA = 14
      ITOG = 86
      CHPOL = -
      DOSKA = -
      LAG = -
      PLITKA = -
      VECTOR = 600
      PERP = 600
      LENGTH = 41
      QC = 0
      QR = 0
=========================================

Команда: 
Команда: 
Команда: *Прервано*

Команда: OPOR

Очистка OPOR [Session/All] <All>: A

[OPOR] Удалено объектов: 105

Команда: 
Команда: _APPLOAD
opor2.6.lsp успешно загружено.


Команда: 
Команда: 
Команда: XX
Инициализация системы VBA...
Команда: 
Команда: 
Укажите внешний контур
Команда: 
Команда: 
Команда: 
Укажите начальную точку0,0

Команда: Задайте направление, указав 2 точки0,0
 Вторая точка: @1,0

Команда: 
Команда: 
Команда: 
Команда: Выполняется регенерация модели.

Команда: 
Команда: Выполняется регенерация модели.

Укажите точку верхнего левого угла таблицы: 7000,3000

Команда: 
Команда: Выполняется регенерация модели.

Команда: Выполняется регенерация модели.

Команда: 
Команда: 
Команда: 
Команда: Выполняется регенерация модели.

Команда: 
Укажите внешний контур*Прервано*

Команда: 
Команда: DUMPALL

========== СНИМОК СОСТОЯНИЯ ==========
--- ОПОРЫ (слой опорыvb) --- ВСЕГО: 86
    цвет 221 : 86 шт
--- ЛАГИ (LINE на сеткаvb) --- линий: 26  длина: 65700 мм = 65.7 м
--- ПЛОЩАДЬ ---
    контур ('контур'): 15 м2
    областиvb: 1.08 м2
    контур - областиvb: 13.92 м2
--- СЛОИ ПЛАГИНА ---
    контур : вкл , объектов: 159
    опорыvb : вкл , объектов: 86
    опоры_текстvb : ВЫКЛ, объектов: 0
    сеткаvb : вкл , объектов: 26
    плиткаvb : вкл , объектов: 0
    областиvb : вкл , объектов: 1
    линии_высот : вкл , объектов: 1
--- ТАБЛИЦА [8 x 3] ---
   |Ведомость чертежей основного комплекта|||
   |№|Наименование|Масштаб|
   |1|{\W0.9;\C256;Общие данные}||
   |2|{\W0.9;\C256;Генеральный план чистового покрытия на отметке +()}|М 1:()|
   |3|{\W0.9;\C256;План установки и монтажа алюминиевых лаг }|М 1:()|
   |4|{\W0.9;\C256;План установки и монтажа регулируемых опор}|М 1:()|
   |5|{\W0.9;\C256;План установки и монтажа корректоров уклона}|М 1:()|
   |6|{\W0.9;\C256;Спецификация поставляемых материалов}||
--- ТАБЛИЦА [6 x 3] ---
   |Ведомость ссылочных и прилагаемых документов|||
   |Обозначение|Наименование|Примечание|
   |СП 17.13330.2017 |{\W0.9;\C256;Кровли}||
   |ГОСТ Р 57141-2016|{\W0.9;\C256;Плиты керамические (керамогранитные)}||
   |ГОСТ 22233-2018|{\W0.9;\C256;Профили прессованные из алюминиевых сплавов для ограждающих конструкций}||
   |ТУ 2291-001-17621611-2014|{\W0.9;\C256;Регулируемые опоры LEVEL, серийный выпуск}||
--- ТАБЛИЦА [6 x 3] ---
   |Ведомость ссылочных и прилагаемых документов|||
   |Обозначение|Наименование|Примечание|
   |СП 17.13330.2017 |{\W0.9;\C256;Кровли}||
   |ГОСТ Р  59555 -2021|{\W0.9;\C256;Изделия профильный из древесно-полимерного композита}||
   |ГОСТ 22233-2018|{\W0.9;\C256;Профили прессованные из алюминиевых сплавов для ограждающих конструкций}||
   |ТУ 2291-001-17621611-2014|{\W0.9;\C256;Регулируемые опоры LEVEL, серийный выпуск}||
--- ТАБЛИЦА [36 x 7] ---
   ||||||||
   |Марка|Изображение|{\fISOCPEUR|b0|i0|c204|p34;Наименование}|Масса 1 шт, грамм|Кол-во, шт.|Масса, кг.|{\fISOCPEUR|b0|i0|c204|p34;Примечание}|
   |LOW 12 мм||Нерегулируемая опора |90||||
   |LOW 20 мм||Нерегулируемая опора |100||||
   |Level LOW DISK||Доборный диск 2,5 мм\Pк нерегулируемой опоре |28||||
   |Level LOW SLOPE 1% ||Корректор уклона 1%
к нерегулируемой опоре|34||||
   |Level PRO 25-35 мм||{\fISOCPEUR|b0|i0|c204|p34;\H1.66667x;Регулируемая опора}|185||||
   |Level PRO 35-50 мм||{\fISOCPEUR|b0|i0|c204|p34;\H1.66667x;Регулируемая опора}|277||||
   |Level PRO 50-80 мм||{\fISOCPEUR|b0|i0|c204|p34;\H1.66667x;Регулируемая опора}|300||||
   |Level PRO 80-140 мм||{\fISOCPEUR|b0|i0|c204|p34;\H1.66667x;Регулируемая опора}|442||||
   |Level PRO 95-155 мм||{\fISOCPEUR|b0|i0|c204|p34;\H1.66667x;Регулируемая опора}|466||||
   |Level PRO 145-240 мм||{\fISOCPEUR|b0|i0|c204|p34;\H1.66667x;Регулируемая опора}|632||||
   |Level PRO 160-270 мм||{\fISOCPEUR|b0|i0|c204|p34;\H1.66667x;Регулируемая опора}|682||||
   |Level PRO 235-340 мм||{\fISOCPEUR|b0|i0|c204|p34;\H1.66667x;Регулируемая опора}|848||||
   |Level PRO 235-400 мм||{\fISOCPEUR|b0|i0|c204|p34;\H1.66667x;Регулируемая опора}|922||||
   |Level PRO 315-530 мм||{\fISOCPEUR|b0|i0|c204|p34;\H1.66667x;Регулируемая опора}|1162||||
   |Level PRO 390-660 мм||{\fISOCPEUR|b0|i0|c204|p34;\H1.66667x;Регулируемая опора}|1402||||
   |Level TOP||Держатель для лаги|37||||
   |Level CLIP||Держатель-клипса для алюминиевой лаги|21||||
   |Level LASTRA SOFT||Крепление для плитки
из прорезиненного пластика
(крепление на опору)|67||||
   |LEVEL TILE SOFT||Крепление для плитки\Pиз прорезиненного пластика\P(крепление на алюминиевую лагу)|33||||
   |Level SLOPE 2%||Корректор уклона на 2% |88||||
   |Level SLOPE 3%||Корректор уклона на 3% |95||||
   |Level RING||Стопорное кольцо|31||||
   |Level FIX||Фиксатор для плитки
(комплект из 4 штук)|1.3||||
   |Level LINE STANDARD||Монтажная алюминиевая лага
3 метра|1821||||
   |Level LINE STANDARD||Монтажная алюминиевая лага
4 метра|2428||||
   |Level LINE LITE||Монтажная облегченная
алюминиевая лага 3 метра|1326||||
   |Level LINE LITE||Монтажная облегченная
алюминиевая лага 4 метра|1768||||
   |Level LINE FRAME||Конструкционная
алюминиевая лага 3 метра|2643||||
   |Level LINE FRAME||Конструкционная
алюминиевая лага 4 метра|3524||||
   |Level LINE FLAT||Конструкционная облегченная
алюминиевая лага 3 метра |1731||||
   |Level LINE STEP||Алюминиевый фиксирующий
профиль|?||||
   |Level PLATE||Стальная крепежная пластина для
 конструкционной алюминиевой лаги LINE|37||||
   |Level PLATE BEND||Сгибаемая стальная  крепежная пластина для
 конструкционной алюминиевой лаги LINE|35||||
   |Level PLATE 90||Угловая стальная  крепежная пластина для
 конструкционной алюминиевой лаги LINE|36||||
--- ТАБЛИЦА [50 x 6] ---
   |Состав комплектующих регулируемых опор||||||
   |Марка|{\fISOCPEUR|b0|i0|c204|p34;Наименование}|Масса 1 шт, гр.|Кол-во, шт.|Масса, кг.|{\fISOCPEUR|b0|i0|c204|p34;Примечание}|
   |Level PRO 25-35 мм||||||
   |Up-XS|Вершина опоры |100||||
   |Down-XS|Основание опоры |85||||
   |Level PRO 35-50 мм||||||
   |Up-S|Вершина опоры |172||||
   |Down-S|Основание опоры |105||||
   |Level PRO 50-80 мм||||||
   |Up-М|Вершина опоры |185||||
   |Down-М|Основание опоры |115||||
   |Level PRO 80-140 мм||||||
   |Up-L|Вершина опоры |275||||
   |Down-L|Основание опоры |167||||
   |Level PRO 95-155 мм||||||
   |Up-М|Вершина опоры |185||||
   | Mid-M|Удлинительная муфта|166||||
   |Down-М|Основание опоры |115||||
   |Level PRO 145-240 мм||||||
   |Up-М|Вершина опоры |185||||
   | Mid-M|Удлинительная муфта|166||||
   | Mid-M|Удлинительная муфта|166||||
   |Down-М|Основание опоры |115||||
   |Level PRO 160-270 мм||||||
   |Up-L|Вершина опоры |275||||
   | Mid-X|Удлинительная муфта|240||||
   |Down-L|Основание опоры |167||||
   |Level PRO 235-340 мм||||||
   |Up-L|Вершина опоры |275||||
   | Mid-X|Удлинительная муфта|240||||
   | Mid-M|Удлинительная муфта|166||||
   |Down-L|Основание опоры |167||||
   |Level PRO 235-400 мм||||||
   |Up-L|Вершина опоры |275||||
   | Mid-X|Удлинительная муфта|240||||
   | Mid-X|Удлинительная муфта|240||||
   |Down-L|Основание опоры |167||||
   |Level PRO 315-530 мм||||||
   |Up-L|Вершина опоры |275||||
   | Mid-X|Удлинительная муфта|240||||
   | Mid-X|Удлинительная муфта|240||||
   | Mid-X|Удлинительная муфта|240||||
   |Down-L|Основание опоры |167||||
   |Level PRO 390-660 мм||||||
   |Up-L|Вершина опоры |275||||
   | Mid-X|Удлинительная муфта|240||||
   | Mid-X|Удлинительная муфта|240||||
   | Mid-X|Удлинительная муфта|240||||
   | Mid-X|Удлинительная муфта|240||||
   |Down-L|Основание опоры |167||||
--- ТАБЛИЦА [40 x 6] ---
   |Состав комплектующих регулируемых опор с корректором уклона||||||
   |Марка|{\fISOCPEUR|b0|i0|c204|p34;Наименование}|Масса 1 шт, гр.|Кол-во, шт.|Масса, кг.|{\fISOCPEUR|b0|i0|c204|p34;Примечание}|
   |Level 3D 35-50 мм||||||
   |Вершина опоры Up-S||||||
   |Основание опоры Down-S||||||
   |Level 3D 50-80 мм||||||
   |Вершина опоры Up-M||||||
   |Основание опоры Down-M||||||
   |Level 3D 80-140 мм||||||
   |Вершина опоры Up-L||||||
   |Основание опоры Down-L||||||
   |Level 3D 95-155 мм||||||
   |Вершина опоры Up-M||||||
   |Удлинительная муфта Mid-M||||||
   |Основание опоры Down-M||||||
   |Level 3D 145-240 мм||||||
   |Вершина опоры Up-M||||||
   |Удлинительная муфта Mid-M X2||||||
   |Основание опоры Down-M||||||
   |Level 3D 160-270 мм||||||
   |Вершина опоры Up-L||||||
   |Удлинительная муфта Mid-X ||||||
   |Основание опоры Down-L||||||
   |Level 3D 235-340 мм||||||
   |Вершина опоры Up-L||||||
   |Удлинительная муфта Mid-X ||||||
   |Удлинительная муфта Mid-М||||||
   |Основание опоры Down-L||||||
   |Level 3D 235-400 мм||||||
   |Вершина опоры Up-L||||||
   |Удлинительная муфта Mid-X X2||||||
   |Основание опоры Down-L||||||
   |Level 3D 315-530 мм||||||
   |Вершина опоры Up-L||||||
   |Удлинительная муфта Mid-X X3||||||
   |Основание опоры Down-L||||||
   |Level 3D 390-660 мм||||||
   |Вершина опоры Up-L||||||
   |Удлинительная муфта Mid-X X4||||||
   |Основание опоры Down-L||||||
--- ТАБЛИЦА [8 x 3] ---
   |Ведомость чертежей основного комплекта|||
   |№|Наименование|Масштаб|
   |1|{\W0.9;\C256;Общие данные}||
   |2|{\W0.9;\C256;Генеральный план чистового покрытия на отметке +()}|М 1:()|
   |3|{\W0.9;\C256;План установки и монтажа алюминиевых лаг }|М 1:()|
   |4|{\W0.9;\C256;План установки и монтажа регулируемых опор}|М 1:()|
   |5|{\W0.9;\C256;План установки и монтажа корректоров уклона}|М 1:()|
   |6|{\W0.9;\C256;Спецификация поставляемых материалов}||
--- ТАБЛИЦА [36 x 7] ---
   ||||||||
   |Марка|Изображение|{\fISOCPEUR|b0|i0|c204|p34;Наименование}|Масса 1 шт, грамм|Кол-во, шт.|Масса, кг.|{\fISOCPEUR|b0|i0|c204|p34;Примечание}|
   |LOW 12 мм||Нерегулируемая опора |90||||
   |LOW 20 мм||Нерегулируемая опора |100||||
   |Level LOW DISK||Доборный диск 2,5 мм\Pк нерегулируемой опоре |28||||
   |Level LOW SLOPE 1% ||Корректор уклона 1%
к нерегулируемой опоре|34||||
   |Level PRO 25-35 мм||{\fISOCPEUR|b0|i0|c204|p34;\H1.66667x;Регулируемая опора}|185||||
   |Level PRO 35-50 мм||{\fISOCPEUR|b0|i0|c204|p34;\H1.66667x;Регулируемая опора}|277||||
   |Level PRO 50-80 мм||{\fISOCPEUR|b0|i0|c204|p34;\H1.66667x;Регулируемая опора}|300||||
   |Level PRO 80-140 мм||{\fISOCPEUR|b0|i0|c204|p34;\H1.66667x;Регулируемая опора}|442||||
   |Level PRO 95-155 мм||{\fISOCPEUR|b0|i0|c204|p34;\H1.66667x;Регулируемая опора}|466||||
   |Level PRO 145-240 мм||{\fISOCPEUR|b0|i0|c204|p34;\H1.66667x;Регулируемая опора}|632||||
   |Level PRO 160-270 мм||{\fISOCPEUR|b0|i0|c204|p34;\H1.66667x;Регулируемая опора}|682||||
   |Level PRO 235-340 мм||{\fISOCPEUR|b0|i0|c204|p34;\H1.66667x;Регулируемая опора}|848||||
   |Level PRO 235-400 мм||{\fISOCPEUR|b0|i0|c204|p34;\H1.66667x;Регулируемая опора}|922||||
   |Level PRO 315-530 мм||{\fISOCPEUR|b0|i0|c204|p34;\H1.66667x;Регулируемая опора}|1162||||
   |Level PRO 390-660 мм||{\fISOCPEUR|b0|i0|c204|p34;\H1.66667x;Регулируемая опора}|1402||||
   |Level TOP||Держатель для лаги|37||||
   |Level CLIP||Держатель-клипса для алюминиевой лаги|21||||
   |Level LASTRA SOFT||Крепление для плитки
из прорезиненного пластика
(крепление на опору)|67||||
   |LEVEL TILE SOFT||Крепление для плитки\Pиз прорезиненного пластика\P(крепление на алюминиевую лагу)|33||||
   |Level SLOPE 2%||Корректор уклона на 2% |88||||
   |Level SLOPE 3%||Корректор уклона на 3% |95||||
   |Level RING||Стопорное кольцо|31||||
   |Level FIX||Фиксатор для плитки
(комплект из 4 штук)|1.3||||
   |Level LINE STANDARD||Монтажная алюминиевая лага
3 метра|1821||||
   |Level LINE STANDARD||Монтажная алюминиевая лага
4 метра|2428||||
   |Level LINE LITE||Монтажная облегченная
алюминиевая лага 3 метра|1326||||
   |Level LINE LITE||Монтажная облегченная
алюминиевая лага 4 метра|1768||||
   |Level LINE FRAME||Конструкционная
алюминиевая лага 3 метра|2643||||
   |Level LINE FRAME||Конструкционная
алюминиевая лага 4 метра|3524||||
   |Level LINE FLAT||Конструкционная облегченная
алюминиевая лага 3 метра |1731||||
   |Level LINE STEP||Алюминиевый фиксирующий
профиль|?||||
   |Level PLATE||Стальная крепежная пластина для
 конструкционной алюминиевой лаги LINE|37||||
   |Level PLATE BEND||Сгибаемая стальная  крепежная пластина для
 конструкционной алюминиевой лаги LINE|35||||
   |Level PLATE 90||Угловая стальная  крепежная пластина для
 конструкционной алюминиевой лаги LINE|36||||
--- ТАБЛИЦА [39 x 3] ---
   |Опоры|||
   |Наименование|Диапазон высот|Цвет|
   |LOW 12|<17|{\C221;221|
   |LOW 20|17-25|{\C2;2|
   |25-35|25-35|{\C1;1|
   |35-50|35-50|{\C92;92|
   |50-80|50-80|{\C131;131|
   |80-140|80-140|{\C30;30|
   |95-155|140-155|{\C160;160|
   |145-240|155-240|{\C60;60|
   |160-270|240-270|{\C134;134|
   |235-340|270-340|42|
   |235-400|340-400|{\C26;26|
   |315-530|400-530|{\C82;82|
   |390-660|530-660|{\C163;163|
   |3D 0-35|<35|{\C1;1|
   |3D 35-50 |35-50|{\C92;92|
   |3D 50-80|50-80|{\C131;131|
   |3D 80-140|80-140|{\C30;30|
   |3D 95-155|140-155|{\C160;160|
   |3D 145-240|155-240|{\C60;60|
   |3D 160-270|240-270|{\C134;134|
   |3D 235-340|270-340|42|
   |3D 235-400|340-400|{\C26;26|
   |3D 315-530|400-530|{\C82;82|
   |3D 390-660|530-660|{\C163;163|
   |PRO LOW12|<17|{\C221;221|
   |PRO LOW20|17-25|{\C2;2|
   |PRO 25-35|25-35|{\C1;1|
   |PRO 35-50|35-50|{\C92;92|
   |PRO 50-80|50-80|{\C131;131|
   |PRO 82-140|80-140|{\C30;30|
   |PRO 95-155|140-155|{\C160;160|
   |PRO 145-240|155-240|{\C60;60|
   |PRO 160-270|240-270|{\C134;134|
   |PRO 235-340|270-340|42|
   |PRO 235-400|340-400|{\C26;26|
   |PRO 315-530|400-530|{\C82;82|
   |PRO 390-660|530-660|{\C163;163|
--- ТАБЛИЦА [8 x 3] ---
   |Ведомость чертежей основного комплекта|||
   |№|Наименование|Масштаб|
   |1|{\fGOST B|b0|i0|c204|p34;\W0.9;\C256;Общие данные}||
   |2|{\fGOST B|b0|i0|c204|p34;\W0.9;\C256;Генеральный план чистового покрытия на отметке +15502}|М 1:100|
   |3|{\fGOST B|b0|i0|c204|p34;\W0.9;\C256;План установки и монтажа алюминиевых лаг }|М 1:100|
   |4|{\fGOST B|b0|i0|c204|p34;\W0.9;\C256;План установки и монтажа регулируемых опор}|М 1:100|
   |5|{\fGOST B|b0|i0|c204|p34;\W0.9;\C256;План установки и монтажа корректоров уклона}|М 1:100|
   |6|{\fGOST B|b0|i0|c204|p34;\W0.9;\C256;Спецификация поставляемых материалов}||
--- ТАБЛИЦА [6 x 3] ---
   |Ведомость ссылочных и прилагаемых документов|||
   |Обозначение|Наименование|Примечание|
   |СП 17.13330.2017 |{\fGOST B|b0|i0|c204|p34;\W0.9;\C256;Кровли}||
   |ГОСТ Р 57141-2016|{\fGOST B|b0|i0|c204|p34;\W0.9;\C256;Плиты керамические (керамогранитные)}||
   |ГОСТ 22233-2018|{\fGOST B|b0|i0|c204|p34;\W0.9;\C256;Профили прессованные из алюминиевых сплавов для ограждающих конструкций}||
   |ТУ 2291-001-17621611-2014|{\fGOST B|b0|i0|c204|p34;\W0.9;\C256;Регулируемые опоры LEVEL, серийный выпуск}||
=====================================

Команда: 
Команда: *Прервано*

Команда: OPORTABLES

========== OPOR TOTAL TABLE BLOCKS ==========
--- TABLE #1 ---
    block: table_totl_1
    handle: 60B85
    layer: _SG_Support
    session: old/no-xdata
      1 = 
      2 = 
      3 = 
      4 = 
      5 = 
      6 = 
      7 = 
      8 = 
      9 = 
      10 = 
      11 = 
      12 = 
      13 = 
      AREA = 
      ITOG = 
      CHPOL = 0
      DOSKA = 0
      LAG = 0
      PLITKA = 0
      VECTOR = 0
      PERP = 0
      LENGTH = 
      QC = 
      QR = 
--- TABLE #2 ---
    block: table_totl_3D
    handle: 60BA5
    layer: _SG_Support
    session: old/no-xdata
      1 = 
      2 = 
      3 = 
      4 = 
      5 = 
      6 = 
      7 = 
      8 = 
      9 = 
      10 = 
      11 = 
      AREA = 
      ITOG = 
      CHPOL = 0
      DOSKA = 0
      LAG = 0
      PLITKA = 0
      VECTOR = 0
      PERP = 0
      LENGTH = 
      QC = 
      QR = 
--- TABLE #3 ---
    block: table_totl_PRO
    handle: 60BC4
    layer: _SG_Support
    session: old/no-xdata
      1 = 
      2 = 
      3 = 
      4 = 
      5 = 
      6 = 
      7 = 
      8 = 
      9 = 
      10 = 
      11 = 
      12 = 
      13 = 
      AREA = 
      ITOG = 
      CHPOL = 0
      DOSKA = 0
      LAG = 0
      PLITKA = 0
      VECTOR = 0
      PERP = 0
      LENGTH = 
      QC = 
      QR = 
--- TABLE #4 ---
    block: table_totl_1
    handle: 61667
    layer: 0
    session: old/no-xdata
      1 = 86
      2 = 
      3 = 
      4 = 
      5 = 
      6 = 
      7 = 
      8 = 
      9 = 
      10 = 
      11 = 
      12 = 
      13 = 
      AREA = 15
      ITOG = 86
      CHPOL = -
      DOSKA = -
      LAG = -
      PLITKA = -
      VECTOR = 600
      PERP = 600
      LENGTH = 41
      QC = 0
      QR = 0
============================================

Команда: 
Команда: 
Команда: *Прервано*

Команда: *Прервано*

Команда:  
Команда: 
