[ AutoCAD - Mon Jul 06 10:12:00 2026  ]----------------------------------------

Команда: 
Команда: *Прервано*

Команда: 
Команда: _APPLOAD
opor-loader.lsp успешно загружено.


Команда: 
[OPOR] Загружено. Команды: OPOR, XX, OPORCHECK, OPORCLEAN, OPORDUMP, OPORTABLES, OPOROLD, OPORSHOW, OPORDEBUG.
Команда: 
Команда: OPOR

OPOR режим [Const/Var/Check/Clean/Exit] <Const>: C

[OPOR] Проверка OPOR:
Версия: 3.2-lisp-parity
Слои: OK
Блоки MVP: OK
Справочно, отсутствующие будущие блоки: 
- нет
Выберите внешний контур OPOR: 
Выберите проёмы на слое областиvb или нажмите Enter, если проёмов нет: 
Выберите объекты: найдено: 0

Выберите объекты: 

Линейка опор [lev/3D/PRO] <lev>: lev

Доступные опоры из таблицы 'Опоры':
  1. LOW 12  <17  цвет 221
  2. LOW 20  17-25  цвет 2
  3. 25-35  25-35  цвет 1
  4. 35-50  35-50  цвет 92
  5. 50-80  50-80  цвет 131
  6. 80-140  80-140  цвет 30
  7. 95-155  140-155  цвет 160
  8. 145-240  155-240  цвет 60
  9. 160-270  240-270  цвет 134
  10. 235-340  270-340  цвет 42
  11. 235-400  340-400  цвет 26
  12. 315-530  400-530  цвет 82
  13. 390-660  530-660  цвет 163
Номер опоры <1>: 

Шаг по вектору, мм <600>: 

Шаг по перпендикуляру, мм <600>: 

Радиус опоры, мм <100>: 

Считать длину лаг по сетке [vect/perp] <vect>: 

Укажите начальную точку сетки: 0,0

Укажите направление сетки: @1<0

Укажите точку вставки итоговой таблицы: 7000,3000

[OPOR] MVP завершён: опор=60, длина лаг=30 м.

Команда: 
Команда: 
Команда: 
Команда: _qsave 
Команда: 
Команда: *Прервано*

Команда: *Прервано*

Команда:  
Команда: 
