[ AutoCAD - Mon Jul 06 10:19:49 2026  ]----------------------------------------

Команда: 
Команда: _APPLOAD
opor-loader.lsp успешно загружено.


Команда: 
[OPOR] Загружено. Команды: OPOR, XX, OPORCHECK, OPORCLEAN, OPORDUMP, OPORTABLES, OPOROLD, OPORSHOW, OPORDEBUG.
Команда: 
Команда: OPOR

OPOR режим [Const/Var/Check/Clean/Exit] <Const>: C

[OPOR] Проверка OPOR:
Версия: 3.2-lisp-parity
Слои: OK
Блоки MVP: OK
Справочно, отсутствующие будущие блоки: 
- нет
Выберите внешний контур OPOR: 
Выберите проёмы на слое областиvb или нажмите Enter, если проёмов нет: 
Выберите объекты: *Прервано*

[OPOR] Ошибка: Функция прервана.nil

Команда: 
Команда: 
Команда: 
Команда: 
Команда: *Прервано*

Команда: *Прервано*

Команда: *Прервано*

Команда:  
Команда: 
