[ AutoCAD - Tue Jul 14 12:12:25 2026  ]----------------------------------------

Команда: _APPLOAD
check_dump.lsp успешно загружено.


Команда: 
check_dump.lsp загружен. Главная команда: DUMPALL
Команда: 
Команда: DUMPALL

========== СНИМОК СОСТОЯНИЯ ==========
--- ОПОРЫ (слой опорыvb) --- ВСЕГО: 0  (нет блоков — проверь имя слоя/кодировку)
--- ЛАГИ (LINE на сеткаvb) --- линий: 0  длина: 0 мм = 0 м
--- ПЛОЩАДЬ ---
    контур ('контур'): 15 м2
    областиvb: 1.08 м2
    контур - областиvb: 13.92 м2
--- СЛОИ ПЛАГИНА ---
    контур : вкл , объектов: 159
    опорыvb : вкл , объектов: 0
    опоры_текстvb : вкл , объектов: 0
    сеткаvb : вкл , объектов: 0
    плиткаvb : вкл , объектов: 0
    областиvb : вкл , объектов: 1
    линии_высот : вкл , объектов: 1
--- ТАБЛИЦА [8 x 3] ---
   |Ведомость чертежей основного комплекта|||
   |№|Наименование|Масштаб|
   |1|{\W0.9;\C256;Общие данные}||
   |2|{\W0.9;\C256;Генеральный план чистового покрытия на отметке +()}|М 1:()|
   |3|{\W0.9;\C256;План установки и монтажа алюминиевых лаг }|М 1:()|
   |4|{\W0.9;\C256;План установки и монтажа регулируемых опор}|М 1:()|
   |5|{\W0.9;\C256;План установки и монтажа корректоров уклона}|М 1:()|
   |6|{\W0.9;\C256;Спецификация поставляемых материалов}||
--- ТАБЛИЦА [6 x 3] ---
   |Ведомость ссылочных и прилагаемых документов|||
   |Обозначение|Наименование|Примечание|
   |СП 17.13330.2017 |{\W0.9;\C256;Кровли}||
   |ГОСТ Р 57141-2016|{\W0.9;\C256;Плиты керамические (керамогранитные)}||
   |ГОСТ 22233-2018|{\W0.9;\C256;Профили прессованные из алюминиевых сплавов для ограждающих конструкций}||
   |ТУ 2291-001-17621611-2014|{\W0.9;\C256;Регулируемые опоры LEVEL, серийный выпуск}||
--- ТАБЛИЦА [6 x 3] ---
   |Ведомость ссылочных и прилагаемых документов|||
   |Обозначение|Наименование|Примечание|
   |СП 17.13330.2017 |{\W0.9;\C256;Кровли}||
   |ГОСТ Р  59555 -2021|{\W0.9;\C256;Изделия профильный из древесно-полимерного композита}||
   |ГОСТ 22233-2018|{\W0.9;\C256;Профили прессованные из алюминиевых сплавов для ограждающих конструкций}||
   |ТУ 2291-001-17621611-2014|{\W0.9;\C256;Регулируемые опоры LEVEL, серийный выпуск}||
--- ТАБЛИЦА [36 x 7] ---
   ||||||||
   |Марка|Изображение|{\fISOCPEUR|b0|i0|c204|p34;Наименование}|Масса 1 шт, грамм|Кол-во, шт.|Масса, кг.|{\fISOCPEUR|b0|i0|c204|p34;Примечание}|
   |LOW 12 мм||Нерегулируемая опора |90||||
   |LOW 20 мм||Нерегулируемая опора |100||||
   |Level LOW DISK||Доборный диск 2,5 мм\Pк нерегулируемой опоре |28||||
   |Level LOW SLOPE 1% ||Корректор уклона 1%
к нерегулируемой опоре|34||||
   |Level PRO 25-35 мм||{\fISOCPEUR|b0|i0|c204|p34;\H1.66667x;Регулируемая опора}|185||||
   |Level PRO 35-50 мм||{\fISOCPEUR|b0|i0|c204|p34;\H1.66667x;Регулируемая опора}|277||||
   |Level PRO 50-80 мм||{\fISOCPEUR|b0|i0|c204|p34;\H1.66667x;Регулируемая опора}|300||||
   |Level PRO 80-140 мм||{\fISOCPEUR|b0|i0|c204|p34;\H1.66667x;Регулируемая опора}|442||||
   |Level PRO 95-155 мм||{\fISOCPEUR|b0|i0|c204|p34;\H1.66667x;Регулируемая опора}|466||||
   |Level PRO 145-240 мм||{\fISOCPEUR|b0|i0|c204|p34;\H1.66667x;Регулируемая опора}|632||||
   |Level PRO 160-270 мм||{\fISOCPEUR|b0|i0|c204|p34;\H1.66667x;Регулируемая опора}|682||||
   |Level PRO 235-340 мм||{\fISOCPEUR|b0|i0|c204|p34;\H1.66667x;Регулируемая опора}|848||||
   |Level PRO 235-400 мм||{\fISOCPEUR|b0|i0|c204|p34;\H1.66667x;Регулируемая опора}|922||||
   |Level PRO 315-530 мм||{\fISOCPEUR|b0|i0|c204|p34;\H1.66667x;Регулируемая опора}|1162||||
   |Level PRO 390-660 мм||{\fISOCPEUR|b0|i0|c204|p34;\H1.66667x;Регулируемая опора}|1402||||
   |Level TOP||Держатель для лаги|37||||
   |Level CLIP||Держатель-клипса для алюминиевой лаги|21||||
   |Level LASTRA SOFT||Крепление для плитки
из прорезиненного пластика
(крепление на опору)|67||||
   |LEVEL TILE SOFT||Крепление для плитки\Pиз прорезиненного пластика\P(крепление на алюминиевую лагу)|33||||
   |Level SLOPE 2%||Корректор уклона на 2% |88||||
   |Level SLOPE 3%||Корректор уклона на 3% |95||||
   |Level RING||Стопорное кольцо|31||||
   |Level FIX||Фиксатор для плитки
(комплект из 4 штук)|1.3||||
   |Level LINE STANDARD||Монтажная алюминиевая лага
3 метра|1821||||
   |Level LINE STANDARD||Монтажная алюминиевая лага
4 метра|2428||||
   |Level LINE LITE||Монтажная облегченная
алюминиевая лага 3 метра|1326||||
   |Level LINE LITE||Монтажная облегченная
алюминиевая лага 4 метра|1768||||
   |Level LINE FRAME||Конструкционная
алюминиевая лага 3 метра|2643||||
   |Level LINE FRAME||Конструкционная
алюминиевая лага 4 метра|3524||||
   |Level LINE FLAT||Конструкционная облегченная
алюминиевая лага 3 метра |1731||||
   |Level LINE STEP||Алюминиевый фиксирующий
профиль|?||||
   |Level PLATE||Стальная крепежная пластина для
 конструкционной алюминиевой лаги LINE|37||||
   |Level PLATE BEND||Сгибаемая стальная  крепежная пластина для
 конструкционной алюминиевой лаги LINE|35||||
   |Level PLATE 90||Угловая стальная  крепежная пластина для
 конструкционной алюминиевой лаги LINE|36||||
--- ТАБЛИЦА [50 x 6] ---
   |Состав комплектующих регулируемых опор||||||
   |Марка|{\fISOCPEUR|b0|i0|c204|p34;Наименование}|Масса 1 шт, гр.|Кол-во, шт.|Масса, кг.|{\fISOCPEUR|b0|i0|c204|p34;Примечание}|
   |Level PRO 25-35 мм||||||
   |Up-XS|Вершина опоры |100||||
   |Down-XS|Основание опоры |85||||
   |Level PRO 35-50 мм||||||
   |Up-S|Вершина опоры |172||||
   |Down-S|Основание опоры |105||||
   |Level PRO 50-80 мм||||||
   |Up-М|Вершина опоры |185||||
   |Down-М|Основание опоры |115||||
   |Level PRO 80-140 мм||||||
   |Up-L|Вершина опоры |275||||
   |Down-L|Основание опоры |167||||
   |Level PRO 95-155 мм||||||
   |Up-М|Вершина опоры |185||||
   | Mid-M|Удлинительная муфта|166||||
   |Down-М|Основание опоры |115||||
   |Level PRO 145-240 мм||||||
   |Up-М|Вершина опоры |185||||
   | Mid-M|Удлинительная муфта|166||||
   | Mid-M|Удлинительная муфта|166||||
   |Down-М|Основание опоры |115||||
   |Level PRO 160-270 мм||||||
   |Up-L|Вершина опоры |275||||
   | Mid-X|Удлинительная муфта|240||||
   |Down-L|Основание опоры |167||||
   |Level PRO 235-340 мм||||||
   |Up-L|Вершина опоры |275||||
   | Mid-X|Удлинительная муфта|240||||
   | Mid-M|Удлинительная муфта|166||||
   |Down-L|Основание опоры |167||||
   |Level PRO 235-400 мм||||||
   |Up-L|Вершина опоры |275||||
   | Mid-X|Удлинительная муфта|240||||
   | Mid-X|Удлинительная муфта|240||||
   |Down-L|Основание опоры |167||||
   |Level PRO 315-530 мм||||||
   |Up-L|Вершина опоры |275||||
   | Mid-X|Удлинительная муфта|240||||
   | Mid-X|Удлинительная муфта|240||||
   | Mid-X|Удлинительная муфта|240||||
   |Down-L|Основание опоры |167||||
   |Level PRO 390-660 мм||||||
   |Up-L|Вершина опоры |275||||
   | Mid-X|Удлинительная муфта|240||||
   | Mid-X|Удлинительная муфта|240||||
   | Mid-X|Удлинительная муфта|240||||
   | Mid-X|Удлинительная муфта|240||||
   |Down-L|Основание опоры |167||||
--- ТАБЛИЦА [40 x 6] ---
   |Состав комплектующих регулируемых опор с корректором уклона||||||
   |Марка|{\fISOCPEUR|b0|i0|c204|p34;Наименование}|Масса 1 шт, гр.|Кол-во, шт.|Масса, кг.|{\fISOCPEUR|b0|i0|c204|p34;Примечание}|
   |Level 3D 35-50 мм||||||
   |Вершина опоры Up-S||||||
   |Основание опоры Down-S||||||
   |Level 3D 50-80 мм||||||
   |Вершина опоры Up-M||||||
   |Основание опоры Down-M||||||
   |Level 3D 80-140 мм||||||
   |Вершина опоры Up-L||||||
   |Основание опоры Down-L||||||
   |Level 3D 95-155 мм||||||
   |Вершина опоры Up-M||||||
   |Удлинительная муфта Mid-M||||||
   |Основание опоры Down-M||||||
   |Level 3D 145-240 мм||||||
   |Вершина опоры Up-M||||||
   |Удлинительная муфта Mid-M X2||||||
   |Основание опоры Down-M||||||
   |Level 3D 160-270 мм||||||
   |Вершина опоры Up-L||||||
   |Удлинительная муфта Mid-X ||||||
   |Основание опоры Down-L||||||
   |Level 3D 235-340 мм||||||
   |Вершина опоры Up-L||||||
   |Удлинительная муфта Mid-X ||||||
   |Удлинительная муфта Mid-М||||||
   |Основание опоры Down-L||||||
   |Level 3D 235-400 мм||||||
   |Вершина опоры Up-L||||||
   |Удлинительная муфта Mid-X X2||||||
   |Основание опоры Down-L||||||
   |Level 3D 315-530 мм||||||
   |Вершина опоры Up-L||||||
   |Удлинительная муфта Mid-X X3||||||
   |Основание опоры Down-L||||||
   |Level 3D 390-660 мм||||||
   |Вершина опоры Up-L||||||
   |Удлинительная муфта Mid-X X4||||||
   |Основание опоры Down-L||||||
--- ТАБЛИЦА [8 x 3] ---
   |Ведомость чертежей основного комплекта|||
   |№|Наименование|Масштаб|
   |1|{\W0.9;\C256;Общие данные}||
   |2|{\W0.9;\C256;Генеральный план чистового покрытия на отметке +()}|М 1:()|
   |3|{\W0.9;\C256;План установки и монтажа алюминиевых лаг }|М 1:()|
   |4|{\W0.9;\C256;План установки и монтажа регулируемых опор}|М 1:()|
   |5|{\W0.9;\C256;План установки и монтажа корректоров уклона}|М 1:()|
   |6|{\W0.9;\C256;Спецификация поставляемых материалов}||
--- ТАБЛИЦА [36 x 7] ---
   ||||||||
   |Марка|Изображение|{\fISOCPEUR|b0|i0|c204|p34;Наименование}|Масса 1 шт, грамм|Кол-во, шт.|Масса, кг.|{\fISOCPEUR|b0|i0|c204|p34;Примечание}|
   |LOW 12 мм||Нерегулируемая опора |90||||
   |LOW 20 мм||Нерегулируемая опора |100||||
   |Level LOW DISK||Доборный диск 2,5 мм\Pк нерегулируемой опоре |28||||
   |Level LOW SLOPE 1% ||Корректор уклона 1%
к нерегулируемой опоре|34||||
   |Level PRO 25-35 мм||{\fISOCPEUR|b0|i0|c204|p34;\H1.66667x;Регулируемая опора}|185||||
   |Level PRO 35-50 мм||{\fISOCPEUR|b0|i0|c204|p34;\H1.66667x;Регулируемая опора}|277||||
   |Level PRO 50-80 мм||{\fISOCPEUR|b0|i0|c204|p34;\H1.66667x;Регулируемая опора}|300||||
   |Level PRO 80-140 мм||{\fISOCPEUR|b0|i0|c204|p34;\H1.66667x;Регулируемая опора}|442||||
   |Level PRO 95-155 мм||{\fISOCPEUR|b0|i0|c204|p34;\H1.66667x;Регулируемая опора}|466||||
   |Level PRO 145-240 мм||{\fISOCPEUR|b0|i0|c204|p34;\H1.66667x;Регулируемая опора}|632||||
   |Level PRO 160-270 мм||{\fISOCPEUR|b0|i0|c204|p34;\H1.66667x;Регулируемая опора}|682||||
   |Level PRO 235-340 мм||{\fISOCPEUR|b0|i0|c204|p34;\H1.66667x;Регулируемая опора}|848||||
   |Level PRO 235-400 мм||{\fISOCPEUR|b0|i0|c204|p34;\H1.66667x;Регулируемая опора}|922||||
   |Level PRO 315-530 мм||{\fISOCPEUR|b0|i0|c204|p34;\H1.66667x;Регулируемая опора}|1162||||
   |Level PRO 390-660 мм||{\fISOCPEUR|b0|i0|c204|p34;\H1.66667x;Регулируемая опора}|1402||||
   |Level TOP||Держатель для лаги|37||||
   |Level CLIP||Держатель-клипса для алюминиевой лаги|21||||
   |Level LASTRA SOFT||Крепление для плитки
из прорезиненного пластика
(крепление на опору)|67||||
   |LEVEL TILE SOFT||Крепление для плитки\Pиз прорезиненного пластика\P(крепление на алюминиевую лагу)|33||||
   |Level SLOPE 2%||Корректор уклона на 2% |88||||
   |Level SLOPE 3%||Корректор уклона на 3% |95||||
   |Level RING||Стопорное кольцо|31||||
   |Level FIX||Фиксатор для плитки
(комплект из 4 штук)|1.3||||
   |Level LINE STANDARD||Монтажная алюминиевая лага
3 метра|1821||||
   |Level LINE STANDARD||Монтажная алюминиевая лага
4 метра|2428||||
   |Level LINE LITE||Монтажная облегченная
алюминиевая лага 3 метра|1326||||
   |Level LINE LITE||Монтажная облегченная
алюминиевая лага 4 метра|1768||||
   |Level LINE FRAME||Конструкционная
алюминиевая лага 3 метра|2643||||
   |Level LINE FRAME||Конструкционная
алюминиевая лага 4 метра|3524||||
   |Level LINE FLAT||Конструкционная облегченная
алюминиевая лага 3 метра |1731||||
   |Level LINE STEP||Алюминиевый фиксирующий
профиль|?||||
   |Level PLATE||Стальная крепежная пластина для
 конструкционной алюминиевой лаги LINE|37||||
   |Level PLATE BEND||Сгибаемая стальная  крепежная пластина для
 конструкционной алюминиевой лаги LINE|35||||
   |Level PLATE 90||Угловая стальная  крепежная пластина для
 конструкционной алюминиевой лаги LINE|36||||
--- ТАБЛИЦА [39 x 3] ---
   |Опоры|||
   |Наименование|Диапазон высот|Цвет|
   |LOW 12|<17|{\C221;221|
   |LOW 20|17-25|{\C2;2|
   |25-35|25-35|{\C1;1|
   |35-50|35-50|{\C92;92|
   |50-80|50-80|{\C131;131|
   |80-140|80-140|{\C30;30|
   |95-155|140-155|{\C160;160|
   |145-240|155-240|{\C60;60|
   |160-270|240-270|{\C134;134|
   |235-340|270-340|42|
   |235-400|340-400|{\C26;26|
   |315-530|400-530|{\C82;82|
   |390-660|530-660|{\C163;163|
   |3D 0-35|<35|{\C1;1|
   |3D 35-50 |35-50|{\C92;92|
   |3D 50-80|50-80|{\C131;131|
   |3D 80-140|80-140|{\C30;30|
   |3D 95-155|140-155|{\C160;160|
   |3D 145-240|155-240|{\C60;60|
   |3D 160-270|240-270|{\C134;134|
   |3D 235-340|270-340|42|
   |3D 235-400|340-400|{\C26;26|
   |3D 315-530|400-530|{\C82;82|
   |3D 390-660|530-660|{\C163;163|
   |PRO LOW12|<17|{\C221;221|
   |PRO LOW20|17-25|{\C2;2|
   |PRO 25-35|25-35|{\C1;1|
   |PRO 35-50|35-50|{\C92;92|
   |PRO 50-80|50-80|{\C131;131|
   |PRO 82-140|80-140|{\C30;30|
   |PRO 95-155|140-155|{\C160;160|
   |PRO 145-240|155-240|{\C60;60|
   |PRO 160-270|240-270|{\C134;134|
   |PRO 235-340|270-340|42|
   |PRO 235-400|340-400|{\C26;26|
   |PRO 315-530|400-530|{\C82;82|
   |PRO 390-660|530-660|{\C163;163|
--- ТАБЛИЦА [8 x 3] ---
   |Ведомость чертежей основного комплекта|||
   |№|Наименование|Масштаб|
   |1|{\fGOST B|b0|i0|c204|p34;\W0.9;\C256;Общие данные}||
   |2|{\fGOST B|b0|i0|c204|p34;\W0.9;\C256;Генеральный план чистового покрытия на отметке +15502}|М 1:100|
   |3|{\fGOST B|b0|i0|c204|p34;\W0.9;\C256;План установки и монтажа алюминиевых лаг }|М 1:100|
   |4|{\fGOST B|b0|i0|c204|p34;\W0.9;\C256;План установки и монтажа регулируемых опор}|М 1:100|
   |5|{\fGOST B|b0|i0|c204|p34;\W0.9;\C256;План установки и монтажа корректоров уклона}|М 1:100|
   |6|{\fGOST B|b0|i0|c204|p34;\W0.9;\C256;Спецификация поставляемых материалов}||
--- ТАБЛИЦА [6 x 3] ---
   |Ведомость ссылочных и прилагаемых документов|||
   |Обозначение|Наименование|Примечание|
   |СП 17.13330.2017 |{\fGOST B|b0|i0|c204|p34;\W0.9;\C256;Кровли}||
   |ГОСТ Р 57141-2016|{\fGOST B|b0|i0|c204|p34;\W0.9;\C256;Плиты керамические (керамогранитные)}||
   |ГОСТ 22233-2018|{\fGOST B|b0|i0|c204|p34;\W0.9;\C256;Профили прессованные из алюминиевых сплавов для ограждающих конструкций}||
   |ТУ 2291-001-17621611-2014|{\fGOST B|b0|i0|c204|p34;\W0.9;\C256;Регулируемые опоры LEVEL, серийный выпуск}||
=====================================

Команда: 
Команда: _APPLOAD
probe_marks.lsp успешно загружено.


Команда: 
probe_marks загружен. Команда: MARKDUMP
Команда: 
Команда: MARKDUMP

===== MARKDUMP =====
--- Слои и их содержимое ---
  контур: on=1 frozen=0
      LWPOLYLINE x1; ошибка: неверный тип аргумента: stringp nil

Команда: 
Команда: _APPLOAD
probe_marks.lsp успешно загружено.


Команда: 
probe_marks v2 загружен. Команда: MARKDUMP
Команда: 
Команда: MARKDUMP

===== MARKDUMP v2 =====
--- Блоки otmetka* по всему чертежу ---
  otmetka_oporvb [слой: 0] @25839,71838 знач=+0.000
  otmetka_oporvb [слой: 0] @0,0 знач=0
  otmetka_oporvb [слой: 0] @3000,0 знач=10
  otmetka_oporvb [слой: 0] @3000,5000 знач=20
  otmetka_oporvb [слой: 0] @0,5000 знач=10
  Итого otmetka-блоков: 5 (всего INSERT в чертеже: 27)
--- Слои и их содержимое ---
  контур: on=1 frozen=0 ssget=159
      LWPOLYLINE x1
      <entget=nil> x158
      аномалия: <Имя объекта: 252bc4c3010> COM=AcDbRegion
      аномалия: <Имя объекта: 252bc4c4730> COM=AcDbRegion
      аномалия: <Имя объекта: 252bc4c46b0> COM=AcDbRegion
  опорыvb: on=1 frozen=0 ssget=0
  опоры_текстvb: on=1 frozen=0 ssget=0
  сеткаvb: on=1 frozen=0 ssget=0
  плиткаvb: on=1 frozen=0 ssget=0
  областиvb: on=1 frozen=0 ssget=1
      LWPOLYLINE x1
  линии_высот: on=1 frozen=0 ssget=1
      LWPOLYLINE x1
  линии_высот3: on=1 frozen=0 ssget=0
===== КОНЕЦ MARKDUMP =====

Команда: 
Команда: *Прервано*

Команда: *Прервано*

Команда:  
Команда: 
