[ AutoCAD - Wed Jul 08 11:25:30 2026  ]----------------------------------------

Открывается файл формата AutoCAD 2018.

Разрешить Вн-ссылки "планы и разрезы": .\планы и разрезы.dwg
"планы и разрезы" загружена: C:\Users\user\Documents\Таран\Буденного 49\лифты\стадия Р\177-1120-ОК-1Н-13.1-ВТ\05.12.2025\изм.2\red\dwg\планы и разрезы.dwg
Файл ссылки "планы и разрезы", возможно, изменился с момента последнего сохранения главного чертежа.

Разрешить Вн-ссылки "6 - План выхода на кровлю": .\6 - План выхода на кровлю.dwg
"6 - План выхода на кровлю" загружена: C:\Users\user\Documents\Таран\Буденного 49\лифты\стадия Р\177-1120-ОК-1Н-13.1-ВТ\05.12.2025\изм.2\red\dwg\6 - План выхода на кровлю.dwg
Файл ссылки "6 - План выхода на кровлю", возможно, изменился с момента последнего сохранения главного чертежа.
Выполняется регенерация модели.


Утилиты меню AutoCAD загружены.*Прервано*

Команда: 

Файл Autodesk DWG. Это файл формата TrustedDWG, сохраненный в приложении Autodesk или в приложении, лицензированном корпорацией Autodesk.

Команда: 

Команда: 
Команда: 
Команда:  
Команда: *Прервано*

Команда: 
Команда: 
Команда: _Laymcur 
Выберите объект, слой которого должен стать текущим: *Прервано*
*Прервано*

Команда: *Прервано*

Команда: *Прервано*

Команда: *Прервано*

Команда: 
Команда: 
Команда: 
Команда: _copy найдено: 1

Текущая настройка:  Режим копирования  = Несколько
Базовая точка или [Смещение/реЖим] <Смещение>: *Прервано*

Команда: 
Команда: 
Команда: _copy найдено: 1

Текущая настройка:  Режим копирования  = Несколько
Базовая точка или [Смещение/реЖим] <Смещение>: 
Вторая точка или [Массив] <использовать для смещения первую точку>: 
Укажите вторую точку или [Массив/Выход/Отменить] <Выход>: *Прервано*

Размер откреплен.
Команда: 
Команда: 
** РАСТЯНУТЬ **
Точка растягивания или [Базовая точка/Копировать/ОТменить/выХод]
Команда: 
** УДАЛИТЬ ВЫНОСКУ **
 Выберите для удаления выноски:
Команда: 
** УДАЛИТЬ ВЫНОСКУ **
 Выберите для удаления выноски:
Команда: 
** УДАЛИТЬ ВЫНОСКУ **
 Выберите для удаления выноски:
Команда: 
** УДАЛИТЬ ВЫНОСКУ **
 Выберите для удаления выноски:
Команда: 
** УДАЛИТЬ ВЫНОСКУ **
 Выберите для удаления выноски:
Команда: *Прервано*

Команда: 
Команда:  
Команда: *Прервано*

Команда: Противоположный угол: 
Команда:  

Команда: Противоположный угол: 
Команда:  

Команда: *Прервано*

Команда: Противоположный угол: 
Команда: 
Команда: 
Команда: _EditTableCell 
Enter option  [Operation/Content/Format/Style/Datalink/Quit/ExecuteOneAction]: _O 
Enter option  [BAck/insert ABove/insert BElow/delete ROw/insert LEft/insert RIght/delete COlumn/Merge/Unmerge/insert FOrmula/insert BLock/insert FIeld/BOrder/Quit]: _BE 
Enter option  [BAck/insert ABove/insert BElow/delete ROw/insert LEft/insert RIght/delete COlumn/Merge/Unmerge/insert FOrmula/insert BLock/insert FIeld/BOrder/Quit]: _Q 
Команда: *Прервано*

Команда: Противоположный угол: 
Команда: *Прервано*

Команда: Противоположный угол: 
Команда:  

Команда: Противоположный угол: 
Команда:  

Команда: Противоположный угол: 
Команда:  

Команда: *Прервано*

Команда: Противоположный угол: 
Команда:  

Команда: Противоположный угол: 
Команда:  

Команда: Противоположный угол: 
Команда:  

Команда: Противоположный угол: 
Команда: 
Команда: *Прервано*

Команда: Противоположный угол: 
Команда:  

Команда: Противоположный угол: 
Команда:  

Команда: Противоположный угол: 
Команда:  

Команда: *Прервано*

Команда: 
Команда: 
Команда: 
Команда: _copy найдено: 1

Текущая настройка:  Режим копирования  = Несколько
Базовая точка или [Смещение/реЖим] <Смещение>: 
Вторая точка или [Массив] <использовать для смещения первую точку>: 
Укажите вторую точку или [Массив/Выход/Отменить] <Выход>: *Прервано*

Команда: 
Команда: 
Команда: 
Команда: 
Команда: _bedit Выполняется регенерация модели.

Команда: 
Команда: 
Команда: 
Команда: _mtedit 
Команда: 
Команда: 
Команда: 
Команда: _mtedit 
Команда: *Прервано*

Команда: 
Команда: 
Команда: 
Команда: _mtedit 
Команда: 
Команда: 
Команда: _BSAVEAS 
Команда: 
Команда: 
Команда: _BCLOSE 
Команда: 
Команда: _.erase найдено: 1

Команда: ПАЛБЛОКИ

Команда: Выполняется регенерация модели.


Точка вставки или [Базовая точка/Масштаб/Поворот]: 
Команда: *Прервано*

Команда: 
Команда: 
Команда: 
Команда: _copy найдено: 1

Текущая настройка:  Режим копирования  = Несколько
Базовая точка или [Смещение/реЖим] <Смещение>: 
Вторая точка или [Массив] <использовать для смещения первую точку>: 
Укажите вторую точку или [Массив/Выход/Отменить] <Выход>: *Прервано*

Команда: 
Команда: 
Команда: _qsave 
Команда: 
Команда: 
Команда: _PUBLISH 
Команда: 
Команда: *Прервано*

Команда: 
Команда: *Прервано*

Команда: 
Команда: 
Команда: 
Команда: _SelectSimilar 
Команда: *Прервано*

Команда: 
Команда: 
Команда: _PUBLISH 
Команда: *Прервано*

Команда: *Прервано*

Команда:  
Команда: 
