[ AutoCAD - Wed Jul 08 10:25:19 2026  ]----------------------------------------
Загружается модуль База AD...
Загружается модуль Удлиненная AD-база...
Загружается модуль AEC Core...
Загружается модуль AEC Project Base...
Загружается модуль Архитектурная база AD...
Загружается модуль Спецификация AD...

Открывается файл формата AutoCAD 2018.
Подстановка [simplex.shx] вместо [gosta_w.shx].
Подстановка [simplex.shx] вместо [GOST 2.304 type A].

Разрешить Вн-ссылки "ВЕРТИКАЛКА ОБЩАЯ - копия": .\Новая папка (2)\ПОДГРУЗКИ ОБЩИЕ\ВЕРТИКАЛКА ОБЩАЯ - копия.dwg
"ВЕРТИКАЛКА ОБЩАЯ - копия" загружена: C:\Users\user\Documents\Таран\КРТ\ИОС1.2\облегченные\Новая папка (2)\ПОДГРУЗКИ ОБЩИЕ\ВЕРТИКАЛКА ОБЩАЯ - копия.dwg
Файл ссылки "ВЕРТИКАЛКА ОБЩАЯ - копия", возможно, изменился с момента последнего сохранения главного чертежа.

Разрешить Вн-ссылки "ПОСАДКА ОБЩАЯ - копия": .\Новая папка (2)\ПОДГРУЗКИ ОБЩИЕ\ПОСАДКА ОБЩАЯ - копия.dwg
"ПОСАДКА ОБЩАЯ - копия" загружена: C:\Users\user\Documents\Таран\КРТ\ИОС1.2\облегченные\Новая папка (2)\ПОДГРУЗКИ ОБЩИЕ\ПОСАДКА ОБЩАЯ - копия.dwg
Файл ссылки "ПОСАДКА ОБЩАЯ - копия", возможно, изменился с момента последнего сохранения главного чертежа.
Выполняется регенерация модели.


Утилиты меню AutoCAD загружены.
Команда: 

Файл Autodesk DWG. Это файл формата TrustedDWG, сохраненный в приложении Autodesk или в приложении, лицензированном корпорацией Autodesk.

Команда: 

Команда: 
Команда: *Прервано*

Команда: *Прервано*

Команда:  
Команда: 
