[ AutoCAD - Wed Jul 08 15:33:15 2026  ]----------------------------------------

Открывается файл формата AutoCAD 2007/LT 2007.
Выполняется регенерация листов.


Утилиты меню AutoCAD загружены.*Прервано*

Команда: 

Файл Autodesk DWG. Это файл формата TrustedDWG, сохраненный в приложении Autodesk или в приложении, лицензированном корпорацией Autodesk.

Команда: 

Команда: 
Команда: '_.zoom 
Укажите угол рамки, введите масштаб (nX или nXП), или 
[Все/Центр/Динамика/Границы/Предыдущий/Масштаб/Рамка/Объект] <реальное время>: _e Выполняется регенерация модели.

Команда: *Прервано*

Команда: *Прервано*

Команда: *Прервано*

Команда:   <Переход на: Модель>
Выполняется регенерация модели.

Команда: *Прервано*

Команда: *Прервано*

Команда:   <Переход на: Layout1>
Выполняется регенерация листов.
Выполняется регенерация модели.

Команда: Выполняется регенерация модели.
*Прервано*

Команда: *Прервано*

Команда:   <Переход на: Модель>
Выполняется регенерация модели.

Команда: Задайте противоположный угол или [Линия/РМн-угол/СМн-угол]: 
Команда: *Прервано*

Команда: Задайте противоположный угол или [Линия/РМн-угол/СМн-угол]: 
Команда: 
Команда: 
Команда: _cutclip найдено: 10

Команда: 
Команда: 
Команда: 
Команда: _cutclip найдено: 1

Команда: 
Команда: *Прервано*

Команда: Задайте противоположный угол или [Линия/РМн-угол/СМн-угол]: 
Команда: 
Команда: 
Команда: _cutclip найдено: 2

Команда: 
Команда: *Прервано*

Команда: 
Команда: *Прервано*

Команда: Задайте противоположный угол или [Линия/РМн-угол/СМн-угол]: 
Команда: 
Команда: 
Команда: _cutclip найдено: 10

Команда: Задайте противоположный угол или [Линия/РМн-угол/СМн-угол]: 
Команда: 
Команда: 
Команда: _cutclip найдено: 1

Команда: Задайте противоположный угол или [Линия/РМн-угол/СМн-угол]: 
Команда: 
Команда: 
Команда: _cutclip найдено: 2

Команда: 
Команда: Задайте противоположный угол или [Линия/РМн-угол/СМн-угол]: 
Команда: 
Команда: 
Команда: _cutclip найдено: 2

Команда: 
Команда: 
Команда: _dim 
Выберите объекты, укажите начало первой выносной линии или [Угловой/Базовый/Цепь/орДинатный/выровнЯть/Распределить/слоЙ/Отменить]:
Укажите начало первой выносной линии или [Угловой/Базовый/Цепь/орДинатный/выровнЯть/Распределить/слоЙ/Отменить]:
Укажите начало второй выносной линии или [Отменить]:
Укажите местоположение размерной линии или вторую линию для угла [Мтекст/тЕкст/уГол текста/Отменить]:
Выберите объекты, укажите начало первой выносной линии или [Угловой/Базовый/Цепь/орДинатный/выровнЯть/Распределить/слоЙ/Отменить]:
Укажите начало первой выносной линии или [Угловой/Базовый/Цепь/орДинатный/выровнЯть/Распределить/слоЙ/Отменить]:
Команда: 
Команда: '_matchprop 
Текущие активные настройки:  Цвет Слой Тип Лмасштаб Вес линий Прозрачность Толщина Стиль печати Размер Текст Штриховка Полилиния ВЭкран Таблица Материал Мультивыноска Центральный объект 

Выберите целевой объект(ы) или [Настройки]: 

Выберите целевой объект(ы) или [Настройки]: *Прервано*

Команда: 
Команда: *Прервано*

Команда: 
Команда: 
Команда: 
Команда: 
Команда: _move найдено: 2

Базовая точка или [Смещение] <Смещение>: 
Вторая точка или <считать смещением первую точку>: 
Команда: *Прервано*

Команда: 
Команда: Задайте противоположный угол или [Линия/РМн-угол/СМн-угол]: 
Команда: 
Команда: 
Команда: _move найдено: 2

Базовая точка или [Смещение] <Смещение>: 
Вторая точка или <считать смещением первую точку>: *Прервано*

Команда: 
Команда: *Прервано*

Команда:  <Вес линий > 
Команда:  <Вес линий > 
Команда:  <Вес линий > 
Команда: 
Команда: 
Команда: _rectang 
Укажите точку первого угла или [Фаска/Уровень/Сопряжение/Толщина/Ширина]: 
Укажите точку второго угла или [Площадь/Размеры/поВорот]: 
Команда: 
Команда: *Прервано*

Команда: Задайте противоположный угол или [Линия/РМн-угол/СМн-угол]: 
Команда: *Прервано*

Команда: 
Команда: *Прервано*

Команда: *Прервано*

Команда: *Прервано*

Команда:   <Переход на: Layout1>
Выполняется регенерация листов.
Выполняется регенерация модели.

Команда: Выполняется регенерация модели.
'_.zoom 
Укажите угол рамки, введите масштаб (nX или nXП), или 
[Все/Центр/Динамика/Границы/Предыдущий/Масштаб/Рамка/Объект] <реальное время>: _e 
Команда: _.PAGESETUP 
Команда: 
Команда: *Прервано*

Команда: *Прервано*

Команда:  
Команда: 
