[ AutoCAD - Fri Jul 10 09:15:54 2026  ]----------------------------------------
Загружается модуль База AD...
Загружается модуль Удлиненная AD-база...
Загружается модуль AEC Core...
Загружается модуль AEC Project Base...
Загружается модуль Архитектурная база AD...
Загружается модуль Спецификация AD...

Открытие файла формата AutoCAD 2010/LT 2010.

Разрешить Вн-ссылки "1-АР1-3 - Корпус 1- Секция 1- Маркировочный план 1 этажа": ..\XRef\1-АР1-3 - Корпус 1- Секция 1- Маркировочный план 1 этажа.dwg
"1-АР1-3 - Корпус 1- Секция 1- Маркировочный план 1 этажа.dwg" не найдена.

Разрешить Вн-ссылки "--Лист - 1-АР2-2 - Секция 1- План 2 этажа на отметке +7-500": ..\XRef\--Лист - 1-АР2-2 - Секция 1- План 2 этажа на отметке +7-500.dwg
"--Лист - 1-АР2-2 - Секция 1- План 2 этажа на отметке +7-500.dwg" не найдена.

Разрешить Вн-ссылки "--Лист - 1-АР2-10 - Секция 1- Маркировочный план 22-30 этажей на отметке +67-500": ..\XRef\--Лист - 1-АР2-10 - Секция 1- Маркировочный план 22-30 этажей на отметке +67-500.dwg
"--Лист - 1-АР2-10 - Секция 1- Маркировочный план 22-30 этажей на отметке +67-500.dwg" не найдена.

Разрешить Вн-ссылки "--Лист - 1-АР2-3 - Секция 1- План 3 этажа на отметке +10-500": ..\XRef\--Лист - 1-АР2-3 - Секция 1- План 3 этажа на отметке +10-500.dwg
"--Лист - 1-АР2-3 - Секция 1- План 3 этажа на отметке +10-500.dwg" не найдена.

Разрешить Вн-ссылки "--Лист - 1-АР2-9 - Секция 1- Маркировочный план 4-21 этажей на отметке +13-500": ..\XRef\--Лист - 1-АР2-9 - Секция 1- Маркировочный план 4-21 этажей на отметке +13-500.dwg
"--Лист - 1-АР2-9 - Секция 1- Маркировочный план 4-21 этажей на отметке +13-500.dwg" не найдена.

Разрешить Вн-ссылки "ИЗМ-2-Лист - 1-АР3-2 - Секция 1- Техническое пространство": ..\XRef\ИЗМ-2-Лист - 1-АР3-2 - Секция 1- Техническое пространство.dwg
"ИЗМ-2-Лист - 1-АР3-2 - Секция 1- Техническое пространство.dwg" не найдена.

Разрешить Вн-ссылки "ИЗМ-2-Лист - 1-АР3-3 - Секция 1- План выхода на кровлю": ..\XRef\ИЗМ-2-Лист - 1-АР3-3 - Секция 1- План выхода на кровлю.dwg
"ИЗМ-2-Лист - 1-АР3-3 - Секция 1- План выхода на кровлю.dwg" не найдена.
Выполняется регенерация модели.


Утилиты меню AutoCAD загружены.
Команда: 

Файл Autodesk DWG. Это файл формата TrustedDWG, сохраненный в приложении Autodesk или в приложении, лицензированном корпорацией Autodesk.

Команда: 

Команда: 
Команда: 
Команда: 
Команда: *Прервано*

Команда: 
Команда: *Прервано*

Команда: 
Команда: *Прервано*

Команда: 
Команда: *Прервано*

Команда: 
Команда: *Прервано*

Команда: 
Команда: *Прервано*

Команда: 
Команда: *Прервано*

Команда: 
Команда: *Прервано*

Команда: 
Команда: *Прервано*

Команда: 
Команда: *Прервано*

Команда: 
Команда: *Прервано*

Команда: 
Команда: *Прервано*

Команда: 
Команда: *Прервано*

Команда: 
Команда: *Прервано*

Команда: 
Команда: *Прервано*

Команда: Задайте противоположный угол или [Линия/РМн-угол/СМн-угол]: 
Команда: *Прервано*

Команда: Задайте противоположный угол или [Линия/РМн-угол/СМн-угол]: 
Команда: *Прервано*

Команда: Задайте противоположный угол или [Линия/РМн-угол/СМн-угол]: 
Команда: *Прервано*

Команда: Задайте противоположный угол или [Линия/РМн-угол/СМн-угол]: 
Команда: *Прервано*

Команда: Задайте противоположный угол или [Линия/РМн-угол/СМн-угол]: 
Команда: *Прервано*

Команда: Задайте противоположный угол или [Линия/РМн-угол/СМн-угол]: 
Команда: *Прервано*

Команда: Задайте противоположный угол или [Линия/РМн-угол/СМн-угол]: 
Команда: 
Команда: *Прервано*

Команда: 
Автоматическое сохранение в C:\Users\user\AppData\Local\Temp\Кременчугская,вл.11-17_Р_К1_v1.1_1_4940_bf4c0f5e.sv$ ...

Команда: 
Команда: 
Команда: 
Команда: 
Команда: _copyclip найдено: 1

Команда: *Прервано*

Команда: 
Команда: 
Команда: _pasteclip Повторное определение блока _Oblique  пропущено.
Повторное определение блока _None  пропущено.
Точка вставки: 
Команда: *Прервано*

Команда: Задайте противоположный угол или [Линия/РМн-угол/СМн-угол]: 
Команда: *Прервано*

Команда: Задайте противоположный угол или [Линия/РМн-угол/СМн-угол]: 
Команда: 
Команда: 
Команда: _copyclip найдено: 1

Команда: *Прервано*

Команда: 
Команда: 
Команда: *Прервано*

Команда: 
Команда: 
Автоматическое сохранение в C:\Users\user\AppData\Local\Temp\Кременчугская,вл.11-17_Р_К1_v1.1_1_4940_bf4c0f5e.sv$ ...

Команда: 
Команда: 
Команда: *Прервано*

Команда: *Прервано*

Команда:  
Команда: 
