[ AutoCAD - Thu Jul 09 14:27:43 2026  ]----------------------------------------

Открытие файла формата AutoCAD 2010/LT 2010.
Выполняется регенерация листов.


Утилиты меню AutoCAD загружены.
Команда: 

Файл Autodesk DWG. Это файл формата TrustedDWG, сохраненный в приложении Autodesk или в приложении, лицензированном корпорацией Autodesk.

Команда: 

Команда: 
Команда: Выполняется регенерация модели.
Выполняется регенерация модели.
Выполняется регенерация модели.
Выполняется регенерация модели.
Задайте противоположный угол или [Линия/РМн-угол/СМн-угол]: 
Команда: *Прервано*

Команда: *Прервано*

Команда:   <Переход на: Модель>
Выполняется регенерация модели.

Команда: Задайте противоположный угол или [Линия/РМн-угол/СМн-угол]: 
Команда: *Прервано*

Команда: 
Команда: *Прервано*

Команда: *Прервано*

Команда: *Прервано*

Команда:  
Команда: 
