[ AutoCAD - Wed Jul 08 15:37:15 2026  ]----------------------------------------

Открытие файла формата AutoCAD 2010/LT 2010.
Выполняется регенерация листов.


Утилиты меню AutoCAD загружены.*Прервано*

Команда: 

Файл Autodesk DWG. Это файл формата TrustedDWG, сохраненный в приложении Autodesk или в приложении, лицензированном корпорацией Autodesk.

Команда: 

Команда: 
Команда: Выполняется регенерация модели.
Выполняется регенерация модели.
Выполняется регенерация модели.
_.PAGESETUP 
Команда: *Прервано*

Команда: *Прервано*

Команда:   <Переход на: Модель>
Выполняется регенерация модели.

Команда: Задайте противоположный угол или [Линия/РМн-угол/СМн-угол]: *Прервано*

Команда: Задайте противоположный угол или [Линия/РМн-угол/СМн-угол]: 
Команда: 
Команда: 
Команда: _move найдено: 5

Базовая точка или [Смещение] <Смещение>: 
Вторая точка или <считать смещением первую точку>: 
Команда: *Прервано*

Команда: 
Команда: 
Команда: _dimlinear 
Начало первой выносной линии или <выбрать объект>: 
Начало второй выносной линии: 
Положение размерной линии или 
[Мтекст/Текст/Угол/Горизонтальный/Вертикальный/Повернутый]: 
Размерный текст = 1770.0000
Команда: Задайте противоположный угол или [Линия/РМн-угол/СМн-угол]: 
Команда: 
Команда: '_matchprop 
Текущие активные настройки:  Цвет Слой Тип Лмасштаб Вес линий Прозрачность Толщина Стиль печати Размер Текст Штриховка Полилиния ВЭкран Таблица Материал Мультивыноска Центральный объект 

Выберите целевой объект(ы) или [Настройки]: 

Выберите целевой объект(ы) или [Настройки]: *Прервано*

Команда: *Прервано*

Команда: 
Команда: 
Команда: _dimlinear 
Начало первой выносной линии или <выбрать объект>: 
Начало второй выносной линии: 
Положение размерной линии или 
[Мтекст/Текст/Угол/Горизонтальный/Вертикальный/Повернутый]: 
Размерный текст = 2930.0000
Команда: 
Команда: '_matchprop 
Текущие активные настройки:  Цвет Слой Тип Лмасштаб Вес линий Прозрачность Толщина Стиль печати Размер Текст Штриховка Полилиния ВЭкран Таблица Материал Мультивыноска Центральный объект 

Выберите целевой объект(ы) или [Настройки]: 

Выберите целевой объект(ы) или [Настройки]: *Прервано*

Команда: 
Команда: 
** РАСТЯНУТЬ **
Задайте точку для растяжения или [Базовая точка/Копировать/oТменить/выХод]:
Команда: *Прервано*

Команда: 
Команда: 
Команда: _rectang 
Укажите точку первого угла или [Фаска/Уровень/Сопряжение/Толщина/Ширина]: 
Укажите точку второго угла или [Площадь/Размеры/поВорот]: 
Команда: 
Команда:  <Вес линий > 
Команда: *Прервано*

Команда: *Прервано*

Команда: *Прервано*

Команда:   <Переход на: Layout1>
Выполняется регенерация листов.
Выполняется регенерация модели.

Команда: Задайте противоположный угол или [Линия/РМн-угол/СМн-угол]: *Прервано*

Команда: Выполняется регенерация модели.
*Прервано*

Команда: *Прервано*

Команда:   <Переход на: Модель>
Выполняется регенерация модели.

Команда: 
Команда: *Прервано*

Команда: *Прервано*

Команда: *Прервано*

Команда:   <Переход на: Layout1>
Выполняется регенерация листов.
Выполняется регенерация модели.

Команда: Выполняется регенерация модели.

Команда: 
Команда: _plot Печатная область чертежа: ширина - 840.74; высота - 1189.00
Печатная область чертежа: ширина - 440.22; высота - 928.54

Вычерчивается видовой экран 2.
Печатная область чертежа: ширина - 134.20; высота - 101.68

Вычерчивается видовой экран 3.
Печатная область чертежа: ширина - 62.10; высота - 61.51

Вычерчивается видовой экран 4.
Печатная область чертежа: ширина - 62.06; высота - 60.96

Вычерчивается видовой экран 5.

Вычерчивается видовой экран 1.

Команда: *Прервано*

Команда: *Прервано*

Команда:  Чертеж сохранен в формате AutoCAD 2018.

Команда: 
