[ AutoCAD - Wed Jul 08 10:50:35 2026  ]----------------------------------------

Открывается файл формата AutoCAD 2018.
Подстановка [simplex.shx] вместо [eskd1.shx].
Подстановка [simplex.shx] вместо [SPDS.shx].
Выполняется регенерация модели.


Утилиты меню AutoCAD загружены.
Команда: 

Файл Autodesk DWG. Это файл формата TrustedDWG, сохраненный в приложении Autodesk или в приложении, лицензированном корпорацией Autodesk.

Команда: 

Команда: 
Команда: 
Команда: 
Команда: 
Команда: 
Команда: _bedit Выполняется регенерация модели.
Выполняется регенерация модели.

Команда: Задайте противоположный угол или [Линия/РМн-угол/СМн-угол]: 
Команда: 
Команда: 
Команда: _copyclip найдено: 10

Команда: *Прервано*

Команда: 
Команда: 
Команда: _BVSTATE 
Команда: *Прервано*

Команда: 
Команда: Задайте противоположный угол или [Линия/РМн-угол/СМн-угол]: 
Команда: 
Команда: 
Команда: _move найдено: 3

Базовая точка или [Смещение] <Смещение>: 
Вторая точка или <считать смещением первую точку>: *Прервано*

Команда: Задайте противоположный угол или [Линия/РМн-угол/СМн-угол]: 
Команда: 
Команда: 
Команда: _move найдено: 3

Базовая точка или [Смещение] <Смещение>: 
Вторая точка или <считать смещением первую точку>:  
>>Новое значение ORTHOMODE <0>:  
Возобновляется команда ПЕРЕНЕСТИ.

Вторая точка или <считать смещением первую точку>: 
Команда: Задайте противоположный угол или [Линия/РМн-угол/СМн-угол]: 
Команда: 
Команда: 
Команда: _copy найдено: 3

Текущая настройка:  Режим копирования  = Несколько
Базовая точка или [Смещение/реЖим] <Смещение>: 
Вторая точка или [Массив] <использовать для смещения первую точку>:  
>>Новое значение ORTHOMODE <0>:  
Возобновляется команда КОПИРОВАТЬ.

Вторая точка или [Массив] <использовать для смещения первую точку>: 
Укажите вторую точку или [Массив/Выход/Отменить] <Выход>: *Прервано*

Команда: _bactionset 
Укажите набор объектов для объекта операций [Создать/Редактировать] <Создать>: _m


Выберите объект для добавления в набор операций или [Исключить]: Противоположный угол: 


Выберите объект для добавления в набор операций или [Исключить]: 

Команда: 
Команда: 
Команда: _btestblock Выполняется регенерация модели.

Команда: 
Команда: _-BVSTATE_sСП-400
Команда: _-BVSTATE 
Текущее состояние видимости: СП-400 (два свт)
Задайте параметр [Создать/Задать/Удалить] <Создать>: _s 
Введите имя состояния видимости, которое необходимо сделать текущим, или [?]: СП-400

Команда: Задайте противоположный угол или [Линия/РМн-угол/СМн-угол]: 
Команда: 
Команда: 
Команда: _copy найдено: 3

Текущая настройка:  Режим копирования  = Несколько
Базовая точка или [Смещение/реЖим] <Смещение>: 
Вторая точка или [Массив] <использовать для смещения первую точку>: 
Укажите вторую точку или [Массив/Выход/Отменить] <Выход>: *Прервано*

Команда: _u INTELLIZOOM ГРУППА 
Команда: Задайте противоположный угол или [Линия/РМн-угол/СМн-угол]: 
Команда: 
Команда: 
Команда: _move найдено: 3

Базовая точка или [Смещение] <Смещение>: 
Вторая точка или <считать смещением первую точку>: 
Команда: *Прервано*

Команда: _-BVSTATE_sСП-400 (два свт)
Команда: _-BVSTATE 
Текущее состояние видимости: СП-400
Задайте параметр [Создать/Задать/Удалить] <Создать>: _s 
Введите имя состояния видимости, которое необходимо сделать текущим, или [?]: СП-400 (два свт)

Команда: *Прервано*

Команда: Задайте противоположный угол или [Линия/РМн-угол/СМн-угол]: 
Команда: 
Команда: 
Команда: _copy найдено: 3

Текущая настройка:  Режим копирования  = Несколько
Базовая точка или [Смещение/реЖим] <Смещение>: 
Вторая точка или [Массив] <использовать для смещения первую точку>:  
>>Новое значение ORTHOMODE <0>:  
Возобновляется команда КОПИРОВАТЬ.

Вторая точка или [Массив] <использовать для смещения первую точку>:  
>>Новое значение ORTHOMODE <0>:  
Возобновляется команда КОПИРОВАТЬ.

Вторая точка или [Массив] <использовать для смещения первую точку>: 
Укажите вторую точку или [Массив/Выход/Отменить] <Выход>: *Прервано*

Команда: Задайте противоположный угол или [Линия/РМн-угол/СМн-угол]: 
Команда: _BVHIDE 
Скрыть для текущего состояния или всех состояний видимости [Текущее/Все] <Текущее>: _C

Команда: *Прервано*

Команда: _-BVSTATE_sСП-400
Команда: _-BVSTATE 
Текущее состояние видимости: СП-400 (два свт)
Задайте параметр [Создать/Задать/Удалить] <Создать>: _s 
Введите имя состояния видимости, которое необходимо сделать текущим, или [?]: СП-400

Команда: _-BVSTATE_sСП-400 (два свт)
Команда: _-BVSTATE 
Текущее состояние видимости: СП-400
Задайте параметр [Создать/Задать/Удалить] <Создать>: _s 
Введите имя состояния видимости, которое необходимо сделать текущим, или [?]: СП-400 (два свт)

Команда: *Прервано*

Команда: _bactionset 
Укажите набор объектов для объекта операций [Создать/Редактировать] <Создать>: _m


Выберите объект для добавления в набор операций или [Исключить]: Противоположный угол: 


Выберите объект для добавления в набор операций или [Исключить]: 

Команда: 
Команда: 
Команда: _btestblock Выполняется регенерация модели.

Команда: 
Команда: 
Команда: 
Команда: _BCLOSE Выполняется регенерация модели.

Команда: 
Команда: Задайте противоположный угол или [Линия/РМн-угол/СМн-угол]: *Прервано*

Команда: 
Команда: *Прервано*

Команда: 
Команда: 
Команда: 
Команда: _move найдено: 1

Базовая точка или [Смещение] <Смещение>: 
Вторая точка или <считать смещением первую точку>: 
Команда: *Прервано*

Команда: 
Команда: *Прервано*

Команда: 
Команда: 
Команда: *Прервано*

Команда: 
Команда: 
Команда: _move найдено: 1

Базовая точка или [Смещение] <Смещение>: 
Вторая точка или <считать смещением первую точку>: 
Команда: *Прервано*

Команда: 
Команда: *Прервано*

Команда: 
Команда: 
Команда: *Прервано*

Команда: 
Команда: 
Команда: *Прервано*

Команда: 
Команда: 
Команда: *Прервано*

Команда: 
Команда: 
Команда: *Прервано*

Команда: Задайте противоположный угол или [Линия/РМн-угол/СМн-угол]: 
Команда: 
Команда: 
Команда: _copy найдено: 1

Текущая настройка:  Режим копирования  = Несколько
Базовая точка или [Смещение/реЖим] <Смещение>: 
Вторая точка или [Массив] <использовать для смещения первую точку>: 
Укажите вторую точку или [Массив/Выход/Отменить] <Выход>: *Прервано*

Размер откреплен.
Команда: 
Команда:  
Команда: 
Команда:  
Команда: *Прервано*

Команда: 
Команда:  
Команда: *Прервано*

Команда: 
Команда: 
** РАСТЯНУТЬ **
Точка растягивания или [Базовая точка/Копировать/ОТменить/выХод]
Команда: 
** РАСТЯНУТЬ **
Точка растягивания или [Базовая точка/Копировать/ОТменить/выХод]
Команда: *Прервано*

Команда: 
Команда: 
** РАСТЯНУТЬ **
Точка растягивания или [Базовая точка/Копировать/ОТменить/выХод]
Команда: 
** РАСТЯНУТЬ **
Точка растягивания или [Базовая точка/Копировать/ОТменить/выХод]
Команда: *Прервано*

Команда: Задайте противоположный угол или [Линия/РМн-угол/СМн-угол]: *Прервано*

Команда: 
Команда:    
** ДОБАВИТЬ ВЫНОСКУ **
Местоположение стрелки выноски:
** ДОБАВИТЬ ВЫНОСКУ **
Местоположение стрелки выноски:
** ДОБАВИТЬ ВЫНОСКУ **
Местоположение стрелки выноски:*Прервано*

Команда: *Прервано*

Команда: 
Команда: 
** ДОБАВИТЬ ВЫНОСКУ **
Местоположение стрелки выноски:
Команда: 
** РАСТЯНУТЬ **
Точка растягивания или [Базовая точка/Копировать/ОТменить/выХод]
Команда: *Прервано*

Команда: 
Команда: 
** РАСТЯНУТЬ **
Точка растягивания или [Базовая точка/Копировать/ОТменить/выХод]
Команда: *Прервано*

Команда: 
Команда: 
Команда:  
Команда: *Прервано*

Команда: 
Команда:  
Команда: *Прервано*

Команда: 
Команда:  
Команда: *Прервано*

Команда: 
Команда: 
Команда: 
Команда: _cutclip найдено: 1

Команда: _u INTELLIZOOM ГРУППА 
Команда: 
Команда: *Прервано*

Команда: 
Команда: 
Команда: _line 
Первая точка: 
Следующая точка или [оТменить]: 
Следующая точка или [оТменить]: 
Следующая точка или [Замкнуть/Отменить]: *Прервано*

Команда: 
Команда: *Прервано*

Команда: 
Команда: 
Команда: 
Команда: 
Команда: _trim 
Текущие параметры: проекция = ПСК, кромка = Нет, режим = Быстрый
Выбрать режущие кромки...найдено: 2

Выберите обрезаемый или удлиняемый объект (плюс SHIFT) либо [реЖущие кромки/Секрамка/Режим/Проекция/уДалить]: 

Выберите обрезаемый или удлиняемый объект (плюс SHIFT) либо [реЖущие кромки/Секрамка/Режим/Проекция/уДалить/Отменить]: *Прервано*

Команда: Задайте противоположный угол или [Линия/РМн-угол/СМн-угол]: 
Команда: 
Команда: 
Команда: 
Команда: _cutclip найдено: 1

Команда: Задайте противоположный угол или [Линия/РМн-угол/СМн-угол]: 
Команда: 
Команда: 
Команда: _cutclip найдено: 2

Команда: 
Команда: 
Команда: _chamfer 
(Режим С ОБРЕЗКОЙ) Параметры фаски: Длина1 = 0.0000, Длина2 = 0.0000
Выберите первый отрезок или [оТменить/полИлиния/Длина/Угол/оБрезка/Метод/Несколько]: 
Выберите второй отрезок или нажмите клавишу Shift при выборе, чтобы создать угол, или [Расстояние/Угол/Метод]: *Прервано*

Команда: Задайте противоположный угол или [Линия/РМн-угол/СМн-угол]: 
Команда: 
**Удлинить вершину**
Задайте точку новой вершины:*Прервано*

Команда: 
** РАСТЯНУТЬ **
Задайте точку для растяжения или [Базовая точка/Копировать/oТменить/выХод]:*Прервано*

Команда: 
**Удлинить вершину**
Задайте точку новой вершины:
Команда: *Прервано*

Команда: 
Команда: *Прервано*

Команда: 
Команда: *Прервано*

Команда: 
Команда: 
Команда: 
Команда: _bedit Выполняется регенерация модели.
Выполняется регенерация модели.

Команда: _-BVSTATE_sСП-400 (два свт)
Команда: _-BVSTATE 
Текущее состояние видимости: СП-400
Задайте параметр [Создать/Задать/Удалить] <Создать>: _s 
Введите имя состояния видимости, которое необходимо сделать текущим, или [?]: СП-400 (два свт)

Команда: *Прервано*

Команда: Задайте противоположный угол или [Линия/РМн-угол/СМн-угол]: 
Команда: Задайте противоположный угол или [Линия/РМн-угол/СМн-угол]: 
Команда: Задайте противоположный угол или [Линия/РМн-угол/СМн-угол]: 
Команда: *Прервано*

Команда: 
Команда: 
Команда: _BCLOSE Выполняется регенерация модели.

Команда: *Прервано*

Команда: 
Команда: 
Команда: _qsave 
Команда: *Прервано*

Команда: *Прервано*

Команда:  
Команда: 
