[ AutoCAD - Wed Jul 08 10:53:32 2026  ]----------------------------------------


Утилиты меню AutoCAD загружены.*Прервано*

Команда: 

Файл Autodesk DWG. Это файл формата TrustedDWG, сохраненный в приложении Autodesk или в приложении, лицензированном корпорацией Autodesk.

Команда: 

Команда: 
Команда: 
Команда: Задайте противоположный угол или [Линия/РМн-угол/СМн-угол]: *Прервано*

Команда: 
Команда: 
Укажите угол поворота или [Базовая точка/Отменить/вЫход]: 
Команда: 
Укажите угол поворота или [Базовая точка/Отменить/вЫход]: 
Команда: 
Укажите угол поворота или [Базовая точка/Отменить/вЫход]: 
Команда: *Прервано*

Команда: 
Команда: 
Команда: _CLOSE 
Команда: 
