[ AutoCAD - Tue Jul 07 17:49:41 2026  ]----------------------------------------
Загружается модуль База AD...
Загружается модуль Удлиненная AD-база...
Загружается модуль AEC Core...
Загружается модуль AEC Project Base...
Загружается модуль Архитектурная база AD...
Загружается модуль Спецификация AD...

Открытие файла AutoCAD 2013/LT 2013.
Подстановка [simplex.shx] вместо [cs_gost2304.shx].
Подстановка [simplex.shx] вместо [GOST 2.304 type A].
Подстановка [simplex.shx] вместо [GOST 2.304 type A].
Подстановка [simplex.shx] вместо [GOST 2.304 type A].
Подстановка [simplex.shx] вместо [cs_gost2304.shx].
Подстановка [simplex.shx] вместо [GOST type A].
Подстановка [simplex.shx] вместо [GOST 2.304 type A].
Подстановка [simplex.shx] вместо [SPDS.shx].

Разрешить Вн-ссылки "output[1]_3_2767-22tp": .\3_2767-22\output[1]_3_2767-22tp.dwg
"output[1]_3_2767-22tp" загружена: \\server\Shared\Кременчугская\Проектная документация\Стадия Р\206-1121-ОК-1Н-1-НСС1+\2026.06.03 Изм.1 Согл\206-1121-ОК-1Н-1-НСС1 Изм.1\RED\DWG\План _М 500_опс_10.04.25 - Standard\3_2767-22\output[1]_3_2767-22tp.dwg
Файл ссылки "output[1]_3_2767-22tp", возможно, изменился с момента последнего сохранения главного чертежа.

Разрешить Вн-ссылки "output[1]_3_2767-22pp": .\3_2767-22\output[1]_3_2767-22pp.dwg
"output[1]_3_2767-22pp" загружена: \\server\Shared\Кременчугская\Проектная документация\Стадия Р\206-1121-ОК-1Н-1-НСС1+\2026.06.03 Изм.1 Согл\206-1121-ОК-1Н-1-НСС1 Изм.1\RED\DWG\План _М 500_опс_10.04.25 - Standard\3_2767-22\output[1]_3_2767-22pp.dwg
Файл ссылки "output[1]_3_2767-22pp", возможно, изменился с момента последнего сохранения главного чертежа.

Разрешить Вн-ссылки "output[1]_3_2767-22kl": .\3_2767-22\output[1]_3_2767-22kl.dwg
"output[1]_3_2767-22kl" загружена: \\server\Shared\Кременчугская\Проектная документация\Стадия Р\206-1121-ОК-1Н-1-НСС1+\2026.06.03 Изм.1 Согл\206-1121-ОК-1Н-1-НСС1 Изм.1\RED\DWG\План _М 500_опс_10.04.25 - Standard\3_2767-22\output[1]_3_2767-22kl.dwg
Файл ссылки "output[1]_3_2767-22kl", возможно, изменился с момента последнего сохранения главного чертежа.

Разрешить Вн-ссылки "Канализация_ВЫПУСКА": .\Прокладки\Канализация_ВЫПУСКА.dwg
"Канализация_ВЫПУСКА" загружена: \\server\Shared\Кременчугская\Проектная документация\Стадия Р\206-1121-ОК-1Н-1-НСС1+\2026.06.03 Изм.1 Согл\206-1121-ОК-1Н-1-НСС1 Изм.1\RED\DWG\План _М 500_опс_10.04.25 - Standard\Прокладки\Канализация_ВЫПУСКА.dwg
Файл ссылки "Канализация_ВЫПУСКА", возможно, изменился с момента последнего сохранения главного чертежа.

Разрешить Вн-ссылки "Водосток_ВЫПУСКА": .\Прокладки\Водосток_ВЫПУСКА.dwg
"Водосток_ВЫПУСКА" загружена: \\server\Shared\Кременчугская\Проектная документация\Стадия Р\206-1121-ОК-1Н-1-НСС1+\2026.06.03 Изм.1 Согл\206-1121-ОК-1Н-1-НСС1 Изм.1\RED\DWG\План _М 500_опс_10.04.25 - Standard\Прокладки\Водосток_ВЫПУСКА.dwg
Файл ссылки "Водосток_ВЫПУСКА", возможно, изменился с момента последнего сохранения главного чертежа.

Разрешить Вн-ссылки "Ввод водопровода": .\Не наши СЕТИ\Ввод водопровода.dwg
"Ввод водопровода" загружена: \\server\Shared\Кременчугская\Проектная документация\Стадия Р\206-1121-ОК-1Н-1-НСС1+\2026.06.03 Изм.1 Согл\206-1121-ОК-1Н-1-НСС1 Изм.1\RED\DWG\План _М 500_опс_10.04.25 - Standard\Не наши СЕТИ\Ввод водопровода.dwg
Файл ссылки "Ввод водопровода", возможно, изменился с момента последнего сохранения главного чертежа.

Разрешить Вн-ссылки "Теплотрасса_ТЕХПРИС": .\Не наши СЕТИ\Теплотрасса_ТЕХПРИС.dwg
"Теплотрасса_ТЕХПРИС" загружена: \\server\Shared\Кременчугская\Проектная документация\Стадия Р\206-1121-ОК-1Н-1-НСС1+\2026.06.03 Изм.1 Согл\206-1121-ОК-1Н-1-НСС1 Изм.1\RED\DWG\План _М 500_опс_10.04.25 - Standard\Не наши СЕТИ\Теплотрасса_ТЕХПРИС.dwg
Файл ссылки "Теплотрасса_ТЕХПРИС", возможно, изменился с момента последнего сохранения главного чертежа.

Разрешить Вн-ссылки "ВРУ": .\Не наши СЕТИ\ВРУ.dwg
"ВРУ" загружена: \\server\Shared\Кременчугская\Проектная документация\Стадия Р\206-1121-ОК-1Н-1-НСС1+\2026.06.03 Изм.1 Согл\206-1121-ОК-1Н-1-НСС1 Изм.1\RED\DWG\План _М 500_опс_10.04.25 - Standard\Не наши СЕТИ\ВРУ.dwg
Файл ссылки "ВРУ", возможно, изменился с момента последнего сохранения главного чертежа.

Разрешить Вн-ссылки "Канализация_КРЕСТЫ": .\Перекладки+демонтаж\Канализация_КРЕСТЫ.dwg
"Канализация_КРЕСТЫ" загружена: \\server\Shared\Кременчугская\Проектная документация\Стадия Р\206-1121-ОК-1Н-1-НСС1+\2026.06.03 Изм.1 Согл\206-1121-ОК-1Н-1-НСС1 Изм.1\RED\DWG\План _М 500_опс_10.04.25 - Standard\Перекладки+демонтаж\Канализация_КРЕСТЫ.dwg
Файл ссылки "Канализация_КРЕСТЫ", возможно, изменился с момента последнего сохранения главного чертежа.

Разрешить Вн-ссылки "Водосток_КРЕСТЫ": .\Перекладки+демонтаж\Водосток_КРЕСТЫ.dwg
"Водосток_КРЕСТЫ" загружена: \\server\Shared\Кременчугская\Проектная документация\Стадия Р\206-1121-ОК-1Н-1-НСС1+\2026.06.03 Изм.1 Согл\206-1121-ОК-1Н-1-НСС1 Изм.1\RED\DWG\План _М 500_опс_10.04.25 - Standard\Перекладки+демонтаж\Водосток_КРЕСТЫ.dwg
Файл ссылки "Водосток_КРЕСТЫ", возможно, изменился с момента последнего сохранения главного чертежа.

Вн-ссылки "Газ_ДЕМОНТАЖ": Газ_ДЕМОНТАЖ.dwg
Элемент "Газ_ДЕМОНТАЖ" выгружен.

Разрешить Вн-ссылки "Коллектор_ДЕМОНТАЖ": .\Перекладки+демонтаж\Коллектор_ДЕМОНТАЖ.dwg
"Коллектор_ДЕМОНТАЖ" загружена: \\server\Shared\Кременчугская\Проектная документация\Стадия Р\206-1121-ОК-1Н-1-НСС1+\2026.06.03 Изм.1 Согл\206-1121-ОК-1Н-1-НСС1 Изм.1\RED\DWG\План _М 500_опс_10.04.25 - Standard\Перекладки+демонтаж\Коллектор_ДЕМОНТАЖ.dwg
Файл ссылки "Коллектор_ДЕМОНТАЖ", возможно, изменился с момента последнего сохранения главного чертежа.

Разрешить Вн-ссылки "Водосток_Решетки": .\Не наши СЕТИ\Водосток_Решетки.dwg
"Водосток_Решетки" загружена: \\server\Shared\Кременчугская\Проектная документация\Стадия Р\206-1121-ОК-1Н-1-НСС1+\2026.06.03 Изм.1 Согл\206-1121-ОК-1Н-1-НСС1 Изм.1\RED\DWG\План _М 500_опс_10.04.25 - Standard\Не наши СЕТИ\Водосток_Решетки.dwg
Файл ссылки "Водосток_Решетки", возможно, изменился с момента последнего сохранения главного чертежа.

Разрешить Вн-ссылки "КЛ 0.4": .\Не наши СЕТИ\КЛ 0.4.dwg
"КЛ 0.4" загружена: \\server\Shared\Кременчугская\Проектная документация\Стадия Р\206-1121-ОК-1Н-1-НСС1+\2026.06.03 Изм.1 Согл\206-1121-ОК-1Н-1-НСС1 Изм.1\RED\DWG\План _М 500_опс_10.04.25 - Standard\Не наши СЕТИ\КЛ 0.4.dwg
Файл ссылки "КЛ 0.4", возможно, изменился с момента последнего сохранения главного чертежа.

Вн-ссылки "сносимые 5-ти этажки": сносимые 5-ти этажки.dwg
Элемент "сносимые 5-ти этажки" выгружен.

Разрешить Вн-ссылки "Общий коллектор": .\Общие ссылки\Общий коллектор.dwg
"Общий коллектор" загружена: \\server\Shared\Кременчугская\Проектная документация\Стадия Р\206-1121-ОК-1Н-1-НСС1+\2026.06.03 Изм.1 Согл\206-1121-ОК-1Н-1-НСС1 Изм.1\RED\DWG\План _М 500_опс_10.04.25 - Standard\Общие ссылки\Общий коллектор.dwg
Файл ссылки "Общий коллектор", возможно, изменился с момента последнего сохранения главного чертежа.

Разрешить Вн-ссылки "ЭЛ_ПЕРЕКЛАДКА": .\Перекладки+демонтаж\ЭЛ_ПЕРЕКЛАДКА.dwg
Не удалось найти местоположение [Russia-GOST_Topo.shx].
"ЭЛ_ПЕРЕКЛАДКА" загружена: \\server\Shared\Кременчугская\Проектная документация\Стадия Р\206-1121-ОК-1Н-1-НСС1+\2026.06.03 Изм.1 Согл\206-1121-ОК-1Н-1-НСС1 Изм.1\RED\DWG\План _М 500_опс_10.04.25 - Standard\Перекладки+демонтаж\ЭЛ_ПЕРЕКЛАДКА.dwg
Файл ссылки "ЭЛ_ПЕРЕКЛАДКА", возможно, изменился с момента последнего сохранения главного чертежа.

Вн-ссылки "Гидранты_пож.рукава": Гидранты_пож.рукава.dwg
Элемент "Гидранты_пож.рукава" выгружен.

Разрешить Вн-ссылки "output[1]_3_1510-23": .\3_1510-23\output[1]_3_1510-23.dwg
"output[1]_3_1510-23" загружена: \\server\Shared\Кременчугская\Проектная документация\Стадия Р\206-1121-ОК-1Н-1-НСС1+\2026.06.03 Изм.1 Согл\206-1121-ОК-1Н-1-НСС1 Изм.1\RED\DWG\План _М 500_опс_10.04.25 - Standard\3_1510-23\output[1]_3_1510-23.dwg
Файл ссылки "output[1]_3_1510-23", возможно, изменился с момента последнего сохранения главного чертежа.

Вн-ссылки "output[1]_brd": output[1]_brd.dwg
Элемент "output[1]_brd" выгружен.

Разрешить Вн-ссылки "output[1]_3_1510-23tp": .\3_1510-23\output[1]_3_1510-23tp.dwg
"output[1]_3_1510-23tp" загружена: \\server\Shared\Кременчугская\Проектная документация\Стадия Р\206-1121-ОК-1Н-1-НСС1+\2026.06.03 Изм.1 Согл\206-1121-ОК-1Н-1-НСС1 Изм.1\RED\DWG\План _М 500_опс_10.04.25 - Standard\3_1510-23\output[1]_3_1510-23tp.dwg
Файл ссылки "output[1]_3_1510-23tp", возможно, изменился с момента последнего сохранения главного чертежа.

Разрешить Вн-ссылки "output[1]_3_1510-23up": .\3_1510-23\output[1]_3_1510-23up.dwg
"output[1]_3_1510-23up" загружена: \\server\Shared\Кременчугская\Проектная документация\Стадия Р\206-1121-ОК-1Н-1-НСС1+\2026.06.03 Изм.1 Согл\206-1121-ОК-1Н-1-НСС1 Изм.1\RED\DWG\План _М 500_опс_10.04.25 - Standard\3_1510-23\output[1]_3_1510-23up.dwg
Файл ссылки "output[1]_3_1510-23up", возможно, изменился с момента последнего сохранения главного чертежа.

Разрешить Вн-ссылки "output[1]_3_1510-23kl": .\3_1510-23\output[1]_3_1510-23kl.dwg
"output[1]_3_1510-23kl" загружена: \\server\Shared\Кременчугская\Проектная документация\Стадия Р\206-1121-ОК-1Н-1-НСС1+\2026.06.03 Изм.1 Согл\206-1121-ОК-1Н-1-НСС1 Изм.1\RED\DWG\План _М 500_опс_10.04.25 - Standard\3_1510-23\output[1]_3_1510-23kl.dwg
Файл ссылки "output[1]_3_1510-23kl", возможно, изменился с момента последнего сохранения главного чертежа.

Разрешить Вн-ссылки "output[1]_edge_1510-23": .\3_1510-23\output[1]_edge_1510-23.dwg
"output[1]_edge_1510-23" загружена: \\server\Shared\Кременчугская\Проектная документация\Стадия Р\206-1121-ОК-1Н-1-НСС1+\2026.06.03 Изм.1 Согл\206-1121-ОК-1Н-1-НСС1 Изм.1\RED\DWG\План _М 500_опс_10.04.25 - Standard\3_1510-23\output[1]_edge_1510-23.dwg
Файл ссылки "output[1]_edge_1510-23", возможно, изменился с момента последнего сохранения главного чертежа.

Вн-ссылки "output[1]_3_8195-22": output[1]_3_8195-22.dwg
Элемент "output[1]_3_8195-22" выгружен.

Разрешить Вн-ссылки "Зона влияния": .\Общие ссылки\Зона влияния.dwg
"Зона влияния" загружена: \\server\Shared\Кременчугская\Проектная документация\Стадия Р\206-1121-ОК-1Н-1-НСС1+\2026.06.03 Изм.1 Согл\206-1121-ОК-1Н-1-НСС1 Изм.1\RED\DWG\План _М 500_опс_10.04.25 - Standard\Общие ссылки\Зона влияния.dwg
Файл ссылки "Зона влияния", возможно, изменился с момента последнего сохранения главного чертежа.

Разрешить Вн-ссылки "Геология_скважины": .\Общие ссылки\Геология_скважины.dwg
"Геология_скважины" загружена: \\server\Shared\Кременчугская\Проектная документация\Стадия Р\206-1121-ОК-1Н-1-НСС1+\2026.06.03 Изм.1 Согл\206-1121-ОК-1Н-1-НСС1 Изм.1\RED\DWG\План _М 500_опс_10.04.25 - Standard\Общие ссылки\Геология_скважины.dwg
Файл ссылки "Геология_скважины", возможно, изменился с момента последнего сохранения главного чертежа.

Разрешить Вн-ссылки "Водопровод_КРЕСТЫ_2024.01.12": .\Перекладки+демонтаж\Водопровод_КРЕСТЫ_2024.01.12.dwg
"Водопровод_КРЕСТЫ_2024.01.12" загружена: \\server\Shared\Кременчугская\Проектная документация\Стадия Р\206-1121-ОК-1Н-1-НСС1+\2026.06.03 Изм.1 Согл\206-1121-ОК-1Н-1-НСС1 Изм.1\RED\DWG\План _М 500_опс_10.04.25 - Standard\Перекладки+демонтаж\Водопровод_КРЕСТЫ_2024.01.12.dwg
Файл ссылки "Водопровод_КРЕСТЫ_2024.01.12", возможно, изменился с момента последнего сохранения главного чертежа.

Вн-ссылки "Водопровод_КРЕСТЫ": Водопровод_КРЕСТЫ.dwg
Элемент "Водопровод_КРЕСТЫ" выгружен.

Разрешить Вн-ссылки "_К1_План_Кременчугская_техприс": .\Перекладки+демонтаж\_К1_План_Кременчугская_техприс.dwg
"_К1_План_Кременчугская_техприс" загружена: \\server\Shared\Кременчугская\Проектная документация\Стадия Р\206-1121-ОК-1Н-1-НСС1+\2026.06.03 Изм.1 Согл\206-1121-ОК-1Н-1-НСС1 Изм.1\RED\DWG\План _М 500_опс_10.04.25 - Standard\Перекладки+демонтаж\_К1_План_Кременчугская_техприс.dwg
Файл ссылки "_К1_План_Кременчугская_техприс", возможно, изменился с момента последнего сохранения главного чертежа.

Разрешить Вн-ссылки "Водопровод_ТЕХПРИС_2024.02.07": .\Не наши СЕТИ\Водопровод_ТЕХПРИС_2024.02.07.dwg
"Водопровод_ТЕХПРИС_2024.02.07" загружена: \\server\Shared\Кременчугская\Проектная документация\Стадия Р\206-1121-ОК-1Н-1-НСС1+\2026.06.03 Изм.1 Согл\206-1121-ОК-1Н-1-НСС1 Изм.1\RED\DWG\План _М 500_опс_10.04.25 - Standard\Не наши СЕТИ\Водопровод_ТЕХПРИС_2024.02.07.dwg
Файл ссылки "Водопровод_ТЕХПРИС_2024.02.07", возможно, изменился с момента последнего сохранения главного чертежа.

Разрешить Вн-ссылки "Водосток_ТЕХПРИС_2024.06.20": .\Не наши СЕТИ\Водосток_ТЕХПРИС_2024.06.20.dwg
"Водосток_ТЕХПРИС_2024.06.20" загружена: \\server\Shared\Кременчугская\Проектная документация\Стадия Р\206-1121-ОК-1Н-1-НСС1+\2026.06.03 Изм.1 Согл\206-1121-ОК-1Н-1-НСС1 Изм.1\RED\DWG\План _М 500_опс_10.04.25 - Standard\Не наши СЕТИ\Водосток_ТЕХПРИС_2024.06.20.dwg
Файл ссылки "Водосток_ТЕХПРИС_2024.06.20", возможно, изменился с момента последнего сохранения главного чертежа.

Разрешить Вн-ссылки "Водосток_ТЕХПРИС_2024.07.08": .\Не наши СЕТИ\Водосток_ТЕХПРИС_2024.07.08.dwg
"Водосток_ТЕХПРИС_2024.07.08" загружена: \\server\Shared\Кременчугская\Проектная документация\Стадия Р\206-1121-ОК-1Н-1-НСС1+\2026.06.03 Изм.1 Согл\206-1121-ОК-1Н-1-НСС1 Изм.1\RED\DWG\План _М 500_опс_10.04.25 - Standard\Не наши СЕТИ\Водосток_ТЕХПРИС_2024.07.08.dwg
Файл ссылки "Водосток_ТЕХПРИС_2024.07.08", возможно, изменился с момента последнего сохранения главного чертежа.

Разрешить Вн-ссылки "Кременчугская_ИТП": .\Не наши СЕТИ\Кременчугская_ИТП.dwg
"Кременчугская_ИТП" загружена: \\server\Shared\Кременчугская\Проектная документация\Стадия Р\206-1121-ОК-1Н-1-НСС1+\2026.06.03 Изм.1 Согл\206-1121-ОК-1Н-1-НСС1 Изм.1\RED\DWG\План _М 500_опс_10.04.25 - Standard\Не наши СЕТИ\Кременчугская_ИТП.dwg
Файл ссылки "Кременчугская_ИТП", возможно, изменился с момента последнего сохранения главного чертежа.

Разрешить Вн-ссылки "ПОСАДКА ЗДАНИЯ": .\Общие ссылки\ПОСАДКА ЗДАНИЯ.dwg
"ПОСАДКА ЗДАНИЯ" загружена: \\server\Shared\Кременчугская\Проектная документация\Стадия Р\206-1121-ОК-1Н-1-НСС1+\2026.06.03 Изм.1 Согл\206-1121-ОК-1Н-1-НСС1 Изм.1\RED\DWG\План _М 500_опс_10.04.25 - Standard\Общие ссылки\ПОСАДКА ЗДАНИЯ.dwg
Файл ссылки "ПОСАДКА ЗДАНИЯ", возможно, изменился с момента последнего сохранения главного чертежа.

Разрешить Вн-ссылки "output[1]": .\3_2767-22\output[1].dwg
"output[1]" загружена: \\server\Shared\Кременчугская\Проектная документация\Стадия Р\206-1121-ОК-1Н-1-НСС1+\2026.06.03 Изм.1 Согл\206-1121-ОК-1Н-1-НСС1 Изм.1\RED\DWG\План _М 500_опс_10.04.25 - Standard\3_2767-22\output[1].dwg
Файл ссылки "output[1]", возможно, изменился с момента последнего сохранения главного чертежа.

Разрешить Вн-ссылки "output[1]_3_2767-22up": .\3_2767-22\output[1]_3_2767-22up.dwg
"output[1]_3_2767-22up" загружена: \\server\Shared\Кременчугская\Проектная документация\Стадия Р\206-1121-ОК-1Н-1-НСС1+\2026.06.03 Изм.1 Согл\206-1121-ОК-1Н-1-НСС1 Изм.1\RED\DWG\План _М 500_опс_10.04.25 - Standard\3_2767-22\output[1]_3_2767-22up.dwg
Файл ссылки "output[1]_3_2767-22up", возможно, изменился с момента последнего сохранения главного чертежа.

Разрешить Вн-ссылки "output[1]_edge001": .\3_2767-22\output[1]_edge001.dwg
"output[1]_edge001" загружена: \\server\Shared\Кременчугская\Проектная документация\Стадия Р\206-1121-ОК-1Н-1-НСС1+\2026.06.03 Изм.1 Согл\206-1121-ОК-1Н-1-НСС1 Изм.1\RED\DWG\План _М 500_опс_10.04.25 - Standard\3_2767-22\output[1]_edge001.dwg
Файл ссылки "output[1]_edge001", возможно, изменился с момента последнего сохранения главного чертежа.

Разрешить Вн-ссылки "гео_заказы": .\Гео заказы\гео_заказы.dwg
Не удалось найти местоположение [Russia-GOST_Topo.shx].
"гео_заказы" загружена: \\server\Shared\Кременчугская\Проектная документация\Стадия Р\206-1121-ОК-1Н-1-НСС1+\2026.06.03 Изм.1 Согл\206-1121-ОК-1Н-1-НСС1 Изм.1\RED\DWG\План _М 500_опс_10.04.25 - Standard\Гео заказы\гео_заказы.dwg
Файл ссылки "гео_заказы", возможно, изменился с момента последнего сохранения главного чертежа.

Разрешить Вн-ссылки "output[1-4]": .\3_4674-22\output[1-4].dwg
"output[1-4]" загружена: \\server\Shared\Кременчугская\Проектная документация\Стадия Р\206-1121-ОК-1Н-1-НСС1+\2026.06.03 Изм.1 Согл\206-1121-ОК-1Н-1-НСС1 Изм.1\RED\DWG\План _М 500_опс_10.04.25 - Standard\3_4674-22\output[1-4].dwg
Файл ссылки "output[1-4]", возможно, изменился с момента последнего сохранения главного чертежа.

Разрешить Вн-ссылки "output[МГТС]": .\3_8195-22\output[МГТС].dwg
"output[МГТС]" загружена: \\server\Shared\Кременчугская\Проектная документация\Стадия Р\206-1121-ОК-1Н-1-НСС1+\2026.06.03 Изм.1 Согл\206-1121-ОК-1Н-1-НСС1 Изм.1\RED\DWG\План _М 500_опс_10.04.25 - Standard\3_8195-22\output[МГТС].dwg
Файл ссылки "output[МГТС]", возможно, изменился с момента последнего сохранения главного чертежа.

Вн-ссылки "Водопровод_ТЕХПРИС": Водопровод_ТЕХПРИС.dwg
Элемент "Водопровод_ТЕХПРИС" выгружен.

Вн-ссылки "Водосток_ТЕХПРИС": Водосток_ТЕХПРИС.dwg
Элемент "Водосток_ТЕХПРИС" выгружен.

Вн-ссылки "Канализация_ТЕХПРИС": Канализация_ТЕХПРИС.dwg
Элемент "Канализация_ТЕХПРИС" выгружен.

Вн-ссылки "ТС ВВОД": ТС ВВОД.dwg
Элемент "ТС ВВОД" выгружен.

Разрешить Вн-ссылки "output[1-4]_brd": .\3_4674-22\output[1-4]_brd.dwg
"output[1-4]_brd" загружена: \\server\Shared\Кременчугская\Проектная документация\Стадия Р\206-1121-ОК-1Н-1-НСС1+\2026.06.03 Изм.1 Согл\206-1121-ОК-1Н-1-НСС1 Изм.1\RED\DWG\План _М 500_опс_10.04.25 - Standard\3_4674-22\output[1-4]_brd.dwg
Файл ссылки "output[1-4]_brd", возможно, изменился с момента последнего сохранения главного чертежа.

Разрешить Вн-ссылки "output[1-4]_3_4674-22tp": .\3_4674-22\output[1-4]_3_4674-22tp.dwg
"output[1-4]_3_4674-22tp" загружена: \\server\Shared\Кременчугская\Проектная документация\Стадия Р\206-1121-ОК-1Н-1-НСС1+\2026.06.03 Изм.1 Согл\206-1121-ОК-1Н-1-НСС1 Изм.1\RED\DWG\План _М 500_опс_10.04.25 - Standard\3_4674-22\output[1-4]_3_4674-22tp.dwg
Файл ссылки "output[1-4]_3_4674-22tp", возможно, изменился с момента последнего сохранения главного чертежа.

Разрешить Вн-ссылки "output[1-4]_3_4674-22up": .\3_4674-22\output[1-4]_3_4674-22up.dwg
"output[1-4]_3_4674-22up" загружена: \\server\Shared\Кременчугская\Проектная документация\Стадия Р\206-1121-ОК-1Н-1-НСС1+\2026.06.03 Изм.1 Согл\206-1121-ОК-1Н-1-НСС1 Изм.1\RED\DWG\План _М 500_опс_10.04.25 - Standard\3_4674-22\output[1-4]_3_4674-22up.dwg
Файл ссылки "output[1-4]_3_4674-22up", возможно, изменился с момента последнего сохранения главного чертежа.

Разрешить Вн-ссылки "output[1-4]_3_4674-22pp": .\3_4674-22\output[1-4]_3_4674-22pp.dwg
"output[1-4]_3_4674-22pp" загружена: \\server\Shared\Кременчугская\Проектная документация\Стадия Р\206-1121-ОК-1Н-1-НСС1+\2026.06.03 Изм.1 Согл\206-1121-ОК-1Н-1-НСС1 Изм.1\RED\DWG\План _М 500_опс_10.04.25 - Standard\3_4674-22\output[1-4]_3_4674-22pp.dwg
Файл ссылки "output[1-4]_3_4674-22pp", возможно, изменился с момента последнего сохранения главного чертежа.

Разрешить Вн-ссылки "output[1-4]_3_4674-22kl": .\3_4674-22\output[1-4]_3_4674-22kl.dwg
"output[1-4]_3_4674-22kl" загружена: \\server\Shared\Кременчугская\Проектная документация\Стадия Р\206-1121-ОК-1Н-1-НСС1+\2026.06.03 Изм.1 Согл\206-1121-ОК-1Н-1-НСС1 Изм.1\RED\DWG\План _М 500_опс_10.04.25 - Standard\3_4674-22\output[1-4]_3_4674-22kl.dwg
Файл ссылки "output[1-4]_3_4674-22kl", возможно, изменился с момента последнего сохранения главного чертежа.

Разрешить Вн-ссылки "output[1-4]_edge001": .\3_4674-22\output[1-4]_edge001.dwg
"output[1-4]_edge001" загружена: \\server\Shared\Кременчугская\Проектная документация\Стадия Р\206-1121-ОК-1Н-1-НСС1+\2026.06.03 Изм.1 Согл\206-1121-ОК-1Н-1-НСС1 Изм.1\RED\DWG\План _М 500_опс_10.04.25 - Standard\3_4674-22\output[1-4]_edge001.dwg
Файл ссылки "output[1-4]_edge001", возможно, изменился с момента последнего сохранения главного чертежа.

Разрешить Вн-ссылки "output[1-4]_edge002": .\3_4674-22\output[1-4]_edge002.dwg
"output[1-4]_edge002" загружена: \\server\Shared\Кременчугская\Проектная документация\Стадия Р\206-1121-ОК-1Н-1-НСС1+\2026.06.03 Изм.1 Согл\206-1121-ОК-1Н-1-НСС1 Изм.1\RED\DWG\План _М 500_опс_10.04.25 - Standard\3_4674-22\output[1-4]_edge002.dwg
Файл ссылки "output[1-4]_edge002", возможно, изменился с момента последнего сохранения главного чертежа.

Разрешить Вн-ссылки "output[1-4]_edge003": .\3_4674-22\output[1-4]_edge003.dwg
"output[1-4]_edge003" загружена: \\server\Shared\Кременчугская\Проектная документация\Стадия Р\206-1121-ОК-1Н-1-НСС1+\2026.06.03 Изм.1 Согл\206-1121-ОК-1Н-1-НСС1 Изм.1\RED\DWG\План _М 500_опс_10.04.25 - Standard\3_4674-22\output[1-4]_edge003.dwg
Файл ссылки "output[1-4]_edge003", возможно, изменился с момента последнего сохранения главного чертежа.

Разрешить Вн-ссылки "output[1-4]_edge004": .\3_4674-22\output[1-4]_edge004.dwg
"output[1-4]_edge004" загружена: \\server\Shared\Кременчугская\Проектная документация\Стадия Р\206-1121-ОК-1Н-1-НСС1+\2026.06.03 Изм.1 Согл\206-1121-ОК-1Н-1-НСС1 Изм.1\RED\DWG\План _М 500_опс_10.04.25 - Standard\3_4674-22\output[1-4]_edge004.dwg
Файл ссылки "output[1-4]_edge004", возможно, изменился с момента последнего сохранения главного чертежа.

Разрешить Вн-ссылки "output[1]_3_8195-22tp": .\3_8195-22\output[1]_3_8195-22tp.dwg
"output[1]_3_8195-22tp" загружена: \\server\Shared\Кременчугская\Проектная документация\Стадия Р\206-1121-ОК-1Н-1-НСС1+\2026.06.03 Изм.1 Согл\206-1121-ОК-1Н-1-НСС1 Изм.1\RED\DWG\План _М 500_опс_10.04.25 - Standard\3_8195-22\output[1]_3_8195-22tp.dwg
Файл ссылки "output[1]_3_8195-22tp", возможно, изменился с момента последнего сохранения главного чертежа.

Разрешить Вн-ссылки "output[1]_3_8195-22up": .\3_8195-22\output[1]_3_8195-22up.dwg
"output[1]_3_8195-22up" загружена: \\server\Shared\Кременчугская\Проектная документация\Стадия Р\206-1121-ОК-1Н-1-НСС1+\2026.06.03 Изм.1 Согл\206-1121-ОК-1Н-1-НСС1 Изм.1\RED\DWG\План _М 500_опс_10.04.25 - Standard\3_8195-22\output[1]_3_8195-22up.dwg
Файл ссылки "output[1]_3_8195-22up", возможно, изменился с момента последнего сохранения главного чертежа.

Разрешить Вн-ссылки "output[1]_3_8195-22pp": .\3_8195-22\output[1]_3_8195-22pp.dwg
"output[1]_3_8195-22pp" загружена: \\server\Shared\Кременчугская\Проектная документация\Стадия Р\206-1121-ОК-1Н-1-НСС1+\2026.06.03 Изм.1 Согл\206-1121-ОК-1Н-1-НСС1 Изм.1\RED\DWG\План _М 500_опс_10.04.25 - Standard\3_8195-22\output[1]_3_8195-22pp.dwg
Файл ссылки "output[1]_3_8195-22pp", возможно, изменился с момента последнего сохранения главного чертежа.

Разрешить Вн-ссылки "output[1]_3_8195-22kl": .\3_8195-22\output[1]_3_8195-22kl.dwg
"output[1]_3_8195-22kl" загружена: \\server\Shared\Кременчугская\Проектная документация\Стадия Р\206-1121-ОК-1Н-1-НСС1+\2026.06.03 Изм.1 Согл\206-1121-ОК-1Н-1-НСС1 Изм.1\RED\DWG\План _М 500_опс_10.04.25 - Standard\3_8195-22\output[1]_3_8195-22kl.dwg
Файл ссылки "output[1]_3_8195-22kl", возможно, изменился с момента последнего сохранения главного чертежа.

Вн-ссылки "output[1]_edge_8195-22": output[1]_edge_8195-22.dwg
Элемент "output[1]_edge_8195-22" разорван.
Выполняется регенерация листов.


Утилиты меню AutoCAD загружены.
Команда: 

Файл Autodesk DWG. Это файл формата TrustedDWG, сохраненный в приложении Autodesk или в приложении, лицензированном корпорацией Autodesk.

Команда: 

Команда: 
Команда: *Прервано*

Команда: *Прервано*

Команда:   <Переход на: Модель>
Выполняется регенерация модели.

Команда: 
Команда: _.erase найдено: 1

Команда: 
Команда: *Прервано*

Команда: 
Команда: *Прервано*

Команда: 
Команда: _.erase найдено: 1

Команда: _u INTELLIZOOM 
Команда: _u СТЕРЕТЬ 
Команда: 
Команда: 
Команда: 
Команда: _SelectSimilar 
Команда: *Прервано*

Команда: 
Команда: *Прервано*

Команда: 
Команда:  
Команда: *Прервано*

Команда: 
Команда: 
Команда: 
Команда: _SelectSimilar 
Команда: 
Команда: 
Команда: _HideObjects найдено: 30

Команда: 
Команда: 
Команда: _UnIsolateObjects 
Отмена изолирования для объектов: 30.

Команда: 
Команда: *Прервано*

Команда: 
Команда: Задайте противоположный угол или [Линия/РМн-угол/СМн-угол]: *Прервано*

Команда: 
Команда: *Прервано*

Команда: 
Команда: *Прервано*

Команда: 
Команда: *Прервано*

Команда: 
Команда: *Прервано*

Команда: 
Команда: 
Команда: *Прервано*

Команда: 
Команда: *Прервано*

Команда: 
Команда: *Прервано*

Команда: *Прервано*

Команда:  
Команда: 
