[ AutoCAD - Tue Jul 07 17:34:18 2026  ]----------------------------------------

Открытие файла AutoCAD 2013/LT 2013.
Подстановка [simplex.shx] вместо [CS_Gost2304.shx].
Подстановка [simplex.shx] вместо [GOST 2.304 type A].
Подстановка [simplex.shx] вместо [D431].
Подстановка [simplex.shx] вместо [RUSS.shx].

Разрешить Вн-ссылки "ВРУ": .\Не наши СЕТИ\ВРУ.dwg
"ВРУ.dwg" не найдена.

Разрешить Вн-ссылки "НСС ПЕРЕКЛАДКА": .\Перекладки+демонтаж\НСС ПЕРЕКЛАДКА.dwg
"НСС ПЕРЕКЛАДКА.dwg" не найдена.

Разрешить Вн-ссылки "ЭЛ_ПЕРЕКЛАДКА": .\Перекладки+демонтаж\ЭЛ_ПЕРЕКЛАДКА.dwg
"ЭЛ_ПЕРЕКЛАДКА.dwg" не найдена.
Выполняется регенерация модели.


Утилиты меню AutoCAD загружены.
Команда: 

Файл Autodesk DWG. Это файл формата TrustedDWG, сохраненный в приложении Autodesk или в приложении, лицензированном корпорацией Autodesk.

Команда: 

Команда: 
Команда: 
Команда: 
Команда: *Прервано*

Команда: 
Команда: 
Команда: 
Команда: _line 
Первая точка: 
Следующая точка или [оТменить]: *Прервано*

Команда: 
Команда: *Прервано*

Команда: 
Команда: 
Команда: _line 
Первая точка: 
Следующая точка или [оТменить]: *Прервано*

Команда: 
Команда: *Прервано*

Команда: 
Команда: *Прервано*

Команда: 
Команда: *Прервано*

Команда: 
Команда: *Прервано*

Команда: 
Команда: 
Команда: _line 
Первая точка: 
Следующая точка или [оТменить]: *Прервано*

Команда: 
Команда: 
Команда: _line 
Первая точка: 
Следующая точка или [оТменить]: *Прервано*

Команда: 
Команда: 
Команда: _line 
Первая точка: *Прервано*

Команда: 
Команда: *Прервано*

Команда: *Прервано*

Команда: *Прервано*

Команда: 
Команда: *Прервано*

Команда: 
Команда: 
Команда: _line 
Первая точка: *Прервано*

Команда: 
Команда: 
Команда: _extend 
Текущие параметры: проекция = ПСК, кромка = Нет, режим = Быстрый
Выберите объект для удлинения или обрезки (SHIFT + выбор) либо
 [Кромки границы/Секрамка/РЕжим/Проекция]: *Прервано*

Команда: 
Команда: 
Команда: _dimlinear 
Начало первой выносной линии или <выбрать объект>: 
Начало второй выносной линии: 
Положение размерной линии или 
[Мтекст/Текст/Угол/Горизонтальный/Вертикальный/Повернутый]: 
Размерный текст = 0.50
Команда: 
Команда: '_matchprop 
Текущие активные настройки:  Цвет Слой Тип Лмасштаб Вес линий Прозрачность Толщина Стиль печати Размер Текст Штриховка Полилиния ВЭкран Таблица Материал Мультивыноска Центральный объект 

Выберите целевой объект(ы) или [Настройки]: 

Выберите целевой объект(ы) или [Настройки]: *Прервано*

Команда: 
Команда: 
Команда: 
Команда: _cutclip найдено: 1

Команда: 
Команда: 
Команда: _dimlinear 
Начало первой выносной линии или <выбрать объект>: 
Начало второй выносной линии: 
Положение размерной линии или 
[Мтекст/Текст/Угол/Горизонтальный/Вертикальный/Повернутый]: 
Размерный текст = 0.30
Команда: 
Команда: '_matchprop 
Текущие активные настройки:  Цвет Слой Тип Лмасштаб Вес линий Прозрачность Толщина Стиль печати Размер Текст Штриховка Полилиния ВЭкран Таблица Материал Мультивыноска Центральный объект 

Выберите целевой объект(ы) или [Настройки]: 

Выберите целевой объект(ы) или [Настройки]: *Прервано*

Команда: Задайте противоположный угол или [Линия/РМн-угол/СМн-угол]: *Прервано*

Команда: 
Команда: 
Команда: 
Команда: _cutclip найдено: 1

Команда: 
Команда: 
Автоматическое сохранение в C:\Users\user\AppData\Local\Temp\Профиль_мптц_1_14924_f9938add.sv$ ...

Команда: 
Команда: 
Команда: *Прервано*

Команда: *Прервано*

Команда:  
Команда: 
