[ AutoCAD - Fri Jul 10 13:51:16 2026  ]----------------------------------------

Открывается файл формата AutoCAD 2018.
Подстановка [simplex.shx] вместо [T-FLEX Type A].
Подстановка [simplex.shx] вместо [EskdWin32.shx].
Выполняется регенерация модели.


Утилиты меню AutoCAD загружены.*Прервано*

Команда: 

Файл Autodesk DWG. Это файл формата TrustedDWG, сохраненный в приложении Autodesk или в приложении, лицензированном корпорацией Autodesk.

Команда: 

Команда: 
Команда: Противоположный угол: 
Команда:  

Команда: Противоположный угол: 
Команда:  

Команда: 
Команда: 
Команда: 
Команда: _copy найдено: 1

Текущая настройка:  Режим копирования  = Несколько
Базовая точка или [Смещение/реЖим] <Смещение>: 
Вторая точка или [Массив] <использовать для смещения первую точку>: 
Укажите вторую точку или [Массив/Выход/Отменить] <Выход>: *Прервано*

Команда: 
Команда: 
Команда: 
Команда: _mtedit 
Команда: Задайте противоположный угол или [Линия/РМн-угол/СМн-угол]: 
Команда: 
Команда: 
Команда: 
Команда: _mtedit 
Команда: Противоположный угол: 
Команда: 
Команда: 
Команда: _EditTableCell 
Enter option  [Operation/Content/Format/Style/Datalink/Quit/ExecuteOneAction]: _O 
Enter option  [BAck/insert ABove/insert BElow/delete ROw/insert LEft/insert RIght/delete COlumn/Merge/Unmerge/insert FOrmula/insert BLock/insert FIeld/BOrder/Quit]: _BE 
Enter option  [BAck/insert ABove/insert BElow/delete ROw/insert LEft/insert RIght/delete COlumn/Merge/Unmerge/insert FOrmula/insert BLock/insert FIeld/BOrder/Quit]: _Q 
Команда: Противоположный угол: 
Команда:  

Команда: Противоположный угол: 
Команда: Противоположный угол: 
Команда:  

Команда:  

Команда: Противоположный угол: 
Команда: Противоположный угол: 
Команда: Противоположный угол: 
Команда:  

Команда: Противоположный угол: 
Команда:  

Команда: Противоположный угол: 
Команда: Противоположный угол: 
Команда:  

Команда: Противоположный угол: 
Команда:  

Команда: Противоположный угол: 
Команда:  

Команда: Противоположный угол: 
Команда: 
Команда: 
Команда: _properties 
Команда: 
Команда: 
Команда: *Прервано*

Команда: Противоположный угол: 
Команда: *Прервано*

Команда: *Прервано*

Команда: Противоположный угол: 
Команда:  

Команда: Противоположный угол: 
Команда: 
Команда: 
Команда: _properties 
Команда: 
Команда: 
Команда: *Прервано*

Команда: 
Команда: 
Команда: _propertiesclose 
Команда: 
Команда:  
Команда: *Прервано*

Команда: 
Команда: 
** РАСТЯНУТЬ **
Точка растягивания или [Базовая точка/Копировать/ОТменить/выХод]
Команда: *Прервано*

Команда: 
Команда:  
Команда: 
Команда: 
Команда: _PUBLISH 
Команда: *Прервано*

Команда: *Прервано*

Команда:  
Команда: 
