[ AutoCAD - Tue Jul 07 14:40:51 2026  ]----------------------------------------

Открытие файла формата AutoCAD 2010/LT 2010.

Разрешить Вн-ссылки "OV_Рязанский пр-т_rvt-1-Разрез 165": C:\Users\user\Documents\Таран\Рязанский пр-т, вл.17\стадия Р\изм.1\выгрузка из ревита\2\Рзн17_АР_R23_отсоединено - Разрез - Разрез 165-OV_Рязанский пр-т-rvt-1-Разрез 165.dwg
Чертеж "OV_Рязанский пр-т_rvt-1-Разрез 165" загружен.
Файл ссылки "OV_Рязанский пр-т_rvt-1-Разрез 165", возможно, изменился с момента последнего сохранения главного чертежа.

Разрешить Вн-ссылки "VK_Рязанский пр-т_rvt-1-Разрез 165": C:\Users\user\Documents\Таран\Рязанский пр-т, вл.17\стадия Р\изм.1\выгрузка из ревита\2\Рзн17_АР_R23_отсоединено - Разрез - Разрез 165-VK_Рязанский пр-т-rvt-1-Разрез 165.dwg
Чертеж "VK_Рязанский пр-т_rvt-1-Разрез 165" загружен.
Файл ссылки "VK_Рязанский пр-т_rvt-1-Разрез 165", возможно, изменился с момента последнего сохранения главного чертежа.

Разрешить Вн-ссылки "ЭОМ_ СС_АСПЗ_Рязанский пр-т_rvt-1-Разрез 165": C:\Users\user\Documents\Таран\Рязанский пр-т, вл.17\стадия Р\изм.1\выгрузка из ревита\2\Рзн17_АР_R23_отсоединено - Разрез - Разрез 165-ЭОМ, СС,АСПЗ_Рязанский пр-т-rvt-1-Разрез 165.dwg
Чертеж "ЭОМ_ СС_АСПЗ_Рязанский пр-т_rvt-1-Разрез 165" загружен.
Файл ссылки "ЭОМ_ СС_АСПЗ_Рязанский пр-т_rvt-1-Разрез 165", возможно, изменился с момента последнего сохранения главного чертежа.

Разрешить Вн-ссылки "OV_Рязанский пр-т_rvt-2-Разрез 165": C:\Users\user\Documents\Таран\Рязанский пр-т, вл.17\стадия Р\изм.1\выгрузка из ревита\2\Рзн17_АР_R23_отсоединено - Разрез - Разрез 165-OV_Рязанский пр-т-rvt-2-Разрез 165.dwg
Чертеж "OV_Рязанский пр-т_rvt-2-Разрез 165" загружен.
Файл ссылки "OV_Рязанский пр-т_rvt-2-Разрез 165", возможно, изменился с момента последнего сохранения главного чертежа.

Разрешить Вн-ссылки "OV_Рязанский пр-т_rvt-3-Разрез 165": C:\Users\user\Documents\Таран\Рязанский пр-т, вл.17\стадия Р\изм.1\выгрузка из ревита\2\Рзн17_АР_R23_отсоединено - Разрез - Разрез 165-OV_Рязанский пр-т-rvt-3-Разрез 165.dwg
Чертеж "OV_Рязанский пр-т_rvt-3-Разрез 165" загружен.
Файл ссылки "OV_Рязанский пр-т_rvt-3-Разрез 165", возможно, изменился с момента последнего сохранения главного чертежа.

Разрешить Вн-ссылки "OV_Рязанский пр-т_rvt-4-Разрез 165": C:\Users\user\Documents\Таран\Рязанский пр-т, вл.17\стадия Р\изм.1\выгрузка из ревита\2\Рзн17_АР_R23_отсоединено - Разрез - Разрез 165-OV_Рязанский пр-т-rvt-4-Разрез 165.dwg
Чертеж "OV_Рязанский пр-т_rvt-4-Разрез 165" загружен.
Файл ссылки "OV_Рязанский пр-т_rvt-4-Разрез 165", возможно, изменился с момента последнего сохранения главного чертежа.
Выполняется регенерация модели.


Утилиты меню AutoCAD загружены.
Команда: 

Файл Autodesk DWG. Это файл формата TrustedDWG, сохраненный в приложении Autodesk или в приложении, лицензированном корпорацией Autodesk.

Команда: 

Команда: 
Команда: 
Команда: *Прервано*

Команда: 
Команда: *Прервано*

Команда: 
Команда: 
Команда: _line 
Первая точка: 
Следующая точка или [оТменить]: *Прервано*

Команда: 
Команда: 
Команда: 
Команда: _pasteclip Точка вставки: 
Команда: *Прервано*

Команда: 
Команда: 
Команда: 
Команда: _move найдено: 1

Базовая точка или [Смещение] <Смещение>: 
Вторая точка или <считать смещением первую точку>: 
Ассоциативность контура штриховки отменена.
Команда: *Прервано*

Команда: 
Команда: 
Команда: *Прервано*

Команда: Задайте противоположный угол или [Линия/РМн-угол/СМн-угол]: 
Команда: 
Команда: 
Команда: _cutclip найдено: 4

Команда: 
Команда: 
Команда: 
Команда: _cutclip найдено: 1

Команда: 
Команда: 
Команда: _line 
Первая точка: 
Следующая точка или [оТменить]: *Прервано*

Команда: 
Команда: 
Команда: _line 
Первая точка: 
Следующая точка или [оТменить]: 1800

Следующая точка или [оТменить]: *Прервано*

Команда: Задайте противоположный угол или [Линия/РМн-угол/СМн-угол]: 
Команда: 
Команда: 
Команда: _move найдено: 2

Базовая точка или [Смещение] <Смещение>: 
Вторая точка или <считать смещением первую точку>: 
Команда: *Прервано*

Команда: Задайте противоположный угол или [Линия/РМн-угол/СМн-угол]: 
Команда: 
Команда: 
Команда: _cutclip найдено: 1

Команда: 
Команда: 
Команда: _chamfer 
(Режим С ОБРЕЗКОЙ) Параметры фаски: Длина1 = 0.0000, Длина2 = 0.0000
Выберите первый отрезок или [оТменить/полИлиния/Длина/Угол/оБрезка/Метод/Несколько]: 
Выберите второй отрезок или нажмите клавишу Shift при выборе, чтобы создать угол, или [Расстояние/Угол/Метод]: 
Команда: *Прервано*

Команда: 
Команда: 
Команда: 
Команда: 
Команда: _cutclip найдено: 2

Команда: Задайте противоположный угол или [Линия/РМн-угол/СМн-угол]: 
Команда: 
Команда: 
Команда: _cutclip найдено: 2

Команда: Задайте противоположный угол или [Линия/РМн-угол/СМн-угол]: 
Команда: Задайте противоположный угол или [Линия/РМн-угол/СМн-угол]: 
Команда: 
Команда: 
Команда: _cutclip найдено: 5

Команда: Задайте противоположный угол или [Линия/РМн-угол/СМн-угол]: 
Команда: 
Команда: 
Команда: _line 
Первая точка: 
Следующая точка или [оТменить]: *Прервано*

Команда: Задайте противоположный угол или [Линия/РМн-угол/СМн-угол]: 
Команда: *Прервано*

Команда: 
Команда: 
Команда: _line 
Первая точка: 
Следующая точка или [оТменить]: 100

Следующая точка или [оТменить]: *Прервано*

Команда: 
Команда: 
Команда: 
Команда: _move найдено: 1

Базовая точка или [Смещение] <Смещение>: 
Вторая точка или <считать смещением первую точку>: 
Команда: *Прервано*

Команда: 
Команда: 
Команда: 
Команда: _cutclip найдено: 1

Команда: *Прервано*

Команда: 
Команда: 
Команда: _line 
Первая точка: 
Следующая точка или [оТменить]: *Прервано*

Команда: 
Команда: 
Команда: 
Команда: _eattedit 
Выберите блок: 231324.192420,27040.302350,0.000000 
Команда: *Прервано*

Команда: Задайте противоположный угол или [Линия/РМн-угол/СМн-угол]: 
Команда: 
Команда: 
Команда: _cutclip найдено: 1

Команда: 
Команда: Задайте противоположный угол или [Линия/РМн-угол/СМн-угол]: *Прервано*

Команда: *Прервано*

Команда: Задайте противоположный угол или [Линия/РМн-угол/СМн-угол]: 
Команда: 
Команда: 
Команда: _cutclip найдено: 2

Команда: Задайте противоположный угол или [Линия/РМн-угол/СМн-угол]: 
Команда: 
Команда: 
Команда: _cutclip найдено: 3

Команда: Задайте противоположный угол или [Линия/РМн-угол/СМн-угол]: 
Команда: 
Команда: 
Команда: _copyclip найдено: 6

Команда: *Прервано*

Команда: 
Автоматическое сохранение в C:\Users\user\AppData\Local\Temp\Рзн17_АР_R23_отсоединено - Разрез - Разрез 165_1_4940_337ff4e1.sv$ ...

Команда: 
Команда: 
Команда: *Прервано*

Команда: *Прервано*

Команда:  
Команда: 
