[ AutoCAD - Tue Jul 07 11:45:05 2026  ]----------------------------------------

Открытие файла формата AutoCAD 2010/LT 2010.

Разрешить Вн-ссылки "OV_Рязанский пр-т_rvt-1-Разрез 164": C:\Users\user\Documents\Таран\Рязанский пр-т, вл.17\стадия Р\изм.1\выгрузка из ревита\Рзн17_АР_R23_отсоединено - Разрез - Разрез 164-OV_Рязанский пр-т-rvt-1-Разрез 164.dwg
Чертеж "OV_Рязанский пр-т_rvt-1-Разрез 164" загружен.
Файл ссылки "OV_Рязанский пр-т_rvt-1-Разрез 164", возможно, изменился с момента последнего сохранения главного чертежа.

Разрешить Вн-ссылки "VK_Рязанский пр-т_rvt-1-Разрез 164": C:\Users\user\Documents\Таран\Рязанский пр-т, вл.17\стадия Р\изм.1\выгрузка из ревита\Рзн17_АР_R23_отсоединено - Разрез - Разрез 164-VK_Рязанский пр-т-rvt-1-Разрез 164.dwg
Чертеж "VK_Рязанский пр-т_rvt-1-Разрез 164" загружен.
Файл ссылки "VK_Рязанский пр-т_rvt-1-Разрез 164", возможно, изменился с момента последнего сохранения главного чертежа.

Разрешить Вн-ссылки "ЭОМ_ СС_АСПЗ_Рязанский пр-т_rvt-1-Разрез 164": C:\Users\user\Documents\Таран\Рязанский пр-т, вл.17\стадия Р\изм.1\выгрузка из ревита\Рзн17_АР_R23_отсоединено - Разрез - Разрез 164-ЭОМ, СС,АСПЗ_Рязанский пр-т-rvt-1-Разрез 164.dwg
Чертеж "ЭОМ_ СС_АСПЗ_Рязанский пр-т_rvt-1-Разрез 164" загружен.
Файл ссылки "ЭОМ_ СС_АСПЗ_Рязанский пр-т_rvt-1-Разрез 164", возможно, изменился с момента последнего сохранения главного чертежа.

Разрешить Вн-ссылки "OV_Рязанский пр-т_rvt-2-Разрез 164": C:\Users\user\Documents\Таран\Рязанский пр-т, вл.17\стадия Р\изм.1\выгрузка из ревита\Рзн17_АР_R23_отсоединено - Разрез - Разрез 164-OV_Рязанский пр-т-rvt-2-Разрез 164.dwg
Чертеж "OV_Рязанский пр-т_rvt-2-Разрез 164" загружен.
Файл ссылки "OV_Рязанский пр-т_rvt-2-Разрез 164", возможно, изменился с момента последнего сохранения главного чертежа.

Разрешить Вн-ссылки "OV_Рязанский пр-т_rvt-3-Разрез 164": C:\Users\user\Documents\Таран\Рязанский пр-т, вл.17\стадия Р\изм.1\выгрузка из ревита\Рзн17_АР_R23_отсоединено - Разрез - Разрез 164-OV_Рязанский пр-т-rvt-3-Разрез 164.dwg
Чертеж "OV_Рязанский пр-т_rvt-3-Разрез 164" загружен.
Файл ссылки "OV_Рязанский пр-т_rvt-3-Разрез 164", возможно, изменился с момента последнего сохранения главного чертежа.

Разрешить Вн-ссылки "OV_Рязанский пр-т_rvt-4-Разрез 164": C:\Users\user\Documents\Таран\Рязанский пр-т, вл.17\стадия Р\изм.1\выгрузка из ревита\Рзн17_АР_R23_отсоединено - Разрез - Разрез 164-OV_Рязанский пр-т-rvt-4-Разрез 164.dwg
Чертеж "OV_Рязанский пр-т_rvt-4-Разрез 164" загружен.
Файл ссылки "OV_Рязанский пр-т_rvt-4-Разрез 164", возможно, изменился с момента последнего сохранения главного чертежа.
Выполняется регенерация модели.


Утилиты меню AutoCAD загружены.
Команда: 

Файл Autodesk DWG. Это файл формата TrustedDWG, сохраненный в приложении Autodesk или в приложении, лицензированном корпорацией Autodesk.

Команда: 

Команда: 
Команда: Задайте противоположный угол или [Линия/РМн-угол/СМн-угол]: *Прервано*

Команда: 
Команда: 
Команда: _xopen

Команда: 
Команда: *Прервано*

Команда: 
Команда: 
Команда: 
Команда: 
Команда: _copy найдено: 4

Текущая настройка:  Режим копирования  = Несколько
Базовая точка или [Смещение/реЖим] <Смещение>: 
Вторая точка или [Массив] <использовать для смещения первую точку>: *Прервано*

Команда: Задайте противоположный угол или [Линия/РМн-угол/СМн-угол]: 
Команда: *Прервано*

Команда: 
Команда: 
Команда: 
Команда: 
Команда: 
Команда: _copy найдено: 6

Текущая настройка:  Режим копирования  = Несколько
Базовая точка или [Смещение/реЖим] <Смещение>: 
Вторая точка или [Массив] <использовать для смещения первую точку>: 
Укажите вторую точку или [Массив/Выход/Отменить] <Выход>: *Прервано*

Команда: 
Команда: *Прервано*

Команда: Задайте противоположный угол или [Линия/РМн-угол/СМн-угол]: *Прервано*

Команда: 
Команда: 
Команда: 
Команда: 
Команда: _bedit 
Команда: Задайте противоположный угол или [Линия/РМн-угол/СМн-угол]: 
Команда: 
Команда: 
Команда: _explode найдено: 6
Не могут быть расчленены: 2.

Команда: Противоположный угол: 
Команда: 
** РАСТЯНУТЬ **
Задайте точку для растяжения или [Базовая точка/Копировать/oТменить/выХод]:
Команда: 
** РАСТЯНУТЬ **
Задайте точку для растяжения или [Базовая точка/Копировать/oТменить/выХод]:
Команда: *Прервано*

Команда: Противоположный угол: 
Команда: 
** РАСТЯНУТЬ **
Задайте точку для растяжения или [Базовая точка/Копировать/oТменить/выХод]:
Команда: 
** РАСТЯНУТЬ **
Задайте точку для растяжения или [Базовая точка/Копировать/oТменить/выХод]:
Команда: _u Редактирование с помощью ручек 
Команда: _u INTELLIZOOM 
Команда: Противоположный угол: 
Команда: 
** УДАЛИТЬ ВЕРШИНУ **
Укажите удаляемую вершину:
Команда: 
** УДАЛИТЬ ВЕРШИНУ **
Укажите удаляемую вершину:
Команда: 
** УДАЛИТЬ ВЕРШИНУ **
Укажите удаляемую вершину:
Команда: 
** УДАЛИТЬ ВЕРШИНУ **
Укажите удаляемую вершину:
Команда: 
** ДОБАВИТЬ ВЕРШИНУ **
Задайте точку новой вершины:
Команда: 
** УДАЛИТЬ ВЕРШИНУ **
Укажите удаляемую вершину:
Команда: 
** УДАЛИТЬ ВЕРШИНУ **
Укажите удаляемую вершину:
Команда: *Прервано*

Команда: 
Команда: 
Команда: _cutclip найдено: 1

Команда: Противоположный угол: 
Команда: *Прервано*

Команда: 
Команда: 
Команда: 
Команда: _cutclip найдено: 1

Команда: Противоположный угол: 
Команда: 
** УДАЛИТЬ ВЕРШИНУ **
Укажите удаляемую вершину:
Команда: 
** УДАЛИТЬ ВЕРШИНУ **
Укажите удаляемую вершину:
Команда: 
** УДАЛИТЬ ВЕРШИНУ **
Укажите удаляемую вершину:
Команда: _u Редактирование с помощью ручек 
Команда: _u Редактирование с помощью ручек 
Команда: _u Редактирование с помощью ручек 
Команда: _u ВБУФЕР ГРУППА 
Команда: _u ВБУФЕР ГРУППА 
Команда: _u Редактирование с помощью ручек 
Команда: _u Редактирование с помощью ручек 
Команда: _u Редактирование с помощью ручек 
Команда: _u Редактирование с помощью ручек 
Команда: _u Редактирование с помощью ручек 
Команда: Противоположный угол: 
Команда: 
Команда: 
Команда: _cutclip найдено: 1

Команда: 
Команда: 
Команда: _extend 
Текущие параметры: проекция = ПСК, кромка = Нет, режим = Быстрый
Выбрать кромки границы... найдено: 2

Выберите объект для удлинения или обрезки (SHIFT + выбор) либо
 [Кромки границы/Секрамка/РЕжим/Проекция]: *Прервано*

Команда: 
Команда: 
Команда: 
Команда: _join найдено: 2

Объединено линий: 2, получена 1 линия
Команда: 
Команда: 
Команда: 
Команда: _join найдено: 2

Объединено линий: 2, получена 1 линия
Команда: Противоположный угол: 
Команда: 
Команда: 
Команда: _move найдено: 1

Базовая точка или [Смещение] <Смещение>: 
Вторая точка или <считать смещением первую точку>: 
Команда: *Прервано*

Команда: *Прервано*

Команда: 
Команда: *Прервано*

Команда: Задайте противоположный угол или [Линия/РМн-угол/СМн-угол]: 
Команда: *Прервано*

Команда: Задайте противоположный угол или [Линия/РМн-угол/СМн-угол]: 
Команда: 
Команда: 
Команда: _overkill найдено: 43

Удалено повторяющихся: 14
Удалено перекрывающихся объектов или сегментов: 4
Команда: 
Команда: *Прервано*

Команда: 
Команда: 
Команда: 
Команда: 
Команда: _join найдено: 2

Объединено линий: 2, получена 1 линия
Команда: 
Команда: 
Команда: 
Команда: 
Команда: _join найдено: 2

Объединено линий: 2, получена 1 линия
Команда: 
Команда: 
Команда: *Прервано*

Команда: Противоположный угол: 
Команда: 
Команда: 
Команда: _cutclip найдено: 1

Команда: Противоположный угол: 
Команда: 
Команда: 
Команда: _cutclip найдено: 1

Команда: 
Команда: 
Команда: _line 
Первая точка: 
Следующая точка или [оТменить]: 
Следующая точка или [оТменить]: *Прервано*

Команда: 
Команда: 
Команда: *Прервано*

Команда: 
Команда: 
Команда: 
Команда: 
Команда: _join найдено: 2

Объединено линий: 2, получена 1 линия
Команда: Задайте противоположный угол или [Линия/РМн-угол/СМн-угол]: 
Команда: 
Команда: 
Команда: 
Команда: 
Команда: _join найдено: 2

Объединено линий: 2, получена 1 линия
Команда: *Прервано*

Команда: 
Команда: 
Команда: _hatch 
Укажите внутреннюю точку или [Выбрать объекты/Отменить/Параметры]: Выбор всех объектов...
Выбираются все видимые объекты...
Анализ выбранных данных...

Анализ внутренних островков...

Укажите внутреннюю точку или [Выбрать объекты/Отменить/Параметры]: 

Команда:  ШТРИХ

Укажите внутреннюю точку или [Выбрать объекты/Отменить/Параметры]: Выбор всех объектов...
Выбираются все видимые объекты...
Анализ выбранных данных...

Анализ внутренних островков...

Укажите внутреннюю точку или [Выбрать объекты/Отменить/Параметры]: 

Команда:  ШТРИХ

Укажите внутреннюю точку или [Выбрать объекты/Отменить/Параметры]: Выбор всех объектов...
Выбираются все видимые объекты...
Анализ выбранных данных...

Анализ внутренних островков...

Укажите внутреннюю точку или [Выбрать объекты/Отменить/Параметры]: 

Команда:  ШТРИХ

Укажите внутреннюю точку или [Выбрать объекты/Отменить/Параметры]: Выбор всех объектов...
Выбираются все видимые объекты...
Анализ выбранных данных...

Анализ внутренних островков...

Укажите внутреннюю точку или [Выбрать объекты/Отменить/Параметры]: 

Команда: Противоположный угол: 
Команда: '_matchprop 
Текущие активные настройки:  Цвет Слой Тип Лмасштаб Вес линий Прозрачность Толщина Стиль печати Размер Текст Штриховка Полилиния ВЭкран Таблица Материал Мультивыноска Центральный объект 

Выберите целевой объект(ы) или [Настройки]: 

Выберите целевой объект(ы) или [Настройки]: 

Выберите целевой объект(ы) или [Настройки]: 

Выберите целевой объект(ы) или [Настройки]: 

Выберите целевой объект(ы) или [Настройки]: *Прервано*

Команда: *Прервано*

Команда: Задайте противоположный угол или [Линия/РМн-угол/СМн-угол]: 
Команда: 
Команда: 
Команда: _cutclip найдено: 1

Команда: Задайте противоположный угол или [Линия/РМн-угол/СМн-угол]: 
Команда: Задайте противоположный угол или [Линия/РМн-угол/СМн-угол]: 
Команда: Задайте противоположный угол или [Линия/РМн-угол/СМн-угол]: 
Команда: Задайте противоположный угол или [Линия/РМн-угол/СМн-угол]: 
Команда: *Прервано*

Команда: Задайте противоположный угол или [Линия/РМн-угол/СМн-угол]: 
Команда: 
Команда: 
Команда: _copybase 
Базовая точка: найдено: 24

Команда: *Прервано*

Команда: 
Команда: 
Команда: 
Команда: _line 
Первая точка: 
Следующая точка или [оТменить]: *Прервано*

Команда: 
Команда: 
Команда: 
Команда: _line 
Первая точка: 
Следующая точка или [оТменить]: *Прервано*

Команда: 
Команда: *Прервано*

Команда: Противоположный угол: 
Команда: *Прервано*

Команда: 
Команда: 
Команда: _line 
Первая точка: 
Следующая точка или [оТменить]: *Прервано*

Команда: 
Автоматическое сохранение в C:\Users\user\AppData\Local\Temp\Рзн17_АР_R23_отсоединено - Разрез - Разрез 164_1_14924_52f10f2f.sv$ ...

Команда: 
Команда: 
Команда: 
Команда: *Прервано*

Команда: *Прервано*

Команда:  
Команда: 
