[ AutoCAD - Tue Jul 07 14:33:29 2026  ]----------------------------------------

Открытие файла формата AutoCAD 2010/LT 2010.

Разрешить Вн-ссылки "OV_Рязанский пр-т_rvt-1-Разрез 165": C:\Users\user\Documents\Таран\Рязанский пр-т, вл.17\стадия Р\изм.1\выгрузка из ревита\2\Рзн17_АР_R23_отсоединено - Разрез - Разрез 165-OV_Рязанский пр-т-rvt-1-Разрез 165.dwg
Чертеж "OV_Рязанский пр-т_rvt-1-Разрез 165" загружен.
Файл ссылки "OV_Рязанский пр-т_rvt-1-Разрез 165", возможно, изменился с момента последнего сохранения главного чертежа.

Разрешить Вн-ссылки "VK_Рязанский пр-т_rvt-1-Разрез 165": C:\Users\user\Documents\Таран\Рязанский пр-т, вл.17\стадия Р\изм.1\выгрузка из ревита\2\Рзн17_АР_R23_отсоединено - Разрез - Разрез 165-VK_Рязанский пр-т-rvt-1-Разрез 165.dwg
Чертеж "VK_Рязанский пр-т_rvt-1-Разрез 165" загружен.
Файл ссылки "VK_Рязанский пр-т_rvt-1-Разрез 165", возможно, изменился с момента последнего сохранения главного чертежа.

Разрешить Вн-ссылки "ЭОМ_ СС_АСПЗ_Рязанский пр-т_rvt-1-Разрез 165": C:\Users\user\Documents\Таран\Рязанский пр-т, вл.17\стадия Р\изм.1\выгрузка из ревита\2\Рзн17_АР_R23_отсоединено - Разрез - Разрез 165-ЭОМ, СС,АСПЗ_Рязанский пр-т-rvt-1-Разрез 165.dwg
Чертеж "ЭОМ_ СС_АСПЗ_Рязанский пр-т_rvt-1-Разрез 165" загружен.
Файл ссылки "ЭОМ_ СС_АСПЗ_Рязанский пр-т_rvt-1-Разрез 165", возможно, изменился с момента последнего сохранения главного чертежа.

Разрешить Вн-ссылки "OV_Рязанский пр-т_rvt-2-Разрез 165": C:\Users\user\Documents\Таран\Рязанский пр-т, вл.17\стадия Р\изм.1\выгрузка из ревита\2\Рзн17_АР_R23_отсоединено - Разрез - Разрез 165-OV_Рязанский пр-т-rvt-2-Разрез 165.dwg
Чертеж "OV_Рязанский пр-т_rvt-2-Разрез 165" загружен.
Файл ссылки "OV_Рязанский пр-т_rvt-2-Разрез 165", возможно, изменился с момента последнего сохранения главного чертежа.

Разрешить Вн-ссылки "OV_Рязанский пр-т_rvt-3-Разрез 165": C:\Users\user\Documents\Таран\Рязанский пр-т, вл.17\стадия Р\изм.1\выгрузка из ревита\2\Рзн17_АР_R23_отсоединено - Разрез - Разрез 165-OV_Рязанский пр-т-rvt-3-Разрез 165.dwg
Чертеж "OV_Рязанский пр-т_rvt-3-Разрез 165" загружен.
Файл ссылки "OV_Рязанский пр-т_rvt-3-Разрез 165", возможно, изменился с момента последнего сохранения главного чертежа.

Разрешить Вн-ссылки "OV_Рязанский пр-т_rvt-4-Разрез 165": C:\Users\user\Documents\Таран\Рязанский пр-т, вл.17\стадия Р\изм.1\выгрузка из ревита\2\Рзн17_АР_R23_отсоединено - Разрез - Разрез 165-OV_Рязанский пр-т-rvt-4-Разрез 165.dwg
Чертеж "OV_Рязанский пр-т_rvt-4-Разрез 165" загружен.
Файл ссылки "OV_Рязанский пр-т_rvt-4-Разрез 165", возможно, изменился с момента последнего сохранения главного чертежа.
Выполняется регенерация модели.


Утилиты меню AutoCAD загружены.
Команда: 

Файл Autodesk DWG. Это файл формата TrustedDWG, сохраненный в приложении Autodesk или в приложении, лицензированном корпорацией Autodesk.

Команда: 

Команда: 
Команда: 
Команда: *Прервано*

Команда: 
Команда: 
Команда: _line 
Первая точка: 
Следующая точка или [оТменить]: *Прервано*

Команда: 
Команда: 
Команда: _line 
Первая точка: 
Следующая точка или [оТменить]: *Прервано*

Команда: *Прервано*

Команда: Противоположный угол: 
Команда: *Прервано*

Команда: Задайте противоположный угол или [Линия/РМн-угол/СМн-угол]: 
Команда: *Прервано*

Команда: Противоположный угол: 
Команда: Противоположный угол: 
Команда: *Прервано*

Команда: 
Команда: 
Команда: 
Команда: 
Команда: *Прервано*

Команда: Задайте противоположный угол или [Линия/РМн-угол/СМн-угол]: 
Команда: *Прервано*

Команда: *Прервано*

Команда: *Прервано*

Команда:  
Команда: 
