[ AutoCAD - Mon Jul 06 11:05:33 2026  ]----------------------------------------

Открывается файл формата AutoCAD 2018.
Выполняется регенерация листов.
Выполняется регенерация модели.


Утилиты меню AutoCAD загружены.*Прервано*

Команда: 

Файл Autodesk DWG. Это файл формата TrustedDWG, сохраненный в приложении Autodesk или в приложении, лицензированном корпорацией Autodesk.

Команда: 

Команда: 
Команда: *Прервано*

Команда: *Прервано*

Команда:   <Переход на: Модель>
Выполняется регенерация модели.

Команда: _фзз
Неизвестная команда "ФЗЗ".  Для вызова справки нажмите F1.

Команда: *Прервано*

Команда: _APPLOAD
opor-loader.lsp успешно загружено.


Команда: 
[OPOR] Загружено. Команды: OPOR, XX, OPORCHECK, OPORCLEAN, OPORDUMP, OPORTABLES, OPOROLD, OPORSHOW, OPORDEBUG.
Команда: 
Команда: OPORTABLES

========== OPOR TOTAL TABLE BLOCKS ==========
--- TABLE #1 ---
    block: table_totl_1
    handle: 1DB89
    layer: _SG_Support
    session: old/no-xdata
      1 = 
      2 = 
      3 = 
      4 = 
      5 = 
      6 = 
      7 = 
      8 = 
      9 = 
      10 = 
      11 = 
      12 = 
      13 = 
      AREA = 
      ITOG = 
      CHPOL = 0
      DOSKA = 0
      LAG = 0
      PLITKA = 0
      VECTOR = 0
      PERP = 0
      LENGTH = 
      QC = 
      QR = 
--- TABLE #2 ---
    block: table_totl_3D
    handle: 2A2DA
    layer: _SG_Support
    session: old/no-xdata
      1 = 
      2 = 
      3 = 
      4 = 
      5 = 
      6 = 
      7 = 
      8 = 
      9 = 
      10 = 
      11 = 
      AREA = 
      ITOG = 
      CHPOL = 0
      DOSKA = 0
      LAG = 0
      PLITKA = 0
      VECTOR = 0
      PERP = 0
      LENGTH = 
      QC = 
      QR = 
--- TABLE #3 ---
    block: table_totl_PRO
    handle: 2AA14
    layer: _SG_Support
    session: old/no-xdata
      1 = 
      2 = 
      3 = 
      4 = 
      5 = 
      6 = 
      7 = 
      8 = 
      9 = 
      10 = 
      11 = 
      12 = 
      13 = 
      AREA = 
      ITOG = 
      CHPOL = 0
      DOSKA = 0
      LAG = 0
      PLITKA = 0
      VECTOR = 0
      PERP = 0
      LENGTH = 
      QC = 
      QR = 
--- TABLE #4 ---
    block: table_totl_PRO
    handle: 377CE
    layer: 0
    session: old/no-xdata
      1 = 
      2 = 
      3 = 637
      4 = 1401
      5 = 2982
      6 = 136
      7 = 
      8 = 
      9 = 
      10 = 
      11 = 
      12 = 
      13 = 
      AREA = 831
      ITOG = 5156
      CHPOL = 101
      DOSKA = 27
      LAG = 49
      PLITKA = 0
      VECTOR = 500
      PERP = 400
      LENGTH = 2434
      QC = 0
      QR = 0
--- TABLE #5 ---
    block: table_totl_PRO
    handle: 43426
    layer: 0
    session: old/no-xdata
      1 = 
      2 = 
      3 = 650
      4 = 1239
      5 = 2697
      6 = 123
      7 = 
      8 = 1
      9 = 
      10 = 
      11 = 
      12 = 
      13 = 
      AREA = 867
      ITOG = 4710
      CHPOL = 101
      DOSKA = 27
      LAG = 49
      PLITKA = 0
      VECTOR = 500
      PERP = 400
      LENGTH = 2107
      QC = 0
      QR = 0
--- TABLE #6 ---
    block: table_totl_PRO
    handle: 4641F
    layer: 0
    session: old/no-xdata
      1 = 
      2 = 
      3 = 456
      4 = 982
      5 = 2139
      6 = 94
      7 = 
      8 = 
      9 = 
      10 = 
      11 = 
      12 = 
      13 = 
      AREA = 831
      ITOG = 3671
      CHPOL = 101
      DOSKA = 27
      LAG = 49
      PLITKA = 0
      VECTOR = 500
      PERP = 500
      LENGTH = 1696
      QC = 0
      QR = 0
============================================

Команда: 
Команда: _LIST

Выберите объекты: найдено: 1

Выберите объекты: 

                  ВХОЖДЕНИЕ БЛОКА Слой: "0"
                           Пространство: Пространство модели
                   Метка = 4354e
        Имя блока: "otmetka_oporvb"
                 в точка, X=299003.1704  Y=-122842.1596  Z=   0.0000
 Масштаб по оси X:    0.2500
 Масштаб по оси Y:    0.2500
    угол поворота:      0
 Масштаб по оси Z:    0.2500
  Единицы вставки: Миллиметры
Преобразование единиц:    1.0000
Одинаковый масштаб: Нет
Разрешить расчленение: Да
Нажмите ENTER для продолжения: 

Команда: Задайте противоположный угол или [Линия/РМн-угол/СМн-угол]: 
Команда: 
Команда: 
Команда: _copy найдено: 75

Текущая настройка:  Режим копирования  = Несколько
Базовая точка или [Смещение/реЖим] <Смещение>: 
Вторая точка или [Массив] <использовать для смещения первую точку>: 
Укажите вторую точку или [Массив/Выход/Отменить] <Выход>: *Прервано*

Команда: 
Автоматическое сохранение в C:\Users\user\AppData\Local\Temp\Сириус Парусный центр(копия)_1_29790_24df780a.sv$ ...

Команда: 
Команда: OPORSHOW

Handle объекта для показа: 4641F

Показан объект 4641F / AcDbBlockReference / слой 0

Команда: *Прервано*

Команда: *Прервано*

Команда: *Прервано*

Команда: *Прервано*

Команда: *Прервано*

Команда: *Прервано*

Команда: Задайте противоположный угол или [Линия/РМн-угол/СМн-угол]: 
Команда: 
Команда: 
Команда: _copy найдено: 75

Текущая настройка:  Режим копирования  = Несколько
Базовая точка или [Смещение/реЖим] <Смещение>: 
Вторая точка или [Массив] <использовать для смещения первую точку>: 
Укажите вторую точку или [Массив/Выход/Отменить] <Выход>: *Прервано*

Команда: *Прервано*

Команда: 
Команда: *Прервано*

Команда: Задайте противоположный угол или [Линия/РМн-угол/СМн-угол]: 
Команда: *Прервано*

Команда: OPOR

OPOR режим [Const/Var/Check/Clean/Exit] <Const>: V

[OPOR] Проверка OPOR:
Версия: 3.2-lisp-parity
Слои: OK
Блоки MVP: OK
Справочно, отсутствующие будущие блоки: 
- нет
Выберите внешний контур OPOR: 
Выберите проёмы на слое областиvb или нажмите Enter, если проёмов нет: 
Выберите объекты: найдено: 1

Выберите объекты: найдено: 1, всего: 2

Выберите объекты: 

Линейка опор [lev/3D/PRO] <lev>: PRO

Шаг по вектору, мм <600>: 500

Шаг по перпендикуляру, мм <600>: 500

Радиус опоры, мм <100>: 

Покрытие [d/p] <d>: 

Отметка чистого пола, мм <101>: 

Толщина доски, мм <27>: 

Толщина лаги, мм <49>: 

Считать длину лаг по сетке [vect/perp] <vect>: 

Укажите начальную точку сетки: 
Укажите направление сетки: 
Укажите точку вставки итоговой таблицы: 
[OPOR] Var завершён: опор=3809, длина лаг=1723 м, ошибок высот=0, областей=42, треугольников=42.

Команда: 
Команда: 
Команда: *Прервано*

Команда: OPORDUMP

========== OPOR NEW OBJECT DUMP ==========

===== SESSION 20260706_114609-11856765 =====
--- ПО ТИПАМ XDATA ---
    grid-edge : 4
    grid-p : 190
    grid-v : 74
    support : 3809
    table : 1
--- ПО СЛОЯМ ---
    0 : 1
    опорыvb : 3809
    сеткаvb : 268
--- НОВАЯ СЕТКА --- линий: 268  длина: 3386628.6 мм = 3386.63 м
    grid-v: 74 линий, 1679.74 м, min 1648.8 мм
    grid-p: 190 линий, 1663.15 м, min 432.5 мм
    session grid lag: 1679.74 м
    index ranges: v=(-47 3) p=(-3 179)
    boundary lag candidate: 43.74 м, mode=all
      outer: 31.5 м, holes: 12.24 м
    support split: vertices=30 border=521 nodes=3258
    border filter: raw=528 after-vertices=521
    node filter: raw=3370 after-self=3370 after-vertices=3370 after-border=3258
    levels: marks=30 polylines=42 vertices=30 missing-marks=0 triangles=42 height-errors=0
--- НОВЫЕ ОПОРЫ --- всего: 3809
    цвет 1 : 530 шт
    цвет 30 : 100 шт
    цвет 92 : 1002 шт
    цвет 131 : 2177 шт
--- НОВЫЕ ТАБЛИЦЫ --- всего: 1
    блок: table_totl_PRO
      1 = 
      2 = 
      3 = 530
      4 = 1002
      5 = 2177
      6 = 100
      7 = 
      8 = 
      9 = 
      10 = 
      11 = 
      12 = 
      13 = 
      AREA = 867
      ITOG = 3809
      CHPOL = 101
      DOSKA = 27
      LAG = 49
      PLITKA = 0
      VECTOR = 500
      PERP = 500
      LENGTH = 1723
      QC = 0
      QR = 0
=========================================

Команда: 
Команда: OPOROLD

========== OPOR OLD OBJECTS NEAR CURRENT SESSION ==========
line: PRO
--- OLD SUPPORT BLOCKS --- total: 0
--- OLD SUPPORTS BY HEIGHT RANGE ---
--- OLD GRID --- lines: 0 length: 0 m
    grid-v: 0 lines, 0 m
    grid-p: 0 lines, 0 m
    other: 0 lines, 0 m
===========================================================

Команда: 
Команда: OPORCLEAN

Очистка OPOR [Session/All] <All>: 

[OPOR] Удалено объектов: 4078

Команда: 
Команда: OPOR

OPOR режим [Const/Var/Check/Clean/Exit] <Const>: V

[OPOR] Проверка OPOR:
Версия: 3.2-lisp-parity
Слои: OK
Блоки MVP: OK
Справочно, отсутствующие будущие блоки: 
- нет
Выберите внешний контур OPOR: 
Выберите проёмы на слое областиvb или нажмите Enter, если проёмов нет: 
Выберите объекты: найдено: 1

Выберите объекты: найдено: 1, всего: 2

Выберите объекты: 

Линейка опор [lev/3D/PRO] <lev>: PRO

Шаг по вектору, мм <600>: 500

Шаг по перпендикуляру, мм <600>: 500

Радиус опоры, мм <100>: 

Покрытие [d/p] <d>: 

Отметка чистого пола, мм <101>: 

Толщина доски, мм <27>: 

Толщина лаги, мм <49>: 

Считать длину лаг по сетке [vect/perp] <vect>: 

Укажите начальную точку сетки: 
Укажите направление сетки: 
Укажите точку вставки итоговой таблицы: 
[OPOR] Var завершён: опор=3809, длина лаг=1723 м, ошибок высот=0, областей=42, треугольников=42.

Команда: 
Команда: Задайте противоположный угол или [Линия/РМн-угол/СМн-угол]: 
Команда: *Прервано*

Команда: 
Команда: 
Команда: 
Команда: _Laymcur 
Слой 0 установлен текущим.

Команда: *Прервано*

Команда: 
Команда: *Прервано*

Команда: *Прервано*

Команда: 
Команда: *Прервано*

Команда: 
Команда: *Прервано*

Команда: *Прервано*

Команда: OPOROLD

========== OPOR OLD OBJECTS NEAR CURRENT SESSION ==========
line: PRO
--- OLD SUPPORT BLOCKS --- total: 3671
    color 1 : 456
    color 30 : 94
    color 92 : 982
    color 131 : 2139
--- OLD SUPPORTS BY HEIGHT RANGE ---
    3 = 459
    4 = 982
    5 = 2136
    6 = 94
--- OLD GRID --- lines: 197 length: 1752.83 m
    grid-v: 2 lines, 56.64 m
    grid-p: 195 lines, 1696.19 m
    other: 0 lines, 0 m
===========================================================

Команда: 
Команда: OPORDUMP

========== OPOR NEW OBJECT DUMP ==========

===== SESSION 20260706_115317-12284906 =====
--- ПО ТИПАМ XDATA ---
    grid-edge : 4
    grid-p : 190
    grid-v : 74
    support : 3809
    table : 1
--- ПО СЛОЯМ ---
    0 : 1
    опорыvb : 3809
    сеткаvb : 268
--- НОВАЯ СЕТКА --- линий: 268  длина: 3386628.6 мм = 3386.63 м
    grid-v: 74 линий, 1679.74 м, min 1648.8 мм
    grid-p: 190 линий, 1663.15 м, min 432.5 мм
    session grid lag: 1679.74 м
    index ranges: v=(-47 3) p=(-3 179)
    boundary lag candidate: 43.74 м, mode=all
      outer: 31.5 м, holes: 12.24 м
    support split: vertices=30 border=521 nodes=3258
    border filter: raw=528 after-vertices=521
    node filter: raw=3370 after-self=3370 after-vertices=3370 after-border=3258
    levels: marks=30 polylines=42 vertices=30 missing-marks=0 triangles=42 height-errors=0
--- НОВЫЕ ОПОРЫ --- всего: 3809
    цвет 1 : 530 шт
    цвет 30 : 100 шт
    цвет 92 : 1002 шт
    цвет 131 : 2177 шт
--- НОВЫЕ ТАБЛИЦЫ --- всего: 1
    блок: table_totl_PRO
      1 = 
      2 = 
      3 = 530
      4 = 1002
      5 = 2177
      6 = 100
      7 = 
      8 = 
      9 = 
      10 = 
      11 = 
      12 = 
      13 = 
      AREA = 867
      ITOG = 3809
      CHPOL = 101
      DOSKA = 27
      LAG = 49
      PLITKA = 0
      VECTOR = 500
      PERP = 500
      LENGTH = 1723
      QC = 0
      QR = 0
=========================================

Команда: 
Команда: OPORCLEAN

Очистка OPOR [Session/All] <All>: 

[OPOR] Удалено объектов: 4078

Команда: 
Команда: OPOR

OPOR режим [Const/Var/Check/Clean/Exit] <Const>: V

[OPOR] Проверка OPOR:
Версия: 3.2-lisp-parity
Слои: OK
Блоки MVP: OK
Справочно, отсутствующие будущие блоки: 
- нет
Выберите внешний контур OPOR: 
Выберите проёмы на слое областиvb или нажмите Enter, если проёмов нет: 
Выберите объекты: найдено: 1

Выберите объекты: найдено: 1, всего: 2

Выберите объекты: 

[OPOR] Var остановлен: проверка отметок не пройдена.

Команда: 
Команда: *Прервано*

Команда: *Прервано*

Команда: OPOR

OPOR режим [Const/Var/Check/Clean/Exit] <Const>: V

[OPOR] Проверка OPOR:
Версия: 3.2-lisp-parity
Слои: OK
Блоки MVP: OK
Справочно, отсутствующие будущие блоки: 
- нет
Выберите внешний контур OPOR: 
Выберите проёмы на слое областиvb или нажмите Enter, если проёмов нет: 
Выберите объекты: найдено: 1

Выберите объекты: найдено: 1, всего: 2

Выберите объекты: 

Линейка опор [lev/3D/PRO] <lev>: PRO

Шаг по вектору, мм <600>: 500

Шаг по перпендикуляру, мм <600>: 500

Радиус опоры, мм <100>: 

Покрытие [d/p] <d>: 

Отметка чистого пола, мм <101>: 

Толщина доски, мм <27>: 

Толщина лаги, мм <49>: 

Считать длину лаг по сетке [vect/perp] <vect>: 

Укажите начальную точку сетки: 
Укажите направление сетки: 
Укажите точку вставки итоговой таблицы: 
[OPOR] Var завершён: опор=3809, длина лаг=1723 м, ошибок высот=0, областей=42, треугольников=42.

Команда: 
Команда: OPORDUMP

========== OPOR NEW OBJECT DUMP ==========

===== SESSION 20260706_115816-12584093 =====
--- ПО ТИПАМ XDATA ---
    error-marker : 2
--- ПО СЛОЯМ ---
    0 : 2
--- НОВАЯ СЕТКА --- линий: 0  длина: 0 мм = 0 м
    grid-v: 0 линий, 0 м, min - мм
    grid-p: 0 линий, 0 м, min - мм
--- НОВЫЕ ОПОРЫ --- всего: 0
--- НОВЫЕ ТАБЛИЦЫ --- всего: 0

===== SESSION 20260706_11584-12608656 =====
--- ПО ТИПАМ XDATA ---
    grid-edge : 4
    grid-p : 190
    grid-v : 74
    support : 3809
    table : 1
--- ПО СЛОЯМ ---
    0 : 1
    опорыvb : 3809
    сеткаvb : 268
--- НОВАЯ СЕТКА --- линий: 268  длина: 3386628.6 мм = 3386.63 м
    grid-v: 74 линий, 1679.74 м, min 1648.8 мм
    grid-p: 190 линий, 1663.15 м, min 432.5 мм
    session grid lag: 1679.74 м
    index ranges: v=(-33 16) p=(-16 166)
    boundary lag candidate: 43.74 м, mode=all
      outer: 31.5 м, holes: 12.24 м
    support split: vertices=30 border=521 nodes=3258
    border filter: raw=528 after-vertices=521
    node filter: raw=3370 after-self=3370 after-vertices=3370 after-border=3258
    levels: marks=30 polylines=42 vertices=30 missing-marks=0 triangles=42 height-errors=0
--- НОВЫЕ ОПОРЫ --- всего: 3809
    цвет 1 : 530 шт
    цвет 30 : 100 шт
    цвет 92 : 1002 шт
    цвет 131 : 2177 шт
--- НОВЫЕ ТАБЛИЦЫ --- всего: 1
    блок: table_totl_PRO
      1 = 
      2 = 
      3 = 530
      4 = 1002
      5 = 2177
      6 = 100
      7 = 
      8 = 
      9 = 
      10 = 
      11 = 
      12 = 
      13 = 
      AREA = 867
      ITOG = 3809
      CHPOL = 101
      DOSKA = 27
      LAG = 49
      PLITKA = 0
      VECTOR = 500
      PERP = 500
      LENGTH = 1723
      QC = 0
      QR = 0
=========================================

Команда: 
Команда: OPOROLD

========== OPOR OLD OBJECTS NEAR CURRENT SESSION ==========
line: PRO
--- OLD SUPPORT BLOCKS --- total: 3671
    color 1 : 456
    color 30 : 94
    color 92 : 982
    color 131 : 2139
--- OLD SUPPORTS BY HEIGHT RANGE ---
    3 = 459
    4 = 982
    5 = 2136
    6 = 94
--- OLD GRID --- lines: 197 length: 1752.83 m
    grid-v: 2 lines, 56.64 m
    grid-p: 195 lines, 1696.19 m
    other: 0 lines, 0 m
===========================================================

Команда: 
Команда: *Прервано*

Команда: OPORCLEAN

Очистка OPOR [Session/All] <All>: 

[OPOR] Удалено объектов: 4080

Команда: 
Команда: *Прервано*

Команда: 
Команда: *Прервано*

Команда: *Прервано*

Команда: 
Команда: 
Команда: _properties 
Команда: *Прервано*

Команда: *Прервано*

Команда: *Прервано*

Команда: *Прервано*

Команда: *Прервано*

Команда: *Прервано*

Команда: *Прервано*

Команда: *Прервано*

Команда:  
Команда: 
