[ AutoCAD - Tue Jul 07 09:49:02 2026  ]----------------------------------------

Открывается файл формата AutoCAD 2018.
Выполняется регенерация листов.
Выполняется регенерация модели.


Утилиты меню AutoCAD загружены.*Прервано*

Команда: 

Файл Autodesk DWG. Это файл формата TrustedDWG, сохраненный в приложении Autodesk или в приложении, лицензированном корпорацией Autodesk.

Команда: 

Команда: 
Команда: *Прервано*

Команда: *Прервано*

Команда:   <Переход на: Модель>
Выполняется регенерация модели.

Команда: Задайте противоположный угол или [Линия/РМн-угол/СМн-угол]: 
Команда: 
Команда: 
Команда: _copy найдено: 75

Текущая настройка:  Режим копирования  = Несколько
Базовая точка или [Смещение/реЖим] <Смещение>: 
Вторая точка или [Массив] <использовать для смещения первую точку>: 
Укажите вторую точку или [Массив/Выход/Отменить] <Выход>: *Прервано*

Команда: Задайте противоположный угол или [Линия/РМн-угол/СМн-угол]: 
Команда: 
Команда: 
Команда: _cutclip найдено: 5

Команда: Задайте противоположный угол или [Линия/РМн-угол/СМн-угол]: 
Команда: 
Команда: 
Команда: _cutclip найдено: 3

Команда: Задайте противоположный угол или [Линия/РМн-угол/СМн-угол]: 
Команда: 
Команда: 
Команда: _cutclip найдено: 6

Команда: Задайте противоположный угол или [Линия/РМн-угол/СМн-угол]: 
Команда: 
Команда: 
Команда: _cutclip найдено: 3

Команда: Задайте противоположный угол или [Линия/РМн-угол/СМн-угол]: 
Команда: 
Команда: 
Команда: _cutclip найдено: 4

Команда: Задайте противоположный угол или [Линия/РМн-угол/СМн-угол]: 
Команда: 
Команда: 
Команда: _cutclip найдено: 2

Команда: Задайте противоположный угол или [Линия/РМн-угол/СМн-угол]: 
Команда: 
Команда: 
Команда: _cutclip найдено: 3

Команда: Задайте противоположный угол или [Линия/РМн-угол/СМн-угол]: 
Команда: 
Команда: 
Команда: _cutclip найдено: 2

Команда: Задайте противоположный угол или [Линия/РМн-угол/СМн-угол]: 
Команда: 
Команда: 
Команда: _cutclip найдено: 1

Команда: Задайте противоположный угол или [Линия/РМн-угол/СМн-угол]: 
Команда: 
Команда: 
Команда: _cutclip найдено: 3

Команда: Задайте противоположный угол или [Линия/РМн-угол/СМн-угол]: 
Команда: 
Команда: 
Команда: _cutclip найдено: 2

Команда: Задайте противоположный угол или [Линия/РМн-угол/СМн-угол]: 
Команда: 
Команда: 
Команда: _cutclip найдено: 3

Команда: Задайте противоположный угол или [Линия/РМн-угол/СМн-угол]: 
Команда: 
Команда: 
Команда: _cutclip найдено: 3

Команда: Задайте противоположный угол или [Линия/РМн-угол/СМн-угол]: 
Команда: 
Команда: 
Команда: _cutclip найдено: 1

Команда: Задайте противоположный угол или [Линия/РМн-угол/СМн-угол]: 
Команда: 
Команда: 
Команда: _cutclip найдено: 1

Команда: _APPLOAD
opor-loader.lsp успешно загружено.


Команда: 
[OPOR] Загружено. Команды: OPOR, XX, OPORCHECK, OPORCLEAN, OPORDUMP, OPORTABLES, OPOROLD, OPORSHOW, OPORDEBUG.
Команда: 
Команда: OPOR

[OPOR] Проверка OPOR:
Версия: 3.6-dcl-ui
Слои: OK
Блоки MVP: OK
Справочно, отсутствующие будущие блоки: 
- нет
Выберите внешний контур OPOR: 
Выберите проёмы на слое областиvb или нажмите Enter, если проёмов нет: 
Выберите объекты: найдено: 1

Выберите объекты: найдено: 1, всего: 2

Выберите объекты: 

Укажите начальную точку сетки: 
Укажите направление сетки: 
Укажите точку вставки итоговой таблицы: 
[OPOR] MVP завершён: опор=2840, длина лаг=1526 м, лаг=43 шт.
Команда: 

Команда: 
Команда: 
Команда: *Прервано*

Команда: 
Команда: *Прервано*

Команда: Задайте противоположный угол или [Линия/РМн-угол/СМн-угол]: *Прервано*

Команда: Задайте противоположный угол или [Линия/РМн-угол/СМн-угол]: 
Команда: 
Команда: 
Команда: _copy найдено: 75

Текущая настройка:  Режим копирования  = Несколько
Базовая точка или [Смещение/реЖим] <Смещение>: 
Вторая точка или [Массив] <использовать для смещения первую точку>: 
Укажите вторую точку или [Массив/Выход/Отменить] <Выход>: *Прервано*

Команда: Задайте противоположный угол или [Линия/РМн-угол/СМн-угол]: 
Команда: 
Команда: 
Команда: _cutclip найдено: 4

Команда: Задайте противоположный угол или [Линия/РМн-угол/СМн-угол]: 
Команда: 
Команда: 
Команда: _cutclip найдено: 2

Команда: Задайте противоположный угол или [Линия/РМн-угол/СМн-угол]: 
Команда: 
Команда: 
Команда: _cutclip найдено: 4

Команда: Задайте противоположный угол или [Линия/РМн-угол/СМн-угол]: 
Команда: 
Команда: 
Команда: _cutclip найдено: 1

Команда: Задайте противоположный угол или [Линия/РМн-угол/СМн-угол]: 
Команда: 
Команда: 
Команда: _cutclip найдено: 1

Команда: Задайте противоположный угол или [Линия/РМн-угол/СМн-угол]: 
Команда: 
Команда: 
Команда: _cutclip найдено: 2

Команда: Задайте противоположный угол или [Линия/РМн-угол/СМн-угол]: 
Команда: 
Команда: 
Команда: _cutclip найдено: 3

Команда: Задайте противоположный угол или [Линия/РМн-угол/СМн-угол]: 
Команда: 
Команда: 
Команда: _cutclip найдено: 4

Команда: Задайте противоположный угол или [Линия/РМн-угол/СМн-угол]: 
Команда: 
Команда: 
Команда: _cutclip найдено: 4

Команда: Задайте противоположный угол или [Линия/РМн-угол/СМн-угол]: 
Команда: 
Команда: 
Команда: _cutclip найдено: 7

Команда: Задайте противоположный угол или [Линия/РМн-угол/СМн-угол]: 
Команда: 
Команда: 
Команда: _cutclip найдено: 3

Команда: Задайте противоположный угол или [Линия/РМн-угол/СМн-угол]: 
Команда: 
Команда: 
Команда: _cutclip найдено: 4

Команда: Задайте противоположный угол или [Линия/РМн-угол/СМн-угол]: 
Команда: 
Команда: 
Команда: _cutclip найдено: 3

Команда: OPOR

[OPOR] Проверка OPOR:
Версия: 3.6-dcl-ui
Слои: OK
Блоки MVP: OK
Справочно, отсутствующие будущие блоки: 
- нет
Выберите внешний контур OPOR: 
Выберите проёмы на слое областиvb или нажмите Enter, если проёмов нет: 
Выберите объекты: найдено: 1

Выберите объекты: найдено: 1, всего: 2

Выберите объекты: 

[OPOR] Var остановлен: проверка отметок не пройдена.

Команда: 
Команда: _APPLOAD
opor-loader.lsp успешно загружено.


Команда: 
[OPOR] Загружено. Команды: OPOR, XX, OPORCHECK, OPORCLEAN, OPORDUMP, OPORTABLES, OPOROLD, OPORSHOW, OPORDEBUG.
Команда: 
Команда: OPOR

[OPOR] Проверка OPOR:
Версия: 3.7-ux-pass
Слои: OK
Блоки MVP: OK
Справочно, отсутствующие будущие блоки: 
- нет
Выберите внешний контур OPOR: 
Команда: 
[OPOR] Проёмов найдено: 2
Начальная точка сетки <Enter = угол у длинного ребра>: 
Точка вне контура — кликните внутри подсвеченного контура или Enter для авто.
Начальная точка сетки <Enter = угол у длинного ребра>: 
Точка вне контура — кликните внутри подсвеченного контура или Enter для авто.
Начальная точка сетки <Enter = угол у длинного ребра>: 
Направление сетки <Enter = вдоль длинного ребра>: 
Точка вставки итоговой таблицы <Enter = справа от контура>: 
[OPOR] MVP завершён: опор=2791, длина лаг=1506 м, лаг=43 шт.
Команда: 

Команда: 
Команда: Задайте противоположный угол или [Линия/РМн-угол/СМн-угол]: 
Команда: Задайте противоположный угол или [Линия/РМн-угол/СМн-угол]: 
Команда: 
Команда: 
Команда: _copy найдено: 75

Текущая настройка:  Режим копирования  = Несколько
Базовая точка или [Смещение/реЖим] <Смещение>: 
Вторая точка или [Массив] <использовать для смещения первую точку>: 
Укажите вторую точку или [Массив/Выход/Отменить] <Выход>: *Прервано*

Команда: Задайте противоположный угол или [Линия/РМн-угол/СМн-угол]: 
Команда: 
Команда: 
Команда: _copy найдено: 75

Текущая настройка:  Режим копирования  = Несколько
Базовая точка или [Смещение/реЖим] <Смещение>: 
Вторая точка или [Массив] <использовать для смещения первую точку>: 
Укажите вторую точку или [Массив/Выход/Отменить] <Выход>: *Прервано*

Команда: Задайте противоположный угол или [Линия/РМн-угол/СМн-угол]: *Прервано*

Команда: OPOR

[OPOR] Команда отменена.

Команда: 
Команда: *Прервано*

Команда: *Прервано*

Команда: 
Команда: OPOR

[OPOR] Проверка OPOR:
Версия: 3.7-ux-pass
Слои: OK
Блоки MVP: OK
Справочно, отсутствующие будущие блоки: 
- нет
Выберите внешний контур OPOR: *Прервано*

[OPOR] Ошибка: Функция прервана.nil

Команда: 
Команда: 
Команда: 
Команда: _plot 
Очертите выводимую область рамкой
Первый угол: Противоположный угол: 
Нажмите ESC или ENTER для выхода, или правую кнопку мыши для вывода контекстного меню.

Команда: 
Команда: 
Команда: _plot 
Очертите выводимую область рамкой
Первый угол: *Прервано*
*Неверно*

Команда: *Прервано*

Команда: 
Команда: 
Команда: _rectang 
Укажите точку первого угла или [Фаска/Уровень/Сопряжение/Толщина/Ширина]: 
Укажите точку второго угла или [Площадь/Размеры/поВорот]: 
Команда: 
Команда: *Прервано*

Команда: 
Команда: 
Команда: _line 
Первая точка: 
Следующая точка или [оТменить]: 
Следующая точка или [оТменить]: *Прервано*

Команда: 
Команда: 
** РАСТЯНУТЬ **
Задайте точку для операции растяжения:
Команда: *Прервано*

Команда: 
Команда: 
Команда: _cutclip найдено: 1

Команда: Задайте противоположный угол или [Линия/РМн-угол/СМн-угол]: 
Команда: 
Команда: 
Команда: _cutclip найдено: 1

Команда: OPOR

[OPOR] Проверка OPOR:
Версия: 3.7-ux-pass
Слои: OK
Блоки MVP: OK
Справочно, отсутствующие будущие блоки: 
- нет
Выберите внешний контур OPOR: *Прервано*

[OPOR] Ошибка: Функция прервана.nil

Команда: 
Команда: щзщк
Неизвестная команда "ЩЗЩК".  Для вызова справки нажмите F1.

Команда: *Прервано*

Команда: OPOR

[OPOR] Команда отменена.

Команда: 
Команда: OPOR

Очистка OPOR [Session/All] <All>: A

[OPOR] Удалено объектов: 5768

Команда: 
Команда: OPOR

[OPOR] Проверка OPOR:
Версия: 3.7-ux-pass
Слои: OK
Блоки MVP: OK
Справочно, отсутствующие будущие блоки: 
- нет
Выберите внешний контур OPOR: 
Команда: 
[OPOR] Проёмов найдено: 2
Начальная точка сетки <Enter = угол у длинного ребра>: 

Направление сетки <Enter = вдоль длинного ребра>: 

Точка вставки итоговой таблицы <Enter = справа от контура>: 

[OPOR] MVP завершён: опор=2700, длина лаг=1429 м, лаг=40 шт.
Команда: 

Команда: 
Команда: 
Команда: *Прервано*

Команда: 
Команда: 
Команда: *Прервано*

Команда: OPOR

[OPOR] Проверка OPOR:
Версия: 3.7-ux-pass
Слои: OK
Блоки MVP: OK
Справочно, отсутствующие будущие блоки: 
- нет
Выберите внешний контур OPOR: 
Команда: 
[OPOR] Проёмов найдено: 2
Начальная точка сетки <Enter = угол у длинного ребра>: 
Направление сетки <Enter = вдоль длинного ребра>: 
Точка вставки итоговой таблицы <Enter = справа от контура>: 
[OPOR] MVP завершён: опор=4818, длина лаг=1766 м, лаг=50 шт, крепёж лаги (Level Clip)=4818.
Команда: 

Команда: 
Команда: OPORDUMP

========== OPOR NEW OBJECT DUMP ==========

===== SESSION 20260707_101522-4488000 =====
--- ПО ТИПАМ XDATA ---
    grid-edge : 1
    grid-v : 63
    support : 2700
    table : 1
--- ПО СЛОЯМ ---
    0 : 1
    опорыvb : 2700
    сеткаvb : 64
--- НОВАЯ СЕТКА --- линий: 64  длина: 1429070.6 мм = 1429.07 м
    grid-v: 63 линий, 1427.06 м, min 84.8 мм
    grid-p: 0 линий, 0 м, min - мм
--- НОВЫЕ ОПОРЫ --- всего: 2700
    цвет 134 : 2700 шт
--- НОВЫЕ ТАБЛИЦЫ --- всего: 1
    блок: table_totl_PRO
      1 = 
      2 = 
      3 = 
      4 = 
      5 = 
      6 = 
      7 = 
      8 = 
      9 = 2700
      10 = 
      11 = 
      12 = 
      13 = 
      AREA = 831
      ITOG = 2700
      CHPOL = -
      DOSKA = -
      LAG = -
      PLITKA = -
      VECTOR = 600
      PERP = 600
      LENGTH = 1429
      QC = 0
      QR = 0

===== SESSION 20260707_10161-4536156 =====
--- ПО ТИПАМ XDATA ---
    grid-edge : 6
    grid-v : 73
    support : 4818
    table : 1
--- ПО СЛОЯМ ---
    0 : 1
    опорыvb : 4818
    сеткаvb : 79
--- НОВАЯ СЕТКА --- линий: 79  длина: 1766083.8 мм = 1766.08 м
    grid-v: 73 линий, 1665.7 м, min 326.1 мм
    grid-p: 0 линий, 0 м, min - мм
    session grid lag: 1665.7 м
    index ranges: v=(-31 19) p=(-152 74)
    boundary lag candidate: 100.38 м, mode=all
      outer: 88.14 м, holes: 12.24 м
    П5 лаги: рядов=50, поперечных удалено=239
    support split: vertices=8 border=622 nodes=4188
    border filter: raw=624 after-vertices=622
    node filter: raw=4188 after-self=4188 after-vertices=4188 after-border=4188
    крепёж: лаги=Level Clip x4818, плитки= x0 (шаг 0)
    levels: marks=0 polylines=0 vertices=0 missing-marks=0 triangles=0 height-errors=0
--- НОВЫЕ ОПОРЫ --- всего: 4818
    цвет 221 : 4818 шт
--- НОВЫЕ ТАБЛИЦЫ --- всего: 1
    блок: table_totl_PRO
      1 = 4818
      2 = 
      3 = 
      4 = 
      5 = 
      6 = 
      7 = 
      8 = 
      9 = 
      10 = 
      11 = 
      12 = 
      13 = 
      AREA = 831
      ITOG = 4818
      CHPOL = -
      DOSKA = -
      LAG = -
      PLITKA = -
      VECTOR = 400
      PERP = 500
      LENGTH = 1766
      QC = 0
      QR = 0
=========================================

Команда: 
Команда: OPORTABLES

========== OPOR TOTAL TABLE BLOCKS ==========
--- TABLE #1 ---
    block: table_totl_1
    handle: 1DB89
    layer: _SG_Support
    session: old/no-xdata
      1 = 
      2 = 
      3 = 
      4 = 
      5 = 
      6 = 
      7 = 
      8 = 
      9 = 
      10 = 
      11 = 
      12 = 
      13 = 
      AREA = 
      ITOG = 
      CHPOL = 0
      DOSKA = 0
      LAG = 0
      PLITKA = 0
      VECTOR = 0
      PERP = 0
      LENGTH = 
      QC = 
      QR = 
--- TABLE #2 ---
    block: table_totl_3D
    handle: 2A2DA
    layer: _SG_Support
    session: old/no-xdata
      1 = 
      2 = 
      3 = 
      4 = 
      5 = 
      6 = 
      7 = 
      8 = 
      9 = 
      10 = 
      11 = 
      AREA = 
      ITOG = 
      CHPOL = 0
      DOSKA = 0
      LAG = 0
      PLITKA = 0
      VECTOR = 0
      PERP = 0
      LENGTH = 
      QC = 
      QR = 
--- TABLE #3 ---
    block: table_totl_PRO
    handle: 2AA14
    layer: _SG_Support
    session: old/no-xdata
      1 = 
      2 = 
      3 = 
      4 = 
      5 = 
      6 = 
      7 = 
      8 = 
      9 = 
      10 = 
      11 = 
      12 = 
      13 = 
      AREA = 
      ITOG = 
      CHPOL = 0
      DOSKA = 0
      LAG = 0
      PLITKA = 0
      VECTOR = 0
      PERP = 0
      LENGTH = 
      QC = 
      QR = 
--- TABLE #4 ---
    block: table_totl_PRO
    handle: 377CE
    layer: 0
    session: old/no-xdata
      1 = 
      2 = 
      3 = 637
      4 = 1401
      5 = 2982
      6 = 136
      7 = 
      8 = 
      9 = 
      10 = 
      11 = 
      12 = 
      13 = 
      AREA = 831
      ITOG = 5156
      CHPOL = 101
      DOSKA = 27
      LAG = 49
      PLITKA = 0
      VECTOR = 500
      PERP = 400
      LENGTH = 2434
      QC = 0
      QR = 0
--- TABLE #5 ---
    block: table_totl_PRO
    handle: 43426
    layer: 0
    session: old/no-xdata
      1 = 
      2 = 
      3 = 650
      4 = 1239
      5 = 2697
      6 = 123
      7 = 
      8 = 1
      9 = 
      10 = 
      11 = 
      12 = 
      13 = 
      AREA = 867
      ITOG = 4710
      CHPOL = 101
      DOSKA = 27
      LAG = 49
      PLITKA = 0
      VECTOR = 500
      PERP = 400
      LENGTH = 2107
      QC = 0
      QR = 0
--- TABLE #6 ---
    block: table_totl_PRO
    handle: 4641F
    layer: 0
    session: old/no-xdata
      1 = 
      2 = 
      3 = 456
      4 = 982
      5 = 2139
      6 = 94
      7 = 
      8 = 
      9 = 
      10 = 
      11 = 
      12 = 
      13 = 
      AREA = 831
      ITOG = 3671
      CHPOL = 101
      DOSKA = 27
      LAG = 49
      PLITKA = 0
      VECTOR = 500
      PERP = 500
      LENGTH = 1696
      QC = 0
      QR = 0
--- TABLE #7 ---
    block: table_totl_PRO
    handle: 5BF78
    layer: 0
    session: 20260707_101522-4488000
      1 = 
      2 = 
      3 = 
      4 = 
      5 = 
      6 = 
      7 = 
      8 = 
      9 = 2700
      10 = 
      11 = 
      12 = 
      13 = 
      AREA = 831
      ITOG = 2700
      CHPOL = -
      DOSKA = -
      LAG = -
      PLITKA = -
      VECTOR = 600
      PERP = 600
      LENGTH = 1429
      QC = 0
      QR = 0
--- TABLE #8 ---
    block: table_totl_PRO
    handle: 66AB2
    layer: 0
    session: 20260707_10161-4536156
      1 = 4818
      2 = 
      3 = 
      4 = 
      5 = 
      6 = 
      7 = 
      8 = 
      9 = 
      10 = 
      11 = 
      12 = 
      13 = 
      AREA = 831
      ITOG = 4818
      CHPOL = -
      DOSKA = -
      LAG = -
      PLITKA = -
      VECTOR = 400
      PERP = 500
      LENGTH = 1766
      QC = 0
      QR = 0
============================================

Команда: 
Команда: 
Автоматическое сохранение в C:\Users\user\AppData\Local\Temp\Сириус Парусный центр — копия_1_29790_82c3afe9.sv$ ...

Команда: 
Команда: _APPLOAD
opor-loader.lsp успешно загружено.


Команда: 
[OPOR] Загружено. Команды: OPOR, XX, OPORCHECK, OPORCLEAN, OPORDUMP, OPORTABLES, OPOROLD, OPORSHOW, OPORDEBUG.
Команда: 
Команда: OPOR

[OPOR] Проверка OPOR:
Версия: 3.7-ux-pass
Слои: OK
Блоки MVP: OK
Справочно, отсутствующие будущие блоки: 
- нет
[OPOR] Слоёв скрыто: 0
Выберите внешний контур OPOR: *Прервано*

[OPOR] Ошибка: Функция прервана.nil

Команда: 
Команда: *Прервано*

Команда: *Прервано*

Команда:  
Команда: 
