[ AutoCAD - Mon Jul 06 12:07:16 2026  ]----------------------------------------

Открывается файл формата AutoCAD 2018.
Выполняется регенерация листов.
Выполняется регенерация модели.


Утилиты меню AutoCAD загружены.*Прервано*

Команда: 

Файл Autodesk DWG. Это файл формата TrustedDWG, сохраненный в приложении Autodesk или в приложении, лицензированном корпорацией Autodesk.

Команда: 

Команда: 
Команда: *Прервано*

Команда: *Прервано*

Команда:   <Переход на: Модель>
Выполняется регенерация модели.

Команда: 
Команда: 
Команда: _propertiesclose 
Команда: _APPLOAD
opor-loader.lsp успешно загружено.


Команда: 
[OPOR] Загружено. Команды: OPOR, XX, OPORCHECK, OPORCLEAN, OPORDUMP, OPORTABLES, OPOROLD, OPORSHOW, OPORDEBUG.
Команда: 
Команда: OPOR

OPOR режим [Const/Var/Check/Clean/Exit] <Const>: V

[OPOR] Проверка OPOR:
Версия: 3.2-lisp-parity
Слои: OK
Блоки MVP: OK
Справочно, отсутствующие будущие блоки: 
- нет
Выберите внешний контур OPOR: 
Выберите проёмы на слое областиvb или нажмите Enter, если проёмов нет: 
Выберите объекты: найдено: 1

Выберите объекты: найдено: 1, всего: 2

Выберите объекты: 

Линейка опор [lev/3D/PRO] <lev>: PRO

Шаг по вектору, мм <600>: 500

Шаг по перпендикуляру, мм <600>: 500

Радиус опоры, мм <100>: 

Покрытие [d/p] <d>: 

Отметка чистого пола, мм <101>: 

Толщина доски, мм <27>: 

Толщина лаги, мм <49>: 

Считать длину лаг по сетке [vect/perp] <vect>: 

Укажите начальную точку сетки: 
Укажите направление сетки: 
Укажите точку вставки итоговой таблицы: 
[OPOR] Var завершён: опор=3809, длина лаг=1723 м, ошибок высот=0, областей=42, треугольников=42.

Команда: 
Команда: 
Команда: *Прервано*

Команда: OPORCLEAN

Очистка OPOR [Session/All] <All>: 

[OPOR] Удалено объектов: 4078

Команда: 
Команда: _APPLOAD

Команда: Задайте противоположный угол или [Линия/РМн-угол/СМн-угол]: 
Команда: 
Команда: 
Команда: _copy найдено: 75

Текущая настройка:  Режим копирования  = Несколько
Базовая точка или [Смещение/реЖим] <Смещение>: 
Вторая точка или [Массив] <использовать для смещения первую точку>: 
Укажите вторую точку или [Массив/Выход/Отменить] <Выход>: 
Укажите вторую точку или [Массив/Выход/Отменить] <Выход>: *Прервано*

Команда: _фзз
Неизвестная команда "ФЗЗ".  Для вызова справки нажмите F1.

Команда: *Прервано*

Команда: _APPLOAD
opor2.6.lsp успешно загружено.


Команда: 
Команда: 
Команда: XX

Команда: 
Команда: 
Укажите внешний контур
Команда: 
Команда: 
Команда: 
Команда: 
Команда: 
Укажите начальную точку
Команда: 
Команда: XX

Команда: 
Укажите внешний контур
Команда: 
Команда: 
Команда: 
Команда: 
Команда: 
Укажите начальную точку
Команда: Задайте направление, указав 2 точки Вторая точка: 
Команда: 
Команда: 
Команда: 
Команда: Выполняется регенерация модели.

Команда: 
Команда: Выполняется регенерация модели.

Укажите точку верхнего левого угла таблицы: 
Команда: 
Команда: Выполняется регенерация модели.

Команда: 
Команда: 
Команда: Выполняется регенерация модели.

Команда: 
Команда: 
Команда: 
Команда: 
Команда: Выполняется регенерация модели.

Команда: 
Укажите внешний контур*Прервано*

Команда: 
Команда: 
Команда: *Прервано*

Команда: OPOR

OPOR режим [Const/Var/Check/Clean/Exit] <Const>: V

[OPOR] Проверка OPOR:
Версия: 3.2-lisp-parity
Слои: OK
Блоки MVP: OK
Справочно, отсутствующие будущие блоки: 
- нет
Выберите внешний контур OPOR: 
Выберите проёмы на слое областиvb или нажмите Enter, если проёмов нет: 
Выберите объекты: найдено: 1

Выберите объекты: найдено: 1, всего: 2

Выберите объекты: 

Линейка опор [lev/3D/PRO] <lev>: PRO

Шаг по вектору, мм <600>: 500

Шаг по перпендикуляру, мм <600>: 500

Радиус опоры, мм <100>: 

Покрытие [d/p] <d>: 

Отметка чистого пола, мм <101>: 

Толщина доски, мм <27>: 

Толщина лаги, мм <49>: 

Считать длину лаг по сетке [vect/perp] <vect>: 

Укажите начальную точку сетки: 
Укажите направление сетки: 
Укажите точку вставки итоговой таблицы: 
[OPOR] Var завершён: опор=3943, длина лаг=1786 м, ошибок высот=0, областей=42, треугольников=42.

Команда: 
Команда: 
Команда: *Прервано*

Команда: Задайте противоположный угол или [Линия/РМн-угол/СМн-угол]: 
Команда: 
Команда: 
Команда: _copy найдено: 75

Текущая настройка:  Режим копирования  = Несколько
Базовая точка или [Смещение/реЖим] <Смещение>: 
Вторая точка или [Массив] <использовать для смещения первую точку>: 
Укажите вторую точку или [Массив/Выход/Отменить] <Выход>: *Прервано*

Команда: Задайте противоположный угол или [Линия/РМн-угол/СМн-угол]: 
Команда: 
Команда: 
Команда: _copy найдено: 75

Текущая настройка:  Режим копирования  = Несколько
Базовая точка или [Смещение/реЖим] <Смещение>: 
Вторая точка или [Массив] <использовать для смещения первую точку>: 
Укажите вторую точку или [Массив/Выход/Отменить] <Выход>: *Прервано*

Команда: 
Команда: 
Команда: _line 
Первая точка: *Прервано*

Команда: 
Команда: 
Команда: _line 
Первая точка: 
Следующая точка или [оТменить]: *Прервано*

Команда: 
Команда: 
Команда: _line 
Первая точка: 
Следующая точка или [оТменить]: 
Следующая точка или [оТменить]: *Прервано*

Команда: 
Команда: *Прервано*

Команда: Задайте противоположный угол или [Линия/РМн-угол/СМн-угол]: 
Команда: 
Команда: 
Команда: _cutclip найдено: 75

Команда: Задайте противоположный угол или [Линия/РМн-угол/СМн-угол]: 
Команда: 
Команда: 
Команда: _copy найдено: 76

Текущая настройка:  Режим копирования  = Несколько
Базовая точка или [Смещение/реЖим] <Смещение>: 
Вторая точка или [Массив] <использовать для смещения первую точку>: 
Укажите вторую точку или [Массив/Выход/Отменить] <Выход>: *Прервано*

Команда: XX

Команда: 
Команда: 
Укажите внешний контур
Команда: 
Команда: 
Команда: 
Команда: 
Команда: 
Укажите начальную точку
Команда: Задайте направление, указав 2 точки Вторая точка: 
Команда: 
Команда: 
Команда: 
Команда: Выполняется регенерация модели.

Команда: 
Команда: Выполняется регенерация модели.

Укажите точку верхнего левого угла таблицы: 
Команда: 
Команда: Выполняется регенерация модели.

Команда: 
Команда: 
Команда: Выполняется регенерация модели.

Команда: 
Команда: 
Команда: 
Команда: 
Команда: Выполняется регенерация модели.

Команда: 
Укажите внешний контур*Прервано*

Команда: 
Команда: OPOR

OPOR режим [Const/Var/Check/Clean/Exit] <Const>: V

[OPOR] Проверка OPOR:
Версия: 3.2-lisp-parity
Слои: OK
Блоки MVP: OK
Справочно, отсутствующие будущие блоки: 
- нет
Выберите внешний контур OPOR: 
Выберите проёмы на слое областиvb или нажмите Enter, если проёмов нет: 
Выберите объекты: найдено: 1

Выберите объекты: найдено: 1, всего: 2

Выберите объекты: 

Линейка опор [lev/3D/PRO] <lev>: PRO

Шаг по вектору, мм <600>: 500

Шаг по перпендикуляру, мм <600>: 500

Радиус опоры, мм <100>: 

Покрытие [d/p] <d>: 

Отметка чистого пола, мм <101>: 

Толщина доски, мм <27>: 

Толщина лаги, мм <49>: 

Считать длину лаг по сетке [vect/perp] <vect>: 

Укажите начальную точку сетки: 
Укажите направление сетки: 
Укажите точку вставки итоговой таблицы: 
[OPOR] Var завершён: опор=3816, длина лаг=1724 м, ошибок высот=0, областей=42, треугольников=42.

Команда: 
Команда: OPORDUMP

========== OPOR NEW OBJECT DUMP ==========

===== SESSION 20260706_121134-13381921 =====
--- ПО ТИПАМ XDATA ---
    grid-edge : 6
    grid-p : 191
    grid-v : 73
    support : 3943
    table : 1
--- ПО СЛОЯМ ---
    0 : 1
    опорыvb : 3943
    сеткаvb : 270
--- НОВАЯ СЕТКА --- линий: 270  длина: 3450100.5 мм = 3450.1 м
    grid-v: 73 линий, 1685.85 м, min 911.5 мм
    grid-p: 191 линий, 1663.86 м, min 255.2 мм
--- НОВЫЕ ОПОРЫ --- всего: 3943
    цвет 1 : 653 шт
    цвет 30 : 95 шт
    цвет 92 : 1023 шт
    цвет 131 : 2172 шт
--- НОВЫЕ ТАБЛИЦЫ --- всего: 1
    блок: table_totl_PRO
      1 = 
      2 = 
      3 = 653
      4 = 1023
      5 = 2172
      6 = 95
      7 = 
      8 = 
      9 = 
      10 = 
      11 = 
      12 = 
      13 = 
      AREA = 867
      ITOG = 3943
      CHPOL = 101
      DOSKA = 27
      LAG = 49
      PLITKA = 0
      VECTOR = 500
      PERP = 500
      LENGTH = 1786
      QC = 0
      QR = 0

===== SESSION 20260706_121342-13510203 =====
--- ПО ТИПАМ XDATA ---
    grid-edge : 6
    grid-p : 191
    grid-v : 72
    support : 3816
    table : 1
--- ПО СЛОЯМ ---
    0 : 1
    опорыvb : 3816
    сеткаvb : 269
--- НОВАЯ СЕТКА --- линий: 269  длина: 3388245.5 мм = 3388.25 м
    grid-v: 72 линий, 1623.71 м, min 1666.7 мм
    grid-p: 191 линий, 1664.15 м, min 358.3 мм
    session grid lag: 1623.71 м
    index ranges: v=(-45 4) p=(-10 172)
    boundary lag candidate: 100.38 м, mode=all
      outer: 88.14 м, holes: 12.24 м
    support split: vertices=30 border=525 nodes=3261
    border filter: raw=526 after-vertices=525
    node filter: raw=3261 after-self=3261 after-vertices=3261 after-border=3261
    levels: marks=30 polylines=42 vertices=30 missing-marks=0 triangles=42 height-errors=0
--- НОВЫЕ ОПОРЫ --- всего: 3816
    цвет 1 : 542 шт
    цвет 30 : 93 шт
    цвет 92 : 989 шт
    цвет 131 : 2192 шт
--- НОВЫЕ ТАБЛИЦЫ --- всего: 1
    блок: table_totl_PRO
      1 = 
      2 = 
      3 = 542
      4 = 989
      5 = 2192
      6 = 93
      7 = 
      8 = 
      9 = 
      10 = 
      11 = 
      12 = 
      13 = 
      AREA = 867
      ITOG = 3816
      CHPOL = 101
      DOSKA = 27
      LAG = 49
      PLITKA = 0
      VECTOR = 500
      PERP = 500
      LENGTH = 1724
      QC = 0
      QR = 0
=========================================

Команда: 
Команда: OPOROLD

========== OPOR OLD OBJECTS NEAR CURRENT SESSION ==========
line: PRO
--- OLD SUPPORT BLOCKS --- total: 0
--- OLD SUPPORTS BY HEIGHT RANGE ---
--- OLD GRID --- lines: 0 length: 0 m
    grid-v: 0 lines, 0 m
    grid-p: 0 lines, 0 m
    other: 0 lines, 0 m
===========================================================

Команда: 
Команда: OPORTABLES

========== OPOR TOTAL TABLE BLOCKS ==========
--- TABLE #1 ---
    block: table_totl_1
    handle: 1DB89
    layer: _SG_Support
    session: old/no-xdata
      1 = 
      2 = 
      3 = 
      4 = 
      5 = 
      6 = 
      7 = 
      8 = 
      9 = 
      10 = 
      11 = 
      12 = 
      13 = 
      AREA = 
      ITOG = 
      CHPOL = 0
      DOSKA = 0
      LAG = 0
      PLITKA = 0
      VECTOR = 0
      PERP = 0
      LENGTH = 
      QC = 
      QR = 
--- TABLE #2 ---
    block: table_totl_3D
    handle: 2A2DA
    layer: _SG_Support
    session: old/no-xdata
      1 = 
      2 = 
      3 = 
      4 = 
      5 = 
      6 = 
      7 = 
      8 = 
      9 = 
      10 = 
      11 = 
      AREA = 
      ITOG = 
      CHPOL = 0
      DOSKA = 0
      LAG = 0
      PLITKA = 0
      VECTOR = 0
      PERP = 0
      LENGTH = 
      QC = 
      QR = 
--- TABLE #3 ---
    block: table_totl_PRO
    handle: 2AA14
    layer: _SG_Support
    session: old/no-xdata
      1 = 
      2 = 
      3 = 
      4 = 
      5 = 
      6 = 
      7 = 
      8 = 
      9 = 
      10 = 
      11 = 
      12 = 
      13 = 
      AREA = 
      ITOG = 
      CHPOL = 0
      DOSKA = 0
      LAG = 0
      PLITKA = 0
      VECTOR = 0
      PERP = 0
      LENGTH = 
      QC = 
      QR = 
--- TABLE #4 ---
    block: table_totl_PRO
    handle: 377CE
    layer: 0
    session: old/no-xdata
      1 = 
      2 = 
      3 = 637
      4 = 1401
      5 = 2982
      6 = 136
      7 = 
      8 = 
      9 = 
      10 = 
      11 = 
      12 = 
      13 = 
      AREA = 831
      ITOG = 5156
      CHPOL = 101
      DOSKA = 27
      LAG = 49
      PLITKA = 0
      VECTOR = 500
      PERP = 400
      LENGTH = 2434
      QC = 0
      QR = 0
--- TABLE #5 ---
    block: table_totl_PRO
    handle: 43426
    layer: 0
    session: old/no-xdata
      1 = 
      2 = 
      3 = 650
      4 = 1239
      5 = 2697
      6 = 123
      7 = 
      8 = 1
      9 = 
      10 = 
      11 = 
      12 = 
      13 = 
      AREA = 867
      ITOG = 4710
      CHPOL = 101
      DOSKA = 27
      LAG = 49
      PLITKA = 0
      VECTOR = 500
      PERP = 400
      LENGTH = 2107
      QC = 0
      QR = 0
--- TABLE #6 ---
    block: table_totl_PRO
    handle: 4641F
    layer: 0
    session: old/no-xdata
      1 = 
      2 = 
      3 = 456
      4 = 982
      5 = 2139
      6 = 94
      7 = 
      8 = 
      9 = 
      10 = 
      11 = 
      12 = 
      13 = 
      AREA = 831
      ITOG = 3671
      CHPOL = 101
      DOSKA = 27
      LAG = 49
      PLITKA = 0
      VECTOR = 500
      PERP = 500
      LENGTH = 1696
      QC = 0
      QR = 0
--- TABLE #7 ---
    block: table_totl_PRO
    handle: 54BD4
    layer: 0
    session: old/no-xdata
      1 = 
      2 = 
      3 = 640
      4 = 1030
      5 = 2171
      6 = 97
      7 = 
      8 = 1
      9 = 
      10 = 
      11 = 
      12 = 
      13 = 
      AREA = 867
      ITOG = 3939
      CHPOL = 101
      DOSKA = 27
      LAG = 49
      PLITKA = 0
      VECTOR = 500
      PERP = 500
      LENGTH = 1788
      QC = 0
      QR = 0
--- TABLE #8 ---
    block: table_totl_PRO
    handle: 5D7BB
    layer: 0
    session: 20260706_121134-13381921
      1 = 
      2 = 
      3 = 653
      4 = 1023
      5 = 2172
      6 = 95
      7 = 
      8 = 
      9 = 
      10 = 
      11 = 
      12 = 
      13 = 
      AREA = 867
      ITOG = 3943
      CHPOL = 101
      DOSKA = 27
      LAG = 49
      PLITKA = 0
      VECTOR = 500
      PERP = 500
      LENGTH = 1786
      QC = 0
      QR = 0
--- TABLE #9 ---
    block: table_totl_PRO
    handle: 608DE
    layer: 0
    session: old/no-xdata
      1 = 
      2 = 
      3 = 542
      4 = 989
      5 = 2190
      6 = 94
      7 = 
      8 = 1
      9 = 
      10 = 
      11 = 
      12 = 
      13 = 
      AREA = 867
      ITOG = 3816
      CHPOL = 101
      DOSKA = 27
      LAG = 49
      PLITKA = 0
      VECTOR = 500
      PERP = 500
      LENGTH = 1724
      QC = 0
      QR = 0
--- TABLE #10 ---
    block: table_totl_PRO
    handle: 69050
    layer: 0
    session: 20260706_121342-13510203
      1 = 
      2 = 
      3 = 542
      4 = 989
      5 = 2192
      6 = 93
      7 = 
      8 = 
      9 = 
      10 = 
      11 = 
      12 = 
      13 = 
      AREA = 867
      ITOG = 3816
      CHPOL = 101
      DOSKA = 27
      LAG = 49
      PLITKA = 0
      VECTOR = 500
      PERP = 500
      LENGTH = 1724
      QC = 0
      QR = 0
============================================

Команда: 
Команда: Задайте противоположный угол или [Линия/РМн-угол/СМн-угол]: 
Команда: 
Команда: 
Команда: _move найдено: 4161

Базовая точка или [Смещение] <Смещение>: 
Вторая точка или <считать смещением первую точку>: 
Команда: *Прервано*

Команда: _u 
Команда: _u INTELLIPAN INTELLIZOOM INTELLIZOOM INTELLIPAN INTELLIPAN INTELLIPAN INTELLIZOOM INTELLIZOOM INTELLIPAN INTELLIZOOM 
Команда: _u INTELLIZOOM ГРУППА 
Команда: *Прервано*

Команда: *Прервано*

Команда:  
Команда: 
