[ AutoCAD - Tue Jul 07 10:25:04 2026  ]----------------------------------------

Открывается файл формата AutoCAD 2018.
Выполняется регенерация листов.
Выполняется регенерация модели.

Загружаются DLL-файлы для работы с моделями.


Утилиты меню AutoCAD загружены.*Прервано*

Команда: 

Файл Autodesk DWG. Это файл формата TrustedDWG, сохраненный в приложении Autodesk или в приложении, лицензированном корпорацией Autodesk.

Команда: 

Команда: 
Команда: *Прервано*

Команда: *Прервано*

Команда:   <Переход на: Модель>
Выполняется регенерация модели.

Команда: opor
Неизвестная команда "OPOR".  Для вызова справки нажмите F1.

Команда: *Прервано*

Команда: _APPLOAD
opor-loader.lsp успешно загружено.


Команда: 
[OPOR] Загружено. Команды: OPOR, XX, OPORCHECK, OPORCLEAN, OPORDUMP, OPORTABLES, OPOROLD, OPORSHOW, OPORDEBUG.
Команда: 
Команда: OPOR

[OPOR] Проверка OPOR:
Версия: 3.7-ux-pass
Слои: OK
Блоки MVP: OK
Справочно, отсутствующие будущие блоки: 
- нетВыполняется регенерация модели.

Команда: 
[OPOR] Слоёв скрыто: 5
Выберите внешний контур OPOR: *Прервано*

[OPOR] Ошибка: Функция прервана.nil

Команда: 
Команда: *Прервано*

Команда: _APPLOAD
opor-loader.lsp успешно загружено.


Команда: 
[OPOR] Загружено. Команды: OPOR, XX, OPORCHECK, OPORCLEAN, OPORDUMP, OPORTABLES, OPOROLD, OPORSHOW, OPORDEBUG.
Команда: 
Команда: OPOR

[OPOR] Проверка OPOR:
Версия: 3.7-ux-pass
Слои: OK
Блоки MVP: OK
Справочно, отсутствующие будущие блоки: 
- нет
[OPOR] Слоёв скрыто: 0
Выберите внешний контур OPOR: *Прервано*

Команда: nil

Команда: 
Команда: *Прервано*

Команда: *Прервано*

Команда: *Прервано*

Команда: *Прервано*

Команда:  
Команда: *Прервано*

Команда: *Прервано*

Команда: *Прервано*

Команда:  
Команда: 
