[ AutoCAD - Tue Jul 07 10:47:13 2026  ]----------------------------------------

Открывается файл формата AutoCAD 2018.
Выполняется регенерация листов.
Выполняется регенерация модели.

Загружаются DLL-файлы для работы с моделями.


Утилиты меню AutoCAD загружены.*Прервано*

Команда: 

Файл Autodesk DWG. Это файл формата TrustedDWG, сохраненный в приложении Autodesk или в приложении, лицензированном корпорацией Autodesk.

Команда: 

Команда: 
Команда: *Прервано*

Команда: *Прервано*

Команда:   <Переход на: Модель>
Выполняется регенерация модели.

Команда: _APPLOAD
opor-loader.lsp успешно загружено.


Команда: 
[OPOR] Загружено. Команды: OPOR, XX, OPORCHECK, OPORCLEAN, OPORDUMP, OPORTABLES, OPOROLD, OPORSHOW, OPORDEBUG.
Команда: 
Команда: OPOR

[OPOR] Проверка OPOR:
Версия: 3.7-ux-pass
Слои: OK
Блоки MVP: OK
Справочно, отсутствующие будущие блоки: 
- нетВыполняется регенерация модели.

Команда: 
[OPOR] Слоёв скрыто: 5
Выберите внешний контур OPOR: *Прервано*
Выполняется регенерация модели.

Команда: 
Команда: nil

Команда: 
Команда: _APPLOAD
opor-loader.lsp успешно загружено.


Команда: 
[OPOR] Загружено. Команды: OPOR, XX, OPORCHECK, OPORCLEAN, OPORDUMP, OPORTABLES, OPOROLD, OPORSHOW, OPORDEBUG.
Команда: 
Команда: OPOR

[OPOR] Проверка OPOR:
Версия: 3.7-ux-pass
Слои: OK
Блоки MVP: OK
Справочно, отсутствующие будущие блоки: 
- нетВыполняется регенерация модели.

Команда: 
[OPOR] Слоёв скрыто: 10
Выберите внешний контур OPOR: 
Команда: 
[OPOR] Проёмов найдено: 2Выполняется регенерация модели.

Команда: 
Начальная точка сетки <Enter = угол у длинного ребра>: 
Направление сетки <Enter = вдоль длинного ребра>: 
Точка вставки итоговой таблицы <Enter = справа от контура>: 

[OPOR] MVP завершён: опор=2740, длина лаг=1471 м, лаг=42 шт.
Команда: 

Команда: 
Команда: 
Команда: 
Команда: 
Команда: *Прервано*

Команда: Задайте противоположный угол или [Линия/РМн-угол/СМн-угол]: 
Команда: *Прервано*

Команда: OPOR

[OPOR] Проверка OPOR:
Версия: 3.7-ux-pass
Слои: OK
Блоки MVP: OK
Справочно, отсутствующие будущие блоки: 
- нетВыполняется регенерация модели.

Команда: 
[OPOR] Слоёв скрыто: 10
Выберите внешний контур OPOR: *Прервано*
Выполняется регенерация модели.

Команда: 
Команда: nil

Команда: 
Команда: *Прервано*

Команда: *Прервано*

Команда: *Прервано*

Команда:  
Команда: 
