[ AutoCAD - Wed Jul 08 09:51:35 2026  ]----------------------------------------

Команда: 
Команда: *Прервано*

Команда: 
Команда: 
Команда: 
Команда: _bedit 
Команда: *Прервано*

Команда: 
Команда: 
Команда: 
Команда: _explode найдено: 1
Находится на блокированном слое: 1.

Выберите объекты: *Прервано*

Ничего не найдено.
Команда: 
Команда: 
Команда: '_.-LAYER

Текущий слой:  "мое"
Задайте параметр [?/Создать/Установить/Новый/ПЕРеименоватЬ/Вкл/Откл/Цвет/Тип/вЕс/пРозрачность/Материал/пеЧать/Заморозить/РАзморозить/Блок/рАзблок/Конфигурация/опИсание/соГласовать/ВНешняя ссылка]: _UNLOCK

Список имен слоев для разблокирования или <выбрать объекты>: =0
Задайте параметр [?/Создать/Установить/Новый/ПЕРеименоватЬ/Вкл/Откл/Цвет/Тип/вЕс/пРозрачность/Материал/пеЧать/Заморозить/РАзморозить/Блок/рАзблок/Конфигурация/опИсание/соГласовать/ВНешняя ссылка]: 

Команда: *Прервано*

Команда: 
Команда: 
Команда: 
Команда: _explode найдено: 1

Команда: 
Команда: 
Команда: _SelectSimilar 
Команда: 
Команда: 
Команда: 
Команда: _SelectSimilar 
Команда: 
Команда: 
Команда: _copyclip найдено: 98

Команда: *Прервано*

Команда: 
Команда: 
Автоматическое сохранение в C:\Users\user\AppData\Local\Temp\трай_1_29790_0d93bad2.sv$ ...

Команда: 
Команда: 
Команда: *Прервано*

Команда: *Прервано*

Команда:  
Команда: 
