[ AutoCAD - Tue Jul 14 11:43:26 2026  ]----------------------------------------
Подстановка [simplex.shx] вместо [GOST B].
Выполняется регенерация модели.

Загружаются DLL-файлы для работы с моделями.


Утилиты меню AutoCAD загружены.*Прервано*

Команда: 
Команда: 

Команда: 
Команда:  <Сетка откл> 
Команда: _APPLOAD
opor-loader.lsp успешно загружено.


Команда: 
[OPOR] Загружено. Команды: OPOR, XX, OPORCHECK, OPORCLEAN, OPORDUMP, OPORTABLES, OPOROLD, OPORSHOW, OPORDEBUG.
Команда: 
Команда: OPORCLEAN

Очистка OPOR [Session/All] <All>: *Прервано*
nil

Команда: 
Команда: 
Команда: _pasteclip 
Точка вставки: *Прервано*

Команда: (setvar "LOGFILEMODE" 1)
1

Команда: *Прервано*

Команда: OPORCLEAN

Очистка OPOR [Session/All] <All>: oporce*Прервано*
oporcenil

Команда: 
Команда: *Прервано*

Команда: *Прервано*

Команда: _APPLOAD
opor-loader.lsp успешно загружено.


Команда: 
[OPOR] Загружено. Команды: OPOR, XX, OPORCHECK, OPORCLEAN, OPORDUMP, OPORTABLES, OPOROLD, OPORSHOW, OPORDEBUG.
Команда: 
Команда: OPORCHECK

[OPOR] Проверка OPOR:
Версия: 3.9-s4-tiles
Слои: OK
Блоки MVP: OK
Справочно, отсутствующие будущие блоки: 
- нет

Команда: 
Команда: _APPLOAD
make_etalons.lsp успешно загружено.


Команда: 
[ETS] make_etalons загружен. Команды: ETS1 (контур), ETS3 (+проём), ETS2 (+высоты). Порядок: ETS1 -> ETS3 -> ETS2, с _SAVEAS между шагами.
Команда: 
Команда: 
Команда: 
Команда: _qsave Сохранение чертежа <C:\Users\user\Documents\Чертеж1.dwg>: *Прервано*

Команда: 
Команда: 
Команда: _saveas 
Текущий формат файла: Чертеж AutoCAD 2018
Задайте формат файла [R14(LT98&LT97)/2000(LT2000)/2004(LT2004)/2007(LT2007)/2010(LT2010)/2013(LT2013)/2018(LT2018)/Стандарты/DXF/Шаблон] <2018>: *Прервано*

Команда: 
Команда: 
Команда: _qsave Сохранение чертежа <C:\Users\user\Documents\Чертеж1.dwg>: *Прервано*

Команда: FILEDIA

Новое значение FILEDIA <0>: 1

**** Системные переменные не изменены ****

Команда: 
Команда: 
Команда: _saveas 
