[ AutoCAD - Mon Jul 06 14:13:27 2026  ]----------------------------------------
Подстановка [simplex.shx] вместо [GOST B].
Выполняется регенерация модели.


Утилиты меню AutoCAD загружены.
Команда: 
Команда: 

Команда: 
Команда:  <Сетка откл> 
Команда: 
Команда: 
Команда: 
Команда: _eattedit 
Выберите блок: 77899.451787,110839.541049,0.000000 
Команда: 
Команда: 
Команда: 
Команда: _attach 
Команда: 
Команда: 
Команда: _bedit 
Команда: Задайте противоположный угол или [Линия/РМн-угол/СМн-угол]: 
Команда: 
Команда: 
Команда: _bedit Выполняется регенерация модели.

Команда: 
Команда: 
Команда: 
Команда: *Прервано*

Команда: 
Команда: 
Команда: 
Команда: _textedit 
Текущие настройки: режим редактирования = Несколько

Выберите аннотационный объект или [Отменить/Режим]: *Прервано*

Команда: 
Команда: *Прервано*

Команда: 
Команда: 
Команда: 
Команда: _textedit 
Текущие настройки: режим редактирования = Несколько

Выберите аннотационный объект или [Отменить/Режим]: *Прервано*

Команда: 
Команда: 
Команда: 
Команда: 
Команда: _textedit 
Текущие настройки: режим редактирования = Несколько

Выберите аннотационный объект или [Отменить/Режим]: *Прервано*

Команда: 
Команда: 
Команда: *Прервано*

Команда: Задайте противоположный угол или [Линия/РМн-угол/СМн-угол]: *Прервано*

Команда: 
Команда: _TXT2MTXT

  Удалено текстовых объектов: 1. Добавлен 1 объект многострочного текста.
Команда: 
Команда: 
Команда: 
Команда: _mtedit 
Команда: 
Команда: *Прервано*

Команда: 
Команда: *Прервано*

Команда: Задайте противоположный угол или [Линия/РМн-угол/СМн-угол]: 
Команда: *Прервано*

Команда: 
Команда: *Прервано*

Команда: 
Команда: Задайте противоположный угол или [Линия/РМн-угол/СМн-угол]: *Прервано*

Команда: 
Команда: 
Команда: 
Команда: _textedit 
Текущие настройки: режим редактирования = Несколько

Выберите аннотационный объект или [Отменить/Режим]: *Прервано*

Команда: 
Команда: 
Команда: 
Команда: *Прервано*

Команда: *Прервано*

Команда: Задайте противоположный угол или [Линия/РМн-угол/СМн-угол]: 
Команда: *Прервано*

Команда: 
Команда: *Прервано*

Команда: 
Команда: 
Команда: 
Команда: _cutclip найдено: 1

Команда: 
Команда: 
Команда: 
Команда: 
Команда: 
Команда: _mtedit 
Команда: *Прервано*

Команда: Задайте противоположный угол или [Линия/РМн-угол/СМн-угол]: 
Команда: 
Команда: 
Команда: 
Команда: _mtedit 
Команда: 
Команда: 
 
** РАСТЯГИВАНИЕ **
Точка растягивания или [Базовая точка/Копировать/ОТменить/выХод]: 
Команда: 
 
** РАСТЯГИВАНИЕ **
Точка растягивания или [Базовая точка/Копировать/ОТменить/выХод]: 
Команда: 
Команда: *Прервано*

Команда: 
Команда: *Прервано*

Команда: 
Команда: 
Команда: _line 
Первая точка: 
Следующая точка или [оТменить]: 
Следующая точка или [оТменить]: *Прервано*

Команда: 
Команда: 
Команда: 
 
** РАСТЯГИВАНИЕ **
Точка растягивания или [Базовая точка/Копировать/ОТменить/выХод]: 
Команда: *Прервано*

Команда: 
Команда: 
Команда: 
Команда: _cutclip найдено: 1

Команда: 
Команда: *Прервано*

Команда: 
Команда: *Прервано*

Команда: 
Команда: *Прервано*

Команда: 
Команда: _TXT2MTXT

  Удалено текстовых объектов: 1. Добавлен 1 объект многострочного текста.
Команда: 
Команда: *Прервано*

Команда: Задайте противоположный угол или [Линия/РМн-угол/СМн-угол]: 
Команда:  ТЕКСТВМТЕКСТ

  Удалено текстовых объектов: 1. Добавлен 1 объект многострочного текста.
Команда: 
Команда: *Прервано*

Команда: 
Команда:  ТЕКСТВМТЕКСТ

  Удалено текстовых объектов: 1. Добавлен 1 объект многострочного текста.
Команда: 
Команда:  ТЕКСТВМТЕКСТ

  Удалено текстовых объектов: 1. Добавлен 1 объект многострочного текста.
Команда: 
Команда:  ТЕКСТВМТЕКСТ

  Удалено текстовых объектов: 1. Добавлен 1 объект многострочного текста.
Команда: 
Команда:  ТЕКСТВМТЕКСТ

  Удалено текстовых объектов: 1. Добавлен 1 объект многострочного текста.
Команда: 
Команда:  ТЕКСТВМТЕКСТ

  Удалено текстовых объектов: 1. Добавлен 1 объект многострочного текста.
Команда: 
Команда:  ТЕКСТВМТЕКСТ

  Удалено текстовых объектов: 1. Добавлен 1 объект многострочного текста.
Команда: 
Команда:  ТЕКСТВМТЕКСТ

  Удалено текстовых объектов: 1. Добавлен 1 объект многострочного текста.
Команда: 
Команда:  ТЕКСТВМТЕКСТ

  Удалено текстовых объектов: 1. Добавлен 1 объект многострочного текста.
Команда: 
Команда:  ТЕКСТВМТЕКСТ

  Удалено текстовых объектов: 1. Добавлен 1 объект многострочного текста.
Команда: 
Команда:  ТЕКСТВМТЕКСТ

  Удалено текстовых объектов: 1. Добавлен 1 объект многострочного текста.
Команда: 
Команда:  ТЕКСТВМТЕКСТ

  Удалено текстовых объектов: 1. Добавлен 1 объект многострочного текста.
Команда: 
Команда:  ТЕКСТВМТЕКСТ

  Удалено текстовых объектов: 1. Добавлен 1 объект многострочного текста.
Команда: 
Команда:  ТЕКСТВМТЕКСТ

  Удалено текстовых объектов: 1. Добавлен 1 объект многострочного текста.
Команда: 
Команда:  ТЕКСТВМТЕКСТ

  Удалено текстовых объектов: 1. Добавлен 1 объект многострочного текста.
Команда: 
Команда:  ТЕКСТВМТЕКСТ

  Удалено текстовых объектов: 1. Добавлен 1 объект многострочного текста.
Команда: 
Команда:  ТЕКСТВМТЕКСТ

  Удалено текстовых объектов: 1. Добавлен 1 объект многострочного текста.
Команда: 
Команда:  ТЕКСТВМТЕКСТ

  Удалено текстовых объектов: 1. Добавлен 1 объект многострочного текста.
Команда: 
Команда:  ТЕКСТВМТЕКСТ

  Удалено текстовых объектов: 1. Добавлен 1 объект многострочного текста.
Команда: 
Команда:  ТЕКСТВМТЕКСТ

  Удалено текстовых объектов: 1. Добавлен 1 объект многострочного текста.
Команда: 
Команда:  ТЕКСТВМТЕКСТ

  Удалено текстовых объектов: 1. Добавлен 1 объект многострочного текста.
Команда: 
Команда:  ТЕКСТВМТЕКСТ

  Удалено текстовых объектов: 1. Добавлен 1 объект многострочного текста.
Команда: 
Команда: 
Команда:  ТЕКСТВМТЕКСТ

  Удалено текстовых объектов: 2. Добавлен 1 объект многострочного текста.
Команда: 
Команда: 
Команда:  ТЕКСТВМТЕКСТ

  Удалено текстовых объектов: 2. Добавлен 1 объект многострочного текста.
Команда: 
Команда:  ТЕКСТВМТЕКСТ

  Удалено текстовых объектов: 1. Добавлен 1 объект многострочного текста.
Команда: 
Команда: 
Команда: 
 
** РАСТЯГИВАНИЕ **
Точка растягивания или [Базовая точка/Копировать/ОТменить/выХод]: 
Команда: 
 
** РАСТЯГИВАНИЕ **
Точка растягивания или [Базовая точка/Копировать/ОТменить/выХод]: 
Команда: 
Команда: 
 
** РАСТЯГИВАНИЕ **
Точка растягивания или [Базовая точка/Копировать/ОТменить/выХод]: 
Команда: 
 
** РАСТЯГИВАНИЕ **
Точка растягивания или [Базовая точка/Копировать/ОТменить/выХод]: 
Команда: 
Команда: 
 
** РАСТЯГИВАНИЕ **
Точка растягивания или [Базовая точка/Копировать/ОТменить/выХод]: 
Команда: 
 
** РАСТЯГИВАНИЕ **
Точка растягивания или [Базовая точка/Копировать/ОТменить/выХод]: 
Команда: 
Команда: 
 
** РАСТЯГИВАНИЕ **
Точка растягивания или [Базовая точка/Копировать/ОТменить/выХод]: 
Команда: 
 
** РАСТЯГИВАНИЕ **
Точка растягивания или [Базовая точка/Копировать/ОТменить/выХод]: 
Команда: 
Команда: 
 
** РАСТЯГИВАНИЕ **
Точка растягивания или [Базовая точка/Копировать/ОТменить/выХод]: 
Команда: 
 
** РАСТЯГИВАНИЕ **
Точка растягивания или [Базовая точка/Копировать/ОТменить/выХод]: 
Команда: 
Команда: 
 
** РАСТЯГИВАНИЕ **
Точка растягивания или [Базовая точка/Копировать/ОТменить/выХод]: 
Команда: Задайте противоположный угол или [Линия/РМн-угол/СМн-угол]: 
Команда: 
 
** РАСТЯГИВАНИЕ **
Точка растягивания или [Базовая точка/Копировать/ОТменить/выХод]: 
Команда: Задайте противоположный угол или [Линия/РМн-угол/СМн-угол]: 
Команда: 
 
** РАСТЯГИВАНИЕ **
Точка растягивания или [Базовая точка/Копировать/ОТменить/выХод]: 
Команда: 
 
** РАСТЯГИВАНИЕ **
Точка растягивания или [Базовая точка/Копировать/ОТменить/выХод]: 
Команда: Задайте противоположный угол или [Линия/РМн-угол/СМн-угол]: 
Команда: 
 
** РАСТЯГИВАНИЕ **
Точка растягивания или [Базовая точка/Копировать/ОТменить/выХод]: 
Команда: 
 
** РАСТЯГИВАНИЕ **
Точка растягивания или [Базовая точка/Копировать/ОТменить/выХод]: 
Команда: 
Команда: 
 
** РАСТЯГИВАНИЕ **
Точка растягивания или [Базовая точка/Копировать/ОТменить/выХод]: 
Команда: 
 
** РАСТЯГИВАНИЕ **
Точка растягивания или [Базовая точка/Копировать/ОТменить/выХод]: 
Команда: 
Команда: 
 
** РАСТЯГИВАНИЕ **
Точка растягивания или [Базовая точка/Копировать/ОТменить/выХод]: 
Команда: 
 
** РАСТЯГИВАНИЕ **
Точка растягивания или [Базовая точка/Копировать/ОТменить/выХод]: 
Команда: 
Команда: 
 
** РАСТЯГИВАНИЕ **
Точка растягивания или [Базовая точка/Копировать/ОТменить/выХод]: 
Команда: 
 
** РАСТЯГИВАНИЕ **
Точка растягивания или [Базовая точка/Копировать/ОТменить/выХод]: 
Команда: 
Команда: 
 
** РАСТЯГИВАНИЕ **
Точка растягивания или [Базовая точка/Копировать/ОТменить/выХод]: 
Команда: 
 
** РАСТЯГИВАНИЕ **
Точка растягивания или [Базовая точка/Копировать/ОТменить/выХод]: 
Команда: 
Команда: 
 
** РАСТЯГИВАНИЕ **
Точка растягивания или [Базовая точка/Копировать/ОТменить/выХод]: 
Команда: 
 
** РАСТЯГИВАНИЕ **
Точка растягивания или [Базовая точка/Копировать/ОТменить/выХод]: 
Команда: Задайте противоположный угол или [Линия/РМн-угол/СМн-угол]: 
Команда: 
 
** РАСТЯГИВАНИЕ **
Точка растягивания или [Базовая точка/Копировать/ОТменить/выХод]: 
Команда: 
 
** РАСТЯГИВАНИЕ **
Точка растягивания или [Базовая точка/Копировать/ОТменить/выХод]: 
Команда: 
Команда: 
 
** РАСТЯГИВАНИЕ **
Точка растягивания или [Базовая точка/Копировать/ОТменить/выХод]: 
Команда: 
 
** РАСТЯГИВАНИЕ **
Точка растягивания или [Базовая точка/Копировать/ОТменить/выХод]: 
Команда: 
Команда: 
 
** РАСТЯГИВАНИЕ **
Точка растягивания или [Базовая точка/Копировать/ОТменить/выХод]: 
Команда: 
 
** РАСТЯГИВАНИЕ **
Точка растягивания или [Базовая точка/Копировать/ОТменить/выХод]: 
Команда: 
Команда: 
 
** РАСТЯГИВАНИЕ **
Точка растягивания или [Базовая точка/Копировать/ОТменить/выХод]: 
Команда: 
 
** РАСТЯГИВАНИЕ **
Точка растягивания или [Базовая точка/Копировать/ОТменить/выХод]: 
Команда: Задайте противоположный угол или [Линия/РМн-угол/СМн-угол]: 
Команда: 
 
** РАСТЯГИВАНИЕ **
Точка растягивания или [Базовая точка/Копировать/ОТменить/выХод]: 
Команда: 
 
** РАСТЯГИВАНИЕ **
Точка растягивания или [Базовая точка/Копировать/ОТменить/выХод]: 
Команда: Задайте противоположный угол или [Линия/РМн-угол/СМн-угол]: 
Команда: 
 
** РАСТЯГИВАНИЕ **
Точка растягивания или [Базовая точка/Копировать/ОТменить/выХод]: 
Команда: 
 
** РАСТЯГИВАНИЕ **
Точка растягивания или [Базовая точка/Копировать/ОТменить/выХод]: 
Команда: 
Команда: 
 
** РАСТЯГИВАНИЕ **
Точка растягивания или [Базовая точка/Копировать/ОТменить/выХод]: 
Команда: 
 
** РАСТЯГИВАНИЕ **
Точка растягивания или [Базовая точка/Копировать/ОТменить/выХод]: 
Команда: 
Команда: 
 
** РАСТЯГИВАНИЕ **
Точка растягивания или [Базовая точка/Копировать/ОТменить/выХод]: 
Команда: Задайте противоположный угол или [Линия/РМн-угол/СМн-угол]: 
Команда: 
 
** РАСТЯГИВАНИЕ **
Точка растягивания или [Базовая точка/Копировать/ОТменить/выХод]: 
Команда: 
Команда: 
Команда: 
 
** РАСТЯГИВАНИЕ **
Точка растягивания или [Базовая точка/Копировать/ОТменить/выХод]: 
Команда: 
 
** РАСТЯГИВАНИЕ **
Точка растягивания или [Базовая точка/Копировать/ОТменить/выХод]: 
Команда: 
Команда: 
 
** РАСТЯГИВАНИЕ **
Точка растягивания или [Базовая точка/Копировать/ОТменить/выХод]: 
Команда: 
 
** РАСТЯГИВАНИЕ **
Точка растягивания или [Базовая точка/Копировать/ОТменить/выХод]: 
Команда: 
Команда: 
 
** РАСТЯГИВАНИЕ **
Точка растягивания или [Базовая точка/Копировать/ОТменить/выХод]: 
Команда: 
 
** РАСТЯГИВАНИЕ **
Точка растягивания или [Базовая точка/Копировать/ОТменить/выХод]: 
Команда: 
Команда: 
 
** РАСТЯГИВАНИЕ **
Точка растягивания или [Базовая точка/Копировать/ОТменить/выХод]: 
Команда: 
 
** РАСТЯГИВАНИЕ **
Точка растягивания или [Базовая точка/Копировать/ОТменить/выХод]: 
Команда: 
Команда: *Прервано*

Команда: 
Команда: 
Команда: 
Команда: _mtedit 
Команда: *Прервано*

Команда: 
Команда: *Прервано*

Команда: 
Команда: 
 
** РАСТЯГИВАНИЕ **
Точка растягивания или [Базовая точка/Копировать/ОТменить/выХод]: 
Команда: 
Команда: *Прервано*

Команда: 
Команда: *Прервано*

Команда: 
Команда: 
 
** РАСТЯГИВАНИЕ **
Точка растягивания или [Базовая точка/Копировать/ОТменить/выХод]: 
Команда: 
Команда: *Прервано*

Команда:  Номер вкладки <0>: 
Команда:  <Шаг вкл> 
Команда: Задайте противоположный угол или [Линия/РМн-угол/СМн-угол]: 
Команда: 
Команда: 
Команда: _move найдено: 76

Базовая точка или [Смещение] <Смещение>: *Прервано*

Команда: *Прервано*

Команда: 
Команда: 
Команда: _line 
Первая точка: 
Следующая точка или [оТменить]: 
Следующая точка или [оТменить]: *Прервано*

Команда: 
Команда: 
Команда: _cutclip найдено: 1

Команда: Задайте противоположный угол или [Линия/РМн-угол/СМн-угол]: 
Команда: Задайте противоположный угол или [Линия/РМн-угол/СМн-угол]: 
Команда: 
Команда: 
Команда: _move найдено: 3

Базовая точка или [Смещение] <Смещение>: 
Вторая точка или <считать смещением первую точку>: 
Команда: Задайте противоположный угол или [Линия/РМн-угол/СМн-угол]: 
Команда: 
Команда: 
Команда: _extend 
Текущие параметры: проекция = ПСК, кромка = Нет, режим = Быстрый
Выбрать кромки границы... найдено: 1

Выберите объект для удлинения или обрезки (SHIFT + выбор) либо
 [Кромки границы/Секрамка/РЕжим/Проекция]: 

Траектория не пересекается с ограничивающей кромкой.
Выберите объект для удлинения или обрезки (SHIFT + выбор) либо
 [Кромки границы/Секрамка/РЕжим/Проекция/Отменить]: 

Выберите объект для удлинения или обрезки (SHIFT + выбор) либо
 [Кромки границы/Секрамка/РЕжим/Проекция/Отменить]: 
Выберите объект для удлинения или обрезки (SHIFT + выбор) либо
 [Кромки границы/Секрамка/РЕжим/Проекция/Отменить]: 
Укажите следующую точку линии выбора или [Отменить]: 
Укажите следующую точку линии выбора или [Отменить]: 
Укажите следующую точку линии выбора или [Отменить]: 
Укажите следующую точку линии выбора или [Отменить]: 

Выберите объект для удлинения или обрезки (SHIFT + выбор) либо
 [Кромки границы/Секрамка/РЕжим/Проекция/Отменить]: 

Траектория не пересекается с ограничивающей кромкой.
Выберите объект для удлинения или обрезки (SHIFT + выбор) либо
 [Кромки границы/Секрамка/РЕжим/Проекция/Отменить]: *Прервано*

Команда: 
Команда: *Прервано*

Команда: 
Команда: 
Команда: _chamfer 
(Режим С ОБРЕЗКОЙ) Параметры фаски: Длина1 = 0.0000, Длина2 = 0.0000
Выберите первый отрезок или [оТменить/полИлиния/Длина/Угол/оБрезка/Метод/Несколько]: 
Выберите второй отрезок или нажмите клавишу Shift при выборе, чтобы создать угол, или [Расстояние/Угол/Метод]: 
Команда: 
Команда: *Прервано*

Команда: 
Команда: 
Команда: _chamfer 
(Режим С ОБРЕЗКОЙ) Параметры фаски: Длина1 = 0.0000, Длина2 = 0.0000
Выберите первый отрезок или [оТменить/полИлиния/Длина/Угол/оБрезка/Метод/Несколько]: 
Выберите второй отрезок или нажмите клавишу Shift при выборе, чтобы создать угол, или [Расстояние/Угол/Метод]: 
Команда: *Прервано*

Команда: 
Команда: 
** РАСТЯНУТЬ **
Задайте точку для растяжения или [Базовая точка/Копировать/oТменить/выХод]:*Прервано*

Команда: *Прервано*

Команда: 
Команда: 
Команда: _chamfer 
(Режим С ОБРЕЗКОЙ) Параметры фаски: Длина1 = 0.0000, Длина2 = 0.0000
Выберите первый отрезок или [оТменить/полИлиния/Длина/Угол/оБрезка/Метод/Несколько]: 
Выберите второй отрезок или нажмите клавишу Shift при выборе, чтобы создать угол, или [Расстояние/Угол/Метод]: 
Команда: *Прервано*

Команда: 
Команда: *Прервано*

Команда: 
Команда: 
Команда: *Прервано*

Команда: 
Команда: 
Команда: 
Команда: _move найдено: 1

Базовая точка или [Смещение] <Смещение>: 
Вторая точка или <считать смещением первую точку>: 
Команда: Задайте противоположный угол или [Линия/РМн-угол/СМн-угол]: *Прервано*

Команда: 
Команда: *Прервано*

Команда: 
Команда: 
Команда: _line 
Первая точка: 
Следующая точка или [оТменить]: *Прервано*

Команда: 
Команда: 
Команда: _line 
Первая точка: 
Следующая точка или [оТменить]: *Прервано*

Команда: 
Команда: 
Команда: _line 
Первая точка: 
Следующая точка или [оТменить]: *Прервано*

Команда: 
Команда: 
Команда: _line 
Первая точка: 
Следующая точка или [оТменить]: *Прервано*

Команда: 
Команда: 
Команда: _line 
Первая точка: 
Следующая точка или [оТменить]: 1385

Следующая точка или [оТменить]: *Прервано*

Команда: 
Команда: 
Команда: 
Команда: _move найдено: 1

Базовая точка или [Смещение] <Смещение>: 
Вторая точка или <считать смещением первую точку>: 
Команда: 
Команда: 
Команда: 
Команда: _trim 
Текущие параметры: проекция = ПСК, кромка = Нет, режим = Быстрый
Выбрать режущие кромки...найдено: 1

Выберите обрезаемый или удлиняемый объект (плюс SHIFT) либо [реЖущие кромки/Секрамка/Режим/Проекция/уДалить]: 

Выберите обрезаемый или удлиняемый объект (плюс SHIFT) либо [реЖущие кромки/Секрамка/Режим/Проекция/уДалить/Отменить]: *Прервано*

Команда: 
Команда: 
Команда: 
Команда: _cutclip найдено: 1

Команда: 
Команда: *Прервано*

Команда: 
Команда: 
Команда: 
Команда: _chamfer 
(Режим С ОБРЕЗКОЙ) Параметры фаски: Длина1 = 0.0000, Длина2 = 0.0000
Выберите первый отрезок или [оТменить/полИлиния/Длина/Угол/оБрезка/Метод/Несколько]: 
Выберите второй отрезок или нажмите клавишу Shift при выборе, чтобы создать угол, или [Расстояние/Угол/Метод]: *Прервано*

Команда: 
Команда: 
Команда: 
Команда: _extend 
Текущие параметры: проекция = ПСК, кромка = Нет, режим = Быстрый
Выбрать кромки границы... найдено: 1

Выберите объект для удлинения или обрезки (SHIFT + выбор) либо
 [Кромки границы/Секрамка/РЕжим/Проекция]: 

Выберите объект для удлинения или обрезки (SHIFT + выбор) либо
 [Кромки границы/Секрамка/РЕжим/Проекция/Отменить]: *Прервано*

Команда: 
Команда: *Прервано*

Команда: 
Команда: *Прервано*

Команда: 
Команда: 
 
** РАСТЯГИВАНИЕ **
Точка растягивания или [Базовая точка/Копировать/ОТменить/выХод]: 
Команда: 
 
** РАСТЯГИВАНИЕ **
Точка растягивания или [Базовая точка/Копировать/ОТменить/выХод]: 
Команда: 
 
** РАСТЯГИВАНИЕ **
Точка растягивания или [Базовая точка/Копировать/ОТменить/выХод]: 
Команда: 
 
** РАСТЯГИВАНИЕ **
Точка растягивания или [Базовая точка/Копировать/ОТменить/выХод]: 
Команда: 
 
** РАСТЯГИВАНИЕ **
Точка растягивания или [Базовая точка/Копировать/ОТменить/выХод]: 
Команда: *Прервано*

Команда: 
Команда: *Прервано*

Команда: 
Команда: 
Команда: _line 
Первая точка: 
Следующая точка или [оТменить]: 1390

Следующая точка или [оТменить]: *Прервано*

Команда: 
Команда: 
Команда: 
Команда: _move найдено: 1

Базовая точка или [Смещение] <Смещение>: 
Вторая точка или <считать смещением первую точку>: 
Команда: 
Команда: 
Команда: 
Команда: _trim 
Текущие параметры: проекция = ПСК, кромка = Нет, режим = Быстрый
Выбрать режущие кромки...найдено: 1

Выберите обрезаемый или удлиняемый объект (плюс SHIFT) либо [реЖущие кромки/Секрамка/Режим/Проекция/уДалить]: 

Выберите обрезаемый или удлиняемый объект (плюс SHIFT) либо [реЖущие кромки/Секрамка/Режим/Проекция/уДалить/Отменить]: *Прервано*

Команда: 
Команда: 
Команда: 
Команда: _cutclip найдено: 1

Команда: 
Команда: 
Команда: 
Команда: _extend 
Текущие параметры: проекция = ПСК, кромка = Нет, режим = Быстрый
Выбрать кромки границы... найдено: 1

Выберите объект для удлинения или обрезки (SHIFT + выбор) либо
 [Кромки границы/Секрамка/РЕжим/Проекция]: 

Выберите объект для удлинения или обрезки (SHIFT + выбор) либо
 [Кромки границы/Секрамка/РЕжим/Проекция/Отменить]: *Прервано*

Команда: 
Команда: *Прервано*

Команда: 
Команда: 
 
** РАСТЯГИВАНИЕ **
Точка растягивания или [Базовая точка/Копировать/ОТменить/выХод]: 
Команда: 
 
** РАСТЯГИВАНИЕ **
Точка растягивания или [Базовая точка/Копировать/ОТменить/выХод]: 
Команда: 
 
** РАСТЯГИВАНИЕ **
Точка растягивания или [Базовая точка/Копировать/ОТменить/выХод]: 
Команда: 
 
** РАСТЯГИВАНИЕ **
Точка растягивания или [Базовая точка/Копировать/ОТменить/выХод]: 
Команда: *Прервано*

Команда: 
Команда: *Прервано*

Команда: 
Команда: 
 
** РАСТЯГИВАНИЕ **
Точка растягивания или [Базовая точка/Копировать/ОТменить/выХод]: 
Команда: 
 
** РАСТЯГИВАНИЕ **
Точка растягивания или [Базовая точка/Копировать/ОТменить/выХод]: 
Команда: 
 
** РАСТЯГИВАНИЕ **
Точка растягивания или [Базовая точка/Копировать/ОТменить/выХод]: 
Команда: *Прервано*

Команда: 
Команда: *Прервано*

Команда: 
Команда: *Прервано*

Команда: 
Команда: 
Команда: 
Команда: _trim 
Текущие параметры: проекция = ПСК, кромка = Нет, режим = Быстрый
Выбрать режущие кромки...найдено: 1

Выберите обрезаемый или удлиняемый объект (плюс SHIFT) либо [реЖущие кромки/Секрамка/Режим/Проекция/уДалить]: 

Выберите обрезаемый или удлиняемый объект (плюс SHIFT) либо [реЖущие кромки/Секрамка/Режим/Проекция/уДалить/Отменить]: *Прервано*

Команда: 
Команда: *Прервано*

Команда: 
Команда: *Прервано*

Команда: 
Команда: *Прервано*

Команда: 
Команда: *Прервано*

Команда: Задайте противоположный угол или [Линия/РМн-угол/СМн-угол]: *Прервано*

Команда: 
Команда: *Прервано*

Команда: 
Команда: 
Команда: 
Команда: _move найдено: 1

Базовая точка или [Смещение] <Смещение>: 
Вторая точка или <считать смещением первую точку>: 
Команда: *Прервано*

Команда: Задайте противоположный угол или [Линия/РМн-угол/СМн-угол]: 
Команда: Выполняется регенерация модели.
*Прервано*

Команда: 
Команда: *Прервано*

Команда: 
Команда: 
** РАСТЯНУТЬ **
Задайте точку для растяжения или [Базовая точка/Копировать/oТменить/выХод]:
Команда: 
** РАСТЯНУТЬ **
Задайте точку для растяжения или [Базовая точка/Копировать/oТменить/выХод]:
Команда: *Прервано*

Команда: 
Команда: *Прервано*

Команда: 
Команда: 
Команда: 
** РАСТЯНУТЬ **
Задайте точку для растяжения или [Базовая точка/Копировать/oТменить/выХод]:
Команда: *Прервано*

Команда: 
Команда: 
Команда: _line 
Первая точка: 
Следующая точка или [оТменить]: 
Следующая точка или [оТменить]: *Прервано*

Команда: 
Команда: 
Команда: 
Команда: _cutclip найдено: 1

Команда: 
Команда: 
Команда: 
Команда: _trim 
Текущие параметры: проекция = ПСК, кромка = Нет, режим = Быстрый
Выбрать режущие кромки...найдено: 1

Выберите обрезаемый или удлиняемый объект (плюс SHIFT) либо [реЖущие кромки/Секрамка/Режим/Проекция/уДалить]: 

Выберите обрезаемый или удлиняемый объект (плюс SHIFT) либо [реЖущие кромки/Секрамка/Режим/Проекция/уДалить/Отменить]: *Прервано*

Команда: 
Команда: 
Команда: 
Команда: _chamfer 
(Режим С ОБРЕЗКОЙ) Параметры фаски: Длина1 = 0.0000, Длина2 = 0.0000
Выберите первый отрезок или [оТменить/полИлиния/Длина/Угол/оБрезка/Метод/Несколько]: *Прервано*

Команда: 
Команда: 
Команда: 
Команда: _extend 
Текущие параметры: проекция = ПСК, кромка = Нет, режим = Быстрый
Выбрать кромки границы... найдено: 1

Выберите объект для удлинения или обрезки (SHIFT + выбор) либо
 [Кромки границы/Секрамка/РЕжим/Проекция]: 

Выберите объект для удлинения или обрезки (SHIFT + выбор) либо
 [Кромки границы/Секрамка/РЕжим/Проекция/Отменить]: *Прервано*

Команда: 
Команда: *Прервано*

Команда: 
Команда: *Прервано*

Команда: 
Команда: 
 
** РАСТЯГИВАНИЕ **
Точка растягивания или [Базовая точка/Копировать/ОТменить/выХод]: 
Команда: 
 
** РАСТЯГИВАНИЕ **
Точка растягивания или [Базовая точка/Копировать/ОТменить/выХод]: *Прервано*

Команда: 
 
** РАСТЯГИВАНИЕ **
Точка растягивания или [Базовая точка/Копировать/ОТменить/выХод]: 
Команда: 
 
** РАСТЯГИВАНИЕ **
Точка растягивания или [Базовая точка/Копировать/ОТменить/выХод]: 
Команда: 
 
** РАСТЯГИВАНИЕ **
Точка растягивания или [Базовая точка/Копировать/ОТменить/выХод]: 
Команда: *Прервано*

Команда: 
Команда: 
 
** РАСТЯГИВАНИЕ **
Точка растягивания или [Базовая точка/Копировать/ОТменить/выХод]: 
Команда: 
 
** РАСТЯГИВАНИЕ **
Точка растягивания или [Базовая точка/Копировать/ОТменить/выХод]: 
Команда: 
 
** РАСТЯГИВАНИЕ **
Точка растягивания или [Базовая точка/Копировать/ОТменить/выХод]: 
Команда: 
 
** РАСТЯГИВАНИЕ **
Точка растягивания или [Базовая точка/Копировать/ОТменить/выХод]: 
Команда: *Прервано*

Команда: 
Команда: 
Команда: _line 
Первая точка: 
Следующая точка или [оТменить]: 1600

Следующая точка или [оТменить]: *Прервано*

Команда: 
Команда: 
Команда: 
Команда: _move найдено: 1

Базовая точка или [Смещение] <Смещение>:  <Шаг откл> 
Вторая точка или <считать смещением первую точку>:  <Шаг вкл> 
Команда: 
Команда: 
Команда: 
Команда: _trim 
Текущие параметры: проекция = ПСК, кромка = Нет, режим = Быстрый
Выбрать режущие кромки...найдено: 1

Выберите обрезаемый или удлиняемый объект (плюс SHIFT) либо [реЖущие кромки/Секрамка/Режим/Проекция/уДалить]: 

Выберите обрезаемый или удлиняемый объект (плюс SHIFT) либо [реЖущие кромки/Секрамка/Режим/Проекция/уДалить/Отменить]: *Прервано*

Команда: 
Команда: 
Команда: 
Команда: _extend 
Текущие параметры: проекция = ПСК, кромка = Нет, режим = Быстрый
Выбрать кромки границы... найдено: 1

Выберите объект для удлинения или обрезки (SHIFT + выбор) либо
 [Кромки границы/Секрамка/РЕжим/Проекция]: 

Выберите объект для удлинения или обрезки (SHIFT + выбор) либо
 [Кромки границы/Секрамка/РЕжим/Проекция/Отменить]: *Прервано*

Команда: 
Команда: *Прервано*

Команда: 
Команда: 
Команда: 
Команда: _cutclip найдено: 1

Команда: 
Команда: 
Команда: _line 
Первая точка: 
Следующая точка или [оТменить]: *Прервано*

Команда: 
Команда: 
Команда: _line 
Первая точка: 
Следующая точка или [оТменить]: *Прервано*

Команда: 
Команда: 
Команда: _line 
Первая точка: 
Следующая точка или [оТменить]: *Прервано*

Команда: 
Команда: 
Команда: _line 
Первая точка: 
Следующая точка или [оТменить]: *Прервано*

Команда: 
Команда: 
Команда: _line 
Первая точка: 
Следующая точка или [оТменить]: *Прервано*

Команда: 
Команда: 
Команда: _line 
Первая точка: 
Следующая точка или [оТменить]: 5795

Следующая точка или [оТменить]: 
Следующая точка или [Замкнуть/Отменить]: *Прервано*

Команда: 
Команда: 
Команда: 
Команда: _copy найдено: 1

Текущая настройка:  Режим копирования  = Несколько
Базовая точка или [Смещение/реЖим] <Смещение>: 
Вторая точка или [Массив] <использовать для смещения первую точку>: 
Укажите вторую точку или [Массив/Выход/Отменить] <Выход>: 
Укажите вторую точку или [Массив/Выход/Отменить] <Выход>: 
Укажите вторую точку или [Массив/Выход/Отменить] <Выход>: *Прервано*

Команда: 
Команда: 
Команда: 
Команда: _line 
Первая точка: 
Следующая точка или [оТменить]: 
Следующая точка или [оТменить]: *Прервано*

Команда: 
Команда: 
Команда: 
Команда: _line 
Первая точка: 
Следующая точка или [оТменить]: 
Следующая точка или [оТменить]: *Прервано*

Команда: 
Команда: 
Команда: 
Команда: _move найдено: 1

Базовая точка или [Смещение] <Смещение>: 
Вторая точка или <считать смещением первую точку>: 
Команда: *Прервано*

Команда: 
Команда: 
Команда: 
Команда: _cutclip найдено: 2

Команда: 
Команда: 
Команда: 
Команда: _cutclip найдено: 1

Команда: 
Команда: 
Команда: 
Команда: _cutclip найдено: 1

Команда: 
Команда: 
Команда: 
Команда: _cutclip найдено: 1

Команда: 
Команда: 
Команда: _move 
Выберите объекты: *Прервано*

Команда: 
Команда: 
Команда: 
Команда: _move найдено: 1

Базовая точка или [Смещение] <Смещение>: 
Вторая точка или <считать смещением первую точку>: 
Команда: *Прервано*

Команда: 
Команда: 
Команда: 
Команда: _move найдено: 1

Базовая точка или [Смещение] <Смещение>: 
Вторая точка или <считать смещением первую точку>: 
Команда: *Прервано*

Команда: Задайте противоположный угол или [Линия/РМн-угол/СМн-угол]: 
Команда: 
Команда: 
Команда: _cutclip найдено: 1

Команда: Задайте противоположный угол или [Линия/РМн-угол/СМн-угол]: 
Команда: 
Команда: 
Команда: _cutclip найдено: 1

Команда: Задайте противоположный угол или [Линия/РМн-угол/СМн-угол]: 
Команда: 
Команда: 
Команда: _cutclip 
Выберите объекты: *Прервано*

Команда: 
Команда: *Прервано*

Команда: 
Команда: *Прервано*

Команда: 
Команда: 
Команда: _line 
Первая точка: 
Следующая точка или [оТменить]: 1600

Следующая точка или [оТменить]: *Прервано*

Команда: 
Команда: 
Команда: 
Команда: _copy найдено: 1

Текущая настройка:  Режим копирования  = Несколько
Базовая точка или [Смещение/реЖим] <Смещение>: 
Вторая точка или [Массив] <использовать для смещения первую точку>: 
Укажите вторую точку или [Массив/Выход/Отменить] <Выход>: 
Укажите вторую точку или [Массив/Выход/Отменить] <Выход>: *Прервано*

Команда: 
Команда: 
Команда: 
Команда: _cutclip найдено: 1

Команда: 
Команда: 
Команда: 
Команда: _cutclip найдено: 1

Команда: 
Команда: 
Команда: 
Команда: _cutclip найдено: 1

Команда: Задайте противоположный угол или [Линия/РМн-угол/СМн-угол]: 
Команда: 
Команда: 
Команда: _cutclip найдено: 2

Команда: Задайте противоположный угол или [Линия/РМн-угол/СМн-угол]: 
Команда: 
Команда: 
Команда: _cutclip найдено: 7

Команда: 
Команда: 
Команда: _line 
Первая точка: 
Следующая точка или [оТменить]: 
Следующая точка или [оТменить]: *Прервано*

Команда: 
Команда: *Прервано*

Команда: 
Команда: *Прервано*

Команда: Задайте противоположный угол или [Линия/РМн-угол/СМн-угол]: 
Команда: 
Команда: 
Команда: _copy найдено: 2

Текущая настройка:  Режим копирования  = Несколько
Базовая точка или [Смещение/реЖим] <Смещение>: 
Вторая точка или [Массив] <использовать для смещения первую точку>: 
Укажите вторую точку или [Массив/Выход/Отменить] <Выход>: 
Укажите вторую точку или [Массив/Выход/Отменить] <Выход>: 
Укажите вторую точку или [Массив/Выход/Отменить] <Выход>: 
Укажите вторую точку или [Массив/Выход/Отменить] <Выход>: 
Укажите вторую точку или [Массив/Выход/Отменить] <Выход>: 
Укажите вторую точку или [Массив/Выход/Отменить] <Выход>: 
Укажите вторую точку или [Массив/Выход/Отменить] <Выход>: 
Укажите вторую точку или [Массив/Выход/Отменить] <Выход>: 
Укажите вторую точку или [Массив/Выход/Отменить] <Выход>: *Прервано*

Команда: Задайте противоположный угол или [Линия/РМн-угол/СМн-угол]: 
Команда: 
Команда: 
Команда: _copy найдено: 2

Текущая настройка:  Режим копирования  = Несколько
Базовая точка или [Смещение/реЖим] <Смещение>: 
Вторая точка или [Массив] <использовать для смещения первую точку>: 
Укажите вторую точку или [Массив/Выход/Отменить] <Выход>: *Прервано*

Команда: Задайте противоположный угол или [Линия/РМн-угол/СМн-угол]: 
Команда: 
Команда: 
Команда: _cutclip найдено: 1

Команда: 
Команда: 
Команда: 
Команда: 
Команда: 
Команда: 
Команда: 
Команда: 
Команда: 
Команда: 
Команда: Задайте противоположный угол или [Линия/РМн-угол/СМн-угол]: *Прервано*

Команда: 
Команда: _cutclip найдено: 10

Команда: 
Команда: 
Команда: 
Команда: _cutclip найдено: 1

Команда: 
Команда: 
Команда: _chamfer 
(Режим С ОБРЕЗКОЙ) Параметры фаски: Длина1 = 0.0000, Длина2 = 0.0000
Выберите первый отрезок или [оТменить/полИлиния/Длина/Угол/оБрезка/Метод/Несколько]: 
Выберите второй отрезок или нажмите клавишу Shift при выборе, чтобы создать угол, или [Расстояние/Угол/Метод]: 
Команда:  ФАСКА

(Режим С ОБРЕЗКОЙ) Параметры фаски: Длина1 = 0.0000, Длина2 = 0.0000
Выберите первый отрезок или [оТменить/полИлиния/Длина/Угол/оБрезка/Метод/Несколько]: 
Выберите второй отрезок или нажмите клавишу Shift при выборе, чтобы создать угол, или [Расстояние/Угол/Метод]: 
Команда: *Прервано*

Команда: 
Команда: 
Команда: 
Команда: 
Команда: _extend 
Текущие параметры: проекция = ПСК, кромка = Нет, режим = Быстрый
Выбрать кромки границы... найдено: 2

Выберите объект для удлинения или обрезки (SHIFT + выбор) либо
 [Кромки границы/Секрамка/РЕжим/Проекция]: 

Выберите объект для удлинения или обрезки (SHIFT + выбор) либо
 [Кромки границы/Секрамка/РЕжим/Проекция/Отменить]: 

Выберите объект для удлинения или обрезки (SHIFT + выбор) либо
 [Кромки границы/Секрамка/РЕжим/Проекция/Отменить]: 

Выберите объект для удлинения или обрезки (SHIFT + выбор) либо
 [Кромки границы/Секрамка/РЕжим/Проекция/Отменить]: 

Выберите объект для удлинения или обрезки (SHIFT + выбор) либо
 [Кромки границы/Секрамка/РЕжим/Проекция/Отменить]: 

Выберите объект для удлинения или обрезки (SHIFT + выбор) либо
 [Кромки границы/Секрамка/РЕжим/Проекция/Отменить]: 

Выберите объект для удлинения или обрезки (SHIFT + выбор) либо
 [Кромки границы/Секрамка/РЕжим/Проекция/Отменить]: 

Выберите объект для удлинения или обрезки (SHIFT + выбор) либо
 [Кромки границы/Секрамка/РЕжим/Проекция/Отменить]: 

Выберите объект для удлинения или обрезки (SHIFT + выбор) либо
 [Кромки границы/Секрамка/РЕжим/Проекция/Отменить]: 

Выберите объект для удлинения или обрезки (SHIFT + выбор) либо
 [Кромки границы/Секрамка/РЕжим/Проекция/Отменить]: 

Выберите объект для удлинения или обрезки (SHIFT + выбор) либо
 [Кромки границы/Секрамка/РЕжим/Проекция/Отменить]: 

Выберите объект для удлинения или обрезки (SHIFT + выбор) либо
 [Кромки границы/Секрамка/РЕжим/Проекция/Отменить]: 

Выберите объект для удлинения или обрезки (SHIFT + выбор) либо
 [Кромки границы/Секрамка/РЕжим/Проекция/Отменить]: 

Выберите объект для удлинения или обрезки (SHIFT + выбор) либо
 [Кромки границы/Секрамка/РЕжим/Проекция/Отменить]: 
Выберите объект для удлинения или обрезки (SHIFT + выбор) либо
 [Кромки границы/Секрамка/РЕжим/Проекция/Отменить]: 
Укажите следующую точку линии выбора или [Отменить]: 
Укажите следующую точку линии выбора или [Отменить]: 
Укажите следующую точку линии выбора или [Отменить]: 
Укажите следующую точку линии выбора или [Отменить]: 

Выберите объект для удлинения или обрезки (SHIFT + выбор) либо
 [Кромки границы/Секрамка/РЕжим/Проекция/Отменить]: 
Выберите объект для удлинения или обрезки (SHIFT + выбор) либо
 [Кромки границы/Секрамка/РЕжим/Проекция/Отменить]: 
Укажите следующую точку линии выбора или [Отменить]: 
Укажите следующую точку линии выбора или [Отменить]: 
Укажите следующую точку линии выбора или [Отменить]: 
Укажите следующую точку линии выбора или [Отменить]: 

Траектория не пересекается с ограничивающей кромкой.
Выберите объект для удлинения или обрезки (SHIFT + выбор) либо
 [Кромки границы/Секрамка/РЕжим/Проекция/Отменить]: *Прервано*

Команда: 
Команда: *Прервано*

Команда: 
Команда: 
Команда: 
Команда: 
Команда: 
Команда: 
 
** РАСТЯГИВАНИЕ **
Точка растягивания или [Базовая точка/Копировать/ОТменить/выХод]: 
Команда: 
 
** РАСТЯГИВАНИЕ **
Точка растягивания или [Базовая точка/Копировать/ОТменить/выХод]: 
Команда: Задайте противоположный угол или [Линия/РМн-угол/СМн-угол]: *Прервано*

Команда: 
 
** РАСТЯГИВАНИЕ **
Точка растягивания или [Базовая точка/Копировать/ОТменить/выХод]: 
Команда: 
 
** РАСТЯГИВАНИЕ **
Точка растягивания или [Базовая точка/Копировать/ОТменить/выХод]: 
Команда: 
 
** РАСТЯГИВАНИЕ **
Точка растягивания или [Базовая точка/Копировать/ОТменить/выХод]: 
Команда: 
 
** РАСТЯГИВАНИЕ **
Точка растягивания или [Базовая точка/Копировать/ОТменить/выХод]: 
Команда: _u Редактирование с помощью ручек 
Команда: 
Команда: 
 
** РАСТЯГИВАНИЕ **
Точка растягивания или [Базовая точка/Копировать/ОТменить/выХод]: 
Команда: 
 
** РАСТЯГИВАНИЕ **
Точка растягивания или [Базовая точка/Копировать/ОТменить/выХод]: 
Команда: 
 
** РАСТЯГИВАНИЕ **
Точка растягивания или [Базовая точка/Копировать/ОТменить/выХод]: 
Команда: 
 
** РАСТЯГИВАНИЕ **
Точка растягивания или [Базовая точка/Копировать/ОТменить/выХод]: 
Команда: *Прервано*

Команда: 
Команда: *Прервано*

Команда: 
Команда: 
Команда: 
 
** РАСТЯГИВАНИЕ **
Точка растягивания или [Базовая точка/Копировать/ОТменить/выХод]: 
Команда: 
Команда: 
 
** РАСТЯГИВАНИЕ **
Точка растягивания или [Базовая точка/Копировать/ОТменить/выХод]: 
Команда: 
 
** РАСТЯГИВАНИЕ **
Точка растягивания или [Базовая точка/Копировать/ОТменить/выХод]: 
Команда: 
 
** РАСТЯГИВАНИЕ **
Точка растягивания или [Базовая точка/Копировать/ОТменить/выХод]: 
Команда: *Прервано*

Команда: 
Команда: 
 
** РАСТЯГИВАНИЕ **
Точка растягивания или [Базовая точка/Копировать/ОТменить/выХод]: 
Команда: 
 
** РАСТЯГИВАНИЕ **
Точка растягивания или [Базовая точка/Копировать/ОТменить/выХод]: 
Команда: 
 
** РАСТЯГИВАНИЕ **
Точка растягивания или [Базовая точка/Копировать/ОТменить/выХод]: 
Команда: 
 
** РАСТЯГИВАНИЕ **
Точка растягивания или [Базовая точка/Копировать/ОТменить/выХод]: 
Команда: *Прервано*

Команда: 
Команда: 
 
** РАСТЯГИВАНИЕ **
Точка растягивания или [Базовая точка/Копировать/ОТменить/выХод]: 
Команда: 
 
** РАСТЯГИВАНИЕ **
Точка растягивания или [Базовая точка/Копировать/ОТменить/выХод]: 
Команда: _u Редактирование с помощью ручек 
Команда: 
Команда: 
 
** РАСТЯГИВАНИЕ **
Точка растягивания или [Базовая точка/Копировать/ОТменить/выХод]: 
Команда: 
 
** РАСТЯГИВАНИЕ **
Точка растягивания или [Базовая точка/Копировать/ОТменить/выХод]: 
Команда: 
 
** РАСТЯГИВАНИЕ **
Точка растягивания или [Базовая точка/Копировать/ОТменить/выХод]: 
Команда: 
 
** РАСТЯГИВАНИЕ **
Точка растягивания или [Базовая точка/Копировать/ОТменить/выХод]: 
Команда: Задайте противоположный угол или [Линия/РМн-угол/СМн-угол]: 
Команда: 
 
** РАСТЯГИВАНИЕ **
Точка растягивания или [Базовая точка/Копировать/ОТменить/выХод]: 
Команда: 
 
** РАСТЯГИВАНИЕ **
Точка растягивания или [Базовая точка/Копировать/ОТменить/выХод]: 
Команда: 
Команда: 
 
** РАСТЯГИВАНИЕ **
Точка растягивания или [Базовая точка/Копировать/ОТменить/выХод]: 
Команда: *Прервано*

Команда: 
Команда: 
Команда: *Прервано*

Команда: 
Команда: *Прервано*

Команда: 
Команда: 
 
** РАСТЯГИВАНИЕ **
Точка растягивания или [Базовая точка/Копировать/ОТменить/выХод]: 
Команда: 
 
** РАСТЯГИВАНИЕ **
Точка растягивания или [Базовая точка/Копировать/ОТменить/выХод]: 
Команда: 
 
** РАСТЯГИВАНИЕ **
Точка растягивания или [Базовая точка/Копировать/ОТменить/выХод]: 
Команда: 
 
** РАСТЯГИВАНИЕ **
Точка растягивания или [Базовая точка/Копировать/ОТменить/выХод]: 
Команда: *Прервано*

Команда: Задайте противоположный угол или [Линия/РМн-угол/СМн-угол]: *Прервано*

Команда: 
Команда: *Прервано*

Команда: 
Команда: 
Команда: _line 
Первая точка: 
Следующая точка или [оТменить]: *Прервано*

Команда: 
Команда: 
Команда: _line 
Первая точка: 
Следующая точка или [оТменить]: *Прервано*

Команда: 
Команда: 
Команда: _line 
Первая точка: 
Следующая точка или [оТменить]: *Прервано*

Команда: 
Команда: 
Команда: _line 
Первая точка: 
Следующая точка или [оТменить]: *Прервано*

Команда: 
Команда: *Прервано*

Команда: 
Команда: 
 
** РАСТЯГИВАНИЕ **
Точка растягивания или [Базовая точка/Копировать/ОТменить/выХод]: 
Команда: 
 
** РАСТЯГИВАНИЕ **
Точка растягивания или [Базовая точка/Копировать/ОТменить/выХод]: 
Команда: 
 
** РАСТЯГИВАНИЕ **
Точка растягивания или [Базовая точка/Копировать/ОТменить/выХод]: 
Команда: Задайте противоположный угол или [Линия/РМн-угол/СМн-угол]: *Прервано*

Команда: 
 
** РАСТЯГИВАНИЕ **
Точка растягивания или [Базовая точка/Копировать/ОТменить/выХод]: 
Команда: *Прервано*

Команда: 
Команда: 
Команда: _line 
Первая точка: 
Следующая точка или [оТменить]: 
Следующая точка или [оТменить]: *Прервано*

Команда: 
Команда: 
 
** РАСТЯГИВАНИЕ **
Точка растягивания или [Базовая точка/Копировать/ОТменить/выХод]: 
Команда: 
 
** РАСТЯГИВАНИЕ **
Точка растягивания или [Базовая точка/Копировать/ОТменить/выХод]: 
Команда: *Прервано*

Команда: 
Команда: 
Команда: 
Команда: _cutclip найдено: 1

Команда: 
Команда: *Прервано*

Команда: Задайте противоположный угол или [Линия/РМн-угол/СМн-угол]: 
Команда: 
 
** РАСТЯГИВАНИЕ **
Точка растягивания или [Базовая точка/Копировать/ОТменить/выХод]: 
Команда: 
 
** РАСТЯГИВАНИЕ **
Точка растягивания или [Базовая точка/Копировать/ОТменить/выХод]: 
Команда: 
 
** РАСТЯГИВАНИЕ **
Точка растягивания или [Базовая точка/Копировать/ОТменить/выХод]: 
Команда: 
 
** РАСТЯГИВАНИЕ **
Точка растягивания или [Базовая точка/Копировать/ОТменить/выХод]: 
Команда: 
 
** РАСТЯГИВАНИЕ **
Точка растягивания или [Базовая точка/Копировать/ОТменить/выХод]: 
Команда: 
 
** РАСТЯГИВАНИЕ **
Точка растягивания или [Базовая точка/Копировать/ОТменить/выХод]: 
Команда: *Прервано*

Команда: 
Команда: *Прервано*

Команда: 
Команда: 
 
** РАСТЯГИВАНИЕ **
Точка растягивания или [Базовая точка/Копировать/ОТменить/выХод]: 
Команда: 
 
** РАСТЯГИВАНИЕ **
Точка растягивания или [Базовая точка/Копировать/ОТменить/выХод]: 
Команда: 
 
** РАСТЯГИВАНИЕ **
Точка растягивания или [Базовая точка/Копировать/ОТменить/выХод]: 
Команда: 
 
** РАСТЯГИВАНИЕ **
Точка растягивания или [Базовая точка/Копировать/ОТменить/выХод]: 
Команда: 
 
** РАСТЯГИВАНИЕ **
Точка растягивания или [Базовая точка/Копировать/ОТменить/выХод]: 
Команда: 
 
** РАСТЯГИВАНИЕ **
Точка растягивания или [Базовая точка/Копировать/ОТменить/выХод]: 
Команда: 
 
** РАСТЯГИВАНИЕ **
Точка растягивания или [Базовая точка/Копировать/ОТменить/выХод]: 
Команда: 
 
** РАСТЯГИВАНИЕ **
Точка растягивания или [Базовая точка/Копировать/ОТменить/выХод]: 
Команда: 
Команда: *Прервано*

Команда: 
Команда: 
 
** РАСТЯГИВАНИЕ **
Точка растягивания или [Базовая точка/Копировать/ОТменить/выХод]: 
Команда: 
Команда: *Прервано*

Команда: Задайте противоположный угол или [Линия/РМн-угол/СМн-угол]: *Прервано*

Команда: 
Команда: 
Команда: 
 
** РАСТЯГИВАНИЕ **
Точка растягивания или [Базовая точка/Копировать/ОТменить/выХод]: 
Команда: *Прервано*

Команда: Задайте противоположный угол или [Линия/РМн-угол/СМн-угол]: 
Команда: *Прервано*

Команда: 
Команда: 
Команда: 
Команда: _extend 
Текущие параметры: проекция = ПСК, кромка = Нет, режим = Быстрый
Выбрать кромки границы... найдено: 1

Выберите объект для удлинения или обрезки (SHIFT + выбор) либо
 [Кромки границы/Секрамка/РЕжим/Проекция]: 
Выберите объект для удлинения или обрезки (SHIFT + выбор) либо
 [Кромки границы/Секрамка/РЕжим/Проекция/Отменить]: 
Укажите следующую точку линии выбора или [Отменить]: 
Укажите следующую точку линии выбора или [Отменить]: 
Укажите следующую точку линии выбора или [Отменить]: 
Укажите следующую точку линии выбора или [Отменить]: 

Выберите объект для удлинения или обрезки (SHIFT + выбор) либо
 [Кромки границы/Секрамка/РЕжим/Проекция/Отменить]: 

Выберите объект для удлинения или обрезки (SHIFT + выбор) либо
 [Кромки границы/Секрамка/РЕжим/Проекция/Отменить]: *Прервано*

Команда: 
Команда: 
 
** РАСТЯГИВАНИЕ **
Точка растягивания или [Базовая точка/Копировать/ОТменить/выХод]: 
Команда: 
 
** РАСТЯГИВАНИЕ **
Точка растягивания или [Базовая точка/Копировать/ОТменить/выХод]: 
Команда: *Прервано*

Команда: Задайте противоположный угол или [Линия/РМн-угол/СМн-угол]: 
Команда: *Прервано*

Команда: Задайте противоположный угол или [Линия/РМн-угол/СМн-угол]: 
Команда: *Прервано*

Команда: 
Команда: *Прервано*

Команда: 
Команда: 
 
** РАСТЯГИВАНИЕ **
Точка растягивания или [Базовая точка/Копировать/ОТменить/выХод]: 
Команда: 
 
** РАСТЯГИВАНИЕ **
Точка растягивания или [Базовая точка/Копировать/ОТменить/выХод]: 
Команда: 
 
** РАСТЯГИВАНИЕ **
Точка растягивания или [Базовая точка/Копировать/ОТменить/выХод]: 
Команда: *Прервано*

Команда:  <Привязка откл> 
Команда: 
Команда: 
 
** РАСТЯГИВАНИЕ **
Точка растягивания или [Базовая точка/Копировать/ОТменить/выХод]: 
Команда: 
 
** РАСТЯГИВАНИЕ **
Точка растягивания или [Базовая точка/Копировать/ОТменить/выХод]: 
Команда: 
 
** РАСТЯГИВАНИЕ **
Точка растягивания или [Базовая точка/Копировать/ОТменить/выХод]: 
Команда: 
 
** РАСТЯГИВАНИЕ **
Точка растягивания или [Базовая точка/Копировать/ОТменить/выХод]: 
Команда: *Прервано*

Команда:  <Привязка вкл> 
Команда: 
Команда: *Прервано*

Команда: 
Команда: 
 
** РАСТЯГИВАНИЕ **
Точка растягивания или [Базовая точка/Копировать/ОТменить/выХод]: 
Команда: 
 
** РАСТЯГИВАНИЕ **
Точка растягивания или [Базовая точка/Копировать/ОТменить/выХод]: 
Команда: 
 
** РАСТЯГИВАНИЕ **
Точка растягивания или [Базовая точка/Копировать/ОТменить/выХод]: 
Команда: 
 
** РАСТЯГИВАНИЕ **
Точка растягивания или [Базовая точка/Копировать/ОТменить/выХод]: 
Команда: *Прервано*

Команда: Задайте противоположный угол или [Линия/РМн-угол/СМн-угол]: 
Команда: 
 
** РАСТЯГИВАНИЕ **
Точка растягивания или [Базовая точка/Копировать/ОТменить/выХод]: 
Команда: 
 
** РАСТЯГИВАНИЕ **
Точка растягивания или [Базовая точка/Копировать/ОТменить/выХод]: 
Команда: 
 
** РАСТЯГИВАНИЕ **
Точка растягивания или [Базовая точка/Копировать/ОТменить/выХод]: 
Команда: *Прервано*

Команда: 
Команда: 
 
** РАСТЯГИВАНИЕ **
Точка растягивания или [Базовая точка/Копировать/ОТменить/выХод]: 
Команда: 
 
** РАСТЯГИВАНИЕ **
Точка растягивания или [Базовая точка/Копировать/ОТменить/выХод]: 
Команда: 
Команда: *Прервано*

Команда: 
Команда: 
 
** РАСТЯГИВАНИЕ **
Точка растягивания или [Базовая точка/Копировать/ОТменить/выХод]: 
Команда: *Прервано*

Команда: Задайте противоположный угол или [Линия/РМн-угол/СМн-угол]: *Прервано*

Команда: 
Команда: 
Команда: Задайте противоположный угол или [Линия/РМн-угол/СМн-угол]: 
Команда: 
Команда: 
Команда: 
Команда: 
Команда: Задайте противоположный угол или [Линия/РМн-угол/СМн-угол]: 
Команда: Задайте противоположный угол или [Линия/РМн-угол/СМн-угол]: 
Команда: 
Команда: 
Команда: _move найдено: 12

Базовая точка или [Смещение] <Смещение>: *Прервано*

Команда: Задайте противоположный угол или [Линия/РМн-угол/СМн-угол]: 
Команда: 
Команда: Задайте противоположный угол или [Линия/РМн-угол/СМн-угол]: 
Команда: 
Команда: Задайте противоположный угол или [Линия/РМн-угол/СМн-угол]: 
Команда: Задайте противоположный угол или [Линия/РМн-угол/СМн-угол]: 
Команда: 
 
** РАСТЯГИВАНИЕ **
Точка растягивания или [Базовая точка/Копировать/ОТменить/выХод]: 
Команда: 
 
** РАСТЯГИВАНИЕ **
Точка растягивания или [Базовая точка/Копировать/ОТменить/выХод]: 
Команда: 
 
** РАСТЯГИВАНИЕ **
Точка растягивания или [Базовая точка/Копировать/ОТменить/выХод]: 
Команда: 
 
** РАСТЯГИВАНИЕ **
Точка растягивания или [Базовая точка/Копировать/ОТменить/выХод]: 
Команда: 
 
** РАСТЯГИВАНИЕ **
Точка растягивания или [Базовая точка/Копировать/ОТменить/выХод]: 
Команда: 
 
** РАСТЯГИВАНИЕ **
Точка растягивания или [Базовая точка/Копировать/ОТменить/выХод]: 
Команда: 
 
** РАСТЯГИВАНИЕ **
Точка растягивания или [Базовая точка/Копировать/ОТменить/выХод]: 
Команда: 
 
** РАСТЯГИВАНИЕ **
Точка растягивания или [Базовая точка/Копировать/ОТменить/выХод]: 
Команда: 
 
** РАСТЯГИВАНИЕ **
Точка растягивания или [Базовая точка/Копировать/ОТменить/выХод]: 
Команда: 
 
** РАСТЯГИВАНИЕ **
Точка растягивания или [Базовая точка/Копировать/ОТменить/выХод]: 
Команда: 
 
** РАСТЯГИВАНИЕ **
Точка растягивания или [Базовая точка/Копировать/ОТменить/выХод]: 
Команда: 
 
** РАСТЯГИВАНИЕ **
Точка растягивания или [Базовая точка/Копировать/ОТменить/выХод]: 
Команда: 
 
** РАСТЯГИВАНИЕ **
Точка растягивания или [Базовая точка/Копировать/ОТменить/выХод]: 
Команда: 
 
** РАСТЯГИВАНИЕ **
Точка растягивания или [Базовая точка/Копировать/ОТменить/выХод]: 
Команда: 
 
** РАСТЯГИВАНИЕ **
Точка растягивания или [Базовая точка/Копировать/ОТменить/выХод]: 
Команда: 
 
** РАСТЯГИВАНИЕ **
Точка растягивания или [Базовая точка/Копировать/ОТменить/выХод]: 
Команда: 
 
** РАСТЯГИВАНИЕ **
Точка растягивания или [Базовая точка/Копировать/ОТменить/выХод]: 
Команда: 
 
** РАСТЯГИВАНИЕ **
Точка растягивания или [Базовая точка/Копировать/ОТменить/выХод]: 
Команда: 
 
** РАСТЯГИВАНИЕ **
Точка растягивания или [Базовая точка/Копировать/ОТменить/выХод]: 
Команда: 
 
** РАСТЯГИВАНИЕ **
Точка растягивания или [Базовая точка/Копировать/ОТменить/выХод]: 
Команда: 
 
** РАСТЯГИВАНИЕ **
Точка растягивания или [Базовая точка/Копировать/ОТменить/выХод]: 
Команда: 
 
** РАСТЯГИВАНИЕ **
Точка растягивания или [Базовая точка/Копировать/ОТменить/выХод]: 
Команда: 
 
** РАСТЯГИВАНИЕ **
Точка растягивания или [Базовая точка/Копировать/ОТменить/выХод]: 
Команда: 
 
** РАСТЯГИВАНИЕ **
Точка растягивания или [Базовая точка/Копировать/ОТменить/выХод]: 
Команда: 
 
** РАСТЯГИВАНИЕ **
Точка растягивания или [Базовая точка/Копировать/ОТменить/выХод]: 
Команда: 
 
** РАСТЯГИВАНИЕ **
Точка растягивания или [Базовая точка/Копировать/ОТменить/выХод]: 
Команда: 
 
** РАСТЯГИВАНИЕ **
Точка растягивания или [Базовая точка/Копировать/ОТменить/выХод]: 
Команда: *Прервано*

Команда: 
Команда: 
 
** РАСТЯГИВАНИЕ **
Точка растягивания или [Базовая точка/Копировать/ОТменить/выХод]: 
Команда: 
 
** РАСТЯГИВАНИЕ **
Точка растягивания или [Базовая точка/Копировать/ОТменить/выХод]: 
Команда: *Прервано*

Команда: 
Команда: *Прервано*

Команда: Задайте противоположный угол или [Линия/РМн-угол/СМн-угол]: 
Команда: *Прервано*

Команда: Задайте противоположный угол или [Линия/РМн-угол/СМн-угол]: 
Команда: *Прервано*

Команда: 
Команда: *Прервано*

Команда: 
Команда: *Прервано*

Команда: 
Команда: 
 
** РАСТЯГИВАНИЕ **
Точка растягивания или [Базовая точка/Копировать/ОТменить/выХод]: 
Команда: 
 
** РАСТЯГИВАНИЕ **
Точка растягивания или [Базовая точка/Копировать/ОТменить/выХод]: 
Команда: 
 
** РАСТЯГИВАНИЕ **
Точка растягивания или [Базовая точка/Копировать/ОТменить/выХод]: 
Команда: 
 
** РАСТЯГИВАНИЕ **
Точка растягивания или [Базовая точка/Копировать/ОТменить/выХод]: 
Команда: *Прервано*

Команда: Задайте противоположный угол или [Линия/РМн-угол/СМн-угол]: 
Команда: 
 
** РАСТЯГИВАНИЕ **
Точка растягивания или [Базовая точка/Копировать/ОТменить/выХод]: 
Команда: 
 
** РАСТЯГИВАНИЕ **
Точка растягивания или [Базовая точка/Копировать/ОТменить/выХод]: 
Команда: *Прервано*

Команда: 
Команда: 
 
** РАСТЯГИВАНИЕ **
Точка растягивания или [Базовая точка/Копировать/ОТменить/выХод]: 
Команда: Задайте противоположный угол или [Линия/РМн-угол/СМн-угол]: *Прервано*

Команда: 
 
** РАСТЯГИВАНИЕ **
Точка растягивания или [Базовая точка/Копировать/ОТменить/выХод]: 
Команда: 
 
** РАСТЯГИВАНИЕ **
Точка растягивания или [Базовая точка/Копировать/ОТменить/выХод]: 
Команда: 
 
** РАСТЯГИВАНИЕ **
Точка растягивания или [Базовая точка/Копировать/ОТменить/выХод]: 
Команда: 
 
** РАСТЯГИВАНИЕ **
Точка растягивания или [Базовая точка/Копировать/ОТменить/выХод]: 
Команда: 
 
** РАСТЯГИВАНИЕ **
Точка растягивания или [Базовая точка/Копировать/ОТменить/выХод]: 
Команда: *Прервано*

Команда: 
Команда: *Прервано*

Команда: 
Команда: *Прервано*

Команда: 
Команда: 
 
** РАСТЯГИВАНИЕ **
Точка растягивания или [Базовая точка/Копировать/ОТменить/выХод]: 
Команда: 
 
** РАСТЯГИВАНИЕ **
Точка растягивания или [Базовая точка/Копировать/ОТменить/выХод]: 
Команда: *Прервано*

Команда: 
Команда: 
 
** РАСТЯГИВАНИЕ **
Точка растягивания или [Базовая точка/Копировать/ОТменить/выХод]: 
Команда: 
 
** РАСТЯГИВАНИЕ **
Точка растягивания или [Базовая точка/Копировать/ОТменить/выХод]: 
Команда: 
 
** РАСТЯГИВАНИЕ **
Точка растягивания или [Базовая точка/Копировать/ОТменить/выХод]: 
Команда: *Прервано*

Команда: Задайте противоположный угол или [Линия/РМн-угол/СМн-угол]: 
Команда: *Прервано*

Команда: 
Команда: 
Команда: _line 
Первая точка: 
Следующая точка или [оТменить]: 
Следующая точка или [оТменить]: *Прервано*

Команда: 
Команда: Задайте противоположный угол или [Линия/РМн-угол/СМн-угол]: 
Команда: 
Команда: 
Команда: _move найдено: 10

Базовая точка или [Смещение] <Смещение>: 
Вторая точка или <считать смещением первую точку>: 
Команда: *Прервано*

Команда: 
Команда: 
Команда: _line 
Первая точка: 
Следующая точка или [оТменить]: 
Следующая точка или [оТменить]: *Прервано*

Команда: 
Команда: 
Команда: *Прервано*

Команда: 
Команда: 
Команда: 
Команда: 
Команда: _cutclip найдено: 2

Команда: 
Команда: 
Команда: _line 
Первая точка: 
Следующая точка или [оТменить]: 
Следующая точка или [оТменить]: *Прервано*

Команда: 
Команда: 
Команда: Задайте противоположный угол или [Линия/РМн-угол/СМн-угол]: 
Команда: 
Команда: *Прервано*

Команда: 
Команда: *Прервано*

Команда: 
Команда: 
Команда: 
Команда: _line 
Первая точка: 
Следующая точка или [оТменить]: 
Следующая точка или [оТменить]: *Прервано*

Команда: Задайте противоположный угол или [Линия/РМн-угол/СМн-угол]: 
Команда: 
Команда: 
** РАСТЯНУТЬ **
Задайте точку для растяжения или [Базовая точка/Копировать/oТменить/выХод]:
Команда: *Прервано*

Команда: 
Команда: 
Команда: 
Команда: _line 
Первая точка: 
Следующая точка или [оТменить]: 
Следующая точка или [оТменить]: *Прервано*

Команда: Задайте противоположный угол или [Линия/РМн-угол/СМн-угол]: 
Команда: 
Команда: 
Команда: 
Команда: _move найдено: 3

Базовая точка или [Смещение] <Смещение>: 
Вторая точка или <считать смещением первую точку>: 
Команда: *Прервано*

Команда: 
Команда: 
Команда: 
Команда: 
Команда: 
Команда: _cutclip найдено: 3

Команда: 
Команда: 
Команда: _line 
Первая точка: 
Следующая точка или [оТменить]: 
Следующая точка или [оТменить]: *Прервано*

Команда: 
Команда: 
Команда: *Прервано*

Команда: 
Команда: 
Команда: 
Команда: _cutclip найдено: 1

Команда: 
Команда: *Прервано*

Команда: 
Команда: *Прервано*

Команда: 
Команда: 
Команда: _line 
Первая точка: 
Следующая точка или [оТменить]: 
Следующая точка или [оТменить]: *Прервано*

Команда: 
Команда: 
Команда: _line 
Первая точка: 
Следующая точка или [оТменить]: 
Следующая точка или [оТменить]: *Прервано*

Команда: 
Команда: 
Команда: 
** РАСТЯНУТЬ **
Задайте точку для растяжения или [Базовая точка/Копировать/oТменить/выХод]:
Команда: *Прервано*

Команда: 
Команда: 
Команда: _line 
Первая точка: 
Следующая точка или [оТменить]: 
Следующая точка или [оТменить]: *Прервано*

Команда: Задайте противоположный угол или [Линия/РМн-угол/СМн-угол]: 
Команда: 
Команда: 
Команда: 
Команда: _move найдено: 9

Базовая точка или [Смещение] <Смещение>: 
Вторая точка или <считать смещением первую точку>: 
Команда: *Прервано*

Команда: 
Команда: 
Команда: 
Команда: 
Команда: 
Команда: _cutclip найдено: 3

Команда: 
Команда: 
Команда: *Прервано*

Команда: 
Команда: *Прервано*

Команда: 
Команда: 
Команда: _line 
Первая точка: 
Следующая точка или [оТменить]: 
Следующая точка или [оТменить]: *Прервано*

Команда: 
Команда: 
Команда: Задайте противоположный угол или [Линия/РМн-угол/СМн-угол]: *Прервано*

Команда: 
 
** РАСТЯГИВАНИЕ **
Точка растягивания или [Базовая точка/Копировать/ОТменить/выХод]: 
Команда: *Прервано*

Команда: 
Команда: 
Команда: 
Команда: _cutclip найдено: 1

Команда: 
Команда: 
Команда: *Прервано*

Команда: 
Команда: Задайте противоположный угол или [Линия/РМн-угол/СМн-угол]: *Прервано*

Команда: *Прервано*

Команда: Задайте противоположный угол или [Линия/РМн-угол/СМн-угол]: 
Команда: *Прервано*

Команда: 
Команда: *Прервано*

Команда: 
Команда: *Прервано*

Команда: 
Команда: *Прервано*

Команда: 
Команда: *Прервано*

Команда: 
Команда: *Прервано*

Команда: 
Команда: *Прервано*

Команда: 
Команда: *Прервано*

Команда: 
Команда: *Прервано*

Команда: 
Команда: *Прервано*

Команда: 
Команда: *Прервано*

Команда: 
Команда: *Прервано*

Команда: 
Команда: *Прервано*

Команда: 
Команда: *Прервано*

Команда: 
Команда: *Прервано*

Команда: 
Команда: *Прервано*

Команда: 
Команда: *Прервано*

Команда: 
Команда: *Прервано*

Команда: 
Команда: *Прервано*

Команда: 
Команда: *Прервано*

Команда: 
Команда: 
Команда: Задайте противоположный угол или [Линия/РМн-угол/СМн-угол]: 
Команда: *Прервано*

Команда: *Прервано*

Команда: 
Команда: *Прервано*

Команда: Задайте противоположный угол или [Линия/РМн-угол/СМн-угол]: *Прервано*

Команда: 
Команда: *Прервано*

Команда: 
Команда: *Прервано*

Команда: 
Команда: *Прервано*

Команда: 
Команда: *Прервано*

Команда: 
Команда: *Прервано*

Команда: 
Команда: *Прервано*

Команда: 
Команда: *Прервано*

Команда: 
Команда: *Прервано*

Команда: Задайте противоположный угол или [Линия/РМн-угол/СМн-угол]: 
Команда: *Прервано*

Команда: 
Команда: *Прервано*

Команда: 
Команда: *Прервано*

Команда: 
Команда: *Прервано*

Команда: 
Команда: *Прервано*

Команда: 
Команда: *Прервано*

Команда: 
Команда: *Прервано*

Команда: 
Команда: *Прервано*

Команда: 
Команда: 
Команда: _BCLOSE Выполняется регенерация модели.

Автоматическое сохранение в C:\Users\user\AppData\Local\Temp\Чертеж2_1_4940_cef4e71d.sv$ ...

Команда: 
Команда: 
Команда: 
Команда: 
Команда: _eattedit 
Выберите блок: 73627.096563,105159.271401,0.000000 
Команда: 
Команда: 
Команда: 
Команда: 
Команда: _eattedit 
Выберите блок: 73610.774045,95591.188061,0.000000 
Команда: _u INTELLIZOOM INTELLIPAN 
Команда: _u АТРЕДАКТ ГРУППА 
Команда: Задайте противоположный угол или [Линия/РМн-угол/СМн-угол]: *Прервано*

Команда: Задайте противоположный угол или [Линия/РМн-угол/СМн-угол]: 
Команда: 
Команда: *Прервано*

Команда: 
Команда: 
Команда: 
Команда: 
Команда: _bedit Выполняется регенерация модели.

Команда: 
Команда: 
Команда: 
Команда: _mtedit 
Команда: 
Команда: 
Команда: _BCLOSE Выполняется регенерация модели.

Команда: 
Автоматическое сохранение в C:\Users\user\AppData\Local\Temp\Чертеж2_1_4940_cef4e71d.sv$ ...

Команда: 
Команда: 
Команда: *Прервано*

Команда: *Прервано*

Команда:  
Команда: 
